HEAP DUMP BEGIN (3916 objects, 537616 bytes) Tue Sep  3 10:21:09 2019
ROOT 0 (kind=<thread>, id=200000, trace=300000)
ROOT 50000f40 (kind=<thread>, id=200003, trace=300001)
ROOT 50000f40 (kind=<thread block>, thread=200003)
ROOT 50000f4d (kind=<thread>, id=200004, trace=300000)
ROOT 50000f4d (kind=<thread block>, thread=200004)
ROOT 50000f4d (kind=<JNI local ref>, thread=200000, frame=0)
ROOT 50000f4e (kind=<thread>, id=200005, trace=300000)
ROOT 50000f4e (kind=<thread block>, thread=200005)
ROOT 50000f4f (kind=<thread>, id=200006, trace=300000)
ROOT 50000f4f (kind=<thread block>, thread=200006)
ROOT 50000f50 (kind=<Java stack>, thread=200000, frame=1)
ROOT 50000f51 (kind=<Java stack>, thread=200000, frame=1)
ROOT 50000f50 (kind=<Java stack>, thread=200000, frame=2)
ROOT 50000f4f (kind=<Java stack>, thread=200000, frame=3)
ROOT 50000f52 (kind=<Java stack>, thread=200000, frame=3)
ROOT 50000f53 (kind=<thread>, id=200007, trace=300000)
ROOT 50000f53 (kind=<thread block>, thread=200007)
ROOT 50000f54 (kind=<Java stack>, thread=200000, frame=1)
ROOT 50000f54 (kind=<Java stack>, thread=200000, frame=2)
ROOT 50000f53 (kind=<Java stack>, thread=200000, frame=3)
ROOT 50000174 (kind=<JNI global ref>, id=1, trace=300000)
ROOT 50000f55 (kind=<JNI global ref>, id=2, trace=300000)
ROOT 50000001 (kind=<JNI global ref>, id=3, trace=300000)
ROOT 50000178 (kind=<JNI global ref>, id=4, trace=300000)
ROOT 50000002 (kind=<JNI global ref>, id=5, trace=300000)
ROOT 50000003 (kind=<JNI global ref>, id=6, trace=300000)
ROOT 50000010 (kind=<JNI global ref>, id=7, trace=300000)
ROOT 50000004 (kind=<JNI global ref>, id=8, trace=300000)
ROOT 50000005 (kind=<JNI global ref>, id=9, trace=300000)
ROOT 500000e0 (kind=<JNI global ref>, id=a, trace=300000)
ROOT 50000006 (kind=<JNI global ref>, id=b, trace=300000)
ROOT 50000007 (kind=<JNI global ref>, id=c, trace=300000)
ROOT 50000008 (kind=<JNI global ref>, id=d, trace=300000)
ROOT 50000009 (kind=<JNI global ref>, id=e, trace=300000)
ROOT 5000000a (kind=<JNI global ref>, id=f, trace=300000)
ROOT 5000000b (kind=<JNI global ref>, id=10, trace=300000)
ROOT 5000000c (kind=<JNI global ref>, id=11, trace=300000)
ROOT 5000000d (kind=<JNI global ref>, id=12, trace=300000)
ROOT 5000000e (kind=<JNI global ref>, id=13, trace=300000)
ROOT 5000000f (kind=<JNI global ref>, id=14, trace=300000)
ROOT 50000011 (kind=<JNI global ref>, id=15, trace=300000)
ROOT 50000012 (kind=<JNI global ref>, id=16, trace=300000)
ROOT 50000013 (kind=<JNI global ref>, id=17, trace=300000)
ROOT 50000014 (kind=<JNI global ref>, id=18, trace=300000)
ROOT 50000015 (kind=<JNI global ref>, id=19, trace=300000)
ROOT 50000016 (kind=<JNI global ref>, id=1a, trace=300000)
ROOT 50000158 (kind=<JNI global ref>, id=1b, trace=300000)
ROOT 50000017 (kind=<JNI global ref>, id=1c, trace=300000)
ROOT 50000018 (kind=<JNI global ref>, id=1d, trace=300000)
ROOT 5000002b (kind=<JNI global ref>, id=1e, trace=300000)
ROOT 50000019 (kind=<JNI global ref>, id=1f, trace=300000)
ROOT 5000001a (kind=<JNI global ref>, id=20, trace=300000)
ROOT 5000001d (kind=<JNI global ref>, id=21, trace=300000)
ROOT 5000001b (kind=<JNI global ref>, id=22, trace=300000)
ROOT 5000001c (kind=<JNI global ref>, id=23, trace=300000)
ROOT 5000001e (kind=<JNI global ref>, id=24, trace=300000)
ROOT 5000001f (kind=<JNI global ref>, id=25, trace=300000)
ROOT 50000020 (kind=<JNI global ref>, id=26, trace=300000)
ROOT 50000021 (kind=<JNI global ref>, id=27, trace=300000)
ROOT 50000022 (kind=<JNI global ref>, id=28, trace=300000)
ROOT 50000023 (kind=<JNI global ref>, id=29, trace=300000)
ROOT 50000024 (kind=<JNI global ref>, id=2a, trace=300000)
ROOT 50000025 (kind=<JNI global ref>, id=2b, trace=300000)
ROOT 50000026 (kind=<JNI global ref>, id=2c, trace=300000)
ROOT 50000027 (kind=<JNI global ref>, id=2d, trace=300000)
ROOT 50000028 (kind=<JNI global ref>, id=2e, trace=300000)
ROOT 500000dd (kind=<JNI global ref>, id=2f, trace=300000)
ROOT 50000029 (kind=<JNI global ref>, id=30, trace=300000)
ROOT 5000002a (kind=<JNI global ref>, id=31, trace=300000)
ROOT 5000002c (kind=<JNI global ref>, id=32, trace=300000)
ROOT 5000002d (kind=<JNI global ref>, id=33, trace=300000)
ROOT 5000002e (kind=<JNI global ref>, id=34, trace=300000)
ROOT 5000002f (kind=<JNI global ref>, id=35, trace=300000)
ROOT 50000030 (kind=<JNI global ref>, id=36, trace=300000)
ROOT 5000005b (kind=<JNI global ref>, id=37, trace=300000)
ROOT 50000031 (kind=<JNI global ref>, id=38, trace=300000)
ROOT 50000032 (kind=<JNI global ref>, id=39, trace=300000)
ROOT 50000034 (kind=<JNI global ref>, id=3a, trace=300000)
ROOT 50000033 (kind=<JNI global ref>, id=3b, trace=300000)
ROOT 50000035 (kind=<JNI global ref>, id=3c, trace=300000)
ROOT 50000036 (kind=<JNI global ref>, id=3d, trace=300000)
ROOT 50000037 (kind=<JNI global ref>, id=3e, trace=300000)
ROOT 50000118 (kind=<JNI global ref>, id=3f, trace=300000)
ROOT 50000038 (kind=<JNI global ref>, id=40, trace=300000)
ROOT 5000003c (kind=<JNI global ref>, id=41, trace=300000)
ROOT 50000039 (kind=<JNI global ref>, id=42, trace=300000)
ROOT 5000003a (kind=<JNI global ref>, id=43, trace=300000)
ROOT 5000003b (kind=<JNI global ref>, id=44, trace=300000)
ROOT 5000003d (kind=<JNI global ref>, id=45, trace=300000)
ROOT 5000003e (kind=<JNI global ref>, id=46, trace=300000)
ROOT 5000003f (kind=<JNI global ref>, id=47, trace=300000)
ROOT 50000040 (kind=<JNI global ref>, id=48, trace=300000)
ROOT 50000041 (kind=<JNI global ref>, id=49, trace=300000)
ROOT 50000042 (kind=<JNI global ref>, id=4a, trace=300000)
ROOT 50000043 (kind=<JNI global ref>, id=4b, trace=300000)
ROOT 50000044 (kind=<JNI global ref>, id=4c, trace=300000)
ROOT 50000045 (kind=<JNI global ref>, id=4d, trace=300000)
ROOT 50000046 (kind=<JNI global ref>, id=4e, trace=300000)
ROOT 50000047 (kind=<JNI global ref>, id=4f, trace=300000)
ROOT 50000157 (kind=<JNI global ref>, id=50, trace=300000)
ROOT 50000048 (kind=<JNI global ref>, id=51, trace=300000)
ROOT 50000049 (kind=<JNI global ref>, id=52, trace=300000)
ROOT 5000004a (kind=<JNI global ref>, id=53, trace=300000)
ROOT 5000004b (kind=<JNI global ref>, id=54, trace=300000)
ROOT 5000004c (kind=<JNI global ref>, id=55, trace=300000)
ROOT 5000004d (kind=<JNI global ref>, id=56, trace=300000)
ROOT 5000004e (kind=<JNI global ref>, id=57, trace=300000)
ROOT 50000168 (kind=<JNI global ref>, id=58, trace=300000)
ROOT 5000004f (kind=<JNI global ref>, id=59, trace=300000)
ROOT 50000050 (kind=<JNI global ref>, id=5a, trace=300000)
ROOT 50000051 (kind=<JNI global ref>, id=5b, trace=300000)
ROOT 50000052 (kind=<JNI global ref>, id=5c, trace=300000)
ROOT 50000053 (kind=<JNI global ref>, id=5d, trace=300000)
ROOT 50000054 (kind=<JNI global ref>, id=5e, trace=300000)
ROOT 50000055 (kind=<JNI global ref>, id=5f, trace=300000)
ROOT 50000056 (kind=<JNI global ref>, id=60, trace=300000)
ROOT 50000057 (kind=<JNI global ref>, id=61, trace=300000)
ROOT 50000058 (kind=<JNI global ref>, id=62, trace=300000)
ROOT 50000059 (kind=<JNI global ref>, id=63, trace=300000)
ROOT 5000005a (kind=<JNI global ref>, id=64, trace=300000)
ROOT 500000ca (kind=<JNI global ref>, id=65, trace=300000)
ROOT 5000005c (kind=<JNI global ref>, id=66, trace=300000)
ROOT 5000005d (kind=<JNI global ref>, id=67, trace=300000)
ROOT 5000005e (kind=<JNI global ref>, id=68, trace=300000)
ROOT 5000005f (kind=<JNI global ref>, id=69, trace=300000)
ROOT 50000060 (kind=<JNI global ref>, id=6a, trace=300000)
ROOT 50000061 (kind=<JNI global ref>, id=6b, trace=300000)
ROOT 50000062 (kind=<JNI global ref>, id=6c, trace=300000)
ROOT 50000063 (kind=<JNI global ref>, id=6d, trace=300000)
ROOT 50000064 (kind=<JNI global ref>, id=6e, trace=300000)
ROOT 50000065 (kind=<JNI global ref>, id=6f, trace=300000)
ROOT 50000066 (kind=<JNI global ref>, id=70, trace=300000)
ROOT 500000cc (kind=<JNI global ref>, id=71, trace=300000)
ROOT 50000067 (kind=<JNI global ref>, id=72, trace=300000)
ROOT 50000068 (kind=<JNI global ref>, id=73, trace=300000)
ROOT 50000069 (kind=<JNI global ref>, id=74, trace=300000)
ROOT 5000006a (kind=<JNI global ref>, id=75, trace=300000)
ROOT 5000006b (kind=<JNI global ref>, id=76, trace=300000)
ROOT 50000079 (kind=<JNI global ref>, id=77, trace=300000)
ROOT 5000006c (kind=<JNI global ref>, id=78, trace=300000)
ROOT 5000006d (kind=<JNI global ref>, id=79, trace=300000)
ROOT 5000006e (kind=<JNI global ref>, id=7a, trace=300000)
ROOT 50000115 (kind=<JNI global ref>, id=7b, trace=300000)
ROOT 5000006f (kind=<JNI global ref>, id=7c, trace=300000)
ROOT 50000070 (kind=<JNI global ref>, id=7d, trace=300000)
ROOT 50000071 (kind=<JNI global ref>, id=7e, trace=300000)
ROOT 50000072 (kind=<JNI global ref>, id=7f, trace=300000)
ROOT 50000073 (kind=<JNI global ref>, id=80, trace=300000)
ROOT 50000074 (kind=<JNI global ref>, id=81, trace=300000)
ROOT 50000075 (kind=<JNI global ref>, id=82, trace=300000)
ROOT 50000076 (kind=<JNI global ref>, id=83, trace=300000)
ROOT 50000077 (kind=<JNI global ref>, id=84, trace=300000)
ROOT 50000078 (kind=<JNI global ref>, id=85, trace=300000)
ROOT 5000007a (kind=<JNI global ref>, id=86, trace=300000)
ROOT 5000007c (kind=<JNI global ref>, id=87, trace=300000)
ROOT 5000007b (kind=<JNI global ref>, id=88, trace=300000)
ROOT 50000085 (kind=<JNI global ref>, id=89, trace=300000)
ROOT 5000007d (kind=<JNI global ref>, id=8a, trace=300000)
ROOT 5000007e (kind=<JNI global ref>, id=8b, trace=300000)
ROOT 5000007f (kind=<JNI global ref>, id=8c, trace=300000)
ROOT 50000080 (kind=<JNI global ref>, id=8d, trace=300000)
ROOT 50000081 (kind=<JNI global ref>, id=8e, trace=300000)
ROOT 50000082 (kind=<JNI global ref>, id=8f, trace=300000)
ROOT 50000083 (kind=<JNI global ref>, id=90, trace=300000)
ROOT 50000123 (kind=<JNI global ref>, id=91, trace=300000)
ROOT 50000084 (kind=<JNI global ref>, id=92, trace=300000)
ROOT 50000086 (kind=<JNI global ref>, id=93, trace=300000)
ROOT 50000087 (kind=<JNI global ref>, id=94, trace=300000)
ROOT 50000088 (kind=<JNI global ref>, id=95, trace=300000)
ROOT 50000089 (kind=<JNI global ref>, id=96, trace=300000)
ROOT 5000008a (kind=<JNI global ref>, id=97, trace=300000)
ROOT 5000008b (kind=<JNI global ref>, id=98, trace=300000)
ROOT 5000008c (kind=<JNI global ref>, id=99, trace=300000)
ROOT 5000008d (kind=<JNI global ref>, id=9a, trace=300000)
ROOT 5000008e (kind=<JNI global ref>, id=9b, trace=300000)
ROOT 5000008f (kind=<JNI global ref>, id=9c, trace=300000)
ROOT 50000090 (kind=<JNI global ref>, id=9d, trace=300000)
ROOT 50000091 (kind=<JNI global ref>, id=9e, trace=300000)
ROOT 50000092 (kind=<JNI global ref>, id=9f, trace=300000)
ROOT 50000093 (kind=<JNI global ref>, id=a0, trace=300000)
ROOT 50000094 (kind=<JNI global ref>, id=a1, trace=300000)
ROOT 50000095 (kind=<JNI global ref>, id=a2, trace=300000)
ROOT 50000096 (kind=<JNI global ref>, id=a3, trace=300000)
ROOT 50000097 (kind=<JNI global ref>, id=a4, trace=300000)
ROOT 50000098 (kind=<JNI global ref>, id=a5, trace=300000)
ROOT 50000099 (kind=<JNI global ref>, id=a6, trace=300000)
ROOT 5000009a (kind=<JNI global ref>, id=a7, trace=300000)
ROOT 5000009b (kind=<JNI global ref>, id=a8, trace=300000)
ROOT 5000009c (kind=<JNI global ref>, id=a9, trace=300000)
ROOT 5000009d (kind=<JNI global ref>, id=aa, trace=300000)
ROOT 5000009e (kind=<JNI global ref>, id=ab, trace=300000)
ROOT 5000009f (kind=<JNI global ref>, id=ac, trace=300000)
ROOT 5000013e (kind=<JNI global ref>, id=ad, trace=300000)
ROOT 500000a0 (kind=<JNI global ref>, id=ae, trace=300000)
ROOT 500000a1 (kind=<JNI global ref>, id=af, trace=300000)
ROOT 500000a2 (kind=<JNI global ref>, id=b0, trace=300000)
ROOT 500000a3 (kind=<JNI global ref>, id=b1, trace=300000)
ROOT 500000a4 (kind=<JNI global ref>, id=b2, trace=300000)
ROOT 500000a5 (kind=<JNI global ref>, id=b3, trace=300000)
ROOT 500000a6 (kind=<JNI global ref>, id=b4, trace=300000)
ROOT 500000c2 (kind=<JNI global ref>, id=b5, trace=300000)
ROOT 500000a7 (kind=<JNI global ref>, id=b6, trace=300000)
ROOT 500000a8 (kind=<JNI global ref>, id=b7, trace=300000)
ROOT 500000a9 (kind=<JNI global ref>, id=b8, trace=300000)
ROOT 500000aa (kind=<JNI global ref>, id=b9, trace=300000)
ROOT 500000ab (kind=<JNI global ref>, id=ba, trace=300000)
ROOT 500000ac (kind=<JNI global ref>, id=bb, trace=300000)
ROOT 500000ad (kind=<JNI global ref>, id=bc, trace=300000)
ROOT 500000ae (kind=<JNI global ref>, id=bd, trace=300000)
ROOT 500000af (kind=<JNI global ref>, id=be, trace=300000)
ROOT 500000b0 (kind=<JNI global ref>, id=bf, trace=300000)
ROOT 500000b1 (kind=<JNI global ref>, id=c0, trace=300000)
ROOT 500000b2 (kind=<JNI global ref>, id=c1, trace=300000)
ROOT 500000b3 (kind=<JNI global ref>, id=c2, trace=300000)
ROOT 500000b4 (kind=<JNI global ref>, id=c3, trace=300000)
ROOT 500000b5 (kind=<JNI global ref>, id=c4, trace=300000)
ROOT 500000b6 (kind=<JNI global ref>, id=c5, trace=300000)
ROOT 500000b7 (kind=<JNI global ref>, id=c6, trace=300000)
ROOT 500000b8 (kind=<JNI global ref>, id=c7, trace=300000)
ROOT 500000b9 (kind=<JNI global ref>, id=c8, trace=300000)
ROOT 500000ba (kind=<JNI global ref>, id=c9, trace=300000)
ROOT 500000bb (kind=<JNI global ref>, id=ca, trace=300000)
ROOT 500000be (kind=<JNI global ref>, id=cb, trace=300000)
ROOT 500000bc (kind=<JNI global ref>, id=cc, trace=300000)
ROOT 500000bd (kind=<JNI global ref>, id=cd, trace=300000)
ROOT 500000bf (kind=<JNI global ref>, id=ce, trace=300000)
ROOT 500000c0 (kind=<JNI global ref>, id=cf, trace=300000)
ROOT 500000c1 (kind=<JNI global ref>, id=d0, trace=300000)
ROOT 500000c3 (kind=<JNI global ref>, id=d1, trace=300000)
ROOT 50000150 (kind=<JNI global ref>, id=d2, trace=300000)
ROOT 500000c4 (kind=<JNI global ref>, id=d3, trace=300000)
ROOT 500000c5 (kind=<JNI global ref>, id=d4, trace=300000)
ROOT 500000c6 (kind=<JNI global ref>, id=d5, trace=300000)
ROOT 500000c7 (kind=<JNI global ref>, id=d6, trace=300000)
ROOT 500000c8 (kind=<JNI global ref>, id=d7, trace=300000)
ROOT 500000c9 (kind=<JNI global ref>, id=d8, trace=300000)
ROOT 500000cb (kind=<JNI global ref>, id=d9, trace=300000)
ROOT 500000cd (kind=<JNI global ref>, id=da, trace=300000)
ROOT 500000ce (kind=<JNI global ref>, id=db, trace=300000)
ROOT 500000cf (kind=<JNI global ref>, id=dc, trace=300000)
ROOT 500000d0 (kind=<JNI global ref>, id=dd, trace=300000)
ROOT 500000d1 (kind=<JNI global ref>, id=de, trace=300000)
ROOT 50000161 (kind=<JNI global ref>, id=df, trace=300000)
ROOT 500000d2 (kind=<JNI global ref>, id=e0, trace=300000)
ROOT 500000d3 (kind=<JNI global ref>, id=e1, trace=300000)
ROOT 500000d4 (kind=<JNI global ref>, id=e2, trace=300000)
ROOT 500000d5 (kind=<JNI global ref>, id=e3, trace=300000)
ROOT 500000d6 (kind=<JNI global ref>, id=e4, trace=300000)
ROOT 500000d7 (kind=<JNI global ref>, id=e5, trace=300000)
ROOT 500000d8 (kind=<JNI global ref>, id=e6, trace=300000)
ROOT 50000152 (kind=<JNI global ref>, id=e7, trace=300000)
ROOT 500000d9 (kind=<JNI global ref>, id=e8, trace=300000)
ROOT 500000da (kind=<JNI global ref>, id=e9, trace=300000)
ROOT 500000db (kind=<JNI global ref>, id=ea, trace=300000)
ROOT 500000dc (kind=<JNI global ref>, id=eb, trace=300000)
ROOT 500000de (kind=<JNI global ref>, id=ec, trace=300000)
ROOT 500000ea (kind=<JNI global ref>, id=ed, trace=300000)
ROOT 500000df (kind=<JNI global ref>, id=ee, trace=300000)
ROOT 500000eb (kind=<JNI global ref>, id=ef, trace=300000)
ROOT 500000e1 (kind=<JNI global ref>, id=f0, trace=300000)
ROOT 500000e2 (kind=<JNI global ref>, id=f1, trace=300000)
ROOT 500000e3 (kind=<JNI global ref>, id=f2, trace=300000)
ROOT 500000e4 (kind=<JNI global ref>, id=f3, trace=300000)
ROOT 50000169 (kind=<JNI global ref>, id=f4, trace=300000)
ROOT 500000e5 (kind=<JNI global ref>, id=f5, trace=300000)
ROOT 500000e6 (kind=<JNI global ref>, id=f6, trace=300000)
ROOT 500000e7 (kind=<JNI global ref>, id=f7, trace=300000)
ROOT 500000e8 (kind=<JNI global ref>, id=f8, trace=300000)
ROOT 500000e9 (kind=<JNI global ref>, id=f9, trace=300000)
ROOT 500000ec (kind=<JNI global ref>, id=fa, trace=300000)
ROOT 500000ed (kind=<JNI global ref>, id=fb, trace=300000)
ROOT 500000ee (kind=<JNI global ref>, id=fc, trace=300000)
ROOT 500000ef (kind=<JNI global ref>, id=fd, trace=300000)
ROOT 500000f0 (kind=<JNI global ref>, id=fe, trace=300000)
ROOT 500000f1 (kind=<JNI global ref>, id=ff, trace=300000)
ROOT 500000f2 (kind=<JNI global ref>, id=100, trace=300000)
ROOT 500000f3 (kind=<JNI global ref>, id=101, trace=300000)
ROOT 500000f4 (kind=<JNI global ref>, id=102, trace=300000)
ROOT 500000f7 (kind=<JNI global ref>, id=103, trace=300000)
ROOT 500000f5 (kind=<JNI global ref>, id=104, trace=300000)
ROOT 500000f6 (kind=<JNI global ref>, id=105, trace=300000)
ROOT 500000f8 (kind=<JNI global ref>, id=106, trace=300000)
ROOT 500000f9 (kind=<JNI global ref>, id=107, trace=300000)
ROOT 500000fa (kind=<JNI global ref>, id=108, trace=300000)
ROOT 500000fb (kind=<JNI global ref>, id=109, trace=300000)
ROOT 500000fc (kind=<JNI global ref>, id=10a, trace=300000)
ROOT 500000fd (kind=<JNI global ref>, id=10b, trace=300000)
ROOT 500000fe (kind=<JNI global ref>, id=10c, trace=300000)
ROOT 500000ff (kind=<JNI global ref>, id=10d, trace=300000)
ROOT 50000100 (kind=<JNI global ref>, id=10e, trace=300000)
ROOT 50000101 (kind=<JNI global ref>, id=10f, trace=300000)
ROOT 50000102 (kind=<JNI global ref>, id=110, trace=300000)
ROOT 50000103 (kind=<JNI global ref>, id=111, trace=300000)
ROOT 50000104 (kind=<JNI global ref>, id=112, trace=300000)
ROOT 50000105 (kind=<JNI global ref>, id=113, trace=300000)
ROOT 50000106 (kind=<JNI global ref>, id=114, trace=300000)
ROOT 50000107 (kind=<JNI global ref>, id=115, trace=300000)
ROOT 50000108 (kind=<JNI global ref>, id=116, trace=300000)
ROOT 50000109 (kind=<JNI global ref>, id=117, trace=300000)
ROOT 5000010a (kind=<JNI global ref>, id=118, trace=300000)
ROOT 5000010b (kind=<JNI global ref>, id=119, trace=300000)
ROOT 5000010c (kind=<JNI global ref>, id=11a, trace=300000)
ROOT 5000010d (kind=<JNI global ref>, id=11b, trace=300000)
ROOT 5000010e (kind=<JNI global ref>, id=11c, trace=300000)
ROOT 5000010f (kind=<JNI global ref>, id=11d, trace=300000)
ROOT 50000110 (kind=<JNI global ref>, id=11e, trace=300000)
ROOT 50000111 (kind=<JNI global ref>, id=11f, trace=300000)
ROOT 50000112 (kind=<JNI global ref>, id=120, trace=300000)
ROOT 50000113 (kind=<JNI global ref>, id=121, trace=300000)
ROOT 50000114 (kind=<JNI global ref>, id=122, trace=300000)
ROOT 50000116 (kind=<JNI global ref>, id=123, trace=300000)
ROOT 50000117 (kind=<JNI global ref>, id=124, trace=300000)
ROOT 50000119 (kind=<JNI global ref>, id=125, trace=300000)
ROOT 5000011a (kind=<JNI global ref>, id=126, trace=300000)
ROOT 5000011b (kind=<JNI global ref>, id=127, trace=300000)
ROOT 50000120 (kind=<JNI global ref>, id=128, trace=300000)
ROOT 5000011c (kind=<JNI global ref>, id=129, trace=300000)
ROOT 5000011d (kind=<JNI global ref>, id=12a, trace=300000)
ROOT 5000011e (kind=<JNI global ref>, id=12b, trace=300000)
ROOT 5000011f (kind=<JNI global ref>, id=12c, trace=300000)
ROOT 50000164 (kind=<JNI global ref>, id=12d, trace=300000)
ROOT 50000121 (kind=<JNI global ref>, id=12e, trace=300000)
ROOT 50000122 (kind=<JNI global ref>, id=12f, trace=300000)
ROOT 50000124 (kind=<JNI global ref>, id=130, trace=300000)
ROOT 50000125 (kind=<JNI global ref>, id=131, trace=300000)
ROOT 50000126 (kind=<JNI global ref>, id=132, trace=300000)
ROOT 50000127 (kind=<JNI global ref>, id=133, trace=300000)
ROOT 50000129 (kind=<JNI global ref>, id=134, trace=300000)
ROOT 50000128 (kind=<JNI global ref>, id=135, trace=300000)
ROOT 5000012a (kind=<JNI global ref>, id=136, trace=300000)
ROOT 5000012b (kind=<JNI global ref>, id=137, trace=300000)
ROOT 5000012e (kind=<JNI global ref>, id=138, trace=300000)
ROOT 5000012c (kind=<JNI global ref>, id=139, trace=300000)
ROOT 5000012d (kind=<JNI global ref>, id=13a, trace=300000)
ROOT 5000012f (kind=<JNI global ref>, id=13b, trace=300000)
ROOT 50000130 (kind=<JNI global ref>, id=13c, trace=300000)
ROOT 50000131 (kind=<JNI global ref>, id=13d, trace=300000)
ROOT 50000132 (kind=<JNI global ref>, id=13e, trace=300000)
ROOT 50000133 (kind=<JNI global ref>, id=13f, trace=300000)
ROOT 50000134 (kind=<JNI global ref>, id=140, trace=300000)
ROOT 50000135 (kind=<JNI global ref>, id=141, trace=300000)
ROOT 50000136 (kind=<JNI global ref>, id=142, trace=300000)
ROOT 50000137 (kind=<JNI global ref>, id=143, trace=300000)
ROOT 50000138 (kind=<JNI global ref>, id=144, trace=300000)
ROOT 50000139 (kind=<JNI global ref>, id=145, trace=300000)
ROOT 5000013a (kind=<JNI global ref>, id=146, trace=300000)
ROOT 50000142 (kind=<JNI global ref>, id=147, trace=300000)
ROOT 5000013b (kind=<JNI global ref>, id=148, trace=300000)
ROOT 5000013c (kind=<JNI global ref>, id=149, trace=300000)
ROOT 5000013d (kind=<JNI global ref>, id=14a, trace=300000)
ROOT 5000016e (kind=<JNI global ref>, id=14b, trace=300000)
ROOT 5000013f (kind=<JNI global ref>, id=14c, trace=300000)
ROOT 50000140 (kind=<JNI global ref>, id=14d, trace=300000)
ROOT 50000141 (kind=<JNI global ref>, id=14e, trace=300000)
ROOT 50000143 (kind=<JNI global ref>, id=14f, trace=300000)
ROOT 50000145 (kind=<JNI global ref>, id=150, trace=300000)
ROOT 50000144 (kind=<JNI global ref>, id=151, trace=300000)
ROOT 50000149 (kind=<JNI global ref>, id=152, trace=300000)
ROOT 50000146 (kind=<JNI global ref>, id=153, trace=300000)
ROOT 50000147 (kind=<JNI global ref>, id=154, trace=300000)
ROOT 50000148 (kind=<JNI global ref>, id=155, trace=300000)
ROOT 5000014a (kind=<JNI global ref>, id=156, trace=300000)
ROOT 5000014b (kind=<JNI global ref>, id=157, trace=300000)
ROOT 5000014c (kind=<JNI global ref>, id=158, trace=300000)
ROOT 5000014d (kind=<JNI global ref>, id=159, trace=300000)
ROOT 5000014e (kind=<JNI global ref>, id=15a, trace=300000)
ROOT 5000014f (kind=<JNI global ref>, id=15b, trace=300000)
ROOT 50000151 (kind=<JNI global ref>, id=15c, trace=300000)
ROOT 50000153 (kind=<JNI global ref>, id=15d, trace=300000)
ROOT 50000156 (kind=<JNI global ref>, id=15e, trace=300000)
ROOT 50000154 (kind=<JNI global ref>, id=15f, trace=300000)
ROOT 50000155 (kind=<JNI global ref>, id=160, trace=300000)
ROOT 50000159 (kind=<JNI global ref>, id=161, trace=300000)
ROOT 5000015a (kind=<JNI global ref>, id=162, trace=300000)
ROOT 5000015b (kind=<JNI global ref>, id=163, trace=300000)
ROOT 5000015d (kind=<JNI global ref>, id=164, trace=300000)
ROOT 5000015c (kind=<JNI global ref>, id=165, trace=300000)
ROOT 5000016b (kind=<JNI global ref>, id=166, trace=300000)
ROOT 5000015e (kind=<JNI global ref>, id=167, trace=300000)
ROOT 5000015f (kind=<JNI global ref>, id=168, trace=300000)
ROOT 50000160 (kind=<JNI global ref>, id=169, trace=300000)
ROOT 50000162 (kind=<JNI global ref>, id=16a, trace=300000)
ROOT 50000163 (kind=<JNI global ref>, id=16b, trace=300000)
ROOT 50000165 (kind=<JNI global ref>, id=16c, trace=300000)
ROOT 50000166 (kind=<JNI global ref>, id=16d, trace=300000)
ROOT 50000167 (kind=<JNI global ref>, id=16e, trace=300000)
ROOT 5000016c (kind=<JNI global ref>, id=16f, trace=300000)
ROOT 5000016a (kind=<JNI global ref>, id=170, trace=300000)
ROOT 5000016d (kind=<JNI global ref>, id=171, trace=300000)
ROOT 5000016f (kind=<JNI global ref>, id=172, trace=300000)
ROOT 50000170 (kind=<JNI global ref>, id=173, trace=300000)
ROOT 50000171 (kind=<JNI global ref>, id=174, trace=300000)
ROOT 50000172 (kind=<JNI global ref>, id=175, trace=300000)
ROOT 50000173 (kind=<JNI global ref>, id=176, trace=300000)
ROOT 50000174 (kind=<JNI global ref>, id=177, trace=300000)
ROOT 50000175 (kind=<JNI global ref>, id=178, trace=300000)
ROOT 50000176 (kind=<JNI global ref>, id=179, trace=300000)
ROOT 50000177 (kind=<JNI global ref>, id=17a, trace=300000)
ROOT 50000179 (kind=<JNI global ref>, id=17b, trace=300000)
ROOT 5000017a (kind=<JNI global ref>, id=17c, trace=300000)
ROOT 5000017b (kind=<JNI global ref>, id=17d, trace=300000)
ROOT 5000017c (kind=<JNI global ref>, id=17e, trace=300000)
ROOT 5000017d (kind=<JNI global ref>, id=17f, trace=300000)
ROOT 5000017e (kind=<JNI global ref>, id=180, trace=300000)
ROOT 5000017f (kind=<JNI global ref>, id=181, trace=300000)
ROOT 50000180 (kind=<JNI global ref>, id=182, trace=300000)
ROOT 5000018a (kind=<JNI global ref>, id=183, trace=300003)
ROOT 5000018d (kind=<JNI global ref>, id=184, trace=300006)
ROOT 50000196 (kind=<JNI global ref>, id=185, trace=300014)
ROOT 50000197 (kind=<JNI global ref>, id=186, trace=300014)
ROOT 50000199 (kind=<JNI global ref>, id=187, trace=300016)
ROOT 5000019b (kind=<JNI global ref>, id=188, trace=300018)
ROOT 5000019f (kind=<JNI global ref>, id=189, trace=300021)
ROOT 500001a0 (kind=<JNI global ref>, id=18a, trace=300021)
ROOT 500001a1 (kind=<JNI global ref>, id=18b, trace=300022)
ROOT 500001a2 (kind=<JNI global ref>, id=18c, trace=300023)
ROOT 500001a7 (kind=<JNI global ref>, id=18d, trace=300027)
ROOT 500001a9 (kind=<JNI global ref>, id=18e, trace=300029)
ROOT 500001ad (kind=<JNI global ref>, id=18f, trace=300033)
ROOT 500001af (kind=<JNI global ref>, id=190, trace=300035)
ROOT 500001b1 (kind=<JNI global ref>, id=191, trace=300037)
ROOT 500001b8 (kind=<JNI global ref>, id=192, trace=300000)
ROOT 500001c4 (kind=<JNI global ref>, id=193, trace=300050)
ROOT 500001d5 (kind=<JNI global ref>, id=194, trace=300000)
ROOT 500001d7 (kind=<JNI global ref>, id=195, trace=300060)
ROOT 500001dc (kind=<JNI global ref>, id=196, trace=300064)
ROOT 500001dd (kind=<JNI global ref>, id=197, trace=300065)
ROOT 500001de (kind=<JNI global ref>, id=198, trace=300066)
ROOT 500001e3 (kind=<JNI global ref>, id=199, trace=300071)
ROOT 500001e4 (kind=<JNI global ref>, id=19a, trace=300072)
ROOT 500001e7 (kind=<JNI global ref>, id=19b, trace=300075)
ROOT 500001e9 (kind=<JNI global ref>, id=19c, trace=300077)
ROOT 500001eb (kind=<JNI global ref>, id=19d, trace=300079)
ROOT 500001ed (kind=<JNI global ref>, id=19e, trace=300081)
ROOT 500001ee (kind=<JNI global ref>, id=19f, trace=300081)
ROOT 500001f6 (kind=<JNI global ref>, id=1a0, trace=300087)
ROOT 500001f8 (kind=<JNI global ref>, id=1a1, trace=300088)
ROOT 500001f9 (kind=<JNI global ref>, id=1a2, trace=300089)
ROOT 5000048a (kind=<JNI global ref>, id=1a3, trace=300182)
ROOT 5000048c (kind=<JNI global ref>, id=1a4, trace=300184)
ROOT 5000048e (kind=<JNI global ref>, id=1a5, trace=300186)
ROOT 50000490 (kind=<JNI global ref>, id=1a6, trace=300188)
ROOT 50000492 (kind=<JNI global ref>, id=1a7, trace=300190)
ROOT 50000494 (kind=<JNI global ref>, id=1a8, trace=300192)
ROOT 5000049a (kind=<JNI global ref>, id=1a9, trace=300197)
ROOT 5000049c (kind=<JNI global ref>, id=1aa, trace=300199)
ROOT 5000049d (kind=<JNI global ref>, id=1ab, trace=300199)
ROOT 5000049e (kind=<JNI global ref>, id=1ac, trace=300200)
ROOT 5000049f (kind=<JNI global ref>, id=1ad, trace=300200)
ROOT 500004a0 (kind=<JNI global ref>, id=1ae, trace=300201)
ROOT 500004a1 (kind=<JNI global ref>, id=1af, trace=300201)
ROOT 500004f5 (kind=<JNI global ref>, id=1b0, trace=300224)
ROOT 500004f7 (kind=<JNI global ref>, id=1b1, trace=300226)
ROOT 500004fe (kind=<JNI global ref>, id=1b2, trace=300229)
ROOT 500004ff (kind=<JNI global ref>, id=1b3, trace=300229)
ROOT 50000501 (kind=<JNI global ref>, id=1b4, trace=300231)
ROOT 50000586 (kind=<JNI global ref>, id=1b5, trace=300233)
ROOT 50000684 (kind=<JNI global ref>, id=1b6, trace=300235)
ROOT 50000685 (kind=<JNI global ref>, id=1b7, trace=300236)
ROOT 50000695 (kind=<JNI global ref>, id=1b8, trace=300250)
ROOT 50000697 (kind=<JNI global ref>, id=1b9, trace=300252)
ROOT 500006a1 (kind=<JNI global ref>, id=1ba, trace=300258)
ROOT 500006a6 (kind=<JNI global ref>, id=1bb, trace=300263)
ROOT 500006a8 (kind=<JNI global ref>, id=1bc, trace=300265)
ROOT 500006a9 (kind=<JNI global ref>, id=1bd, trace=300265)
ROOT 500006ab (kind=<JNI global ref>, id=1be, trace=300267)
ROOT 500006ac (kind=<JNI global ref>, id=1bf, trace=300267)
ROOT 500006ad (kind=<JNI global ref>, id=1c0, trace=300267)
ROOT 500006ae (kind=<JNI global ref>, id=1c1, trace=300267)
ROOT 500006b6 (kind=<JNI global ref>, id=1c2, trace=300275)
ROOT 500006c9 (kind=<JNI global ref>, id=1c3, trace=300288)
ROOT 500006ca (kind=<JNI global ref>, id=1c4, trace=300288)
ROOT 500006d4 (kind=<JNI global ref>, id=1c5, trace=300296)
ROOT 500006df (kind=<JNI global ref>, id=1c6, trace=300304)
ROOT 500006f0 (kind=<JNI global ref>, id=1c7, trace=300317)
ROOT 500006f2 (kind=<JNI global ref>, id=1c8, trace=300319)
ROOT 50000713 (kind=<JNI global ref>, id=1c9, trace=300322)
ROOT 5000073d (kind=<JNI global ref>, id=1ca, trace=300344)
ROOT 5000073e (kind=<JNI global ref>, id=1cb, trace=300344)
ROOT 50000744 (kind=<JNI global ref>, id=1cc, trace=300350)
ROOT 50000748 (kind=<JNI global ref>, id=1cd, trace=300353)
ROOT 5000074b (kind=<JNI global ref>, id=1ce, trace=300356)
ROOT 5000074d (kind=<JNI global ref>, id=1cf, trace=300357)
ROOT 50000759 (kind=<JNI global ref>, id=1d0, trace=300363)
ROOT 50000773 (kind=<JNI global ref>, id=1d1, trace=300375)
ROOT 50000777 (kind=<JNI global ref>, id=1d2, trace=300379)
ROOT 50000778 (kind=<JNI global ref>, id=1d3, trace=300380)
ROOT 50000779 (kind=<JNI global ref>, id=1d4, trace=300380)
ROOT 5000077a (kind=<JNI global ref>, id=1d5, trace=300380)
ROOT 500007ad (kind=<JNI global ref>, id=1d6, trace=300396)
ROOT 500007ae (kind=<JNI global ref>, id=1d7, trace=300397)
ROOT 500007af (kind=<JNI global ref>, id=1d8, trace=300397)
ROOT 500007b0 (kind=<JNI global ref>, id=1d9, trace=300398)
ROOT 500007b1 (kind=<JNI global ref>, id=1da, trace=300399)
ROOT 500007b2 (kind=<JNI global ref>, id=1db, trace=300399)
ROOT 500007b6 (kind=<JNI global ref>, id=1dc, trace=300403)
ROOT 500007b7 (kind=<JNI global ref>, id=1dd, trace=300403)
ROOT 500007b8 (kind=<JNI global ref>, id=1de, trace=300404)
ROOT 500007bf (kind=<JNI global ref>, id=1df, trace=300411)
ROOT 500007c5 (kind=<JNI global ref>, id=1e0, trace=300417)
ROOT 500007cc (kind=<JNI global ref>, id=1e1, trace=300421)
ROOT 500007ce (kind=<JNI global ref>, id=1e2, trace=300423)
ROOT 500007d0 (kind=<JNI global ref>, id=1e3, trace=300425)
ROOT 500007d4 (kind=<JNI global ref>, id=1e4, trace=300429)
ROOT 500007d5 (kind=<JNI global ref>, id=1e5, trace=300429)
ROOT 500007d6 (kind=<JNI global ref>, id=1e6, trace=300430)
ROOT 50000815 (kind=<JNI global ref>, id=1e7, trace=300445)
ROOT 50000999 (kind=<JNI global ref>, id=1e8, trace=300451)
ROOT 5000099b (kind=<JNI global ref>, id=1e9, trace=300453)
ROOT 500009e3 (kind=<JNI global ref>, id=1ea, trace=300488)
ROOT 500009e9 (kind=<JNI global ref>, id=1eb, trace=300494)
ROOT 500009ef (kind=<JNI global ref>, id=1ec, trace=300500)
ROOT 500009f8 (kind=<JNI global ref>, id=1ed, trace=300508)
ROOT 500009fa (kind=<JNI global ref>, id=1ee, trace=300510)
ROOT 500009fe (kind=<JNI global ref>, id=1ef, trace=300513)
ROOT 50000a0c (kind=<JNI global ref>, id=1f0, trace=300288)
ROOT 50000a0d (kind=<JNI global ref>, id=1f1, trace=300288)
ROOT 50000a16 (kind=<JNI global ref>, id=1f2, trace=300519)
ROOT 50000a19 (kind=<JNI global ref>, id=1f3, trace=300520)
ROOT 50000a30 (kind=<JNI global ref>, id=1f4, trace=300288)
ROOT 50000a4e (kind=<JNI global ref>, id=1f5, trace=300288)
ROOT 50000a62 (kind=<JNI global ref>, id=1f6, trace=300544)
ROOT 50000a66 (kind=<JNI global ref>, id=1f7, trace=300548)
ROOT 50000a67 (kind=<JNI global ref>, id=1f8, trace=300549)
ROOT 50000a6e (kind=<JNI global ref>, id=1f9, trace=300551)
ROOT 50000a7c (kind=<JNI global ref>, id=1fa, trace=300559)
ROOT 50000b1b (kind=<JNI global ref>, id=1fb, trace=300699)
ROOT 50000b70 (kind=<JNI global ref>, id=1fc, trace=300709)
ROOT 50000b72 (kind=<JNI global ref>, id=1fd, trace=300711)
ROOT 50000b7a (kind=<JNI global ref>, id=1fe, trace=300717)
ROOT 50000b7b (kind=<JNI global ref>, id=1ff, trace=300717)
ROOT 50000bd7 (kind=<JNI global ref>, id=200, trace=300756)
ROOT 50000bd8 (kind=<JNI global ref>, id=201, trace=300757)
ROOT 50000bdb (kind=<JNI global ref>, id=202, trace=300760)
ROOT 50000bdc (kind=<JNI global ref>, id=203, trace=300761)
ROOT 50000bdd (kind=<JNI global ref>, id=204, trace=300762)
ROOT 50000bde (kind=<JNI global ref>, id=205, trace=300763)
ROOT 50000bdf (kind=<JNI global ref>, id=206, trace=300764)
ROOT 50000be0 (kind=<JNI global ref>, id=207, trace=300765)
ROOT 50000be1 (kind=<JNI global ref>, id=208, trace=300766)
ROOT 50000be9 (kind=<JNI global ref>, id=209, trace=300771)
ROOT 50000d5d (kind=<JNI global ref>, id=20a, trace=300775)
ROOT 50000d76 (kind=<JNI global ref>, id=20b, trace=300783)
ROOT 50000d77 (kind=<JNI global ref>, id=20c, trace=300783)
ROOT 50000d92 (kind=<JNI global ref>, id=20d, trace=300288)
ROOT 50000d93 (kind=<JNI global ref>, id=20e, trace=300288)
ROOT 50000d94 (kind=<JNI global ref>, id=20f, trace=300288)
ROOT 50000db1 (kind=<JNI global ref>, id=210, trace=300288)
ROOT 50000dc3 (kind=<JNI global ref>, id=211, trace=300806)
ROOT 50000dc7 (kind=<JNI global ref>, id=212, trace=300810)
ROOT 50000dc8 (kind=<JNI global ref>, id=213, trace=300811)
ROOT 50000dcb (kind=<JNI global ref>, id=214, trace=300813)
ROOT 50000dcf (kind=<JNI global ref>, id=215, trace=300817)
ROOT 50000dd8 (kind=<JNI global ref>, id=216, trace=300826)
ROOT 50000df7 (kind=<JNI global ref>, id=217, trace=300852)
ROOT 50000df8 (kind=<JNI global ref>, id=218, trace=300852)
ROOT 50000dfa (kind=<JNI global ref>, id=219, trace=300854)
ROOT 50000f42 (kind=<JNI global ref>, id=21a, trace=300000)
ROOT 50000f44 (kind=<JNI global ref>, id=21b, trace=300897)
ROOT 50000f47 (kind=<JNI global ref>, id=21c, trace=300000)
ROOT 50000f48 (kind=<JNI global ref>, id=21d, trace=300000)
ROOT 50000f49 (kind=<JNI global ref>, id=21e, trace=300000)
ROOT 50000f4a (kind=<JNI global ref>, id=21f, trace=300000)
ROOT 50000f4b (kind=<JNI global ref>, id=220, trace=300000)
ROOT 50000f4c (kind=<JNI global ref>, id=221, trace=300000)
ROOT 50000f56 (kind=<unknown>)
ROOT 50000f57 (kind=<unknown>)
ROOT 50000f58 (kind=<unknown>)
ROOT 50000f59 (kind=<unknown>)
ROOT 50000f5a (kind=<unknown>)
ROOT 50000f5b (kind=<unknown>)
ROOT 50000f5c (kind=<unknown>)
ROOT 50000f5d (kind=<unknown>)
ROOT 50000f5e (kind=<unknown>)
ROOT 50000f5f (kind=<unknown>)
ROOT 50000f60 (kind=<unknown>)
ROOT 50000f61 (kind=<unknown>)
ROOT 50000f62 (kind=<unknown>)
ROOT 50000f63 (kind=<unknown>)
ROOT 50000f64 (kind=<unknown>)
ROOT 50000f65 (kind=<unknown>)
ROOT 50000f66 (kind=<unknown>)
ROOT 50000f67 (kind=<unknown>)
ROOT 50000f68 (kind=<unknown>)
ROOT 50000f69 (kind=<unknown>)
ROOT 50000f6a (kind=<unknown>)
ROOT 50000f6b (kind=<unknown>)
ROOT 50000f6c (kind=<unknown>)
ROOT 50000f6d (kind=<unknown>)
ROOT 50000f6e (kind=<unknown>)
ROOT 50000f6f (kind=<unknown>)
ROOT 50000f70 (kind=<unknown>)
ROOT 50000f71 (kind=<unknown>)
ROOT 50000f72 (kind=<unknown>)
ROOT 50000f73 (kind=<unknown>)
ROOT 50000f74 (kind=<unknown>)
ROOT 50000f75 (kind=<unknown>)
ROOT 50000f76 (kind=<unknown>)
ROOT 50000f77 (kind=<unknown>)
ROOT 50000f78 (kind=<unknown>)
ROOT 50000f79 (kind=<unknown>)
ROOT 50000f7a (kind=<unknown>)
ROOT 50000f7b (kind=<unknown>)
ROOT 50000f7c (kind=<unknown>)
ROOT 50000f7d (kind=<unknown>)
ROOT 50000f7e (kind=<unknown>)
ROOT 50000f7f (kind=<unknown>)
ROOT 50000f80 (kind=<unknown>)
ROOT 50000f81 (kind=<unknown>)
ROOT 50000f82 (kind=<unknown>)
ROOT 50000f83 (kind=<unknown>)
ROOT 50000f84 (kind=<unknown>)
ROOT 50000f85 (kind=<unknown>)
ROOT 50000f86 (kind=<unknown>)
ROOT 50000f87 (kind=<unknown>)
ROOT 50000f88 (kind=<unknown>)
ROOT 50000f89 (kind=<unknown>)
ROOT 50000f8a (kind=<unknown>)
ROOT 50000f8b (kind=<unknown>)
ROOT 50000f8c (kind=<unknown>)
ROOT 50000f8d (kind=<unknown>)
ROOT 50000f8e (kind=<unknown>)
ROOT 50000f8f (kind=<unknown>)
ROOT 50000f90 (kind=<unknown>)
ROOT 50000f91 (kind=<unknown>)
ROOT 50000f92 (kind=<unknown>)
ROOT 50000f93 (kind=<unknown>)
ROOT 50000f94 (kind=<unknown>)
ROOT 50000f95 (kind=<unknown>)
ROOT 50000f96 (kind=<unknown>)
ROOT 50000f97 (kind=<unknown>)
ROOT 50000f98 (kind=<unknown>)
ROOT 50000f99 (kind=<unknown>)
ROOT 50000f9a (kind=<unknown>)
ROOT 50000f9b (kind=<unknown>)
ROOT 50000f9c (kind=<unknown>)
ROOT 50000f9d (kind=<unknown>)
ROOT 50000f9e (kind=<unknown>)
ROOT 50000f9f (kind=<unknown>)
ROOT 50000fa0 (kind=<unknown>)
ROOT 50000fa1 (kind=<unknown>)
ROOT 50000fa2 (kind=<unknown>)
ROOT 50000fa3 (kind=<unknown>)
ROOT 50000fa4 (kind=<unknown>)
ROOT 50000fa5 (kind=<unknown>)
ROOT 50000fa6 (kind=<unknown>)
ROOT 50000fa7 (kind=<unknown>)
ROOT 50000fa8 (kind=<unknown>)
ROOT 50000fa9 (kind=<unknown>)
ROOT 50000faa (kind=<unknown>)
ROOT 50000fab (kind=<unknown>)
ROOT 50000fac (kind=<unknown>)
ROOT 50000fad (kind=<unknown>)
ROOT 50000fae (kind=<unknown>)
ROOT 50000faf (kind=<unknown>)
ROOT 50000fb0 (kind=<unknown>)
ROOT 50000fb1 (kind=<unknown>)
ROOT 50000fb2 (kind=<unknown>)
ROOT 50000fb3 (kind=<unknown>)
ROOT 50000fb4 (kind=<unknown>)
ROOT 50000fb5 (kind=<unknown>)
ROOT 50000fb6 (kind=<unknown>)
ROOT 50000fb7 (kind=<unknown>)
ROOT 50000fb8 (kind=<unknown>)
ROOT 50000fb9 (kind=<unknown>)
ROOT 50000fba (kind=<unknown>)
ROOT 50000fbb (kind=<unknown>)
ROOT 50000fbc (kind=<unknown>)
ROOT 50000fbd (kind=<unknown>)
ROOT 50000fbe (kind=<unknown>)
ROOT 50000fbf (kind=<unknown>)
ROOT 50000fc0 (kind=<unknown>)
ROOT 50000fc1 (kind=<unknown>)
ROOT 50000fc2 (kind=<unknown>)
ROOT 50000fc3 (kind=<unknown>)
ROOT 50000fc4 (kind=<unknown>)
ROOT 50000fc5 (kind=<unknown>)
ROOT 50000fc6 (kind=<unknown>)
ROOT 50000fc7 (kind=<unknown>)
ROOT 50000fc8 (kind=<unknown>)
ROOT 50000fc9 (kind=<unknown>)
ROOT 50000fca (kind=<unknown>)
ROOT 50000fcb (kind=<unknown>)
ROOT 50000fcc (kind=<unknown>)
ROOT 50000fcd (kind=<unknown>)
ROOT 50000fce (kind=<unknown>)
ROOT 50000fcf (kind=<unknown>)
ROOT 50000fd0 (kind=<unknown>)
ROOT 50000fd1 (kind=<unknown>)
ROOT 50000fd2 (kind=<unknown>)
ROOT 50000fd3 (kind=<unknown>)
ROOT 50000fd4 (kind=<unknown>)
ROOT 50000fd5 (kind=<unknown>)
ROOT 50000fd6 (kind=<unknown>)
ROOT 50000fd7 (kind=<unknown>)
ROOT 50000fd8 (kind=<unknown>)
ROOT 50000fd9 (kind=<unknown>)
ROOT 50000fda (kind=<unknown>)
ROOT 50000fdb (kind=<unknown>)
ROOT 50000fdc (kind=<unknown>)
ROOT 50000fdd (kind=<unknown>)
ROOT 50000fde (kind=<unknown>)
ROOT 50000fdf (kind=<unknown>)
ROOT 50000fe0 (kind=<unknown>)
ROOT 50000fe1 (kind=<unknown>)
ROOT 50000fe2 (kind=<unknown>)
ROOT 50000fe3 (kind=<unknown>)
ROOT 50000fe4 (kind=<unknown>)
ROOT 50000fe5 (kind=<unknown>)
ROOT 50000fe6 (kind=<unknown>)
ROOT 50000fe7 (kind=<unknown>)
ROOT 50000fe8 (kind=<unknown>)
ROOT 50000fe9 (kind=<unknown>)
ROOT 50000fea (kind=<unknown>)
ROOT 50000feb (kind=<unknown>)
ROOT 50000fec (kind=<unknown>)
ROOT 50000fed (kind=<unknown>)
ROOT 50000fee (kind=<unknown>)
ROOT 50000fef (kind=<unknown>)
ROOT 50000ff0 (kind=<unknown>)
ROOT 50000ff1 (kind=<unknown>)
ROOT 50000ff2 (kind=<unknown>)
ROOT 50000ff3 (kind=<unknown>)
ROOT 50000ff4 (kind=<unknown>)
ROOT 50000ff5 (kind=<unknown>)
ROOT 50000ff6 (kind=<unknown>)
ROOT 50000ff7 (kind=<unknown>)
ROOT 50000ff8 (kind=<unknown>)
ROOT 50000ff9 (kind=<unknown>)
ROOT 50000ffa (kind=<unknown>)
ROOT 50000ffb (kind=<unknown>)
ROOT 50000ffc (kind=<unknown>)
ROOT 50000ffd (kind=<unknown>)
ROOT 50000ffe (kind=<unknown>)
ROOT 50000fff (kind=<unknown>)
ROOT 50001000 (kind=<unknown>)
ROOT 50001001 (kind=<unknown>)
ROOT 50001002 (kind=<unknown>)
ROOT 50001003 (kind=<unknown>)
ROOT 50001004 (kind=<unknown>)
ROOT 50001005 (kind=<unknown>)
ROOT 50001006 (kind=<unknown>)
ROOT 50001007 (kind=<unknown>)
ROOT 50001008 (kind=<unknown>)
ROOT 50001009 (kind=<unknown>)
ROOT 5000100a (kind=<unknown>)
ROOT 5000100b (kind=<unknown>)
ROOT 5000100c (kind=<unknown>)
ROOT 5000100d (kind=<unknown>)
ROOT 5000100e (kind=<unknown>)
ROOT 5000100f (kind=<unknown>)
ROOT 50001010 (kind=<unknown>)
ROOT 50001011 (kind=<unknown>)
ROOT 50001012 (kind=<unknown>)
ROOT 50001013 (kind=<unknown>)
ROOT 50001014 (kind=<unknown>)
ROOT 50001015 (kind=<unknown>)
ROOT 50001016 (kind=<unknown>)
ROOT 50001017 (kind=<unknown>)
ROOT 50001018 (kind=<unknown>)
ROOT 50001019 (kind=<unknown>)
ROOT 5000101a (kind=<unknown>)
ROOT 5000101b (kind=<unknown>)
ROOT 5000101c (kind=<unknown>)
ROOT 5000101d (kind=<unknown>)
ROOT 5000101e (kind=<unknown>)
ROOT 5000101f (kind=<unknown>)
ROOT 50001020 (kind=<unknown>)
ROOT 50001021 (kind=<unknown>)
ROOT 50001022 (kind=<unknown>)
ROOT 50001023 (kind=<unknown>)
ROOT 50001024 (kind=<unknown>)
ROOT 50001025 (kind=<unknown>)
ROOT 50001026 (kind=<unknown>)
ROOT 50001027 (kind=<unknown>)
ROOT 50001028 (kind=<unknown>)
ROOT 50001029 (kind=<unknown>)
ROOT 5000102a (kind=<unknown>)
ROOT 5000102b (kind=<unknown>)
ROOT 5000102c (kind=<unknown>)
ROOT 5000102d (kind=<unknown>)
ROOT 50000f44 (kind=<system class>, name=java.lang.Shutdown$Lock)
ROOT 50000f42 (kind=<system class>, name=java.lang.Shutdown)
ROOT 50000dfa (kind=<system class>, name=java.text.NumberFormat$Field)
ROOT 50000df8 (kind=<system class>, name=java.text.FieldPosition$Delegate)
ROOT 50000df7 (kind=<system class>, name=java.text.Format$FieldDelegate)
ROOT 50000dd8 (kind=<system class>, name=java.math.RoundingMode[])
ROOT 50000dcf (kind=<system class>, name=java.math.RoundingMode)
ROOT 50000dcf (kind=<system class>, name=java.math.RoundingMode)
ROOT 50000dcb (kind=<system class>, name=java.text.DigitList)
ROOT 50000dc8 (kind=<system class>, name=java.text.FieldPosition[])
ROOT 50000773 (kind=<system class>, name=java.text.FieldPosition)
ROOT 50000dc7 (kind=<system class>, name=java.text.DecimalFormat)
ROOT 50000dc3 (kind=<system class>, name=java.util.HashMap$KeySet)
ROOT 50000db1 (kind=<system class>, name=sun.util.resources.en.CurrencyNames_en_US)
ROOT 50000d94 (kind=<system class>, name=sun.util.resources.CurrencyNames)
ROOT 50000d93 (kind=<system class>, name=sun.util.resources.LocaleNamesBundle)
ROOT 50000d92 (kind=<system class>, name=sun.util.resources.OpenListResourceBundle)
ROOT 50000d77 (kind=<system class>, name=java.util.Currency$CurrencyNameGetter)
ROOT 50000d76 (kind=<system class>, name=sun.util.locale.provider.LocaleServiceProviderPool$LocalizedObjectGetter)
ROOT 50000d5d (kind=<system class>, name=sun.util.locale.provider.SPILocaleProviderAdapter$1)
ROOT 50000be9 (kind=<system class>, name=sun.util.locale.provider.CurrencyNameProviderImpl)
ROOT 50000be1 (kind=<system class>, name=java.util.spi.CalendarDataProvider)
ROOT 50000be0 (kind=<system class>, name=java.util.spi.TimeZoneNameProvider)
ROOT 50000bdf (kind=<system class>, name=java.util.spi.LocaleNameProvider)
ROOT 50000bde (kind=<system class>, name=java.text.spi.DateFormatSymbolsProvider)
ROOT 50000bdd (kind=<system class>, name=java.text.spi.DateFormatProvider)
ROOT 50000bdc (kind=<system class>, name=java.text.spi.CollatorProvider)
ROOT 50000bdb (kind=<system class>, name=java.text.spi.BreakIteratorProvider)
ROOT 50000bd8 (kind=<system class>, name=sun.util.locale.provider.LocaleServiceProviderPool)
ROOT 50000bd7 (kind=<system class>, name=java.util.spi.CurrencyNameProvider)
ROOT 50000b7b (kind=<system class>, name=java.io.DataInputStream)
ROOT 50000b7a (kind=<system class>, name=java.io.DataInput)
ROOT 50000b72 (kind=<system class>, name=java.util.Currency$1)
ROOT 50000b70 (kind=<system class>, name=java.util.Currency)
ROOT 50000b1b (kind=<system class>, name=java.util.concurrent.ConcurrentHashMap$ForwardingNode)
ROOT 50000a7c (kind=<system class>, name=sun.util.resources.ParallelListResourceBundle$KeySet)
ROOT 50000a6e (kind=<system class>, name=sun.util.locale.provider.DecimalFormatSymbolsProviderImpl)
ROOT 50000a67 (kind=<system class>, name=java.text.spi.DecimalFormatSymbolsProvider)
ROOT 50000a66 (kind=<system class>, name=java.text.DecimalFormatSymbols)
ROOT 50000a62 (kind=<system class>, name=sun.util.locale.provider.LocaleResources$ResourceReference)
ROOT 50000a4e (kind=<system class>, name=sun.text.resources.en.FormatData_en_US)
ROOT 50000a30 (kind=<system class>, name=sun.text.resources.en.FormatData_en)
ROOT 50000a19 (kind=<system class>, name=java.util.concurrent.atomic.AtomicMarkableReference$Pair)
ROOT 50000a16 (kind=<system class>, name=java.util.concurrent.atomic.AtomicMarkableReference)
ROOT 50000a0d (kind=<system class>, name=sun.text.resources.FormatData)
ROOT 50000a0c (kind=<system class>, name=sun.util.resources.ParallelListResourceBundle)
ROOT 500009fe (kind=<system class>, name=java.util.ResourceBundle$SingleFormatControl)
ROOT 500009fa (kind=<system class>, name=sun.util.resources.LocaleData$LocaleDataResourceBundleControl)
ROOT 500009f8 (kind=<system class>, name=sun.util.resources.LocaleData$1)
ROOT 500009ef (kind=<system class>, name=sun.util.resources.LocaleData)
ROOT 500009e9 (kind=<system class>, name=sun.util.locale.provider.LocaleResources)
ROOT 500009e3 (kind=<system class>, name=java.util.Collections$EmptyIterator)
ROOT 5000099b (kind=<system class>, name=java.lang.String[][])
ROOT 500000ce (kind=<system class>, name=java.lang.String[])
ROOT 50000f47 (kind=<system class>, name=java.io.Serializable[][])
ROOT 5000010a (kind=<system class>, name=java.io.Serializable[])
ROOT 50000f48 (kind=<system class>, name=java.lang.Comparable[][])
ROOT 50000101 (kind=<system class>, name=java.lang.Comparable[])
ROOT 50000f49 (kind=<system class>, name=java.lang.CharSequence[][])
ROOT 500000cf (kind=<system class>, name=java.lang.CharSequence[])
ROOT 50000999 (kind=<system class>, name=sun.util.locale.LanguageTag)
ROOT 50000815 (kind=<system class>, name=sun.util.locale.provider.JRELocaleProviderAdapter$1)
ROOT 500007d6 (kind=<system class>, name=sun.util.locale.provider.LocaleDataMetaInfo)
ROOT 500007d5 (kind=<system class>, name=sun.util.locale.provider.NumberFormatProviderImpl)
ROOT 500007d4 (kind=<system class>, name=sun.util.locale.provider.AvailableLanguageTags)
ROOT 500007d0 (kind=<system class>, name=sun.util.locale.provider.LocaleProviderAdapter$1)
ROOT 500007ce (kind=<system class>, name=java.util.ArrayList$Itr)
ROOT 500007cc (kind=<system class>, name=java.util.Collections$UnmodifiableCollection$1)
ROOT 500007c5 (kind=<system class>, name=sun.util.locale.provider.LocaleProviderAdapter$Type[])
ROOT 500007bf (kind=<system class>, name=sun.util.locale.provider.LocaleProviderAdapter$Type)
ROOT 500007bf (kind=<system class>, name=sun.util.locale.provider.LocaleProviderAdapter$Type)
ROOT 500007b8 (kind=<system class>, name=sun.util.locale.provider.AuxLocaleProviderAdapter$NullProvider)
ROOT 500007b7 (kind=<system class>, name=sun.util.locale.provider.SPILocaleProviderAdapter)
ROOT 500007b6 (kind=<system class>, name=sun.util.locale.provider.AuxLocaleProviderAdapter)
ROOT 500007b2 (kind=<system class>, name=sun.util.locale.provider.JRELocaleProviderAdapter)
ROOT 500007b1 (kind=<system class>, name=sun.util.locale.provider.ResourceBundleBasedAdapter)
ROOT 500007b0 (kind=<system class>, name=sun.util.locale.provider.LocaleProviderAdapter)
ROOT 500007af (kind=<system class>, name=java.text.spi.NumberFormatProvider)
ROOT 500007ae (kind=<system class>, name=java.util.spi.LocaleServiceProvider)
ROOT 500007ad (kind=<system class>, name=java.text.NumberFormat)
ROOT 5000077a (kind=<system class>, name=java.text.MessageFormat$Field)
ROOT 50000779 (kind=<system class>, name=java.text.Format$Field)
ROOT 50000778 (kind=<system class>, name=java.text.AttributedCharacterIterator$Attribute)
ROOT 50000777 (kind=<system class>, name=java.util.Date)
ROOT 50000773 (kind=<system class>, name=java.text.FieldPosition)
ROOT 50000759 (kind=<system class>, name=java.lang.StringBuilder[])
ROOT 50000127 (kind=<system class>, name=java.lang.StringBuilder)
ROOT 50000f4a (kind=<system class>, name=java.lang.AbstractStringBuilder[])
ROOT 50000129 (kind=<system class>, name=java.lang.AbstractStringBuilder)
ROOT 50000f4b (kind=<system class>, name=java.lang.Appendable[])
ROOT 5000012a (kind=<system class>, name=java.lang.Appendable)
ROOT 5000074d (kind=<system class>, name=java.util.Locale$1)
ROOT 5000074b (kind=<system class>, name=java.util.Locale$Category[])
ROOT 50000748 (kind=<system class>, name=java.util.Locale$Category)
ROOT 50000748 (kind=<system class>, name=java.util.Locale$Category)
ROOT 50000744 (kind=<system class>, name=java.text.Format[])
ROOT 5000073d (kind=<system class>, name=java.text.Format)
ROOT 5000073e (kind=<system class>, name=java.text.MessageFormat)
ROOT 5000073d (kind=<system class>, name=java.text.Format)
ROOT 50000713 (kind=<system class>, name=java.lang.Object[][])
ROOT 5000010e (kind=<system class>, name=java.lang.Object[])
ROOT 50000f4c (kind=<system class>, name=java.lang.Cloneable[])
ROOT 5000016f (kind=<system class>, name=java.lang.Cloneable)
ROOT 500006f2 (kind=<system class>, name=java.net.URLClassLoader$2)
ROOT 500006f0 (kind=<system class>, name=java.util.ResourceBundle$Control$1)
ROOT 500006df (kind=<system class>, name=java.net.URLClassLoader$1)
ROOT 500006d4 (kind=<system class>, name=java.util.ResourceBundle$BundleReference)
ROOT 500006ca (kind=<system class>, name=sun.launcher.resources.launcher)
ROOT 500006c9 (kind=<system class>, name=java.util.ListResourceBundle)
ROOT 500006b6 (kind=<system class>, name=java.util.LinkedList$Node)
ROOT 500006ae (kind=<system class>, name=java.util.LinkedList)
ROOT 500006ad (kind=<system class>, name=java.util.AbstractSequentialList)
ROOT 500006ac (kind=<system class>, name=java.util.Deque)
ROOT 500006ab (kind=<system class>, name=java.util.Queue)
ROOT 500006a9 (kind=<system class>, name=java.util.ResourceBundle$LoaderReference)
ROOT 500006a8 (kind=<system class>, name=java.util.ResourceBundle$CacheKeyReference)
ROOT 500006a6 (kind=<system class>, name=java.util.ResourceBundle$CacheKey)
ROOT 500006a1 (kind=<system class>, name=java.util.ResourceBundle$Control$CandidateListCache)
ROOT 50000697 (kind=<system class>, name=java.util.Arrays$ArrayList)
ROOT 50000695 (kind=<system class>, name=java.util.ResourceBundle$Control)
ROOT 50000685 (kind=<system class>, name=java.util.ResourceBundle$RBClassLoader$1)
ROOT 50000684 (kind=<system class>, name=java.util.ResourceBundle$RBClassLoader)
ROOT 50000586 (kind=<system class>, name=java.net.URLClassLoader$3$1)
ROOT 50000501 (kind=<system class>, name=java.security.PrivilegedActionException)
ROOT 500004ff (kind=<system class>, name=java.io.FileNotFoundException)
ROOT 500004fe (kind=<system class>, name=java.io.IOException)
ROOT 500004f7 (kind=<system class>, name=sun.misc.FileURLMapper)
ROOT 500004f5 (kind=<system class>, name=sun.misc.URLClassPath$JarLoader$1)
ROOT 500004a1 (kind=<system class>, name=java.util.zip.ZipFile$1)
ROOT 500004a0 (kind=<system class>, name=sun.misc.JavaUtilZipFileAccess)
ROOT 5000049f (kind=<system class>, name=java.util.zip.ZipFile)
ROOT 5000049e (kind=<system class>, name=java.util.zip.ZipConstants)
ROOT 5000049d (kind=<system class>, name=sun.misc.URLClassPath$JarLoader)
ROOT 5000049c (kind=<system class>, name=sun.misc.URLClassPath$Loader)
ROOT 5000049a (kind=<system class>, name=sun.misc.URLClassPath$3)
ROOT 50000494 (kind=<system class>, name=sun.net.util.URLUtil)
ROOT 50000492 (kind=<system class>, name=sun.misc.CompoundEnumeration)
ROOT 50000490 (kind=<system class>, name=java.net.URLClassLoader$3)
ROOT 5000048e (kind=<system class>, name=sun.misc.URLClassPath$1)
ROOT 5000048c (kind=<system class>, name=java.lang.ClassLoader$2)
ROOT 5000048a (kind=<system class>, name=sun.misc.URLClassPath$2)
ROOT 500001f9 (kind=<system class>, name=sun.misc.Launcher$BootClassPathHolder$1)
ROOT 500001f8 (kind=<system class>, name=sun.misc.Launcher$BootClassPathHolder)
ROOT 500001f6 (kind=<system class>, name=java.util.Enumeration[])
ROOT 5000008f (kind=<system class>, name=java.util.Enumeration)
ROOT 500001ee (kind=<system class>, name=java.util.LinkedHashMap$LinkedEntryIterator)
ROOT 500001ed (kind=<system class>, name=java.util.LinkedHashMap$LinkedHashIterator)
ROOT 500001eb (kind=<system class>, name=java.util.LinkedHashMap$LinkedEntrySet)
ROOT 500001e9 (kind=<system class>, name=java.util.ServiceLoader$1)
ROOT 500001e7 (kind=<system class>, name=java.util.ServiceLoader$LazyIterator)
ROOT 500001e4 (kind=<system class>, name=java.util.ServiceLoader)
ROOT 500001e3 (kind=<system class>, name=java.util.spi.ResourceBundleControlProvider)
ROOT 500001de (kind=<system class>, name=java.util.ResourceBundle$1)
ROOT 500001dd (kind=<system class>, name=java.util.ResourceBundle)
ROOT 500001dc (kind=<system class>, name=sun.launcher.LauncherHelper$ResourceBundleHolder)
ROOT 500001d7 (kind=<system class>, name=sun.launcher.LauncherHelper[])
ROOT 500001d5 (kind=<system class>, name=sun.launcher.LauncherHelper)
ROOT 500001d5 (kind=<system class>, name=sun.launcher.LauncherHelper)
ROOT 500001c4 (kind=<system class>, name=sun.misc.PostVMInitHook$1)
ROOT 500001b8 (kind=<system class>, name=sun.misc.PostVMInitHook)
ROOT 500001b1 (kind=<system class>, name=java.lang.invoke.MethodHandleStatics$1)
ROOT 500001af (kind=<system class>, name=java.lang.invoke.MethodHandleStatics)
ROOT 500001ad (kind=<system class>, name=java.lang.invoke.MemberName$Factory)
ROOT 500001a9 (kind=<system class>, name=java.lang.ClassValue$Version)
ROOT 500001a7 (kind=<system class>, name=java.lang.ClassValue$Identity)
ROOT 500001a2 (kind=<system class>, name=java.lang.ClassValue$Entry[])
ROOT 500001a1 (kind=<system class>, name=java.lang.ClassValue$Entry)
ROOT 500001a1 (kind=<system class>, name=java.lang.ClassValue$Entry)
ROOT 500001a0 (kind=<system class>, name=java.lang.invoke.MethodHandleImpl$4)
ROOT 5000019f (kind=<system class>, name=java.lang.ClassValue)
ROOT 5000019b (kind=<system class>, name=java.lang.invoke.MethodHandle[])
ROOT 50000135 (kind=<system class>, name=java.lang.invoke.MethodHandle)
ROOT 50000199 (kind=<system class>, name=java.lang.invoke.MethodHandleImpl$3)
ROOT 50000197 (kind=<system class>, name=java.lang.invoke.MethodHandleImpl$2)
ROOT 50000196 (kind=<system class>, name=java.util.function.Function)
ROOT 5000018d (kind=<system class>, name=java.lang.invoke.MethodHandleImpl$1)
ROOT 5000018a (kind=<system class>, name=java.lang.invoke.MethodHandleImpl)
ROOT 50000001 (kind=<system class>, name=java.lang.SystemClassLoaderAction)
ROOT 50000002 (kind=<system class>, name=sun.misc.Launcher$AppClassLoader$1)
ROOT 50000003 (kind=<system class>, name=sun.net.www.protocol.jar.Handler)
ROOT 50000004 (kind=<system class>, name=sun.misc.URLClassPath)
ROOT 50000005 (kind=<system class>, name=java.util.HashSet)
ROOT 50000006 (kind=<system class>, name=java.security.Principal[])
ROOT 50000007 (kind=<system class>, name=java.security.Principal)
ROOT 50000007 (kind=<system class>, name=java.security.Principal)
ROOT 50000008 (kind=<system class>, name=java.security.ProtectionDomain$Key)
ROOT 50000009 (kind=<system class>, name=java.security.ProtectionDomain$2)
ROOT 5000000a (kind=<system class>, name=sun.misc.JavaSecurityProtectionDomainAccess)
ROOT 5000000b (kind=<system class>, name=java.security.ProtectionDomain$JavaSecurityAccessImpl)
ROOT 5000000c (kind=<system class>, name=sun.misc.JavaSecurityAccess)
ROOT 5000000d (kind=<system class>, name=java.net.URL[])
ROOT 5000011f (kind=<system class>, name=java.net.URL)
ROOT 5000000e (kind=<system class>, name=sun.net.util.IPAddressUtil)
ROOT 5000000f (kind=<system class>, name=sun.net.www.protocol.file.Handler)
ROOT 50000010 (kind=<system class>, name=java.net.URLStreamHandler)
ROOT 50000011 (kind=<system class>, name=java.net.Parts)
ROOT 50000012 (kind=<system class>, name=java.lang.CharacterDataLatin1)
ROOT 50000013 (kind=<system class>, name=java.lang.CharacterData)
ROOT 50000014 (kind=<system class>, name=sun.util.locale.LocaleUtils)
ROOT 50000015 (kind=<system class>, name=java.util.Locale$LocaleKey)
ROOT 50000016 (kind=<system class>, name=sun.util.locale.LocaleObjectCache$CacheEntry)
ROOT 50000017 (kind=<system class>, name=sun.util.locale.BaseLocale$Key)
ROOT 50000018 (kind=<system class>, name=sun.util.locale.BaseLocale$Cache)
ROOT 50000019 (kind=<system class>, name=sun.util.locale.BaseLocale)
ROOT 5000001a (kind=<system class>, name=java.util.concurrent.ConcurrentHashMap$EntrySetView)
ROOT 5000001b (kind=<system class>, name=java.util.concurrent.ConcurrentHashMap$ValuesView)
ROOT 5000001c (kind=<system class>, name=java.util.concurrent.ConcurrentHashMap$KeySetView)
ROOT 5000001d (kind=<system class>, name=java.util.concurrent.ConcurrentHashMap$CollectionView)
ROOT 5000001e (kind=<system class>, name=java.util.concurrent.ConcurrentHashMap$CounterCell[])
ROOT 5000001f (kind=<system class>, name=java.util.concurrent.ConcurrentHashMap$CounterCell)
ROOT 5000001f (kind=<system class>, name=java.util.concurrent.ConcurrentHashMap$CounterCell)
ROOT 50000020 (kind=<system class>, name=java.util.concurrent.ConcurrentHashMap$Node[])
ROOT 50000021 (kind=<system class>, name=java.util.concurrent.ConcurrentHashMap$Node)
ROOT 50000021 (kind=<system class>, name=java.util.concurrent.ConcurrentHashMap$Node)
ROOT 50000022 (kind=<system class>, name=java.util.concurrent.ConcurrentHashMap$Segment[])
ROOT 50000025 (kind=<system class>, name=java.util.concurrent.ConcurrentHashMap$Segment)
ROOT 50000023 (kind=<system class>, name=java.util.concurrent.locks.ReentrantLock[])
ROOT 50000026 (kind=<system class>, name=java.util.concurrent.locks.ReentrantLock)
ROOT 50000024 (kind=<system class>, name=java.util.concurrent.locks.Lock[])
ROOT 50000027 (kind=<system class>, name=java.util.concurrent.locks.Lock)
ROOT 50000025 (kind=<system class>, name=java.util.concurrent.ConcurrentHashMap$Segment)
ROOT 50000026 (kind=<system class>, name=java.util.concurrent.locks.ReentrantLock)
ROOT 50000027 (kind=<system class>, name=java.util.concurrent.locks.Lock)
ROOT 50000028 (kind=<system class>, name=java.util.concurrent.ConcurrentHashMap)
ROOT 50000029 (kind=<system class>, name=java.util.concurrent.ConcurrentMap)
ROOT 5000002a (kind=<system class>, name=java.util.Locale$Cache)
ROOT 5000002b (kind=<system class>, name=sun.util.locale.LocaleObjectCache)
ROOT 5000002c (kind=<system class>, name=java.util.Locale)
ROOT 5000002d (kind=<system class>, name=java.util.BitSet)
ROOT 5000002e (kind=<system class>, name=sun.net.www.ParseUtil)
ROOT 5000002f (kind=<system class>, name=java.io.FileInputStream$1)
ROOT 50000030 (kind=<system class>, name=java.util.HashMap$TreeNode)
ROOT 50000031 (kind=<system class>, name=java.lang.reflect.Array)
ROOT 50000032 (kind=<system class>, name=java.nio.charset.CoderResult$2)
ROOT 50000033 (kind=<system class>, name=java.nio.charset.CoderResult$1)
ROOT 50000034 (kind=<system class>, name=java.nio.charset.CoderResult$Cache)
ROOT 50000035 (kind=<system class>, name=java.nio.charset.CoderResult)
ROOT 50000036 (kind=<system class>, name=java.nio.HeapCharBuffer)
ROOT 50000037 (kind=<system class>, name=java.nio.CharBuffer)
ROOT 50000038 (kind=<system class>, name=sun.nio.cs.StreamDecoder)
ROOT 50000039 (kind=<system class>, name=java.io.FileReader)
ROOT 5000003a (kind=<system class>, name=java.io.InputStreamReader)
ROOT 5000003b (kind=<system class>, name=java.io.BufferedReader)
ROOT 5000003c (kind=<system class>, name=java.io.Reader)
ROOT 5000003d (kind=<system class>, name=java.lang.Readable)
ROOT 5000003e (kind=<system class>, name=sun.misc.MetaIndex)
ROOT 5000003f (kind=<system class>, name=java.io.File[])
ROOT 50000121 (kind=<system class>, name=java.io.File)
ROOT 50000040 (kind=<system class>, name=java.util.StringTokenizer)
ROOT 50000041 (kind=<system class>, name=sun.misc.Launcher$ExtClassLoader$1)
ROOT 50000042 (kind=<system class>, name=java.net.URLClassLoader$7)
ROOT 50000043 (kind=<system class>, name=sun.misc.JavaNetAccess)
ROOT 50000044 (kind=<system class>, name=java.util.WeakHashMap$KeySet)
ROOT 50000045 (kind=<system class>, name=java.util.Collections$SetFromMap)
ROOT 50000046 (kind=<system class>, name=java.util.WeakHashMap$Entry[])
ROOT 50000047 (kind=<system class>, name=java.util.WeakHashMap$Entry)
ROOT 50000047 (kind=<system class>, name=java.util.WeakHashMap$Entry)
ROOT 50000048 (kind=<system class>, name=java.lang.ClassLoader$ParallelLoaders)
ROOT 50000049 (kind=<system class>, name=sun.security.util.Debug)
ROOT 5000004a (kind=<system class>, name=sun.misc.Launcher$Factory)
ROOT 5000004b (kind=<system class>, name=java.net.URLStreamHandlerFactory)
ROOT 5000004c (kind=<system class>, name=java.lang.Compiler$1)
ROOT 5000004d (kind=<system class>, name=java.lang.Compiler)
ROOT 5000004e (kind=<system class>, name=java.lang.IllegalArgumentException)
ROOT 5000004f (kind=<system class>, name=java.lang.System$2)
ROOT 50000050 (kind=<system class>, name=sun.misc.JavaLangAccess)
ROOT 50000051 (kind=<system class>, name=sun.misc.OSEnvironment)
ROOT 50000052 (kind=<system class>, name=java.lang.Integer[])
ROOT 50000110 (kind=<system class>, name=java.lang.Integer)
ROOT 50000053 (kind=<system class>, name=java.lang.Number[])
ROOT 50000115 (kind=<system class>, name=java.lang.Number)
ROOT 50000054 (kind=<system class>, name=java.lang.Integer$IntegerCache)
ROOT 50000055 (kind=<system class>, name=sun.misc.NativeSignalHandler)
ROOT 50000056 (kind=<system class>, name=sun.misc.Signal)
ROOT 50000057 (kind=<system class>, name=java.lang.Terminator$1)
ROOT 50000058 (kind=<system class>, name=sun.misc.SignalHandler)
ROOT 50000059 (kind=<system class>, name=java.lang.Terminator)
ROOT 5000005a (kind=<system class>, name=java.lang.ClassLoader$NativeLibrary)
ROOT 5000005b (kind=<system class>, name=java.util.LinkedHashMap$Entry)
ROOT 5000005c (kind=<system class>, name=java.io.ExpiringCache$Entry)
ROOT 5000005d (kind=<system class>, name=java.io.File$PathStatus[])
ROOT 50000063 (kind=<system class>, name=java.io.File$PathStatus)
ROOT 5000005e (kind=<system class>, name=java.lang.Enum[])
ROOT 50000064 (kind=<system class>, name=java.lang.Enum)
ROOT 5000005f (kind=<system class>, name=java.lang.ClassLoader$3)
ROOT 50000060 (kind=<system class>, name=java.lang.StringCoding$StringEncoder)
ROOT 50000061 (kind=<system class>, name=java.nio.file.Path)
ROOT 50000062 (kind=<system class>, name=java.nio.file.Watchable)
ROOT 50000063 (kind=<system class>, name=java.io.File$PathStatus)
ROOT 50000064 (kind=<system class>, name=java.lang.Enum)
ROOT 50000065 (kind=<system class>, name=java.io.ExpiringCache$1)
ROOT 50000066 (kind=<system class>, name=java.util.LinkedHashMap)
ROOT 50000067 (kind=<system class>, name=java.io.ExpiringCache)
ROOT 50000068 (kind=<system class>, name=java.io.UnixFileSystem)
ROOT 50000069 (kind=<system class>, name=java.io.FileSystem)
ROOT 5000006a (kind=<system class>, name=java.io.DefaultFileSystem)
ROOT 5000006b (kind=<system class>, name=java.io.BufferedWriter)
ROOT 5000006c (kind=<system class>, name=java.nio.Bits$1)
ROOT 5000006d (kind=<system class>, name=sun.misc.JavaNioAccess)
ROOT 5000006e (kind=<system class>, name=java.util.concurrent.atomic.AtomicLong)
ROOT 5000006f (kind=<system class>, name=java.nio.ByteOrder)
ROOT 50000070 (kind=<system class>, name=java.nio.Bits)
ROOT 50000071 (kind=<system class>, name=java.nio.HeapByteBuffer)
ROOT 50000072 (kind=<system class>, name=java.nio.ByteBuffer)
ROOT 50000073 (kind=<system class>, name=sun.nio.cs.UTF_8$Encoder)
ROOT 50000074 (kind=<system class>, name=java.nio.charset.CharsetEncoder)
ROOT 50000075 (kind=<system class>, name=sun.nio.cs.ArrayEncoder)
ROOT 50000076 (kind=<system class>, name=sun.security.action.GetPropertyAction)
ROOT 50000077 (kind=<system class>, name=sun.nio.cs.StreamEncoder)
ROOT 50000078 (kind=<system class>, name=java.io.OutputStreamWriter)
ROOT 50000079 (kind=<system class>, name=java.io.Writer)
ROOT 5000007a (kind=<system class>, name=java.io.BufferedOutputStream)
ROOT 5000007b (kind=<system class>, name=java.io.PrintStream)
ROOT 5000007c (kind=<system class>, name=java.io.FilterOutputStream)
ROOT 5000007d (kind=<system class>, name=sun.reflect.misc.ReflectUtil)
ROOT 5000007e (kind=<system class>, name=java.util.concurrent.atomic.AtomicReferenceFieldUpdater$AtomicReferenceFieldUpdaterImpl$1)
ROOT 5000007f (kind=<system class>, name=java.security.PrivilegedExceptionAction)
ROOT 50000080 (kind=<system class>, name=java.util.concurrent.atomic.AtomicReferenceFieldUpdater$AtomicReferenceFieldUpdaterImpl)
ROOT 50000081 (kind=<system class>, name=java.util.concurrent.atomic.AtomicReferenceFieldUpdater)
ROOT 50000082 (kind=<system class>, name=java.io.BufferedInputStream)
ROOT 50000083 (kind=<system class>, name=java.io.FilterInputStream)
ROOT 50000084 (kind=<system class>, name=java.io.FileOutputStream)
ROOT 50000085 (kind=<system class>, name=java.io.OutputStream)
ROOT 50000086 (kind=<system class>, name=java.io.Flushable)
ROOT 50000087 (kind=<system class>, name=java.io.FileDescriptor$1)
ROOT 50000088 (kind=<system class>, name=sun.misc.JavaIOFileDescriptorAccess)
ROOT 50000089 (kind=<system class>, name=java.io.FileDescriptor)
ROOT 5000008a (kind=<system class>, name=java.io.FileInputStream)
ROOT 5000008b (kind=<system class>, name=sun.misc.Version)
ROOT 5000008c (kind=<system class>, name=java.lang.Runtime)
ROOT 5000008d (kind=<system class>, name=java.util.Hashtable$Enumerator)
ROOT 5000008e (kind=<system class>, name=java.util.Iterator)
ROOT 5000008f (kind=<system class>, name=java.util.Enumeration)
ROOT 50000090 (kind=<system class>, name=java.util.Objects)
ROOT 50000091 (kind=<system class>, name=java.util.Collections$SynchronizedSet)
ROOT 50000092 (kind=<system class>, name=java.util.Collections$SynchronizedCollection)
ROOT 50000093 (kind=<system class>, name=java.util.Hashtable$EntrySet)
ROOT 50000094 (kind=<system class>, name=java.nio.charset.CodingErrorAction)
ROOT 50000095 (kind=<system class>, name=sun.nio.cs.UTF_8$Decoder)
ROOT 50000096 (kind=<system class>, name=java.nio.charset.CharsetDecoder)
ROOT 50000097 (kind=<system class>, name=sun.nio.cs.ArrayDecoder)
ROOT 50000098 (kind=<system class>, name=java.lang.StringCoding$StringDecoder)
ROOT 50000099 (kind=<system class>, name=java.lang.ThreadLocal$ThreadLocalMap$Entry[])
ROOT 5000009c (kind=<system class>, name=java.lang.ThreadLocal$ThreadLocalMap$Entry)
ROOT 5000009a (kind=<system class>, name=java.lang.ref.WeakReference[])
ROOT 50000157 (kind=<system class>, name=java.lang.ref.WeakReference)
ROOT 5000009b (kind=<system class>, name=java.lang.ref.Reference[])
ROOT 50000159 (kind=<system class>, name=java.lang.ref.Reference)
ROOT 5000009c (kind=<system class>, name=java.lang.ThreadLocal$ThreadLocalMap$Entry)
ROOT 5000009d (kind=<system class>, name=java.lang.ThreadLocal$ThreadLocalMap)
ROOT 5000009e (kind=<system class>, name=java.lang.StringCoding)
ROOT 5000009f (kind=<system class>, name=sun.reflect.DelegatingConstructorAccessorImpl)
ROOT 500000a0 (kind=<system class>, name=sun.reflect.NativeConstructorAccessorImpl)
ROOT 500000a1 (kind=<system class>, name=sun.reflect.ReflectionFactory$1)
ROOT 500000a2 (kind=<system class>, name=java.lang.Class$1)
ROOT 500000a3 (kind=<system class>, name=java.lang.reflect.Constructor[])
ROOT 50000143 (kind=<system class>, name=java.lang.reflect.Constructor)
ROOT 500000a4 (kind=<system class>, name=java.lang.reflect.Executable[])
ROOT 50000145 (kind=<system class>, name=java.lang.reflect.Executable)
ROOT 500000a5 (kind=<system class>, name=sun.nio.cs.UTF_8)
ROOT 500000a6 (kind=<system class>, name=sun.nio.cs.Unicode)
ROOT 500000a7 (kind=<system class>, name=sun.nio.cs.HistoricallyNamedCharset)
ROOT 500000a8 (kind=<system class>, name=java.util.Arrays)
ROOT 500000a9 (kind=<system class>, name=java.lang.reflect.ReflectAccess)
ROOT 500000aa (kind=<system class>, name=sun.reflect.LangReflectAccess)
ROOT 500000ab (kind=<system class>, name=java.lang.reflect.Modifier)
ROOT 500000ac (kind=<system class>, name=java.lang.ClassValue$ClassValueMap)
ROOT 500000ad (kind=<system class>, name=java.util.WeakHashMap)
ROOT 500000ae (kind=<system class>, name=sun.reflect.annotation.AnnotationType)
ROOT 500000af (kind=<system class>, name=java.lang.Class$AnnotationData)
ROOT 500000b0 (kind=<system class>, name=sun.reflect.generics.repository.ClassRepository)
ROOT 500000b1 (kind=<system class>, name=sun.reflect.generics.repository.GenericDeclRepository)
ROOT 500000b2 (kind=<system class>, name=sun.reflect.generics.repository.AbstractRepository)
ROOT 500000b3 (kind=<system class>, name=java.lang.reflect.Field[])
ROOT 50000147 (kind=<system class>, name=java.lang.reflect.Field)
ROOT 500000b4 (kind=<system class>, name=java.lang.reflect.Member[])
ROOT 50000148 (kind=<system class>, name=java.lang.reflect.Member)
ROOT 500000b5 (kind=<system class>, name=java.lang.reflect.AccessibleObject[])
ROOT 50000149 (kind=<system class>, name=java.lang.reflect.AccessibleObject)
ROOT 500000b6 (kind=<system class>, name=java.lang.Class$Atomic)
ROOT 500000b7 (kind=<system class>, name=java.lang.Class$ReflectionData)
ROOT 500000b8 (kind=<system class>, name=java.lang.Class$3)
ROOT 500000b9 (kind=<system class>, name=java.util.concurrent.atomic.AtomicInteger)
ROOT 500000ba (kind=<system class>, name=java.lang.ThreadLocal)
ROOT 500000bb (kind=<system class>, name=sun.nio.cs.StandardCharsets$Cache)
ROOT 500000bc (kind=<system class>, name=sun.nio.cs.StandardCharsets$Classes)
ROOT 500000bd (kind=<system class>, name=sun.nio.cs.StandardCharsets$Aliases)
ROOT 500000be (kind=<system class>, name=sun.util.PreHashedMap)
ROOT 500000bf (kind=<system class>, name=sun.nio.cs.StandardCharsets)
ROOT 500000c0 (kind=<system class>, name=sun.nio.cs.FastCharsetProvider)
ROOT 500000c1 (kind=<system class>, name=java.nio.charset.spi.CharsetProvider)
ROOT 500000c2 (kind=<system class>, name=java.nio.charset.Charset)
ROOT 500000c3 (kind=<system class>, name=java.lang.ref.Finalizer$FinalizerThread)
ROOT 500000c4 (kind=<system class>, name=java.lang.Math)
ROOT 500000c5 (kind=<system class>, name=java.util.Hashtable$Entry[])
ROOT 500000c6 (kind=<system class>, name=java.util.Hashtable$Entry)
ROOT 500000c6 (kind=<system class>, name=java.util.Hashtable$Entry)
ROOT 500000c7 (kind=<system class>, name=sun.misc.VM)
ROOT 500000c8 (kind=<system class>, name=java.util.HashMap$Node[])
ROOT 500000ca (kind=<system class>, name=java.util.HashMap$Node)
ROOT 500000c9 (kind=<system class>, name=java.util.Map$Entry[])
ROOT 500000cb (kind=<system class>, name=java.util.Map$Entry)
ROOT 500000ca (kind=<system class>, name=java.util.HashMap$Node)
ROOT 500000cb (kind=<system class>, name=java.util.Map$Entry)
ROOT 500000cc (kind=<system class>, name=java.util.HashMap)
ROOT 500000cd (kind=<system class>, name=sun.reflect.Reflection)
ROOT 500000ce (kind=<system class>, name=java.lang.String[])
ROOT 50000174 (kind=<system class>, name=java.lang.String)
ROOT 500000cf (kind=<system class>, name=java.lang.CharSequence[])
ROOT 50000175 (kind=<system class>, name=java.lang.CharSequence)
ROOT 500000d0 (kind=<system class>, name=java.lang.NoSuchMethodError)
ROOT 500000d1 (kind=<system class>, name=java.lang.IncompatibleClassChangeError)
ROOT 500000d2 (kind=<system class>, name=sun.misc.SharedSecrets)
ROOT 500000d3 (kind=<system class>, name=java.lang.ref.Reference$1)
ROOT 500000d4 (kind=<system class>, name=sun.misc.JavaLangRefAccess)
ROOT 500000d5 (kind=<system class>, name=java.lang.Thread[])
ROOT 50000150 (kind=<system class>, name=java.lang.Thread)
ROOT 500000d6 (kind=<system class>, name=java.lang.Runnable[])
ROOT 50000151 (kind=<system class>, name=java.lang.Runnable)
ROOT 500000d7 (kind=<system class>, name=java.lang.ref.ReferenceQueue$Lock)
ROOT 500000d8 (kind=<system class>, name=java.lang.ref.ReferenceQueue$Null)
ROOT 500000d9 (kind=<system class>, name=java.util.Collections$UnmodifiableRandomAccessList)
ROOT 500000da (kind=<system class>, name=java.util.Collections$UnmodifiableList)
ROOT 500000db (kind=<system class>, name=java.util.Collections$UnmodifiableCollection)
ROOT 500000dc (kind=<system class>, name=java.util.Collections$EmptyMap)
ROOT 500000dd (kind=<system class>, name=java.util.AbstractMap)
ROOT 500000de (kind=<system class>, name=java.util.Collections$EmptyList)
ROOT 500000df (kind=<system class>, name=java.util.Collections$EmptySet)
ROOT 500000e0 (kind=<system class>, name=java.util.AbstractSet)
ROOT 500000e1 (kind=<system class>, name=java.util.Set)
ROOT 500000e2 (kind=<system class>, name=java.util.Collections)
ROOT 500000e3 (kind=<system class>, name=java.util.ArrayList)
ROOT 500000e4 (kind=<system class>, name=java.lang.InterruptedException)
ROOT 500000e5 (kind=<system class>, name=java.lang.ref.Reference$ReferenceHandler)
ROOT 500000e6 (kind=<system class>, name=java.lang.ref.Reference$Lock)
ROOT 500000e7 (kind=<system class>, name=sun.reflect.ReflectionFactory)
ROOT 500000e8 (kind=<system class>, name=java.util.Stack)
ROOT 500000e9 (kind=<system class>, name=java.util.Vector)
ROOT 500000ea (kind=<system class>, name=java.util.AbstractList)
ROOT 500000eb (kind=<system class>, name=java.util.AbstractCollection)
ROOT 500000ec (kind=<system class>, name=java.util.RandomAccess)
ROOT 500000ed (kind=<system class>, name=java.util.List)
ROOT 500000ee (kind=<system class>, name=java.util.Collection)
ROOT 500000ef (kind=<system class>, name=java.lang.Iterable)
ROOT 500000f0 (kind=<system class>, name=java.security.cert.Certificate[])
ROOT 500000f1 (kind=<system class>, name=java.security.cert.Certificate)
ROOT 500000f1 (kind=<system class>, name=java.security.cert.Certificate)
ROOT 500000f2 (kind=<system class>, name=sun.reflect.ReflectionFactory$GetReflectionFactoryAction)
ROOT 500000f3 (kind=<system class>, name=java.security.PrivilegedAction)
ROOT 500000f4 (kind=<system class>, name=java.lang.reflect.ReflectPermission)
ROOT 500000f5 (kind=<system class>, name=java.security.AccessController)
ROOT 500000f6 (kind=<system class>, name=java.lang.RuntimePermission)
ROOT 500000f7 (kind=<system class>, name=java.security.BasicPermission)
ROOT 500000f8 (kind=<system class>, name=java.security.Permission)
ROOT 500000f9 (kind=<system class>, name=java.security.Guard)
ROOT 500000fa (kind=<system class>, name=java.lang.StackTraceElement[])
ROOT 50000119 (kind=<system class>, name=java.lang.StackTraceElement)
ROOT 500000fb (kind=<system class>, name=java.lang.ThreadGroup[])
ROOT 5000014e (kind=<system class>, name=java.lang.ThreadGroup)
ROOT 500000fc (kind=<system class>, name=java.lang.Thread$UncaughtExceptionHandler[])
ROOT 5000014f (kind=<system class>, name=java.lang.Thread$UncaughtExceptionHandler)
ROOT 500000fd (kind=<system class>, name=com.sun.demo.jvmti.hprof.Tracker)
ROOT 500000fe (kind=<system class>, name=java.lang.String$CaseInsensitiveComparator)
ROOT 500000ff (kind=<system class>, name=java.util.Comparator)
ROOT 50000100 (kind=<system class>, name=java.io.ObjectStreamField[])
ROOT 50000102 (kind=<system class>, name=java.io.ObjectStreamField)
ROOT 50000101 (kind=<system class>, name=java.lang.Comparable[])
ROOT 50000176 (kind=<system class>, name=java.lang.Comparable)
ROOT 50000102 (kind=<system class>, name=java.io.ObjectStreamField)
ROOT 50000103 (kind=<system class>, name=java.lang.OutOfMemoryError[])
ROOT 5000015c (kind=<system class>, name=java.lang.OutOfMemoryError)
ROOT 50000104 (kind=<system class>, name=java.lang.VirtualMachineError[])
ROOT 5000015d (kind=<system class>, name=java.lang.VirtualMachineError)
ROOT 50000105 (kind=<system class>, name=java.lang.Error[])
ROOT 5000016b (kind=<system class>, name=java.lang.Error)
ROOT 50000106 (kind=<system class>, name=java.lang.Throwable[])
ROOT 5000016c (kind=<system class>, name=java.lang.Throwable)
ROOT 50000107 (kind=<system class>, name=java.lang.ArithmeticException)
ROOT 50000108 (kind=<system class>, name=java.lang.NullPointerException)
ROOT 50000109 (kind=<system class>, name=java.lang.Class[])
ROOT 50000170 (kind=<system class>, name=java.lang.Class)
ROOT 5000010a (kind=<system class>, name=java.io.Serializable[])
ROOT 50000177 (kind=<system class>, name=java.io.Serializable)
ROOT 5000010b (kind=<system class>, name=java.lang.reflect.GenericDeclaration[])
ROOT 50000172 (kind=<system class>, name=java.lang.reflect.GenericDeclaration)
ROOT 5000010c (kind=<system class>, name=java.lang.reflect.AnnotatedElement[])
ROOT 50000173 (kind=<system class>, name=java.lang.reflect.AnnotatedElement)
ROOT 5000010d (kind=<system class>, name=java.lang.reflect.Type[])
ROOT 50000171 (kind=<system class>, name=java.lang.reflect.Type)
ROOT 5000010e (kind=<system class>, name=java.lang.Object[])
ROOT 50000178 (kind=<system class>, name=java.lang.Object)
ROOT 5000010f (kind=<system class>, name=java.lang.Long)
ROOT 50000110 (kind=<system class>, name=java.lang.Integer)
ROOT 50000111 (kind=<system class>, name=java.lang.Short)
ROOT 50000112 (kind=<system class>, name=java.lang.Byte)
ROOT 50000113 (kind=<system class>, name=java.lang.Double)
ROOT 50000114 (kind=<system class>, name=java.lang.Float)
ROOT 50000115 (kind=<system class>, name=java.lang.Number)
ROOT 50000116 (kind=<system class>, name=java.lang.Character)
ROOT 50000117 (kind=<system class>, name=java.lang.Boolean)
ROOT 50000118 (kind=<system class>, name=java.nio.Buffer)
ROOT 50000119 (kind=<system class>, name=java.lang.StackTraceElement)
ROOT 5000011a (kind=<system class>, name=java.security.CodeSource)
ROOT 5000011b (kind=<system class>, name=sun.misc.Launcher$ExtClassLoader)
ROOT 5000011c (kind=<system class>, name=sun.misc.Launcher$AppClassLoader)
ROOT 5000011d (kind=<system class>, name=sun.misc.Launcher)
ROOT 5000011e (kind=<system class>, name=java.util.jar.Manifest)
ROOT 5000011f (kind=<system class>, name=java.net.URL)
ROOT 50000120 (kind=<system class>, name=java.net.URLClassLoader)
ROOT 50000121 (kind=<system class>, name=java.io.File)
ROOT 50000122 (kind=<system class>, name=java.io.ByteArrayInputStream)
ROOT 50000123 (kind=<system class>, name=java.io.InputStream)
ROOT 50000124 (kind=<system class>, name=java.io.Closeable)
ROOT 50000125 (kind=<system class>, name=java.lang.AutoCloseable)
ROOT 50000126 (kind=<system class>, name=sun.misc.Unsafe)
ROOT 50000127 (kind=<system class>, name=java.lang.StringBuilder)
ROOT 50000128 (kind=<system class>, name=java.lang.StringBuffer)
ROOT 50000129 (kind=<system class>, name=java.lang.AbstractStringBuilder)
ROOT 5000012a (kind=<system class>, name=java.lang.Appendable)
ROOT 5000012b (kind=<system class>, name=java.lang.invoke.VolatileCallSite)
ROOT 5000012c (kind=<system class>, name=java.lang.invoke.MutableCallSite)
ROOT 5000012d (kind=<system class>, name=java.lang.invoke.ConstantCallSite)
ROOT 5000012e (kind=<system class>, name=java.lang.invoke.CallSite)
ROOT 5000012f (kind=<system class>, name=java.lang.BootstrapMethodError)
ROOT 50000130 (kind=<system class>, name=java.lang.invoke.MethodType)
ROOT 50000131 (kind=<system class>, name=java.lang.invoke.LambdaForm)
ROOT 50000132 (kind=<system class>, name=java.lang.invoke.MethodHandleNatives)
ROOT 50000133 (kind=<system class>, name=java.lang.invoke.MemberName)
ROOT 50000134 (kind=<system class>, name=java.lang.invoke.DirectMethodHandle)
ROOT 50000135 (kind=<system class>, name=java.lang.invoke.MethodHandle)
ROOT 50000136 (kind=<system class>, name=sun.reflect.CallerSensitive)
ROOT 50000137 (kind=<system class>, name=java.lang.annotation.Annotation)
ROOT 50000138 (kind=<system class>, name=sun.reflect.UnsafeStaticFieldAccessorImpl)
ROOT 50000139 (kind=<system class>, name=sun.reflect.UnsafeFieldAccessorImpl)
ROOT 5000013a (kind=<system class>, name=sun.reflect.FieldAccessorImpl)
ROOT 5000013b (kind=<system class>, name=sun.reflect.FieldAccessor)
ROOT 5000013c (kind=<system class>, name=sun.reflect.ConstantPool)
ROOT 5000013d (kind=<system class>, name=sun.reflect.DelegatingClassLoader)
ROOT 5000013e (kind=<system class>, name=sun.reflect.ConstructorAccessorImpl)
ROOT 5000013f (kind=<system class>, name=sun.reflect.ConstructorAccessor)
ROOT 50000140 (kind=<system class>, name=sun.reflect.MethodAccessorImpl)
ROOT 50000141 (kind=<system class>, name=sun.reflect.MethodAccessor)
ROOT 50000142 (kind=<system class>, name=sun.reflect.MagicAccessorImpl)
ROOT 50000143 (kind=<system class>, name=java.lang.reflect.Constructor)
ROOT 50000144 (kind=<system class>, name=java.lang.reflect.Method)
ROOT 50000145 (kind=<system class>, name=java.lang.reflect.Executable)
ROOT 50000146 (kind=<system class>, name=java.lang.reflect.Parameter)
ROOT 50000147 (kind=<system class>, name=java.lang.reflect.Field)
ROOT 50000148 (kind=<system class>, name=java.lang.reflect.Member)
ROOT 50000149 (kind=<system class>, name=java.lang.reflect.AccessibleObject)
ROOT 5000014a (kind=<system class>, name=java.util.Properties)
ROOT 5000014b (kind=<system class>, name=java.util.Hashtable)
ROOT 5000014c (kind=<system class>, name=java.util.Dictionary)
ROOT 5000014d (kind=<system class>, name=java.util.Map)
ROOT 5000014e (kind=<system class>, name=java.lang.ThreadGroup)
ROOT 5000014f (kind=<system class>, name=java.lang.Thread$UncaughtExceptionHandler)
ROOT 50000150 (kind=<system class>, name=java.lang.Thread)
ROOT 50000151 (kind=<system class>, name=java.lang.Runnable)
ROOT 50000152 (kind=<system class>, name=java.lang.ref.ReferenceQueue)
ROOT 50000153 (kind=<system class>, name=java.lang.ref.Finalizer)
ROOT 50000154 (kind=<system class>, name=sun.misc.Cleaner)
ROOT 50000155 (kind=<system class>, name=java.lang.ref.PhantomReference)
ROOT 50000156 (kind=<system class>, name=java.lang.ref.FinalReference)
ROOT 50000157 (kind=<system class>, name=java.lang.ref.WeakReference)
ROOT 50000158 (kind=<system class>, name=java.lang.ref.SoftReference)
ROOT 50000159 (kind=<system class>, name=java.lang.ref.Reference)
ROOT 5000015a (kind=<system class>, name=java.lang.IllegalMonitorStateException)
ROOT 5000015b (kind=<system class>, name=java.lang.StackOverflowError)
ROOT 5000015c (kind=<system class>, name=java.lang.OutOfMemoryError)
ROOT 5000015d (kind=<system class>, name=java.lang.VirtualMachineError)
ROOT 5000015e (kind=<system class>, name=java.lang.ArrayStoreException)
ROOT 5000015f (kind=<system class>, name=java.lang.ClassCastException)
ROOT 50000160 (kind=<system class>, name=java.lang.NoClassDefFoundError)
ROOT 50000161 (kind=<system class>, name=java.lang.LinkageError)
ROOT 50000162 (kind=<system class>, name=java.lang.ClassNotFoundException)
ROOT 50000163 (kind=<system class>, name=java.lang.ReflectiveOperationException)
ROOT 50000164 (kind=<system class>, name=java.security.SecureClassLoader)
ROOT 50000165 (kind=<system class>, name=java.security.AccessControlContext)
ROOT 50000166 (kind=<system class>, name=java.security.ProtectionDomain)
ROOT 50000167 (kind=<system class>, name=java.lang.SecurityManager)
ROOT 50000168 (kind=<system class>, name=java.lang.RuntimeException)
ROOT 50000169 (kind=<system class>, name=java.lang.Exception)
ROOT 5000016a (kind=<system class>, name=java.lang.ThreadDeath)
ROOT 5000016b (kind=<system class>, name=java.lang.Error)
ROOT 5000016c (kind=<system class>, name=java.lang.Throwable)
ROOT 5000016d (kind=<system class>, name=java.lang.System)
ROOT 5000016e (kind=<system class>, name=java.lang.ClassLoader)
ROOT 5000016f (kind=<system class>, name=java.lang.Cloneable)
ROOT 50000170 (kind=<system class>, name=java.lang.Class)
ROOT 50000171 (kind=<system class>, name=java.lang.reflect.Type)
ROOT 50000172 (kind=<system class>, name=java.lang.reflect.GenericDeclaration)
ROOT 50000173 (kind=<system class>, name=java.lang.reflect.AnnotatedElement)
ROOT 50000174 (kind=<system class>, name=java.lang.String)
ROOT 50000175 (kind=<system class>, name=java.lang.CharSequence)
ROOT 50000176 (kind=<system class>, name=java.lang.Comparable)
ROOT 50000177 (kind=<system class>, name=java.io.Serializable)
ROOT 50000178 (kind=<system class>, name=java.lang.Object)
ROOT 50000179 (kind=<system class>, name=long[])
ROOT 5000102e (kind=<system class>, name=java.lang.Class)
ROOT 5000017a (kind=<system class>, name=int[])
ROOT 5000102f (kind=<system class>, name=java.lang.Class)
ROOT 5000017b (kind=<system class>, name=short[])
ROOT 50001030 (kind=<system class>, name=java.lang.Class)
ROOT 5000017c (kind=<system class>, name=byte[])
ROOT 50001031 (kind=<system class>, name=java.lang.Class)
ROOT 5000017d (kind=<system class>, name=double[])
ROOT 50001032 (kind=<system class>, name=java.lang.Class)
ROOT 5000017e (kind=<system class>, name=float[])
ROOT 50001033 (kind=<system class>, name=java.lang.Class)
ROOT 5000017f (kind=<system class>, name=char[])
ROOT 50001034 (kind=<system class>, name=java.lang.Class)
ROOT 50000180 (kind=<system class>, name=boolean[])
ROOT 50001035 (kind=<system class>, name=java.lang.Class)
ROOT 50000f54 (kind=<busy monitor>)
ROOT 50000f51 (kind=<busy monitor>)
ROOT 5000102f (kind=<unknown>)
ROOT 50001033 (kind=<unknown>)
ROOT 50001032 (kind=<unknown>)
ROOT 50001031 (kind=<unknown>)
ROOT 50001035 (kind=<unknown>)
ROOT 50001034 (kind=<unknown>)
ROOT 5000102e (kind=<unknown>)
ROOT 50001030 (kind=<unknown>)
ROOT 50001036 (kind=<unknown>)
ROOT 50001035 (kind=<unknown>)
ROOT 50001034 (kind=<unknown>)
ROOT 50001033 (kind=<unknown>)
ROOT 50001032 (kind=<unknown>)
ROOT 50001031 (kind=<unknown>)
ROOT 50001030 (kind=<unknown>)
ROOT 5000102f (kind=<unknown>)
ROOT 5000102e (kind=<unknown>)
ROOT 50001036 (kind=<unknown>)
ROOT 50001037 (kind=<unknown>)
ROOT 50001038 (kind=<unknown>)
ROOT 50001039 (kind=<unknown>)
ROOT 5000103a (kind=<unknown>)
ROOT 5000103b (kind=<unknown>)
ROOT 5000103c (kind=<unknown>)
ROOT 5000103d (kind=<unknown>)
ROOT 5000103e (kind=<unknown>)
ROOT 5000103f (kind=<unknown>)
ROOT 50001040 (kind=<unknown>)
ROOT 50001041 (kind=<unknown>)
ROOT 50001042 (kind=<unknown>)
ROOT 50001043 (kind=<unknown>)
ROOT 50001044 (kind=<unknown>)
ROOT 50001045 (kind=<unknown>)
ROOT 50001046 (kind=<unknown>)
ROOT 500000fd (kind=<unknown>)
ROOT 500000fd (kind=<unknown>)
ROOT 50001047 (kind=<unknown>)
ROOT 50001048 (kind=<unknown>)
ROOT 50001048 (kind=<unknown>)
ROOT 50001049 (kind=<unknown>)
ROOT 50001049 (kind=<unknown>)
ROOT 5000016d (kind=<unknown>)
ROOT 500000fd (kind=<unknown>)
ROOT 500000fd (kind=<unknown>)
ROOT 500000fd (kind=<unknown>)
ROOT 5000104a (kind=<unknown>)
ROOT 5000104a (kind=<unknown>)
ROOT 500000fd (kind=<unknown>)
ROOT 5000003b (kind=<unknown>)
ROOT 50001049 (kind=<unknown>)
ROOT 500000fd (kind=<unknown>)
ROOT 50001047 (kind=<unknown>)
ROOT 500000fd (kind=<unknown>)
ROOT 5000104b (kind=<unknown>)
ROOT 50001047 (kind=<unknown>)
ROOT 5000016d (kind=<unknown>)
ROOT 500000fd (kind=<unknown>)
ROOT 50001047 (kind=<unknown>)
ROOT 500000fd (kind=<unknown>)
ROOT 50001047 (kind=<unknown>)
OBJ 50000181 (sz=376, trace=300000, class=java.lang.Thread@50000150)
OBJ 50000182 (sz=376, trace=300001, class=java.lang.Thread@50000150)
OBJ 50000183 (sz=16, trace=300002, class=java.lang.Object@50000178)
OBJ 50000184 (sz=376, trace=300001, class=java.lang.Thread@50000150)
OBJ 50000185 (sz=16, trace=300002, class=java.lang.Object@50000178)
OBJ 50000186 (sz=376, trace=300001, class=java.lang.Thread@50000150)
OBJ 50000187 (sz=16, trace=300002, class=java.lang.Object@50000178)
OBJ 50000188 (sz=376, trace=300001, class=java.lang.Thread@50000150)
OBJ 50000189 (sz=16, trace=300002, class=java.lang.Object@50000178)
ARR 5000018b (sz=24, trace=300004, nelems=0, elem type=java.lang.Object[]@5000010e)
OBJ 5000018c (sz=16, trace=300005, class=java.lang.Integer@50000110)
OBJ 5000018e (sz=16, trace=300007, class=java.lang.invoke.MethodHandleImpl$1@5000018d)
OBJ 5000018f (sz=24, trace=300008, class=java.lang.StringBuilder@50000127)
ARR 50000190 (sz=48, trace=300009, nelems=0, elem type=char[])
ARR 50000191 (sz=88, trace=300010, nelems=0, elem type=char[])
ARR 50000192 (sz=160, trace=300010, nelems=0, elem type=char[])
OBJ 50000193 (sz=24, trace=300011, class=java.lang.String@50000174)
ARR 50000194 (sz=104, trace=300012, nelems=0, elem type=char[])
OBJ 50000195 (sz=16, trace=300013, class=java.lang.Integer@50000110)
OBJ 50000198 (sz=16, trace=300015, class=java.lang.invoke.MethodHandleImpl$2@50000197)
OBJ 5000019a (sz=16, trace=300017, class=java.lang.invoke.MethodHandleImpl$3@50000199)
ARR 5000019c (sz=24, trace=300018, nelems=0, elem type=java.lang.invoke.MethodHandle[]@5000019b)
ARR 5000019d (sz=16, trace=300019, nelems=0, elem type=java.lang.Object[]@5000010e)
ARR 5000019e (sz=1040, trace=300020, nelems=0, elem type=java.lang.invoke.MethodHandle[]@5000019b)
ARR 500001a3 (sz=24, trace=300023, nelems=0, elem type=java.lang.ClassValue$Entry[]@500001a2)
OBJ 500001a4 (sz=16, trace=300024, class=java.util.concurrent.atomic.AtomicInteger@500000b9)
OBJ 500001a5 (sz=16, trace=300025, class=java.lang.Object@50000178)
OBJ 500001a6 (sz=24, trace=300026, class=java.lang.invoke.MethodHandleImpl$4@500001a0)
	identity	500001a8
	version		500001aa
OBJ 500001a8 (sz=16, trace=300028, class=java.lang.ClassValue$Identity@500001a7)
OBJ 500001aa (sz=24, trace=300030, class=java.lang.ClassValue$Version@500001a9)
	classValue	500001a6
	promise		500001ac
OBJ 500001ab (sz=32, trace=300031, class=java.lang.ClassValue$Entry@500001a1)
	queue		500018d6
OBJ 500001ac (sz=32, trace=300032, class=java.lang.ClassValue$Entry@500001a1)
	referent	500001aa
	queue		500018d6
	value		500001ac
OBJ 500001ae (sz=16, trace=300034, class=java.lang.invoke.MemberName$Factory@500001ad)
ARR 500001b0 (sz=56, trace=300036, nelems=0, elem type=java.lang.Object[]@5000010e)
OBJ 500001b2 (sz=16, trace=300038, class=java.lang.invoke.MethodHandleStatics$1@500001b1)
OBJ 500001b3 (sz=56, trace=300039, class=java.lang.Class$ReflectionData@500000b7)
OBJ 500001b4 (sz=40, trace=300040, class=java.lang.ref.SoftReference@50000158)
OBJ 500001b5 (sz=72, trace=300041, class=java.lang.reflect.Field@50000147)
OBJ 500001b6 (sz=376, trace=300001, class=java.lang.Thread@50000150)
OBJ 500001b7 (sz=16, trace=300002, class=java.lang.Object@50000178)
ARR 500001b9 (sz=32, trace=300042, nelems=0, elem type=java.lang.String[]@500000ce)
ARR 500001ba (sz=32, trace=300043, nelems=0, elem type=char[])
OBJ 500001bb (sz=24, trace=300044, class=java.lang.String@50000174)
ARR 500001bc (sz=32, trace=300045, nelems=0, elem type=char[])
OBJ 500001bd (sz=24, trace=300046, class=java.lang.StringBuilder@50000127)
ARR 500001be (sz=48, trace=300047, nelems=0, elem type=char[])
ARR 500001bf (sz=88, trace=300010, nelems=0, elem type=char[])
ARR 500001c0 (sz=160, trace=300010, nelems=0, elem type=char[])
ARR 500001c1 (sz=304, trace=300010, nelems=0, elem type=char[])
OBJ 500001c2 (sz=24, trace=300048, class=java.lang.String@50000174)
ARR 500001c3 (sz=168, trace=300049, nelems=0, elem type=char[])
OBJ 500001c5 (sz=16, trace=300051, class=sun.misc.PostVMInitHook$1@500001c4)
OBJ 500001c6 (sz=32, trace=300052, class=java.io.File@50000121)
ARR 500001c7 (sz=136, trace=300053, nelems=0, elem type=byte[])
ARR 500001c8 (sz=56, trace=300054, nelems=0, elem type=byte[])
OBJ 500001c9 (sz=24, trace=300055, class=java.lang.String@50000174)
ARR 500001ca (sz=64, trace=300056, nelems=0, elem type=char[])
OBJ 500001cb (sz=16, trace=300051, class=sun.misc.PostVMInitHook$1@500001c4)
OBJ 500001cc (sz=32, trace=300052, class=java.io.File@50000121)
ARR 500001cd (sz=240, trace=300053, nelems=0, elem type=byte[])
ARR 500001ce (sz=96, trace=300054, nelems=0, elem type=byte[])
OBJ 500001cf (sz=24, trace=300055, class=java.lang.String@50000174)
ARR 500001d0 (sz=64, trace=300056, nelems=0, elem type=char[])
ARR 500001d1 (sz=32, trace=300057, nelems=0, elem type=char[])
OBJ 500001d2 (sz=24, trace=300058, class=java.lang.String@50000174)
ARR 500001d3 (sz=32, trace=300045, nelems=0, elem type=char[])
OBJ 500001d4 (sz=376, trace=300000, class=java.lang.Thread@50000150)
OBJ 500001d6 (sz=24, trace=300059, class=sun.launcher.LauncherHelper@500001d5)
	name		50001c26
ARR 500001d8 (sz=24, trace=300060, nelems=1, elem type=sun.launcher.LauncherHelper[]@500001d7)
	[0]		500001d6
OBJ 500001d9 (sz=24, trace=300061, class=java.lang.StringBuilder@50000127)
	value		50000f3b
ARR 500001da (sz=48, trace=300062, nelems=0, elem type=char[])
ARR 500001db (sz=24, trace=300063, nelems=0, elem type=java.lang.Object[]@5000010e)
OBJ 500001df (sz=40, trace=300067, class=java.util.ResourceBundle$1@500001de)
	cacheKey	50001c68
OBJ 500001e0 (sz=64, trace=300068, class=java.util.concurrent.ConcurrentHashMap@50000028)
	table		500006d6
OBJ 500001e1 (sz=32, trace=300069, class=java.lang.ref.ReferenceQueue@50000152)
	lock		500001e2
OBJ 500001e2 (sz=16, trace=300070, class=java.lang.ref.ReferenceQueue$Lock@500000d7)
OBJ 500001e5 (sz=32, trace=300073, class=java.util.ServiceLoader@500001e4)
OBJ 500001e6 (sz=56, trace=300074, class=java.util.LinkedHashMap@50000066)
OBJ 500001e8 (sz=40, trace=300076, class=java.util.ServiceLoader$LazyIterator@500001e7)
OBJ 500001ea (sz=24, trace=300078, class=java.util.ServiceLoader$1@500001e9)
OBJ 500001ec (sz=16, trace=300080, class=java.util.LinkedHashMap$LinkedEntrySet@500001eb)
OBJ 500001ef (sz=32, trace=300082, class=java.util.LinkedHashMap$LinkedEntryIterator@500001ee)
OBJ 500001f0 (sz=24, trace=300083, class=java.lang.StringBuilder@50000127)
ARR 500001f1 (sz=48, trace=300084, nelems=0, elem type=char[])
ARR 500001f2 (sz=88, trace=300010, nelems=0, elem type=char[])
ARR 500001f3 (sz=160, trace=300010, nelems=0, elem type=char[])
OBJ 500001f4 (sz=24, trace=300085, class=java.lang.String@50000174)
ARR 500001f5 (sz=144, trace=300086, nelems=0, elem type=char[])
ARR 500001f7 (sz=24, trace=300087, nelems=0, elem type=java.util.Enumeration[]@500001f6)
OBJ 500001fa (sz=16, trace=300090, class=sun.misc.Launcher$BootClassPathHolder$1@500001f9)
ARR 500001fb (sz=48, trace=300091, nelems=0, elem type=java.io.File[]@5000003f)
OBJ 500001fc (sz=24, trace=300092, class=java.lang.String@50000174)
	value		500001fd
ARR 500001fd (sz=102, trace=300093, nelems=51, elem type=char[])
OBJ 500001fe (sz=32, trace=300094, class=java.io.File@50000121)
OBJ 500001ff (sz=24, trace=300092, class=java.lang.String@50000174)
ARR 50000200 (sz=104, trace=300093, nelems=0, elem type=char[])
OBJ 50000201 (sz=32, trace=300094, class=java.io.File@50000121)
OBJ 50000202 (sz=24, trace=300092, class=java.lang.String@50000174)
ARR 50000203 (sz=120, trace=300093, nelems=0, elem type=char[])
OBJ 50000204 (sz=32, trace=300094, class=java.io.File@50000121)
OBJ 50000205 (sz=24, trace=300092, class=java.lang.String@50000174)
ARR 50000206 (sz=112, trace=300093, nelems=0, elem type=char[])
OBJ 50000207 (sz=32, trace=300094, class=java.io.File@50000121)
OBJ 50000208 (sz=24, trace=300092, class=java.lang.String@50000174)
ARR 50000209 (sz=112, trace=300093, nelems=0, elem type=char[])
OBJ 5000020a (sz=32, trace=300094, class=java.io.File@50000121)
OBJ 5000020b (sz=24, trace=300092, class=java.lang.String@50000174)
ARR 5000020c (sz=120, trace=300093, nelems=0, elem type=char[])
OBJ 5000020d (sz=32, trace=300094, class=java.io.File@50000121)
OBJ 5000020e (sz=24, trace=300092, class=java.lang.String@50000174)
ARR 5000020f (sz=112, trace=300093, nelems=0, elem type=char[])
OBJ 50000210 (sz=32, trace=300094, class=java.io.File@50000121)
OBJ 50000211 (sz=24, trace=300095, class=java.lang.String@50000174)
	value		50000212
ARR 50000212 (sz=82, trace=300096, nelems=41, elem type=char[])
OBJ 50000213 (sz=32, trace=300097, class=java.io.File@50000121)
OBJ 50000214 (sz=16, trace=300098, class=java.util.HashSet@50000005)
OBJ 50000215 (sz=48, trace=300099, class=java.util.HashMap@500000cc)
ARR 50000216 (sz=176, trace=300053, nelems=0, elem type=byte[])
ARR 50000217 (sz=72, trace=300054, nelems=0, elem type=byte[])
OBJ 50000218 (sz=24, trace=300055, class=java.lang.String@50000174)
ARR 50000219 (sz=48, trace=300056, nelems=0, elem type=char[])
OBJ 5000021a (sz=24, trace=300100, class=java.lang.String@50000174)
	value		5000021b
ARR 5000021b (sz=74, trace=300101, nelems=37, elem type=char[])
OBJ 5000021c (sz=32, trace=300102, class=java.io.File@50000121)
ARR 5000021d (sz=80, trace=300103, nelems=0, elem type=java.util.HashMap$Node[]@500000c8)
OBJ 5000021e (sz=32, trace=300104, class=java.util.HashMap$Node@500000ca)
OBJ 5000021f (sz=32, trace=300105, class=java.io.File@50000121)
OBJ 50000220 (sz=24, trace=300106, class=java.lang.StringBuilder@50000127)
ARR 50000221 (sz=48, trace=300107, nelems=0, elem type=char[])
ARR 50000222 (sz=96, trace=300010, nelems=0, elem type=char[])
ARR 50000223 (sz=168, trace=300108, nelems=0, elem type=char[])
OBJ 50000224 (sz=24, trace=300109, class=java.lang.String@50000174)
	value		50000225
ARR 50000225 (sz=96, trace=300110, nelems=48, elem type=char[])
ARR 50000226 (sz=160, trace=300053, nelems=0, elem type=byte[])
ARR 50000227 (sz=64, trace=300054, nelems=0, elem type=byte[])
OBJ 50000228 (sz=24, trace=300055, class=java.lang.String@50000174)
ARR 50000229 (sz=40, trace=300056, nelems=0, elem type=char[])
OBJ 5000022a (sz=32, trace=300111, class=java.io.FileInputStream@5000008a)
	fd		5000022d
	path		50000224
	closeLock	5000022c
OBJ 5000022b (sz=40, trace=300112, class=java.lang.ref.Finalizer@50000153)
	referent	5000022a
	queue		50000f50
	next		50001bc5
	prev		50000b7e
OBJ 5000022c (sz=16, trace=300113, class=java.lang.Object@50000178)
OBJ 5000022d (sz=32, trace=300114, class=java.io.FileDescriptor@50000089)
	parent		5000022a
ARR 5000022e (sz=160, trace=300115, nelems=0, elem type=byte[])
ARR 5000022f (sz=64, trace=300054, nelems=0, elem type=byte[])
OBJ 50000230 (sz=24, trace=300116, class=java.io.FileReader@50000039)
OBJ 50000231 (sz=40, trace=300117, class=sun.nio.cs.UTF_8$Decoder@50000095)
OBJ 50000232 (sz=48, trace=300118, class=sun.nio.cs.StreamDecoder@50000038)
ARR 50000233 (sz=8208, trace=300119, nelems=0, elem type=byte[])
OBJ 50000234 (sz=48, trace=300120, class=java.nio.HeapByteBuffer@50000071)
OBJ 50000235 (sz=48, trace=300121, class=java.io.BufferedReader@5000003b)
ARR 50000236 (sz=16400, trace=300122, nelems=0, elem type=char[])
OBJ 50000237 (sz=24, trace=300123, class=java.util.ArrayList@500000e3)
OBJ 50000238 (sz=24, trace=300124, class=java.lang.String@50000174)
ARR 50000239 (sz=88, trace=300125, nelems=0, elem type=char[])
ARR 5000023a (sz=128, trace=300126, nelems=0, elem type=byte[])
ARR 5000023b (sz=56, trace=300054, nelems=0, elem type=byte[])
OBJ 5000023c (sz=24, trace=300127, class=java.lang.String@50000174)
	value		5000023d
ARR 5000023d (sz=74, trace=300128, nelems=37, elem type=char[])
OBJ 5000023e (sz=24, trace=300129, class=java.io.ExpiringCache$Entry@5000005c)
	val		5000023c
OBJ 5000023f (sz=40, trace=300130, class=java.util.LinkedHashMap$Entry@5000005b)
	key		5000021a
	value		5000023e
	before		50001306
	after		5000039c
OBJ 50000240 (sz=24, trace=300131, class=java.lang.String@50000174)
ARR 50000241 (sz=88, trace=300125, nelems=0, elem type=char[])
OBJ 50000242 (sz=32, trace=300132, class=java.io.File@50000121)
ARR 50000243 (sz=128, trace=300053, nelems=0, elem type=byte[])
ARR 50000244 (sz=56, trace=300054, nelems=0, elem type=byte[])
OBJ 50000245 (sz=24, trace=300055, class=java.lang.String@50000174)
ARR 50000246 (sz=24, trace=300056, nelems=0, elem type=char[])
ARR 50000247 (sz=128, trace=300053, nelems=0, elem type=byte[])
ARR 50000248 (sz=56, trace=300054, nelems=0, elem type=byte[])
OBJ 50000249 (sz=24, trace=300055, class=java.lang.String@50000174)
ARR 5000024a (sz=24, trace=300056, nelems=0, elem type=char[])
OBJ 5000024b (sz=32, trace=300133, class=java.io.File@50000121)
OBJ 5000024c (sz=48, trace=300134, class=java.nio.HeapCharBuffer@50000036)
OBJ 5000024d (sz=24, trace=300135, class=java.lang.String@50000174)
ARR 5000024e (sz=40, trace=300136, nelems=0, elem type=char[])
OBJ 5000024f (sz=24, trace=300137, class=java.lang.String@50000174)
ARR 50000250 (sz=120, trace=300136, nelems=0, elem type=char[])
OBJ 50000251 (sz=24, trace=300137, class=java.lang.String@50000174)
ARR 50000252 (sz=136, trace=300136, nelems=0, elem type=char[])
OBJ 50000253 (sz=24, trace=300137, class=java.lang.String@50000174)
ARR 50000254 (sz=96, trace=300136, nelems=0, elem type=char[])
OBJ 50000255 (sz=24, trace=300137, class=java.lang.String@50000174)
ARR 50000256 (sz=48, trace=300136, nelems=0, elem type=char[])
OBJ 50000257 (sz=24, trace=300138, class=java.lang.String@50000174)
ARR 50000258 (sz=40, trace=300139, nelems=0, elem type=char[])
OBJ 50000259 (sz=24, trace=300137, class=java.lang.String@50000174)
	value		5000025a
ARR 5000025a (sz=14, trace=300136, nelems=7, elem type=char[])
ARR 5000025b (sz=56, trace=300140, nelems=0, elem type=java.lang.Object[]@5000010e)
OBJ 5000025c (sz=24, trace=300137, class=java.lang.String@50000174)
	value		5000025d
ARR 5000025d (sz=14, trace=300136, nelems=7, elem type=char[])
OBJ 5000025e (sz=24, trace=300137, class=java.lang.String@50000174)
ARR 5000025f (sz=40, trace=300136, nelems=0, elem type=char[])
OBJ 50000260 (sz=32, trace=300141, class=java.io.File@50000121)
	path		50000265
OBJ 50000261 (sz=24, trace=300106, class=java.lang.StringBuilder@50000127)
ARR 50000262 (sz=48, trace=300107, nelems=0, elem type=char[])
ARR 50000263 (sz=96, trace=300010, nelems=0, elem type=char[])
ARR 50000264 (sz=168, trace=300108, nelems=0, elem type=char[])
OBJ 50000265 (sz=24, trace=300109, class=java.lang.String@50000174)
	value		50000266
ARR 50000266 (sz=100, trace=300110, nelems=50, elem type=char[])
OBJ 50000267 (sz=24, trace=300142, class=sun.misc.MetaIndex@5000003e)
	contents	5000140a
ARR 50000268 (sz=16, trace=300143, nelems=0, elem type=java.lang.String[]@500000ce)
OBJ 50000269 (sz=32, trace=300104, class=java.util.HashMap$Node@500000ca)
	key		50000260
	value		50000267
OBJ 5000026a (sz=24, trace=300138, class=java.lang.String@50000174)
ARR 5000026b (sz=32, trace=300139, nelems=0, elem type=char[])
OBJ 5000026c (sz=24, trace=300137, class=java.lang.String@50000174)
	value		5000026d
ARR 5000026d (sz=24, trace=300136, nelems=12, elem type=char[])
OBJ 5000026e (sz=24, trace=300137, class=java.lang.String@50000174)
	value		5000026f
ARR 5000026f (sz=24, trace=300136, nelems=12, elem type=char[])
OBJ 50000270 (sz=24, trace=300137, class=java.lang.String@50000174)
	value		50000271
ARR 50000271 (sz=42, trace=300136, nelems=21, elem type=char[])
OBJ 50000272 (sz=24, trace=300137, class=java.lang.String@50000174)
	value		50000273
ARR 50000273 (sz=40, trace=300136, nelems=20, elem type=char[])
OBJ 50000274 (sz=24, trace=300137, class=java.lang.String@50000174)
ARR 50000275 (sz=40, trace=300136, nelems=0, elem type=char[])
OBJ 50000276 (sz=32, trace=300141, class=java.io.File@50000121)
	path		5000027b
OBJ 50000277 (sz=24, trace=300106, class=java.lang.StringBuilder@50000127)
ARR 50000278 (sz=48, trace=300107, nelems=0, elem type=char[])
ARR 50000279 (sz=96, trace=300010, nelems=0, elem type=char[])
ARR 5000027a (sz=168, trace=300108, nelems=0, elem type=char[])
OBJ 5000027b (sz=24, trace=300109, class=java.lang.String@50000174)
	value		5000027c
ARR 5000027c (sz=90, trace=300110, nelems=45, elem type=char[])
OBJ 5000027d (sz=24, trace=300142, class=sun.misc.MetaIndex@5000003e)
	contents	5000148a
ARR 5000027e (sz=16, trace=300143, nelems=0, elem type=java.lang.String[]@500000ce)
OBJ 5000027f (sz=32, trace=300144, class=java.util.HashMap$Node@500000ca)
	key		50000276
	value		5000027d
	next		50000293
OBJ 50000280 (sz=24, trace=300138, class=java.lang.String@50000174)
ARR 50000281 (sz=32, trace=300139, nelems=0, elem type=char[])
OBJ 50000282 (sz=24, trace=300137, class=java.lang.String@50000174)
	value		50000283
ARR 50000283 (sz=30, trace=300136, nelems=15, elem type=char[])
OBJ 50000284 (sz=24, trace=300137, class=java.lang.String@50000174)
	value		50000285
ARR 50000285 (sz=14, trace=300136, nelems=7, elem type=char[])
OBJ 50000286 (sz=24, trace=300137, class=java.lang.String@50000174)
	value		50000287
ARR 50000287 (sz=38, trace=300136, nelems=19, elem type=char[])
OBJ 50000288 (sz=24, trace=300137, class=java.lang.String@50000174)
ARR 50000289 (sz=40, trace=300136, nelems=0, elem type=char[])
OBJ 5000028a (sz=32, trace=300141, class=java.io.File@50000121)
	path		5000028f
OBJ 5000028b (sz=24, trace=300106, class=java.lang.StringBuilder@50000127)
ARR 5000028c (sz=48, trace=300107, nelems=0, elem type=char[])
ARR 5000028d (sz=96, trace=300010, nelems=0, elem type=char[])
ARR 5000028e (sz=168, trace=300108, nelems=0, elem type=char[])
OBJ 5000028f (sz=24, trace=300109, class=java.lang.String@50000174)
	value		50000290
ARR 50000290 (sz=90, trace=300110, nelems=45, elem type=char[])
OBJ 50000291 (sz=24, trace=300142, class=sun.misc.MetaIndex@5000003e)
	contents	5000148b
ARR 50000292 (sz=16, trace=300143, nelems=0, elem type=java.lang.String[]@500000ce)
OBJ 50000293 (sz=32, trace=300144, class=java.util.HashMap$Node@500000ca)
	key		5000028a
	value		50000291
ARR 50000294 (sz=144, trace=300145, nelems=32, elem type=java.util.HashMap$Node[]@500000c8)
	[4]		500013f9
	[8]		500013fa
	[9]		500013fb
	[18]		500013fc
	[23]		500013fd
	[25]		500002fd
	[26]		50000355
	[28]		500013fe
	[29]		500013ff
	[30]		50000269
	[31]		50001400
OBJ 50000295 (sz=24, trace=300138, class=java.lang.String@50000174)
ARR 50000296 (sz=32, trace=300139, nelems=0, elem type=char[])
OBJ 50000297 (sz=24, trace=300137, class=java.lang.String@50000174)
	value		50000298
ARR 50000298 (sz=24, trace=300136, nelems=12, elem type=char[])
OBJ 50000299 (sz=24, trace=300137, class=java.lang.String@50000174)
	value		5000029a
ARR 5000029a (sz=24, trace=300136, nelems=12, elem type=char[])
OBJ 5000029b (sz=24, trace=300137, class=java.lang.String@50000174)
ARR 5000029c (sz=64, trace=300136, nelems=0, elem type=char[])
OBJ 5000029d (sz=32, trace=300141, class=java.io.File@50000121)
	path		500002a2
OBJ 5000029e (sz=24, trace=300106, class=java.lang.StringBuilder@50000127)
ARR 5000029f (sz=48, trace=300107, nelems=0, elem type=char[])
ARR 500002a0 (sz=96, trace=300010, nelems=0, elem type=char[])
ARR 500002a1 (sz=168, trace=300108, nelems=0, elem type=char[])
OBJ 500002a2 (sz=24, trace=300109, class=java.lang.String@50000174)
	value		500002a3
ARR 500002a3 (sz=92, trace=300110, nelems=46, elem type=char[])
OBJ 500002a4 (sz=24, trace=300142, class=sun.misc.MetaIndex@5000003e)
	contents	5000146a
ARR 500002a5 (sz=16, trace=300143, nelems=0, elem type=java.lang.String[]@500000ce)
OBJ 500002a6 (sz=32, trace=300144, class=java.util.HashMap$Node@500000ca)
	key		5000029d
	value		500002a4
OBJ 500002a7 (sz=24, trace=300138, class=java.lang.String@50000174)
ARR 500002a8 (sz=56, trace=300139, nelems=0, elem type=char[])
OBJ 500002a9 (sz=24, trace=300137, class=java.lang.String@50000174)
ARR 500002aa (sz=48, trace=300136, nelems=0, elem type=char[])
OBJ 500002ab (sz=24, trace=300138, class=java.lang.String@50000174)
ARR 500002ac (sz=48, trace=300139, nelems=0, elem type=char[])
OBJ 500002ad (sz=24, trace=300137, class=java.lang.String@50000174)
	value		500002ae
ARR 500002ae (sz=54, trace=300136, nelems=27, elem type=char[])
OBJ 500002af (sz=24, trace=300137, class=java.lang.String@50000174)
	value		500002b0
ARR 500002b0 (sz=104, trace=300136, nelems=52, elem type=char[])
OBJ 500002b1 (sz=24, trace=300137, class=java.lang.String@50000174)
	value		500002b2
ARR 500002b2 (sz=96, trace=300136, nelems=48, elem type=char[])
OBJ 500002b3 (sz=24, trace=300137, class=java.lang.String@50000174)
	value		500002b4
ARR 500002b4 (sz=28, trace=300136, nelems=14, elem type=char[])
OBJ 500002b5 (sz=24, trace=300137, class=java.lang.String@50000174)
	value		500002b6
ARR 500002b6 (sz=108, trace=300136, nelems=54, elem type=char[])
OBJ 500002b7 (sz=24, trace=300137, class=java.lang.String@50000174)
	value		500002b8
ARR 500002b8 (sz=18, trace=300136, nelems=9, elem type=char[])
OBJ 500002b9 (sz=24, trace=300137, class=java.lang.String@50000174)
	value		500002ba
ARR 500002ba (sz=106, trace=300136, nelems=53, elem type=char[])
OBJ 500002bb (sz=24, trace=300137, class=java.lang.String@50000174)
	value		500002bc
ARR 500002bc (sz=102, trace=300136, nelems=51, elem type=char[])
OBJ 500002bd (sz=24, trace=300137, class=java.lang.String@50000174)
	value		500002be
ARR 500002be (sz=22, trace=300136, nelems=11, elem type=char[])
OBJ 500002bf (sz=24, trace=300137, class=java.lang.String@50000174)
	value		500002c0
ARR 500002c0 (sz=114, trace=300136, nelems=57, elem type=char[])
OBJ 500002c1 (sz=24, trace=300137, class=java.lang.String@50000174)
	value		500002c2
ARR 500002c2 (sz=114, trace=300136, nelems=57, elem type=char[])
ARR 500002c3 (sz=80, trace=300140, nelems=0, elem type=java.lang.Object[]@5000010e)
OBJ 500002c4 (sz=24, trace=300137, class=java.lang.String@50000174)
	value		500002c5
ARR 500002c5 (sz=14, trace=300136, nelems=7, elem type=char[])
OBJ 500002c6 (sz=24, trace=300137, class=java.lang.String@50000174)
	value		500002c7
ARR 500002c7 (sz=114, trace=300136, nelems=57, elem type=char[])
OBJ 500002c8 (sz=24, trace=300137, class=java.lang.String@50000174)
	value		500002c9
ARR 500002c9 (sz=32, trace=300136, nelems=16, elem type=char[])
OBJ 500002ca (sz=24, trace=300137, class=java.lang.String@50000174)
	value		500002cb
ARR 500002cb (sz=98, trace=300136, nelems=49, elem type=char[])
OBJ 500002cc (sz=24, trace=300137, class=java.lang.String@50000174)
	value		500002cd
ARR 500002cd (sz=52, trace=300136, nelems=26, elem type=char[])
ARR 500002ce (sz=104, trace=300140, nelems=0, elem type=java.lang.Object[]@5000010e)
OBJ 500002cf (sz=24, trace=300137, class=java.lang.String@50000174)
	value		500002d0
ARR 500002d0 (sz=106, trace=300136, nelems=53, elem type=char[])
OBJ 500002d1 (sz=24, trace=300137, class=java.lang.String@50000174)
	value		500002d2
ARR 500002d2 (sz=14, trace=300136, nelems=7, elem type=char[])
OBJ 500002d3 (sz=24, trace=300137, class=java.lang.String@50000174)
	value		500002d4
ARR 500002d4 (sz=18, trace=300136, nelems=9, elem type=char[])
OBJ 500002d5 (sz=24, trace=300137, class=java.lang.String@50000174)
	value		500002d6
ARR 500002d6 (sz=120, trace=300136, nelems=60, elem type=char[])
OBJ 500002d7 (sz=24, trace=300137, class=java.lang.String@50000174)
	value		500002d8
ARR 500002d8 (sz=30, trace=300136, nelems=15, elem type=char[])
OBJ 500002d9 (sz=24, trace=300137, class=java.lang.String@50000174)
	value		500002da
ARR 500002da (sz=110, trace=300136, nelems=55, elem type=char[])
OBJ 500002db (sz=24, trace=300137, class=java.lang.String@50000174)
	value		500002dc
ARR 500002dc (sz=48, trace=300136, nelems=24, elem type=char[])
ARR 500002dd (sz=152, trace=300140, nelems=0, elem type=java.lang.Object[]@5000010e)
OBJ 500002de (sz=24, trace=300137, class=java.lang.String@50000174)
	value		500002df
ARR 500002df (sz=18, trace=300136, nelems=9, elem type=char[])
OBJ 500002e0 (sz=24, trace=300137, class=java.lang.String@50000174)
	value		500002e1
ARR 500002e1 (sz=16, trace=300136, nelems=8, elem type=char[])
OBJ 500002e2 (sz=24, trace=300137, class=java.lang.String@50000174)
	value		500002e3
ARR 500002e3 (sz=18, trace=300136, nelems=9, elem type=char[])
OBJ 500002e4 (sz=24, trace=300137, class=java.lang.String@50000174)
	value		500002e5
ARR 500002e5 (sz=110, trace=300136, nelems=55, elem type=char[])
OBJ 500002e6 (sz=24, trace=300137, class=java.lang.String@50000174)
	value		500002e7
ARR 500002e7 (sz=24, trace=300136, nelems=12, elem type=char[])
OBJ 500002e8 (sz=24, trace=300137, class=java.lang.String@50000174)
	value		500002e9
ARR 500002e9 (sz=102, trace=300136, nelems=51, elem type=char[])
OBJ 500002ea (sz=24, trace=300137, class=java.lang.String@50000174)
	value		500002eb
ARR 500002eb (sz=38, trace=300136, nelems=19, elem type=char[])
OBJ 500002ec (sz=24, trace=300137, class=java.lang.String@50000174)
	value		500002ed
ARR 500002ed (sz=26, trace=300136, nelems=13, elem type=char[])
OBJ 500002ee (sz=24, trace=300137, class=java.lang.String@50000174)
	value		500002ef
ARR 500002ef (sz=24, trace=300136, nelems=12, elem type=char[])
OBJ 500002f0 (sz=24, trace=300137, class=java.lang.String@50000174)
	value		500002f1
ARR 500002f1 (sz=132, trace=300136, nelems=66, elem type=char[])
OBJ 500002f2 (sz=24, trace=300137, class=java.lang.String@50000174)
ARR 500002f3 (sz=32, trace=300136, nelems=0, elem type=char[])
OBJ 500002f4 (sz=32, trace=300141, class=java.io.File@50000121)
	path		500002f9
OBJ 500002f5 (sz=24, trace=300106, class=java.lang.StringBuilder@50000127)
ARR 500002f6 (sz=48, trace=300107, nelems=0, elem type=char[])
ARR 500002f7 (sz=96, trace=300010, nelems=0, elem type=char[])
ARR 500002f8 (sz=168, trace=300108, nelems=0, elem type=char[])
OBJ 500002f9 (sz=24, trace=300109, class=java.lang.String@50000174)
	value		500002fa
ARR 500002fa (sz=102, trace=300110, nelems=51, elem type=char[])
OBJ 500002fb (sz=24, trace=300142, class=sun.misc.MetaIndex@5000003e)
	contents	50001422
ARR 500002fc (sz=16, trace=300143, nelems=0, elem type=java.lang.String[]@500000ce)
OBJ 500002fd (sz=32, trace=300104, class=java.util.HashMap$Node@500000ca)
	key		500002f4
	value		500002fb
OBJ 500002fe (sz=24, trace=300138, class=java.lang.String@50000174)
ARR 500002ff (sz=32, trace=300139, nelems=0, elem type=char[])
OBJ 50000300 (sz=24, trace=300137, class=java.lang.String@50000174)
	value		50000301
ARR 50000301 (sz=54, trace=300136, nelems=27, elem type=char[])
OBJ 50000302 (sz=24, trace=300137, class=java.lang.String@50000174)
	value		50000303
ARR 50000303 (sz=10, trace=300136, nelems=5, elem type=char[])
OBJ 50000304 (sz=24, trace=300137, class=java.lang.String@50000174)
	value		50000305
ARR 50000305 (sz=18, trace=300136, nelems=9, elem type=char[])
OBJ 50000306 (sz=24, trace=300137, class=java.lang.String@50000174)
	value		50000307
ARR 50000307 (sz=28, trace=300136, nelems=14, elem type=char[])
OBJ 50000308 (sz=24, trace=300137, class=java.lang.String@50000174)
	value		50000309
ARR 50000309 (sz=32, trace=300136, nelems=16, elem type=char[])
OBJ 5000030a (sz=24, trace=300137, class=java.lang.String@50000174)
	value		5000030b
ARR 5000030b (sz=42, trace=300136, nelems=21, elem type=char[])
OBJ 5000030c (sz=24, trace=300137, class=java.lang.String@50000174)
	value		5000030d
ARR 5000030d (sz=28, trace=300136, nelems=14, elem type=char[])
OBJ 5000030e (sz=24, trace=300137, class=java.lang.String@50000174)
	value		5000030f
ARR 5000030f (sz=28, trace=300136, nelems=14, elem type=char[])
OBJ 50000310 (sz=24, trace=300137, class=java.lang.String@50000174)
	value		50000311
ARR 50000311 (sz=24, trace=300136, nelems=12, elem type=char[])
OBJ 50000312 (sz=24, trace=300137, class=java.lang.String@50000174)
	value		50000313
ARR 50000313 (sz=38, trace=300136, nelems=19, elem type=char[])
OBJ 50000314 (sz=24, trace=300137, class=java.lang.String@50000174)
	value		50000315
ARR 50000315 (sz=8, trace=300136, nelems=4, elem type=char[])
OBJ 50000316 (sz=24, trace=300137, class=java.lang.String@50000174)
	value		50000317
ARR 50000317 (sz=24, trace=300136, nelems=12, elem type=char[])
OBJ 50000318 (sz=24, trace=300137, class=java.lang.String@50000174)
	value		50000319
ARR 50000319 (sz=26, trace=300136, nelems=13, elem type=char[])
OBJ 5000031a (sz=24, trace=300137, class=java.lang.String@50000174)
	value		5000031b
ARR 5000031b (sz=32, trace=300136, nelems=16, elem type=char[])
OBJ 5000031c (sz=24, trace=300137, class=java.lang.String@50000174)
	value		5000031d
ARR 5000031d (sz=24, trace=300136, nelems=12, elem type=char[])
OBJ 5000031e (sz=24, trace=300137, class=java.lang.String@50000174)
	value		5000031f
ARR 5000031f (sz=24, trace=300136, nelems=12, elem type=char[])
OBJ 50000320 (sz=24, trace=300137, class=java.lang.String@50000174)
	value		50000321
ARR 50000321 (sz=16, trace=300136, nelems=8, elem type=char[])
OBJ 50000322 (sz=24, trace=300137, class=java.lang.String@50000174)
	value		50000323
ARR 50000323 (sz=28, trace=300136, nelems=14, elem type=char[])
OBJ 50000324 (sz=24, trace=300137, class=java.lang.String@50000174)
	value		50000325
ARR 50000325 (sz=38, trace=300136, nelems=19, elem type=char[])
OBJ 50000326 (sz=24, trace=300137, class=java.lang.String@50000174)
	value		50000327
ARR 50000327 (sz=24, trace=300136, nelems=12, elem type=char[])
OBJ 50000328 (sz=24, trace=300137, class=java.lang.String@50000174)
	value		50000329
ARR 50000329 (sz=30, trace=300136, nelems=15, elem type=char[])
OBJ 5000032a (sz=24, trace=300137, class=java.lang.String@50000174)
	value		5000032b
ARR 5000032b (sz=16, trace=300136, nelems=8, elem type=char[])
OBJ 5000032c (sz=24, trace=300137, class=java.lang.String@50000174)
	value		5000032d
ARR 5000032d (sz=30, trace=300136, nelems=15, elem type=char[])
OBJ 5000032e (sz=24, trace=300137, class=java.lang.String@50000174)
	value		5000032f
ARR 5000032f (sz=8, trace=300136, nelems=4, elem type=char[])
OBJ 50000330 (sz=24, trace=300137, class=java.lang.String@50000174)
	value		50000331
ARR 50000331 (sz=30, trace=300136, nelems=15, elem type=char[])
OBJ 50000332 (sz=24, trace=300137, class=java.lang.String@50000174)
	value		50000333
ARR 50000333 (sz=16, trace=300136, nelems=8, elem type=char[])
OBJ 50000334 (sz=24, trace=300137, class=java.lang.String@50000174)
	value		50000335
ARR 50000335 (sz=16, trace=300136, nelems=8, elem type=char[])
OBJ 50000336 (sz=24, trace=300137, class=java.lang.String@50000174)
	value		50000337
ARR 50000337 (sz=34, trace=300136, nelems=17, elem type=char[])
OBJ 50000338 (sz=24, trace=300137, class=java.lang.String@50000174)
	value		50000339
ARR 50000339 (sz=28, trace=300136, nelems=14, elem type=char[])
OBJ 5000033a (sz=24, trace=300137, class=java.lang.String@50000174)
	value		5000033b
ARR 5000033b (sz=24, trace=300136, nelems=12, elem type=char[])
OBJ 5000033c (sz=24, trace=300137, class=java.lang.String@50000174)
	value		5000033d
ARR 5000033d (sz=38, trace=300136, nelems=19, elem type=char[])
OBJ 5000033e (sz=24, trace=300137, class=java.lang.String@50000174)
	value		5000033f
ARR 5000033f (sz=22, trace=300136, nelems=11, elem type=char[])
OBJ 50000340 (sz=24, trace=300137, class=java.lang.String@50000174)
	value		50000341
ARR 50000341 (sz=34, trace=300136, nelems=17, elem type=char[])
OBJ 50000342 (sz=24, trace=300137, class=java.lang.String@50000174)
	value		50000343
ARR 50000343 (sz=26, trace=300136, nelems=13, elem type=char[])
ARR 50000344 (sz=216, trace=300140, nelems=0, elem type=java.lang.Object[]@5000010e)
OBJ 50000345 (sz=24, trace=300137, class=java.lang.String@50000174)
	value		50000346
ARR 50000346 (sz=44, trace=300136, nelems=22, elem type=char[])
OBJ 50000347 (sz=24, trace=300137, class=java.lang.String@50000174)
	value		50000348
ARR 50000348 (sz=24, trace=300136, nelems=12, elem type=char[])
OBJ 50000349 (sz=24, trace=300137, class=java.lang.String@50000174)
	value		5000034a
ARR 5000034a (sz=12, trace=300136, nelems=6, elem type=char[])
OBJ 5000034b (sz=48, trace=300134, class=java.nio.HeapCharBuffer@50000036)
OBJ 5000034c (sz=32, trace=300146, class=java.io.File@50000121)
	path		50000351
OBJ 5000034d (sz=24, trace=300106, class=java.lang.StringBuilder@50000127)
ARR 5000034e (sz=48, trace=300107, nelems=0, elem type=char[])
ARR 5000034f (sz=96, trace=300010, nelems=0, elem type=char[])
ARR 50000350 (sz=168, trace=300108, nelems=0, elem type=char[])
OBJ 50000351 (sz=24, trace=300109, class=java.lang.String@50000174)
	value		50000352
ARR 50000352 (sz=88, trace=300110, nelems=44, elem type=char[])
OBJ 50000353 (sz=24, trace=300147, class=sun.misc.MetaIndex@5000003e)
	contents	50001421
ARR 50000354 (sz=16, trace=300148, nelems=0, elem type=java.lang.String[]@500000ce)
OBJ 50000355 (sz=32, trace=300104, class=java.util.HashMap$Node@500000ca)
	key		5000034c
	value		50000353
OBJ 50000356 (sz=16, trace=300149, class=java.io.FileInputStream$1@5000002f)
ARR 50000357 (sz=152, trace=300053, nelems=0, elem type=byte[])
ARR 50000358 (sz=64, trace=300054, nelems=0, elem type=byte[])
OBJ 50000359 (sz=24, trace=300055, class=java.lang.String@50000174)
ARR 5000035a (sz=32, trace=300056, nelems=0, elem type=char[])
OBJ 5000035b (sz=24, trace=300100, class=java.lang.String@50000174)
ARR 5000035c (sz=96, trace=300101, nelems=0, elem type=char[])
OBJ 5000035d (sz=32, trace=300102, class=java.io.File@50000121)
ARR 5000035e (sz=176, trace=300053, nelems=0, elem type=byte[])
ARR 5000035f (sz=72, trace=300054, nelems=0, elem type=byte[])
OBJ 50000360 (sz=24, trace=300055, class=java.lang.String@50000174)
ARR 50000361 (sz=48, trace=300056, nelems=0, elem type=char[])
OBJ 50000362 (sz=24, trace=300100, class=java.lang.String@50000174)
ARR 50000363 (sz=96, trace=300101, nelems=0, elem type=char[])
OBJ 50000364 (sz=32, trace=300102, class=java.io.File@50000121)
ARR 50000365 (sz=160, trace=300053, nelems=0, elem type=byte[])
ARR 50000366 (sz=64, trace=300054, nelems=0, elem type=byte[])
OBJ 50000367 (sz=24, trace=300055, class=java.lang.String@50000174)
ARR 50000368 (sz=32, trace=300056, nelems=0, elem type=char[])
OBJ 50000369 (sz=24, trace=300100, class=java.lang.String@50000174)
ARR 5000036a (sz=96, trace=300101, nelems=0, elem type=char[])
OBJ 5000036b (sz=32, trace=300102, class=java.io.File@50000121)
ARR 5000036c (sz=152, trace=300053, nelems=0, elem type=byte[])
ARR 5000036d (sz=64, trace=300054, nelems=0, elem type=byte[])
OBJ 5000036e (sz=24, trace=300055, class=java.lang.String@50000174)
ARR 5000036f (sz=32, trace=300056, nelems=0, elem type=char[])
OBJ 50000370 (sz=24, trace=300100, class=java.lang.String@50000174)
ARR 50000371 (sz=96, trace=300101, nelems=0, elem type=char[])
OBJ 50000372 (sz=32, trace=300102, class=java.io.File@50000121)
ARR 50000373 (sz=168, trace=300053, nelems=0, elem type=byte[])
ARR 50000374 (sz=72, trace=300054, nelems=0, elem type=byte[])
OBJ 50000375 (sz=24, trace=300055, class=java.lang.String@50000174)
ARR 50000376 (sz=40, trace=300056, nelems=0, elem type=char[])
OBJ 50000377 (sz=24, trace=300100, class=java.lang.String@50000174)
ARR 50000378 (sz=96, trace=300101, nelems=0, elem type=char[])
OBJ 50000379 (sz=32, trace=300102, class=java.io.File@50000121)
ARR 5000037a (sz=152, trace=300053, nelems=0, elem type=byte[])
ARR 5000037b (sz=64, trace=300054, nelems=0, elem type=byte[])
OBJ 5000037c (sz=24, trace=300055, class=java.lang.String@50000174)
ARR 5000037d (sz=32, trace=300056, nelems=0, elem type=char[])
OBJ 5000037e (sz=24, trace=300100, class=java.lang.String@50000174)
ARR 5000037f (sz=96, trace=300101, nelems=0, elem type=char[])
OBJ 50000380 (sz=32, trace=300102, class=java.io.File@50000121)
ARR 50000381 (sz=144, trace=300053, nelems=0, elem type=byte[])
ARR 50000382 (sz=64, trace=300054, nelems=0, elem type=byte[])
OBJ 50000383 (sz=24, trace=300055, class=java.lang.String@50000174)
ARR 50000384 (sz=32, trace=300056, nelems=0, elem type=char[])
OBJ 50000385 (sz=24, trace=300100, class=java.lang.String@50000174)
ARR 50000386 (sz=88, trace=300101, nelems=0, elem type=char[])
OBJ 50000387 (sz=32, trace=300102, class=java.io.File@50000121)
OBJ 50000388 (sz=32, trace=300104, class=java.util.HashMap$Node@500000ca)
OBJ 50000389 (sz=32, trace=300105, class=java.io.File@50000121)
OBJ 5000038a (sz=24, trace=300106, class=java.lang.StringBuilder@50000127)
ARR 5000038b (sz=48, trace=300107, nelems=0, elem type=char[])
ARR 5000038c (sz=88, trace=300010, nelems=0, elem type=char[])
ARR 5000038d (sz=160, trace=300010, nelems=0, elem type=char[])
OBJ 5000038e (sz=24, trace=300109, class=java.lang.String@50000174)
ARR 5000038f (sz=104, trace=300110, nelems=0, elem type=char[])
ARR 50000390 (sz=152, trace=300053, nelems=0, elem type=byte[])
ARR 50000391 (sz=64, trace=300054, nelems=0, elem type=byte[])
OBJ 50000392 (sz=24, trace=300055, class=java.lang.String@50000174)
ARR 50000393 (sz=40, trace=300056, nelems=0, elem type=char[])
ARR 50000394 (sz=48, trace=300150, nelems=0, elem type=java.net.URL[]@5000000d)
OBJ 50000395 (sz=24, trace=300124, class=java.lang.String@50000174)
	value		50000396
ARR 50000396 (sz=74, trace=300125, nelems=37, elem type=char[])
ARR 50000397 (sz=176, trace=300126, nelems=0, elem type=byte[])
ARR 50000398 (sz=72, trace=300054, nelems=0, elem type=byte[])
OBJ 50000399 (sz=24, trace=300127, class=java.lang.String@50000174)
	value		5000039a
ARR 5000039a (sz=102, trace=300128, nelems=51, elem type=char[])
OBJ 5000039b (sz=24, trace=300129, class=java.io.ExpiringCache$Entry@5000005c)
	val		50000399
OBJ 5000039c (sz=40, trace=300130, class=java.util.LinkedHashMap$Entry@5000005b)
	key		500001fc
	value		5000039b
	before		5000023f
	after		500003c6
OBJ 5000039d (sz=24, trace=300131, class=java.lang.String@50000174)
	value		5000039e
ARR 5000039e (sz=74, trace=300125, nelems=37, elem type=char[])
OBJ 5000039f (sz=32, trace=300132, class=java.io.File@50000121)
ARR 500003a0 (sz=176, trace=300053, nelems=0, elem type=byte[])
ARR 500003a1 (sz=72, trace=300054, nelems=0, elem type=byte[])
OBJ 500003a2 (sz=24, trace=300055, class=java.lang.String@50000174)
ARR 500003a3 (sz=48, trace=300056, nelems=0, elem type=char[])
ARR 500003a4 (sz=176, trace=300053, nelems=0, elem type=byte[])
ARR 500003a5 (sz=72, trace=300054, nelems=0, elem type=byte[])
OBJ 500003a6 (sz=24, trace=300055, class=java.lang.String@50000174)
ARR 500003a7 (sz=48, trace=300056, nelems=0, elem type=char[])
OBJ 500003a8 (sz=24, trace=300151, class=java.io.ExpiringCache$Entry@5000005c)
	val		5000039d
OBJ 500003a9 (sz=40, trace=300130, class=java.util.LinkedHashMap$Entry@5000005b)
	key		50000395
	value		500003a8
	before		50001359
OBJ 500003aa (sz=32, trace=300152, class=java.io.File@50000121)
ARR 500003ab (sz=256, trace=300153, nelems=0, elem type=char[])
ARR 500003ac (sz=120, trace=300154, nelems=0, elem type=char[])
OBJ 500003ad (sz=24, trace=300155, class=java.lang.String@50000174)
	value		500003ae
ARR 500003ae (sz=102, trace=300156, nelems=51, elem type=char[])
ARR 500003af (sz=176, trace=300053, nelems=0, elem type=byte[])
ARR 500003b0 (sz=72, trace=300054, nelems=0, elem type=byte[])
OBJ 500003b1 (sz=24, trace=300055, class=java.lang.String@50000174)
ARR 500003b2 (sz=48, trace=300056, nelems=0, elem type=char[])
OBJ 500003b3 (sz=64, trace=300157, class=java.net.URL@5000011f)
	protocol	500013a7
	host		5000104b
	file		500003ad
	authority	5000104b
	path		500003ad
	handler		500013a5
OBJ 500003b4 (sz=24, trace=300158, class=java.net.Parts@50000011)
OBJ 500003b5 (sz=24, trace=300124, class=java.lang.String@50000174)
ARR 500003b6 (sz=96, trace=300125, nelems=0, elem type=char[])
OBJ 500003b7 (sz=24, trace=300159, class=java.lang.String@50000174)
ARR 500003b8 (sz=32, trace=300160, nelems=0, elem type=char[])
OBJ 500003b9 (sz=24, trace=300161, class=java.lang.StringBuilder@50000127)
ARR 500003ba (sz=48, trace=300162, nelems=0, elem type=char[])
ARR 500003bb (sz=96, trace=300010, nelems=0, elem type=char[])
ARR 500003bc (sz=168, trace=300108, nelems=0, elem type=char[])
OBJ 500003bd (sz=24, trace=300163, class=java.lang.String@50000174)
	value		500003be
ARR 500003be (sz=88, trace=300164, nelems=44, elem type=char[])
OBJ 500003bf (sz=24, trace=300165, class=java.lang.StringBuilder@50000127)
ARR 500003c0 (sz=48, trace=300166, nelems=0, elem type=char[])
ARR 500003c1 (sz=96, trace=300010, nelems=0, elem type=char[])
ARR 500003c2 (sz=168, trace=300108, nelems=0, elem type=char[])
OBJ 500003c3 (sz=24, trace=300167, class=java.lang.String@50000174)
	value		500003c4
ARR 500003c4 (sz=88, trace=300168, nelems=44, elem type=char[])
OBJ 500003c5 (sz=24, trace=300169, class=java.io.ExpiringCache$Entry@5000005c)
	val		500003bd
OBJ 500003c6 (sz=40, trace=300130, class=java.util.LinkedHashMap$Entry@5000005b)
	key		500003c3
	value		500003c5
	before		5000039c
	after		500003e3
OBJ 500003c7 (sz=32, trace=300152, class=java.io.File@50000121)
ARR 500003c8 (sz=224, trace=300153, nelems=0, elem type=char[])
ARR 500003c9 (sz=104, trace=300154, nelems=0, elem type=char[])
OBJ 500003ca (sz=24, trace=300155, class=java.lang.String@50000174)
	value		500003cb
ARR 500003cb (sz=88, trace=300156, nelems=44, elem type=char[])
ARR 500003cc (sz=152, trace=300053, nelems=0, elem type=byte[])
ARR 500003cd (sz=64, trace=300054, nelems=0, elem type=byte[])
OBJ 500003ce (sz=24, trace=300055, class=java.lang.String@50000174)
ARR 500003cf (sz=32, trace=300056, nelems=0, elem type=char[])
OBJ 500003d0 (sz=64, trace=300157, class=java.net.URL@5000011f)
	protocol	500013a7
	host		5000104b
	file		500003ca
	authority	5000104b
	path		500003ca
	handler		500013a5
OBJ 500003d1 (sz=24, trace=300158, class=java.net.Parts@50000011)
OBJ 500003d2 (sz=24, trace=300124, class=java.lang.String@50000174)
ARR 500003d3 (sz=96, trace=300125, nelems=0, elem type=char[])
OBJ 500003d4 (sz=24, trace=300159, class=java.lang.String@50000174)
ARR 500003d5 (sz=48, trace=300160, nelems=0, elem type=char[])
OBJ 500003d6 (sz=24, trace=300161, class=java.lang.StringBuilder@50000127)
ARR 500003d7 (sz=48, trace=300162, nelems=0, elem type=char[])
ARR 500003d8 (sz=96, trace=300010, nelems=0, elem type=char[])
ARR 500003d9 (sz=168, trace=300108, nelems=0, elem type=char[])
OBJ 500003da (sz=24, trace=300163, class=java.lang.String@50000174)
	value		500003db
ARR 500003db (sz=104, trace=300164, nelems=52, elem type=char[])
OBJ 500003dc (sz=24, trace=300165, class=java.lang.StringBuilder@50000127)
ARR 500003dd (sz=48, trace=300166, nelems=0, elem type=char[])
ARR 500003de (sz=96, trace=300010, nelems=0, elem type=char[])
ARR 500003df (sz=168, trace=300108, nelems=0, elem type=char[])
OBJ 500003e0 (sz=24, trace=300167, class=java.lang.String@50000174)
	value		500003e1
ARR 500003e1 (sz=104, trace=300168, nelems=52, elem type=char[])
OBJ 500003e2 (sz=24, trace=300169, class=java.io.ExpiringCache$Entry@5000005c)
	val		500003da
OBJ 500003e3 (sz=40, trace=300130, class=java.util.LinkedHashMap$Entry@5000005b)
	key		500003e0
	value		500003e2
	before		500003c6
	after		50000400
OBJ 500003e4 (sz=32, trace=300152, class=java.io.File@50000121)
ARR 500003e5 (sz=256, trace=300153, nelems=0, elem type=char[])
ARR 500003e6 (sz=120, trace=300154, nelems=0, elem type=char[])
OBJ 500003e7 (sz=24, trace=300155, class=java.lang.String@50000174)
	value		500003e8
ARR 500003e8 (sz=104, trace=300156, nelems=52, elem type=char[])
ARR 500003e9 (sz=176, trace=300053, nelems=0, elem type=byte[])
ARR 500003ea (sz=72, trace=300054, nelems=0, elem type=byte[])
OBJ 500003eb (sz=24, trace=300055, class=java.lang.String@50000174)
ARR 500003ec (sz=48, trace=300056, nelems=0, elem type=char[])
OBJ 500003ed (sz=64, trace=300157, class=java.net.URL@5000011f)
	protocol	500013a7
	host		5000104b
	file		500003e7
	authority	5000104b
	path		500003e7
	handler		500013a5
OBJ 500003ee (sz=24, trace=300158, class=java.net.Parts@50000011)
OBJ 500003ef (sz=24, trace=300124, class=java.lang.String@50000174)
ARR 500003f0 (sz=96, trace=300125, nelems=0, elem type=char[])
OBJ 500003f1 (sz=24, trace=300159, class=java.lang.String@50000174)
ARR 500003f2 (sz=32, trace=300160, nelems=0, elem type=char[])
OBJ 500003f3 (sz=24, trace=300161, class=java.lang.StringBuilder@50000127)
ARR 500003f4 (sz=48, trace=300162, nelems=0, elem type=char[])
ARR 500003f5 (sz=96, trace=300010, nelems=0, elem type=char[])
ARR 500003f6 (sz=168, trace=300108, nelems=0, elem type=char[])
OBJ 500003f7 (sz=24, trace=300163, class=java.lang.String@50000174)
	value		500003f8
ARR 500003f8 (sz=92, trace=300164, nelems=46, elem type=char[])
OBJ 500003f9 (sz=24, trace=300165, class=java.lang.StringBuilder@50000127)
ARR 500003fa (sz=48, trace=300166, nelems=0, elem type=char[])
ARR 500003fb (sz=96, trace=300010, nelems=0, elem type=char[])
ARR 500003fc (sz=168, trace=300108, nelems=0, elem type=char[])
OBJ 500003fd (sz=24, trace=300167, class=java.lang.String@50000174)
	value		500003fe
ARR 500003fe (sz=92, trace=300168, nelems=46, elem type=char[])
OBJ 500003ff (sz=24, trace=300169, class=java.io.ExpiringCache$Entry@5000005c)
	val		500003f7
OBJ 50000400 (sz=40, trace=300170, class=java.util.LinkedHashMap$Entry@5000005b)
	key		500003fd
	value		500003ff
	next		5000046a
	before		500003e3
	after		5000041d
OBJ 50000401 (sz=32, trace=300152, class=java.io.File@50000121)
ARR 50000402 (sz=232, trace=300153, nelems=0, elem type=char[])
ARR 50000403 (sz=112, trace=300154, nelems=0, elem type=char[])
OBJ 50000404 (sz=24, trace=300155, class=java.lang.String@50000174)
	value		50000405
ARR 50000405 (sz=92, trace=300156, nelems=46, elem type=char[])
ARR 50000406 (sz=160, trace=300053, nelems=0, elem type=byte[])
ARR 50000407 (sz=64, trace=300054, nelems=0, elem type=byte[])
OBJ 50000408 (sz=24, trace=300055, class=java.lang.String@50000174)
ARR 50000409 (sz=32, trace=300056, nelems=0, elem type=char[])
OBJ 5000040a (sz=64, trace=300157, class=java.net.URL@5000011f)
	protocol	500013a7
	host		5000104b
	file		50000404
	authority	5000104b
	path		50000404
	handler		500013a5
OBJ 5000040b (sz=24, trace=300158, class=java.net.Parts@50000011)
OBJ 5000040c (sz=24, trace=300124, class=java.lang.String@50000174)
ARR 5000040d (sz=96, trace=300125, nelems=0, elem type=char[])
OBJ 5000040e (sz=24, trace=300159, class=java.lang.String@50000174)
ARR 5000040f (sz=32, trace=300160, nelems=0, elem type=char[])
OBJ 50000410 (sz=24, trace=300161, class=java.lang.StringBuilder@50000127)
ARR 50000411 (sz=48, trace=300162, nelems=0, elem type=char[])
ARR 50000412 (sz=96, trace=300010, nelems=0, elem type=char[])
ARR 50000413 (sz=168, trace=300108, nelems=0, elem type=char[])
OBJ 50000414 (sz=24, trace=300163, class=java.lang.String@50000174)
	value		50000415
ARR 50000415 (sz=90, trace=300164, nelems=45, elem type=char[])
OBJ 50000416 (sz=24, trace=300165, class=java.lang.StringBuilder@50000127)
ARR 50000417 (sz=48, trace=300166, nelems=0, elem type=char[])
ARR 50000418 (sz=96, trace=300010, nelems=0, elem type=char[])
ARR 50000419 (sz=168, trace=300108, nelems=0, elem type=char[])
OBJ 5000041a (sz=24, trace=300167, class=java.lang.String@50000174)
	value		5000041b
ARR 5000041b (sz=90, trace=300168, nelems=45, elem type=char[])
OBJ 5000041c (sz=24, trace=300169, class=java.io.ExpiringCache$Entry@5000005c)
	val		50000414
OBJ 5000041d (sz=40, trace=300170, class=java.util.LinkedHashMap$Entry@5000005b)
	key		5000041a
	value		5000041c
	next		50000457
	before		50000400
	after		5000043a
OBJ 5000041e (sz=32, trace=300152, class=java.io.File@50000121)
ARR 5000041f (sz=232, trace=300153, nelems=0, elem type=char[])
ARR 50000420 (sz=112, trace=300154, nelems=0, elem type=char[])
OBJ 50000421 (sz=24, trace=300155, class=java.lang.String@50000174)
	value		50000422
ARR 50000422 (sz=90, trace=300156, nelems=45, elem type=char[])
ARR 50000423 (sz=152, trace=300053, nelems=0, elem type=byte[])
ARR 50000424 (sz=64, trace=300054, nelems=0, elem type=byte[])
OBJ 50000425 (sz=24, trace=300055, class=java.lang.String@50000174)
ARR 50000426 (sz=32, trace=300056, nelems=0, elem type=char[])
OBJ 50000427 (sz=64, trace=300157, class=java.net.URL@5000011f)
	protocol	500013a7
	host		5000104b
	file		50000421
	authority	5000104b
	path		50000421
	handler		500013a5
OBJ 50000428 (sz=24, trace=300158, class=java.net.Parts@50000011)
OBJ 50000429 (sz=24, trace=300124, class=java.lang.String@50000174)
ARR 5000042a (sz=96, trace=300125, nelems=0, elem type=char[])
OBJ 5000042b (sz=24, trace=300159, class=java.lang.String@50000174)
ARR 5000042c (sz=40, trace=300160, nelems=0, elem type=char[])
OBJ 5000042d (sz=24, trace=300161, class=java.lang.StringBuilder@50000127)
ARR 5000042e (sz=48, trace=300162, nelems=0, elem type=char[])
ARR 5000042f (sz=96, trace=300010, nelems=0, elem type=char[])
ARR 50000430 (sz=168, trace=300108, nelems=0, elem type=char[])
OBJ 50000431 (sz=24, trace=300163, class=java.lang.String@50000174)
	value		50000432
ARR 50000432 (sz=100, trace=300164, nelems=50, elem type=char[])
OBJ 50000433 (sz=24, trace=300165, class=java.lang.StringBuilder@50000127)
ARR 50000434 (sz=48, trace=300166, nelems=0, elem type=char[])
ARR 50000435 (sz=96, trace=300010, nelems=0, elem type=char[])
ARR 50000436 (sz=168, trace=300108, nelems=0, elem type=char[])
OBJ 50000437 (sz=24, trace=300167, class=java.lang.String@50000174)
	value		50000438
ARR 50000438 (sz=100, trace=300168, nelems=50, elem type=char[])
OBJ 50000439 (sz=24, trace=300169, class=java.io.ExpiringCache$Entry@5000005c)
	val		50000431
OBJ 5000043a (sz=40, trace=300170, class=java.util.LinkedHashMap$Entry@5000005b)
	key		50000437
	value		50000439
	before		5000041d
	after		50000457
OBJ 5000043b (sz=32, trace=300152, class=java.io.File@50000121)
ARR 5000043c (sz=248, trace=300153, nelems=0, elem type=char[])
ARR 5000043d (sz=120, trace=300154, nelems=0, elem type=char[])
OBJ 5000043e (sz=24, trace=300155, class=java.lang.String@50000174)
	value		5000043f
ARR 5000043f (sz=100, trace=300156, nelems=50, elem type=char[])
ARR 50000440 (sz=168, trace=300053, nelems=0, elem type=byte[])
ARR 50000441 (sz=72, trace=300054, nelems=0, elem type=byte[])
OBJ 50000442 (sz=24, trace=300055, class=java.lang.String@50000174)
ARR 50000443 (sz=40, trace=300056, nelems=0, elem type=char[])
OBJ 50000444 (sz=64, trace=300157, class=java.net.URL@5000011f)
	protocol	500013a7
	host		5000104b
	file		5000043e
	authority	5000104b
	path		5000043e
	handler		500013a5
OBJ 50000445 (sz=24, trace=300158, class=java.net.Parts@50000011)
OBJ 50000446 (sz=24, trace=300124, class=java.lang.String@50000174)
ARR 50000447 (sz=96, trace=300125, nelems=0, elem type=char[])
OBJ 50000448 (sz=24, trace=300159, class=java.lang.String@50000174)
ARR 50000449 (sz=32, trace=300160, nelems=0, elem type=char[])
OBJ 5000044a (sz=24, trace=300161, class=java.lang.StringBuilder@50000127)
ARR 5000044b (sz=48, trace=300162, nelems=0, elem type=char[])
ARR 5000044c (sz=96, trace=300010, nelems=0, elem type=char[])
ARR 5000044d (sz=168, trace=300108, nelems=0, elem type=char[])
OBJ 5000044e (sz=24, trace=300163, class=java.lang.String@50000174)
	value		5000044f
ARR 5000044f (sz=90, trace=300164, nelems=45, elem type=char[])
OBJ 50000450 (sz=24, trace=300165, class=java.lang.StringBuilder@50000127)
ARR 50000451 (sz=48, trace=300166, nelems=0, elem type=char[])
ARR 50000452 (sz=96, trace=300010, nelems=0, elem type=char[])
ARR 50000453 (sz=168, trace=300108, nelems=0, elem type=char[])
OBJ 50000454 (sz=24, trace=300167, class=java.lang.String@50000174)
	value		50000455
ARR 50000455 (sz=90, trace=300168, nelems=45, elem type=char[])
OBJ 50000456 (sz=24, trace=300169, class=java.io.ExpiringCache$Entry@5000005c)
	val		5000044e
OBJ 50000457 (sz=40, trace=300170, class=java.util.LinkedHashMap$Entry@5000005b)
	key		50000454
	value		50000456
	before		5000043a
	after		5000046a
OBJ 50000458 (sz=32, trace=300152, class=java.io.File@50000121)
ARR 50000459 (sz=232, trace=300153, nelems=0, elem type=char[])
ARR 5000045a (sz=112, trace=300154, nelems=0, elem type=char[])
OBJ 5000045b (sz=24, trace=300155, class=java.lang.String@50000174)
	value		5000045c
ARR 5000045c (sz=90, trace=300156, nelems=45, elem type=char[])
ARR 5000045d (sz=152, trace=300053, nelems=0, elem type=byte[])
ARR 5000045e (sz=64, trace=300054, nelems=0, elem type=byte[])
OBJ 5000045f (sz=24, trace=300055, class=java.lang.String@50000174)
ARR 50000460 (sz=32, trace=300056, nelems=0, elem type=char[])
OBJ 50000461 (sz=64, trace=300157, class=java.net.URL@5000011f)
	protocol	500013a7
	host		5000104b
	file		5000045b
	authority	5000104b
	path		5000045b
	handler		500013a5
OBJ 50000462 (sz=24, trace=300158, class=java.net.Parts@50000011)
OBJ 50000463 (sz=24, trace=300124, class=java.lang.String@50000174)
ARR 50000464 (sz=88, trace=300125, nelems=0, elem type=char[])
ARR 50000465 (sz=144, trace=300126, nelems=0, elem type=byte[])
ARR 50000466 (sz=64, trace=300054, nelems=0, elem type=byte[])
OBJ 50000467 (sz=24, trace=300127, class=java.lang.String@50000174)
	value		50000468
ARR 50000468 (sz=82, trace=300128, nelems=41, elem type=char[])
OBJ 50000469 (sz=24, trace=300129, class=java.io.ExpiringCache$Entry@5000005c)
	val		50000467
OBJ 5000046a (sz=40, trace=300170, class=java.util.LinkedHashMap$Entry@5000005b)
	key		50000211
	value		50000469
	before		50000457
OBJ 5000046b (sz=24, trace=300131, class=java.lang.String@50000174)
ARR 5000046c (sz=88, trace=300125, nelems=0, elem type=char[])
OBJ 5000046d (sz=32, trace=300132, class=java.io.File@50000121)
ARR 5000046e (sz=144, trace=300053, nelems=0, elem type=byte[])
ARR 5000046f (sz=64, trace=300054, nelems=0, elem type=byte[])
OBJ 50000470 (sz=24, trace=300055, class=java.lang.String@50000174)
ARR 50000471 (sz=32, trace=300056, nelems=0, elem type=char[])
OBJ 50000472 (sz=32, trace=300152, class=java.io.File@50000121)
ARR 50000473 (sz=216, trace=300153, nelems=0, elem type=char[])
ARR 50000474 (sz=104, trace=300154, nelems=0, elem type=char[])
OBJ 50000475 (sz=24, trace=300155, class=java.lang.String@50000174)
	value		50000476
ARR 50000476 (sz=82, trace=300156, nelems=41, elem type=char[])
ARR 50000477 (sz=144, trace=300053, nelems=0, elem type=byte[])
ARR 50000478 (sz=64, trace=300054, nelems=0, elem type=byte[])
OBJ 50000479 (sz=24, trace=300055, class=java.lang.String@50000174)
ARR 5000047a (sz=32, trace=300056, nelems=0, elem type=char[])
OBJ 5000047b (sz=64, trace=300157, class=java.net.URL@5000011f)
	protocol	500013a7
	host		5000104b
	file		50000475
	authority	5000104b
	path		50000475
	handler		500013a5
OBJ 5000047c (sz=24, trace=300158, class=java.net.Parts@50000011)
OBJ 5000047d (sz=48, trace=300171, class=sun.misc.URLClassPath@50000004)
	path		5000047e
	urls		5000047f
	loaders		50000481
	lmap		50000482
	jarHandler	50000489
OBJ 5000047e (sz=24, trace=300172, class=java.util.ArrayList@500000e3)
	elementData	50000483
OBJ 5000047f (sz=32, trace=300173, class=java.util.Stack@500000e8)
	elementData	50000480
ARR 50000480 (sz=56, trace=300174, nelems=0, elem type=java.lang.Object[]@5000010e)
OBJ 50000481 (sz=24, trace=300175, class=java.util.ArrayList@500000e3)
	elementData	500004c5
OBJ 50000482 (sz=48, trace=300176, class=java.util.HashMap@500000cc)
	table		500004c6
ARR 50000483 (sz=56, trace=300140, nelems=8, elem type=java.lang.Object[]@5000010e)
	[0]		500003b3
	[1]		500003d0
	[2]		500003ed
	[3]		5000040a
	[4]		50000427
	[5]		50000444
	[6]		50000461
	[7]		5000047b
OBJ 50000484 (sz=24, trace=300177, class=java.lang.StringBuilder@50000127)
ARR 50000485 (sz=48, trace=300178, nelems=0, elem type=char[])
ARR 50000486 (sz=88, trace=300010, nelems=0, elem type=char[])
OBJ 50000487 (sz=24, trace=300179, class=java.lang.String@50000174)
ARR 50000488 (sz=80, trace=300180, nelems=0, elem type=char[])
OBJ 50000489 (sz=16, trace=300181, class=sun.net.www.protocol.jar.Handler@50000003)
OBJ 5000048b (sz=40, trace=300183, class=sun.misc.URLClassPath$2@5000048a)
OBJ 5000048d (sz=16, trace=300185, class=java.lang.ClassLoader$2@5000048c)
OBJ 5000048f (sz=40, trace=300187, class=sun.misc.URLClassPath$1@5000048e)
OBJ 50000491 (sz=24, trace=300189, class=java.net.URLClassLoader$3@50000490)
OBJ 50000493 (sz=24, trace=300191, class=sun.misc.CompoundEnumeration@50000492)
OBJ 50000495 (sz=24, trace=300193, class=java.lang.StringBuilder@50000127)
ARR 50000496 (sz=48, trace=300194, nelems=0, elem type=char[])
ARR 50000497 (sz=136, trace=300010, nelems=0, elem type=char[])
OBJ 50000498 (sz=24, trace=300195, class=java.lang.String@50000174)
	value		50000499
ARR 50000499 (sz=116, trace=300196, nelems=58, elem type=char[])
OBJ 5000049b (sz=24, trace=300198, class=sun.misc.URLClassPath$3@5000049a)
OBJ 500004a2 (sz=16, trace=300202, class=java.util.zip.ZipFile$1@500004a1)
OBJ 500004a3 (sz=24, trace=300203, class=java.lang.StringBuilder@50000127)
ARR 500004a4 (sz=48, trace=300204, nelems=0, elem type=char[])
ARR 500004a5 (sz=32, trace=300205, nelems=3, elem type=java.io.ObjectStreamField[]@50000100)
	[0]		500004a6
	[1]		500004ab
	[2]		500004b0
OBJ 500004a6 (sz=40, trace=300206, class=java.io.ObjectStreamField@50000102)
	name		500011d1
	signature	500004a9
	type		5000017f
OBJ 500004a7 (sz=24, trace=300207, class=java.lang.StringBuilder@50000127)
ARR 500004a8 (sz=48, trace=300208, nelems=0, elem type=char[])
OBJ 500004a9 (sz=24, trace=300209, class=java.lang.String@50000174)
	value		500004aa
ARR 500004aa (sz=4, trace=300210, nelems=2, elem type=char[])
OBJ 500004ab (sz=40, trace=300211, class=java.io.ObjectStreamField@50000102)
	name		500013d2
	signature	500011d6
	type		5000102f
OBJ 500004ac (sz=24, trace=300207, class=java.lang.StringBuilder@50000127)
ARR 500004ad (sz=48, trace=300208, nelems=0, elem type=char[])
OBJ 500004ae (sz=24, trace=300209, class=java.lang.String@50000174)
ARR 500004af (sz=24, trace=300210, nelems=0, elem type=char[])
OBJ 500004b0 (sz=40, trace=300212, class=java.io.ObjectStreamField@50000102)
	name		500013d3
	signature	500004b3
	type		50001035
OBJ 500004b1 (sz=24, trace=300207, class=java.lang.StringBuilder@50000127)
ARR 500004b2 (sz=48, trace=300208, nelems=0, elem type=char[])
OBJ 500004b3 (sz=24, trace=300209, class=java.lang.String@50000174)
	value		500004b4
ARR 500004b4 (sz=2, trace=300210, nelems=1, elem type=char[])
OBJ 500004b5 (sz=24, trace=300213, class=java.lang.StringBuffer@50000128)
ARR 500004b6 (sz=128, trace=300214, nelems=0, elem type=char[])
ARR 500004b7 (sz=128, trace=300215, nelems=0, elem type=char[])
OBJ 500004b8 (sz=24, trace=300216, class=java.lang.String@50000174)
ARR 500004b9 (sz=128, trace=300010, nelems=0, elem type=char[])
ARR 500004ba (sz=248, trace=300010, nelems=0, elem type=char[])
OBJ 500004bb (sz=24, trace=300217, class=java.lang.String@50000174)
	value		500004bc
ARR 500004bc (sz=116, trace=300218, nelems=58, elem type=char[])
OBJ 500004bd (sz=64, trace=300219, class=java.net.URL@5000011f)
	protocol	500013ec
	host		5000104b
	file		500004bb
	authority	5000104b
	path		500004bb
	handler		50000489
OBJ 500004be (sz=24, trace=300220, class=java.net.Parts@50000011)
OBJ 500004bf (sz=56, trace=300221, class=sun.misc.URLClassPath$JarLoader@5000049d)
	base		500004bd
	csu		500003b3
	metaIndex	500002fb
	handler		50000489
	lmap		50000482
OBJ 500004c0 (sz=32, trace=300222, class=java.io.File@50000121)
ARR 500004c1 (sz=176, trace=300053, nelems=0, elem type=byte[])
ARR 500004c2 (sz=72, trace=300054, nelems=0, elem type=byte[])
OBJ 500004c3 (sz=24, trace=300055, class=java.lang.String@50000174)
ARR 500004c4 (sz=48, trace=300056, nelems=0, elem type=char[])
ARR 500004c5 (sz=56, trace=300140, nelems=6, elem type=java.lang.Object[]@5000010e)
	[0]		500004bf
	[1]		500004da
	[2]		50000516
	[3]		5000052f
	[4]		50000548
	[5]		50000561
ARR 500004c6 (sz=80, trace=300223, nelems=13, elem type=java.util.HashMap$Node[]@500000c8)
	[5]		5000051c
	[6]		500004e0
	[8]		50000535
	[9]		500004c7
	[12]		50000567
OBJ 500004c7 (sz=32, trace=300104, class=java.util.HashMap$Node@500000ca)
	key		50000498
	value		500004bf
OBJ 500004c8 (sz=24, trace=300193, class=java.lang.StringBuilder@50000127)
ARR 500004c9 (sz=48, trace=300194, nelems=0, elem type=char[])
ARR 500004ca (sz=120, trace=300010, nelems=0, elem type=char[])
OBJ 500004cb (sz=24, trace=300195, class=java.lang.String@50000174)
	value		500004cc
ARR 500004cc (sz=102, trace=300196, nelems=51, elem type=char[])
OBJ 500004cd (sz=24, trace=300198, class=sun.misc.URLClassPath$3@5000049a)
OBJ 500004ce (sz=24, trace=300203, class=java.lang.StringBuilder@50000127)
ARR 500004cf (sz=48, trace=300204, nelems=0, elem type=char[])
OBJ 500004d0 (sz=24, trace=300213, class=java.lang.StringBuffer@50000128)
ARR 500004d1 (sz=120, trace=300214, nelems=0, elem type=char[])
ARR 500004d2 (sz=120, trace=300215, nelems=0, elem type=char[])
OBJ 500004d3 (sz=24, trace=300216, class=java.lang.String@50000174)
ARR 500004d4 (sz=120, trace=300010, nelems=0, elem type=char[])
ARR 500004d5 (sz=216, trace=300010, nelems=0, elem type=char[])
OBJ 500004d6 (sz=24, trace=300217, class=java.lang.String@50000174)
	value		500004d7
ARR 500004d7 (sz=102, trace=300218, nelems=51, elem type=char[])
OBJ 500004d8 (sz=64, trace=300219, class=java.net.URL@5000011f)
	protocol	500013ec
	host		5000104b
	file		500004d6
	authority	5000104b
	path		500004d6
	handler		50000489
OBJ 500004d9 (sz=24, trace=300220, class=java.net.Parts@50000011)
OBJ 500004da (sz=56, trace=300221, class=sun.misc.URLClassPath$JarLoader@5000049d)
	base		500004d8
	csu		500003d0
	metaIndex	50000353
	handler		50000489
	lmap		50000482
OBJ 500004db (sz=32, trace=300222, class=java.io.File@50000121)
ARR 500004dc (sz=152, trace=300053, nelems=0, elem type=byte[])
ARR 500004dd (sz=64, trace=300054, nelems=0, elem type=byte[])
OBJ 500004de (sz=24, trace=300055, class=java.lang.String@50000174)
ARR 500004df (sz=32, trace=300056, nelems=0, elem type=char[])
OBJ 500004e0 (sz=32, trace=300104, class=java.util.HashMap$Node@500000ca)
	key		500004cb
	value		500004da
	next		5000054e
OBJ 500004e1 (sz=24, trace=300193, class=java.lang.StringBuilder@50000127)
ARR 500004e2 (sz=48, trace=300194, nelems=0, elem type=char[])
ARR 500004e3 (sz=136, trace=300010, nelems=0, elem type=char[])
OBJ 500004e4 (sz=24, trace=300195, class=java.lang.String@50000174)
ARR 500004e5 (sz=136, trace=300196, nelems=0, elem type=char[])
OBJ 500004e6 (sz=24, trace=300198, class=sun.misc.URLClassPath$3@5000049a)
OBJ 500004e7 (sz=24, trace=300203, class=java.lang.StringBuilder@50000127)
ARR 500004e8 (sz=48, trace=300204, nelems=0, elem type=char[])
OBJ 500004e9 (sz=24, trace=300213, class=java.lang.StringBuffer@50000128)
ARR 500004ea (sz=136, trace=300214, nelems=0, elem type=char[])
ARR 500004eb (sz=136, trace=300215, nelems=0, elem type=char[])
OBJ 500004ec (sz=24, trace=300216, class=java.lang.String@50000174)
ARR 500004ed (sz=136, trace=300010, nelems=0, elem type=char[])
ARR 500004ee (sz=248, trace=300010, nelems=0, elem type=char[])
OBJ 500004ef (sz=24, trace=300217, class=java.lang.String@50000174)
ARR 500004f0 (sz=136, trace=300218, nelems=0, elem type=char[])
OBJ 500004f1 (sz=64, trace=300219, class=java.net.URL@5000011f)
OBJ 500004f2 (sz=24, trace=300220, class=java.net.Parts@50000011)
OBJ 500004f3 (sz=56, trace=300221, class=sun.misc.URLClassPath$JarLoader@5000049d)
OBJ 500004f4 (sz=32, trace=300222, class=java.io.File@50000121)
OBJ 500004f6 (sz=16, trace=300225, class=sun.misc.URLClassPath$JarLoader$1@500004f5)
OBJ 500004f8 (sz=24, trace=300227, class=sun.misc.FileURLMapper@500004f7)
OBJ 500004f9 (sz=32, trace=300228, class=java.io.File@50000121)
ARR 500004fa (sz=176, trace=300053, nelems=0, elem type=byte[])
ARR 500004fb (sz=72, trace=300054, nelems=0, elem type=byte[])
OBJ 500004fc (sz=24, trace=300055, class=java.lang.String@50000174)
ARR 500004fd (sz=48, trace=300056, nelems=0, elem type=char[])
OBJ 50000500 (sz=32, trace=300230, class=java.io.FileNotFoundException@500004ff)
OBJ 50000502 (sz=40, trace=300232, class=java.security.PrivilegedActionException@50000501)
OBJ 50000503 (sz=40, trace=300232, class=java.security.PrivilegedActionException@50000501)
OBJ 50000504 (sz=24, trace=300193, class=java.lang.StringBuilder@50000127)
ARR 50000505 (sz=48, trace=300194, nelems=0, elem type=char[])
ARR 50000506 (sz=128, trace=300010, nelems=0, elem type=char[])
OBJ 50000507 (sz=24, trace=300195, class=java.lang.String@50000174)
	value		50000508
ARR 50000508 (sz=106, trace=300196, nelems=53, elem type=char[])
OBJ 50000509 (sz=24, trace=300198, class=sun.misc.URLClassPath$3@5000049a)
OBJ 5000050a (sz=24, trace=300203, class=java.lang.StringBuilder@50000127)
ARR 5000050b (sz=48, trace=300204, nelems=0, elem type=char[])
OBJ 5000050c (sz=24, trace=300213, class=java.lang.StringBuffer@50000128)
ARR 5000050d (sz=120, trace=300214, nelems=0, elem type=char[])
ARR 5000050e (sz=120, trace=300215, nelems=0, elem type=char[])
OBJ 5000050f (sz=24, trace=300216, class=java.lang.String@50000174)
ARR 50000510 (sz=120, trace=300010, nelems=0, elem type=char[])
ARR 50000511 (sz=224, trace=300010, nelems=0, elem type=char[])
OBJ 50000512 (sz=24, trace=300217, class=java.lang.String@50000174)
	value		50000513
ARR 50000513 (sz=106, trace=300218, nelems=53, elem type=char[])
OBJ 50000514 (sz=64, trace=300219, class=java.net.URL@5000011f)
	protocol	500013ec
	host		5000104b
	file		50000512
	authority	5000104b
	path		50000512
	handler		50000489
OBJ 50000515 (sz=24, trace=300220, class=java.net.Parts@50000011)
OBJ 50000516 (sz=56, trace=300221, class=sun.misc.URLClassPath$JarLoader@5000049d)
	base		50000514
	csu		5000040a
	metaIndex	500002a4
	handler		50000489
	lmap		50000482
OBJ 50000517 (sz=32, trace=300222, class=java.io.File@50000121)
ARR 50000518 (sz=160, trace=300053, nelems=0, elem type=byte[])
ARR 50000519 (sz=64, trace=300054, nelems=0, elem type=byte[])
OBJ 5000051a (sz=24, trace=300055, class=java.lang.String@50000174)
ARR 5000051b (sz=32, trace=300056, nelems=0, elem type=char[])
OBJ 5000051c (sz=32, trace=300104, class=java.util.HashMap$Node@500000ca)
	key		50000507
	value		50000516
OBJ 5000051d (sz=24, trace=300193, class=java.lang.StringBuilder@50000127)
ARR 5000051e (sz=48, trace=300194, nelems=0, elem type=char[])
ARR 5000051f (sz=120, trace=300010, nelems=0, elem type=char[])
OBJ 50000520 (sz=24, trace=300195, class=java.lang.String@50000174)
	value		50000521
ARR 50000521 (sz=104, trace=300196, nelems=52, elem type=char[])
OBJ 50000522 (sz=24, trace=300198, class=sun.misc.URLClassPath$3@5000049a)
OBJ 50000523 (sz=24, trace=300203, class=java.lang.StringBuilder@50000127)
ARR 50000524 (sz=48, trace=300204, nelems=0, elem type=char[])
OBJ 50000525 (sz=24, trace=300213, class=java.lang.StringBuffer@50000128)
ARR 50000526 (sz=120, trace=300214, nelems=0, elem type=char[])
ARR 50000527 (sz=120, trace=300215, nelems=0, elem type=char[])
OBJ 50000528 (sz=24, trace=300216, class=java.lang.String@50000174)
ARR 50000529 (sz=120, trace=300010, nelems=0, elem type=char[])
ARR 5000052a (sz=224, trace=300010, nelems=0, elem type=char[])
OBJ 5000052b (sz=24, trace=300217, class=java.lang.String@50000174)
	value		5000052c
ARR 5000052c (sz=104, trace=300218, nelems=52, elem type=char[])
OBJ 5000052d (sz=64, trace=300219, class=java.net.URL@5000011f)
	protocol	500013ec
	host		5000104b
	file		5000052b
	authority	5000104b
	path		5000052b
	handler		50000489
OBJ 5000052e (sz=24, trace=300220, class=java.net.Parts@50000011)
OBJ 5000052f (sz=56, trace=300221, class=sun.misc.URLClassPath$JarLoader@5000049d)
	base		5000052d
	csu		50000427
	metaIndex	5000027d
	handler		50000489
	lmap		50000482
OBJ 50000530 (sz=32, trace=300222, class=java.io.File@50000121)
ARR 50000531 (sz=152, trace=300053, nelems=0, elem type=byte[])
ARR 50000532 (sz=64, trace=300054, nelems=0, elem type=byte[])
OBJ 50000533 (sz=24, trace=300055, class=java.lang.String@50000174)
ARR 50000534 (sz=32, trace=300056, nelems=0, elem type=char[])
OBJ 50000535 (sz=32, trace=300104, class=java.util.HashMap$Node@500000ca)
	key		50000520
	value		5000052f
OBJ 50000536 (sz=24, trace=300193, class=java.lang.StringBuilder@50000127)
ARR 50000537 (sz=48, trace=300194, nelems=0, elem type=char[])
ARR 50000538 (sz=136, trace=300010, nelems=0, elem type=char[])
OBJ 50000539 (sz=24, trace=300195, class=java.lang.String@50000174)
	value		5000053a
ARR 5000053a (sz=114, trace=300196, nelems=57, elem type=char[])
OBJ 5000053b (sz=24, trace=300198, class=sun.misc.URLClassPath$3@5000049a)
OBJ 5000053c (sz=24, trace=300203, class=java.lang.StringBuilder@50000127)
ARR 5000053d (sz=48, trace=300204, nelems=0, elem type=char[])
OBJ 5000053e (sz=24, trace=300213, class=java.lang.StringBuffer@50000128)
ARR 5000053f (sz=128, trace=300214, nelems=0, elem type=char[])
ARR 50000540 (sz=128, trace=300215, nelems=0, elem type=char[])
OBJ 50000541 (sz=24, trace=300216, class=java.lang.String@50000174)
ARR 50000542 (sz=128, trace=300010, nelems=0, elem type=char[])
ARR 50000543 (sz=240, trace=300010, nelems=0, elem type=char[])
OBJ 50000544 (sz=24, trace=300217, class=java.lang.String@50000174)
	value		50000545
ARR 50000545 (sz=114, trace=300218, nelems=57, elem type=char[])
OBJ 50000546 (sz=64, trace=300219, class=java.net.URL@5000011f)
	protocol	500013ec
	host		5000104b
	file		50000544
	authority	5000104b
	path		50000544
	handler		50000489
OBJ 50000547 (sz=24, trace=300220, class=java.net.Parts@50000011)
OBJ 50000548 (sz=56, trace=300221, class=sun.misc.URLClassPath$JarLoader@5000049d)
	base		50000546
	csu		50000444
	metaIndex	50000267
	handler		50000489
	lmap		50000482
OBJ 50000549 (sz=32, trace=300222, class=java.io.File@50000121)
ARR 5000054a (sz=168, trace=300053, nelems=0, elem type=byte[])
ARR 5000054b (sz=72, trace=300054, nelems=0, elem type=byte[])
OBJ 5000054c (sz=24, trace=300055, class=java.lang.String@50000174)
ARR 5000054d (sz=40, trace=300056, nelems=0, elem type=char[])
OBJ 5000054e (sz=32, trace=300144, class=java.util.HashMap$Node@500000ca)
	key		50000539
	value		50000548
OBJ 5000054f (sz=24, trace=300193, class=java.lang.StringBuilder@50000127)
ARR 50000550 (sz=48, trace=300194, nelems=0, elem type=char[])
ARR 50000551 (sz=120, trace=300010, nelems=0, elem type=char[])
OBJ 50000552 (sz=24, trace=300195, class=java.lang.String@50000174)
	value		50000553
ARR 50000553 (sz=104, trace=300196, nelems=52, elem type=char[])
OBJ 50000554 (sz=24, trace=300198, class=sun.misc.URLClassPath$3@5000049a)
OBJ 50000555 (sz=24, trace=300203, class=java.lang.StringBuilder@50000127)
ARR 50000556 (sz=48, trace=300204, nelems=0, elem type=char[])
OBJ 50000557 (sz=24, trace=300213, class=java.lang.StringBuffer@50000128)
ARR 50000558 (sz=120, trace=300214, nelems=0, elem type=char[])
ARR 50000559 (sz=120, trace=300215, nelems=0, elem type=char[])
OBJ 5000055a (sz=24, trace=300216, class=java.lang.String@50000174)
ARR 5000055b (sz=120, trace=300010, nelems=0, elem type=char[])
ARR 5000055c (sz=224, trace=300010, nelems=0, elem type=char[])
OBJ 5000055d (sz=24, trace=300217, class=java.lang.String@50000174)
	value		5000055e
ARR 5000055e (sz=104, trace=300218, nelems=52, elem type=char[])
OBJ 5000055f (sz=64, trace=300219, class=java.net.URL@5000011f)
	protocol	500013ec
	host		5000104b
	file		5000055d
	authority	5000104b
	path		5000055d
	handler		50000489
OBJ 50000560 (sz=24, trace=300220, class=java.net.Parts@50000011)
OBJ 50000561 (sz=56, trace=300221, class=sun.misc.URLClassPath$JarLoader@5000049d)
	base		5000055f
	csu		50000461
	metaIndex	50000291
	handler		50000489
	lmap		50000482
OBJ 50000562 (sz=32, trace=300222, class=java.io.File@50000121)
ARR 50000563 (sz=152, trace=300053, nelems=0, elem type=byte[])
ARR 50000564 (sz=64, trace=300054, nelems=0, elem type=byte[])
OBJ 50000565 (sz=24, trace=300055, class=java.lang.String@50000174)
ARR 50000566 (sz=32, trace=300056, nelems=0, elem type=char[])
OBJ 50000567 (sz=32, trace=300104, class=java.util.HashMap$Node@500000ca)
	key		50000552
	value		50000561
OBJ 50000568 (sz=24, trace=300193, class=java.lang.StringBuilder@50000127)
ARR 50000569 (sz=48, trace=300194, nelems=0, elem type=char[])
ARR 5000056a (sz=112, trace=300010, nelems=0, elem type=char[])
OBJ 5000056b (sz=24, trace=300195, class=java.lang.String@50000174)
ARR 5000056c (sz=112, trace=300196, nelems=0, elem type=char[])
OBJ 5000056d (sz=24, trace=300198, class=sun.misc.URLClassPath$3@5000049a)
OBJ 5000056e (sz=24, trace=300203, class=java.lang.StringBuilder@50000127)
ARR 5000056f (sz=48, trace=300204, nelems=0, elem type=char[])
OBJ 50000570 (sz=24, trace=300213, class=java.lang.StringBuffer@50000128)
ARR 50000571 (sz=112, trace=300214, nelems=0, elem type=char[])
ARR 50000572 (sz=112, trace=300215, nelems=0, elem type=char[])
OBJ 50000573 (sz=24, trace=300216, class=java.lang.String@50000174)
ARR 50000574 (sz=112, trace=300010, nelems=0, elem type=char[])
ARR 50000575 (sz=208, trace=300010, nelems=0, elem type=char[])
OBJ 50000576 (sz=24, trace=300217, class=java.lang.String@50000174)
ARR 50000577 (sz=112, trace=300218, nelems=0, elem type=char[])
OBJ 50000578 (sz=64, trace=300219, class=java.net.URL@5000011f)
OBJ 50000579 (sz=24, trace=300220, class=java.net.Parts@50000011)
OBJ 5000057a (sz=56, trace=300221, class=sun.misc.URLClassPath$JarLoader@5000049d)
OBJ 5000057b (sz=32, trace=300222, class=java.io.File@50000121)
OBJ 5000057c (sz=16, trace=300225, class=sun.misc.URLClassPath$JarLoader$1@500004f5)
OBJ 5000057d (sz=24, trace=300227, class=sun.misc.FileURLMapper@500004f7)
OBJ 5000057e (sz=32, trace=300228, class=java.io.File@50000121)
ARR 5000057f (sz=144, trace=300053, nelems=0, elem type=byte[])
ARR 50000580 (sz=64, trace=300054, nelems=0, elem type=byte[])
OBJ 50000581 (sz=24, trace=300055, class=java.lang.String@50000174)
ARR 50000582 (sz=32, trace=300056, nelems=0, elem type=char[])
OBJ 50000583 (sz=32, trace=300230, class=java.io.FileNotFoundException@500004ff)
OBJ 50000584 (sz=40, trace=300232, class=java.security.PrivilegedActionException@50000501)
OBJ 50000585 (sz=40, trace=300232, class=java.security.PrivilegedActionException@50000501)
OBJ 50000587 (sz=16, trace=300234, class=java.net.URLClassLoader$3$1@50000586)
OBJ 50000588 (sz=24, trace=300193, class=java.lang.StringBuilder@50000127)
ARR 50000589 (sz=48, trace=300194, nelems=0, elem type=char[])
ARR 5000058a (sz=136, trace=300010, nelems=0, elem type=char[])
OBJ 5000058b (sz=24, trace=300195, class=java.lang.String@50000174)
	value		5000058c
ARR 5000058c (sz=116, trace=300196, nelems=58, elem type=char[])
OBJ 5000058d (sz=24, trace=300198, class=sun.misc.URLClassPath$3@5000049a)
OBJ 5000058e (sz=24, trace=300203, class=java.lang.StringBuilder@50000127)
ARR 5000058f (sz=48, trace=300204, nelems=0, elem type=char[])
OBJ 50000590 (sz=24, trace=300213, class=java.lang.StringBuffer@50000128)
ARR 50000591 (sz=128, trace=300214, nelems=0, elem type=char[])
ARR 50000592 (sz=128, trace=300215, nelems=0, elem type=char[])
OBJ 50000593 (sz=24, trace=300216, class=java.lang.String@50000174)
ARR 50000594 (sz=128, trace=300010, nelems=0, elem type=char[])
ARR 50000595 (sz=248, trace=300010, nelems=0, elem type=char[])
OBJ 50000596 (sz=24, trace=300217, class=java.lang.String@50000174)
	value		50000597
ARR 50000597 (sz=116, trace=300218, nelems=58, elem type=char[])
OBJ 50000598 (sz=64, trace=300219, class=java.net.URL@5000011f)
	protocol	500013ec
	host		5000104b
	file		50000596
	authority	5000104b
	path		50000596
	handler		50001395
OBJ 50000599 (sz=24, trace=300220, class=java.net.Parts@50000011)
OBJ 5000059a (sz=56, trace=300221, class=sun.misc.URLClassPath$JarLoader@5000049d)
	base		50000598
	csu		5000139b
	metaIndex	50001476
	handler		50001395
	lmap		50001396
	acc		500011bd
OBJ 5000059b (sz=32, trace=300222, class=java.io.File@50000121)
ARR 5000059c (sz=176, trace=300053, nelems=0, elem type=byte[])
ARR 5000059d (sz=72, trace=300054, nelems=0, elem type=byte[])
OBJ 5000059e (sz=24, trace=300055, class=java.lang.String@50000174)
ARR 5000059f (sz=40, trace=300056, nelems=0, elem type=char[])
ARR 500005a0 (sz=56, trace=300140, nelems=10, elem type=java.lang.Object[]@5000010e)
	[0]		5000059a
	[1]		500005b5
	[2]		500005ce
	[3]		500005e7
	[4]		50000600
	[5]		50000619
	[6]		50000632
	[7]		5000064b
	[8]		50000664
	[9]		5000067d
ARR 500005a1 (sz=80, trace=300223, nelems=16, elem type=java.util.HashMap$Node[]@500000c8)
	[0]		50000606
	[1]		5000061f
	[2]		5000066a
	[3]		500005a2
	[5]		500005ed
	[6]		500005bb
	[9]		500005d4
	[13]		50000683
	[15]		50000638
OBJ 500005a2 (sz=32, trace=300104, class=java.util.HashMap$Node@500000ca)
	key		5000058b
	value		5000059a
OBJ 500005a3 (sz=24, trace=300193, class=java.lang.StringBuilder@50000127)
ARR 500005a4 (sz=48, trace=300194, nelems=0, elem type=char[])
ARR 500005a5 (sz=144, trace=300010, nelems=0, elem type=char[])
OBJ 500005a6 (sz=24, trace=300195, class=java.lang.String@50000174)
	value		500005a7
ARR 500005a7 (sz=124, trace=300196, nelems=62, elem type=char[])
OBJ 500005a8 (sz=24, trace=300198, class=sun.misc.URLClassPath$3@5000049a)
OBJ 500005a9 (sz=24, trace=300203, class=java.lang.StringBuilder@50000127)
ARR 500005aa (sz=48, trace=300204, nelems=0, elem type=char[])
OBJ 500005ab (sz=24, trace=300213, class=java.lang.StringBuffer@50000128)
ARR 500005ac (sz=136, trace=300214, nelems=0, elem type=char[])
ARR 500005ad (sz=136, trace=300215, nelems=0, elem type=char[])
OBJ 500005ae (sz=24, trace=300216, class=java.lang.String@50000174)
ARR 500005af (sz=136, trace=300010, nelems=0, elem type=char[])
ARR 500005b0 (sz=264, trace=300010, nelems=0, elem type=char[])
OBJ 500005b1 (sz=24, trace=300217, class=java.lang.String@50000174)
	value		500005b2
ARR 500005b2 (sz=124, trace=300218, nelems=62, elem type=char[])
OBJ 500005b3 (sz=64, trace=300219, class=java.net.URL@5000011f)
	protocol	500013ec
	host		5000104b
	file		500005b1
	authority	5000104b
	path		500005b1
	handler		50001395
OBJ 500005b4 (sz=24, trace=300220, class=java.net.Parts@50000011)
OBJ 500005b5 (sz=56, trace=300221, class=sun.misc.URLClassPath$JarLoader@5000049d)
	base		500005b3
	csu		5000139c
	metaIndex	5000147f
	handler		50001395
	lmap		50001396
	acc		500011bd
OBJ 500005b6 (sz=32, trace=300222, class=java.io.File@50000121)
ARR 500005b7 (sz=184, trace=300053, nelems=0, elem type=byte[])
ARR 500005b8 (sz=72, trace=300054, nelems=0, elem type=byte[])
OBJ 500005b9 (sz=24, trace=300055, class=java.lang.String@50000174)
ARR 500005ba (sz=48, trace=300056, nelems=0, elem type=char[])
OBJ 500005bb (sz=32, trace=300104, class=java.util.HashMap$Node@500000ca)
	key		500005a6
	value		500005b5
OBJ 500005bc (sz=24, trace=300193, class=java.lang.StringBuilder@50000127)
ARR 500005bd (sz=48, trace=300194, nelems=0, elem type=char[])
ARR 500005be (sz=136, trace=300010, nelems=0, elem type=char[])
OBJ 500005bf (sz=24, trace=300195, class=java.lang.String@50000174)
	value		500005c0
ARR 500005c0 (sz=120, trace=300196, nelems=60, elem type=char[])
OBJ 500005c1 (sz=24, trace=300198, class=sun.misc.URLClassPath$3@5000049a)
OBJ 500005c2 (sz=24, trace=300203, class=java.lang.StringBuilder@50000127)
ARR 500005c3 (sz=48, trace=300204, nelems=0, elem type=char[])
OBJ 500005c4 (sz=24, trace=300213, class=java.lang.StringBuffer@50000128)
ARR 500005c5 (sz=136, trace=300214, nelems=0, elem type=char[])
ARR 500005c6 (sz=136, trace=300215, nelems=0, elem type=char[])
OBJ 500005c7 (sz=24, trace=300216, class=java.lang.String@50000174)
ARR 500005c8 (sz=136, trace=300010, nelems=0, elem type=char[])
ARR 500005c9 (sz=256, trace=300010, nelems=0, elem type=char[])
OBJ 500005ca (sz=24, trace=300217, class=java.lang.String@50000174)
	value		500005cb
ARR 500005cb (sz=120, trace=300218, nelems=60, elem type=char[])
OBJ 500005cc (sz=64, trace=300219, class=java.net.URL@5000011f)
	protocol	500013ec
	host		5000104b
	file		500005ca
	authority	5000104b
	path		500005ca
	handler		50001395
OBJ 500005cd (sz=24, trace=300220, class=java.net.Parts@50000011)
OBJ 500005ce (sz=56, trace=300221, class=sun.misc.URLClassPath$JarLoader@5000049d)
	base		500005cc
	csu		5000139d
	metaIndex	5000148c
	handler		50001395
	lmap		50001396
	acc		500011bd
OBJ 500005cf (sz=32, trace=300222, class=java.io.File@50000121)
ARR 500005d0 (sz=176, trace=300053, nelems=0, elem type=byte[])
ARR 500005d1 (sz=72, trace=300054, nelems=0, elem type=byte[])
OBJ 500005d2 (sz=24, trace=300055, class=java.lang.String@50000174)
ARR 500005d3 (sz=40, trace=300056, nelems=0, elem type=char[])
OBJ 500005d4 (sz=32, trace=300104, class=java.util.HashMap$Node@500000ca)
	key		500005bf
	value		500005ce
OBJ 500005d5 (sz=24, trace=300193, class=java.lang.StringBuilder@50000127)
ARR 500005d6 (sz=48, trace=300194, nelems=0, elem type=char[])
ARR 500005d7 (sz=136, trace=300010, nelems=0, elem type=char[])
OBJ 500005d8 (sz=24, trace=300195, class=java.lang.String@50000174)
	value		500005d9
ARR 500005d9 (sz=120, trace=300196, nelems=60, elem type=char[])
OBJ 500005da (sz=24, trace=300198, class=sun.misc.URLClassPath$3@5000049a)
OBJ 500005db (sz=24, trace=300203, class=java.lang.StringBuilder@50000127)
ARR 500005dc (sz=48, trace=300204, nelems=0, elem type=char[])
OBJ 500005dd (sz=24, trace=300213, class=java.lang.StringBuffer@50000128)
ARR 500005de (sz=136, trace=300214, nelems=0, elem type=char[])
ARR 500005df (sz=136, trace=300215, nelems=0, elem type=char[])
OBJ 500005e0 (sz=24, trace=300216, class=java.lang.String@50000174)
ARR 500005e1 (sz=136, trace=300010, nelems=0, elem type=char[])
ARR 500005e2 (sz=256, trace=300010, nelems=0, elem type=char[])
OBJ 500005e3 (sz=24, trace=300217, class=java.lang.String@50000174)
	value		500005e4
ARR 500005e4 (sz=120, trace=300218, nelems=60, elem type=char[])
OBJ 500005e5 (sz=64, trace=300219, class=java.net.URL@5000011f)
	protocol	500013ec
	host		5000104b
	file		500005e3
	authority	5000104b
	path		500005e3
	handler		50001395
OBJ 500005e6 (sz=24, trace=300220, class=java.net.Parts@50000011)
OBJ 500005e7 (sz=56, trace=300221, class=sun.misc.URLClassPath$JarLoader@5000049d)
	base		500005e5
	csu		5000139e
	metaIndex	5000140f
	handler		50001395
	lmap		50001396
	acc		500011bd
OBJ 500005e8 (sz=32, trace=300222, class=java.io.File@50000121)
ARR 500005e9 (sz=176, trace=300053, nelems=0, elem type=byte[])
ARR 500005ea (sz=72, trace=300054, nelems=0, elem type=byte[])
OBJ 500005eb (sz=24, trace=300055, class=java.lang.String@50000174)
ARR 500005ec (sz=40, trace=300056, nelems=0, elem type=char[])
OBJ 500005ed (sz=32, trace=300104, class=java.util.HashMap$Node@500000ca)
	key		500005d8
	value		500005e7
OBJ 500005ee (sz=24, trace=300193, class=java.lang.StringBuilder@50000127)
ARR 500005ef (sz=48, trace=300194, nelems=0, elem type=char[])
ARR 500005f0 (sz=136, trace=300010, nelems=0, elem type=char[])
OBJ 500005f1 (sz=24, trace=300195, class=java.lang.String@50000174)
	value		500005f2
ARR 500005f2 (sz=116, trace=300196, nelems=58, elem type=char[])
OBJ 500005f3 (sz=24, trace=300198, class=sun.misc.URLClassPath$3@5000049a)
OBJ 500005f4 (sz=24, trace=300203, class=java.lang.StringBuilder@50000127)
ARR 500005f5 (sz=48, trace=300204, nelems=0, elem type=char[])
OBJ 500005f6 (sz=24, trace=300213, class=java.lang.StringBuffer@50000128)
ARR 500005f7 (sz=128, trace=300214, nelems=0, elem type=char[])
ARR 500005f8 (sz=128, trace=300215, nelems=0, elem type=char[])
OBJ 500005f9 (sz=24, trace=300216, class=java.lang.String@50000174)
ARR 500005fa (sz=128, trace=300010, nelems=0, elem type=char[])
ARR 500005fb (sz=248, trace=300010, nelems=0, elem type=char[])
OBJ 500005fc (sz=24, trace=300217, class=java.lang.String@50000174)
	value		500005fd
ARR 500005fd (sz=116, trace=300218, nelems=58, elem type=char[])
OBJ 500005fe (sz=64, trace=300219, class=java.net.URL@5000011f)
	protocol	500013ec
	host		5000104b
	file		500005fc
	authority	5000104b
	path		500005fc
	handler		50001395
OBJ 500005ff (sz=24, trace=300220, class=java.net.Parts@50000011)
OBJ 50000600 (sz=56, trace=300221, class=sun.misc.URLClassPath$JarLoader@5000049d)
	base		500005fe
	csu		5000139f
	metaIndex	50001416
	handler		50001395
	lmap		50001396
	acc		500011bd
OBJ 50000601 (sz=32, trace=300222, class=java.io.File@50000121)
ARR 50000602 (sz=176, trace=300053, nelems=0, elem type=byte[])
ARR 50000603 (sz=72, trace=300054, nelems=0, elem type=byte[])
OBJ 50000604 (sz=24, trace=300055, class=java.lang.String@50000174)
ARR 50000605 (sz=40, trace=300056, nelems=0, elem type=char[])
OBJ 50000606 (sz=32, trace=300104, class=java.util.HashMap$Node@500000ca)
	key		500005f1
	value		50000600
OBJ 50000607 (sz=24, trace=300193, class=java.lang.StringBuilder@50000127)
ARR 50000608 (sz=48, trace=300194, nelems=0, elem type=char[])
ARR 50000609 (sz=136, trace=300010, nelems=0, elem type=char[])
OBJ 5000060a (sz=24, trace=300195, class=java.lang.String@50000174)
	value		5000060b
ARR 5000060b (sz=116, trace=300196, nelems=58, elem type=char[])
OBJ 5000060c (sz=24, trace=300198, class=sun.misc.URLClassPath$3@5000049a)
OBJ 5000060d (sz=24, trace=300203, class=java.lang.StringBuilder@50000127)
ARR 5000060e (sz=48, trace=300204, nelems=0, elem type=char[])
OBJ 5000060f (sz=24, trace=300213, class=java.lang.StringBuffer@50000128)
ARR 50000610 (sz=128, trace=300214, nelems=0, elem type=char[])
ARR 50000611 (sz=128, trace=300215, nelems=0, elem type=char[])
OBJ 50000612 (sz=24, trace=300216, class=java.lang.String@50000174)
ARR 50000613 (sz=128, trace=300010, nelems=0, elem type=char[])
ARR 50000614 (sz=248, trace=300010, nelems=0, elem type=char[])
OBJ 50000615 (sz=24, trace=300217, class=java.lang.String@50000174)
	value		50000616
ARR 50000616 (sz=116, trace=300218, nelems=58, elem type=char[])
OBJ 50000617 (sz=64, trace=300219, class=java.net.URL@5000011f)
	protocol	500013ec
	host		5000104b
	file		50000615
	authority	5000104b
	path		50000615
	handler		50001395
OBJ 50000618 (sz=24, trace=300220, class=java.net.Parts@50000011)
OBJ 50000619 (sz=56, trace=300221, class=sun.misc.URLClassPath$JarLoader@5000049d)
	base		50000617
	csu		500013a0
	metaIndex	50001424
	handler		50001395
	lmap		50001396
	acc		500011bd
OBJ 5000061a (sz=32, trace=300222, class=java.io.File@50000121)
ARR 5000061b (sz=176, trace=300053, nelems=0, elem type=byte[])
ARR 5000061c (sz=72, trace=300054, nelems=0, elem type=byte[])
OBJ 5000061d (sz=24, trace=300055, class=java.lang.String@50000174)
ARR 5000061e (sz=40, trace=300056, nelems=0, elem type=char[])
OBJ 5000061f (sz=32, trace=300104, class=java.util.HashMap$Node@500000ca)
	key		5000060a
	value		50000619
	next		50000651
OBJ 50000620 (sz=24, trace=300193, class=java.lang.StringBuilder@50000127)
ARR 50000621 (sz=48, trace=300194, nelems=0, elem type=char[])
ARR 50000622 (sz=152, trace=300010, nelems=0, elem type=char[])
OBJ 50000623 (sz=24, trace=300195, class=java.lang.String@50000174)
	value		50000624
ARR 50000624 (sz=136, trace=300196, nelems=68, elem type=char[])
OBJ 50000625 (sz=24, trace=300198, class=sun.misc.URLClassPath$3@5000049a)
OBJ 50000626 (sz=24, trace=300203, class=java.lang.StringBuilder@50000127)
ARR 50000627 (sz=48, trace=300204, nelems=0, elem type=char[])
OBJ 50000628 (sz=24, trace=300213, class=java.lang.StringBuffer@50000128)
ARR 50000629 (sz=152, trace=300214, nelems=0, elem type=char[])
ARR 5000062a (sz=152, trace=300215, nelems=0, elem type=char[])
OBJ 5000062b (sz=24, trace=300216, class=java.lang.String@50000174)
ARR 5000062c (sz=152, trace=300010, nelems=0, elem type=char[])
ARR 5000062d (sz=288, trace=300010, nelems=0, elem type=char[])
OBJ 5000062e (sz=24, trace=300217, class=java.lang.String@50000174)
	value		5000062f
ARR 5000062f (sz=136, trace=300218, nelems=68, elem type=char[])
OBJ 50000630 (sz=64, trace=300219, class=java.net.URL@5000011f)
	protocol	500013ec
	host		5000104b
	file		5000062e
	authority	5000104b
	path		5000062e
	handler		50001395
OBJ 50000631 (sz=24, trace=300220, class=java.net.Parts@50000011)
OBJ 50000632 (sz=56, trace=300221, class=sun.misc.URLClassPath$JarLoader@5000049d)
	base		50000630
	csu		500013a1
	metaIndex	5000146b
	handler		50001395
	lmap		50001396
	acc		500011bd
OBJ 50000633 (sz=32, trace=300222, class=java.io.File@50000121)
ARR 50000634 (sz=200, trace=300053, nelems=0, elem type=byte[])
ARR 50000635 (sz=80, trace=300054, nelems=0, elem type=byte[])
OBJ 50000636 (sz=24, trace=300055, class=java.lang.String@50000174)
ARR 50000637 (sz=56, trace=300056, nelems=0, elem type=char[])
OBJ 50000638 (sz=32, trace=300104, class=java.util.HashMap$Node@500000ca)
	key		50000623
	value		50000632
OBJ 50000639 (sz=24, trace=300193, class=java.lang.StringBuilder@50000127)
ARR 5000063a (sz=48, trace=300194, nelems=0, elem type=char[])
ARR 5000063b (sz=136, trace=300010, nelems=0, elem type=char[])
OBJ 5000063c (sz=24, trace=300195, class=java.lang.String@50000174)
	value		5000063d
ARR 5000063d (sz=116, trace=300196, nelems=58, elem type=char[])
OBJ 5000063e (sz=24, trace=300198, class=sun.misc.URLClassPath$3@5000049a)
OBJ 5000063f (sz=24, trace=300203, class=java.lang.StringBuilder@50000127)
ARR 50000640 (sz=48, trace=300204, nelems=0, elem type=char[])
OBJ 50000641 (sz=24, trace=300213, class=java.lang.StringBuffer@50000128)
ARR 50000642 (sz=128, trace=300214, nelems=0, elem type=char[])
ARR 50000643 (sz=128, trace=300215, nelems=0, elem type=char[])
OBJ 50000644 (sz=24, trace=300216, class=java.lang.String@50000174)
ARR 50000645 (sz=128, trace=300010, nelems=0, elem type=char[])
ARR 50000646 (sz=248, trace=300010, nelems=0, elem type=char[])
OBJ 50000647 (sz=24, trace=300217, class=java.lang.String@50000174)
	value		50000648
ARR 50000648 (sz=116, trace=300218, nelems=58, elem type=char[])
OBJ 50000649 (sz=64, trace=300219, class=java.net.URL@5000011f)
	protocol	500013ec
	host		5000104b
	file		50000647
	authority	5000104b
	path		50000647
	handler		50001395
OBJ 5000064a (sz=24, trace=300220, class=java.net.Parts@50000011)
OBJ 5000064b (sz=56, trace=300221, class=sun.misc.URLClassPath$JarLoader@5000049d)
	base		50000649
	csu		500013a2
	metaIndex	5000142d
	handler		50001395
	lmap		50001396
	acc		500011bd
OBJ 5000064c (sz=32, trace=300222, class=java.io.File@50000121)
ARR 5000064d (sz=176, trace=300053, nelems=0, elem type=byte[])
ARR 5000064e (sz=72, trace=300054, nelems=0, elem type=byte[])
OBJ 5000064f (sz=24, trace=300055, class=java.lang.String@50000174)
ARR 50000650 (sz=40, trace=300056, nelems=0, elem type=char[])
OBJ 50000651 (sz=32, trace=300144, class=java.util.HashMap$Node@500000ca)
	key		5000063c
	value		5000064b
OBJ 50000652 (sz=24, trace=300193, class=java.lang.StringBuilder@50000127)
ARR 50000653 (sz=48, trace=300194, nelems=0, elem type=char[])
ARR 50000654 (sz=144, trace=300010, nelems=0, elem type=char[])
OBJ 50000655 (sz=24, trace=300195, class=java.lang.String@50000174)
	value		50000656
ARR 50000656 (sz=122, trace=300196, nelems=61, elem type=char[])
OBJ 50000657 (sz=24, trace=300198, class=sun.misc.URLClassPath$3@5000049a)
OBJ 50000658 (sz=24, trace=300203, class=java.lang.StringBuilder@50000127)
ARR 50000659 (sz=48, trace=300204, nelems=0, elem type=char[])
OBJ 5000065a (sz=24, trace=300213, class=java.lang.StringBuffer@50000128)
ARR 5000065b (sz=136, trace=300214, nelems=0, elem type=char[])
ARR 5000065c (sz=136, trace=300215, nelems=0, elem type=char[])
OBJ 5000065d (sz=24, trace=300216, class=java.lang.String@50000174)
ARR 5000065e (sz=136, trace=300010, nelems=0, elem type=char[])
ARR 5000065f (sz=256, trace=300010, nelems=0, elem type=char[])
OBJ 50000660 (sz=24, trace=300217, class=java.lang.String@50000174)
	value		50000661
ARR 50000661 (sz=122, trace=300218, nelems=61, elem type=char[])
OBJ 50000662 (sz=64, trace=300219, class=java.net.URL@5000011f)
	protocol	500013ec
	host		5000104b
	file		50000660
	authority	5000104b
	path		50000660
	handler		50001395
OBJ 50000663 (sz=24, trace=300220, class=java.net.Parts@50000011)
OBJ 50000664 (sz=56, trace=300221, class=sun.misc.URLClassPath$JarLoader@5000049d)
	base		50000662
	csu		500013a3
	metaIndex	50001401
	handler		50001395
	lmap		50001396
	acc		500011bd
OBJ 50000665 (sz=32, trace=300222, class=java.io.File@50000121)
ARR 50000666 (sz=184, trace=300053, nelems=0, elem type=byte[])
ARR 50000667 (sz=72, trace=300054, nelems=0, elem type=byte[])
OBJ 50000668 (sz=24, trace=300055, class=java.lang.String@50000174)
ARR 50000669 (sz=40, trace=300056, nelems=0, elem type=char[])
OBJ 5000066a (sz=32, trace=300104, class=java.util.HashMap$Node@500000ca)
	key		50000655
	value		50000664
OBJ 5000066b (sz=24, trace=300193, class=java.lang.StringBuilder@50000127)
ARR 5000066c (sz=48, trace=300194, nelems=0, elem type=char[])
ARR 5000066d (sz=144, trace=300010, nelems=0, elem type=char[])
OBJ 5000066e (sz=24, trace=300195, class=java.lang.String@50000174)
	value		5000066f
ARR 5000066f (sz=126, trace=300196, nelems=63, elem type=char[])
OBJ 50000670 (sz=24, trace=300198, class=sun.misc.URLClassPath$3@5000049a)
OBJ 50000671 (sz=24, trace=300203, class=java.lang.StringBuilder@50000127)
ARR 50000672 (sz=48, trace=300204, nelems=0, elem type=char[])
OBJ 50000673 (sz=24, trace=300213, class=java.lang.StringBuffer@50000128)
ARR 50000674 (sz=144, trace=300214, nelems=0, elem type=char[])
ARR 50000675 (sz=144, trace=300215, nelems=0, elem type=char[])
OBJ 50000676 (sz=24, trace=300216, class=java.lang.String@50000174)
ARR 50000677 (sz=144, trace=300010, nelems=0, elem type=char[])
ARR 50000678 (sz=264, trace=300010, nelems=0, elem type=char[])
OBJ 50000679 (sz=24, trace=300217, class=java.lang.String@50000174)
	value		5000067a
ARR 5000067a (sz=126, trace=300218, nelems=63, elem type=char[])
OBJ 5000067b (sz=64, trace=300219, class=java.net.URL@5000011f)
	protocol	500013ec
	host		5000104b
	file		50000679
	authority	5000104b
	path		50000679
	handler		50001395
OBJ 5000067c (sz=24, trace=300220, class=java.net.Parts@50000011)
OBJ 5000067d (sz=56, trace=300221, class=sun.misc.URLClassPath$JarLoader@5000049d)
	base		5000067b
	csu		500013a4
	metaIndex	500013eb
	handler		50001395
	lmap		50001396
	acc		500011bd
OBJ 5000067e (sz=32, trace=300222, class=java.io.File@50000121)
ARR 5000067f (sz=184, trace=300053, nelems=0, elem type=byte[])
ARR 50000680 (sz=72, trace=300054, nelems=0, elem type=byte[])
OBJ 50000681 (sz=24, trace=300055, class=java.lang.String@50000174)
ARR 50000682 (sz=48, trace=300056, nelems=0, elem type=char[])
OBJ 50000683 (sz=32, trace=300104, class=java.util.HashMap$Node@500000ca)
	key		5000066e
	value		5000067d
OBJ 50000686 (sz=16, trace=300237, class=java.util.ResourceBundle$RBClassLoader$1@50000685)
OBJ 50000687 (sz=72, trace=300238, class=java.util.ResourceBundle$RBClassLoader@50000684)
	parent		50000f56
	package2certs	50000691
	classes		50000688
	defaultDomain	5000068b
	domains		50000693
	packages	5000068e
	nativeLibraries	5000068f
	assertionLock	50000687
OBJ 50000688 (sz=32, trace=300173, class=java.util.Vector@500000e9)
	elementData	50000689
ARR 50000689 (sz=56, trace=300239, nelems=0, elem type=java.lang.Object[]@5000010e)
OBJ 5000068a (sz=32, trace=300240, class=java.security.CodeSource@5000011a)
OBJ 5000068b (sz=40, trace=300241, class=java.security.ProtectionDomain@50000166)
	codesource	5000068a
	classloader	50000687
	principals	5000068d
	key		5000068c
OBJ 5000068c (sz=16, trace=300242, class=java.security.ProtectionDomain$Key@50000008)
	this$0		5000068b
ARR 5000068d (sz=16, trace=300243, nelems=0, elem type=java.security.Principal[]@50000006)
OBJ 5000068e (sz=48, trace=300244, class=java.util.HashMap@500000cc)
OBJ 5000068f (sz=32, trace=300173, class=java.util.Vector@500000e9)
	elementData	50000690
ARR 50000690 (sz=56, trace=300245, nelems=0, elem type=java.lang.Object[]@5000010e)
OBJ 50000691 (sz=48, trace=300246, class=java.util.Hashtable@5000014b)
	table		50000692
ARR 50000692 (sz=64, trace=300247, nelems=0, elem type=java.util.Hashtable$Entry[]@500000c5)
OBJ 50000693 (sz=16, trace=300248, class=java.util.HashSet@50000005)
	map		50000694
OBJ 50000694 (sz=48, trace=300249, class=java.util.HashMap@500000cc)
ARR 50000696 (sz=24, trace=300251, nelems=2, elem type=java.lang.String[]@500000ce)
	[0]		50001c69
	[1]		50001e76
OBJ 50000698 (sz=24, trace=300253, class=java.util.Arrays$ArrayList@50000697)
	a		50000696
OBJ 50000699 (sz=24, trace=300254, class=java.util.Collections$UnmodifiableRandomAccessList@500000d9)
	c		50000698
	list		50000698
ARR 5000069a (sz=24, trace=300255, nelems=1, elem type=java.lang.String[]@500000ce)
	[0]		50001c69
OBJ 5000069b (sz=24, trace=300253, class=java.util.Arrays$ArrayList@50000697)
	a		5000069a
OBJ 5000069c (sz=24, trace=300254, class=java.util.Collections$UnmodifiableRandomAccessList@500000d9)
	c		5000069b
	list		5000069b
ARR 5000069d (sz=24, trace=300256, nelems=1, elem type=java.lang.String[]@500000ce)
	[0]		50001e76
OBJ 5000069e (sz=24, trace=300253, class=java.util.Arrays$ArrayList@50000697)
	a		5000069d
OBJ 5000069f (sz=24, trace=300254, class=java.util.Collections$UnmodifiableRandomAccessList@500000d9)
	c		5000069e
	list		5000069e
OBJ 500006a0 (sz=16, trace=300257, class=java.util.ResourceBundle$Control@50000695)
OBJ 500006a2 (sz=24, trace=300259, class=java.util.ResourceBundle$Control$CandidateListCache@500006a1)
	map		500006a5
	queue		500006a3
OBJ 500006a3 (sz=32, trace=300260, class=java.lang.ref.ReferenceQueue@50000152)
	lock		500006a4
OBJ 500006a4 (sz=16, trace=300261, class=java.lang.ref.ReferenceQueue$Lock@500000d7)
OBJ 500006a5 (sz=64, trace=300262, class=java.util.concurrent.ConcurrentHashMap@50000028)
	table		500006c1
OBJ 500006a7 (sz=56, trace=300264, class=java.util.ResourceBundle$CacheKey@500006a6)
OBJ 500006aa (sz=32, trace=300266, class=java.util.ResourceBundle$LoaderReference@500006a9)
OBJ 500006af (sz=32, trace=300268, class=java.util.LinkedList@500006ae)
	first		500006b7
	last		500006bf
OBJ 500006b0 (sz=40, trace=300269, class=sun.util.locale.BaseLocale$Key@50000017)
OBJ 500006b1 (sz=40, trace=300270, class=java.lang.ref.SoftReference@50000158)
OBJ 500006b2 (sz=40, trace=300271, class=java.lang.ref.SoftReference@50000158)
OBJ 500006b3 (sz=40, trace=300272, class=java.lang.ref.SoftReference@50000158)
OBJ 500006b4 (sz=40, trace=300273, class=java.lang.ref.SoftReference@50000158)
OBJ 500006b5 (sz=24, trace=300274, class=java.util.Locale$LocaleKey@50000015)
OBJ 500006b7 (sz=24, trace=300276, class=java.util.LinkedList$Node@500006b6)
	item		50001a0f
	next		500006be
OBJ 500006b8 (sz=40, trace=300269, class=sun.util.locale.BaseLocale$Key@50000017)
OBJ 500006b9 (sz=40, trace=300270, class=java.lang.ref.SoftReference@50000158)
OBJ 500006ba (sz=40, trace=300271, class=java.lang.ref.SoftReference@50000158)
OBJ 500006bb (sz=40, trace=300272, class=java.lang.ref.SoftReference@50000158)
OBJ 500006bc (sz=40, trace=300273, class=java.lang.ref.SoftReference@50000158)
OBJ 500006bd (sz=24, trace=300274, class=java.util.Locale$LocaleKey@50000015)
OBJ 500006be (sz=24, trace=300277, class=java.util.LinkedList$Node@500006b6)
	item		50001a21
	next		500006bf
	prev		500006b7
OBJ 500006bf (sz=24, trace=300278, class=java.util.LinkedList$Node@500006b6)
	item		50001a10
	prev		500006be
OBJ 500006c0 (sz=48, trace=300279, class=sun.util.locale.LocaleObjectCache$CacheEntry@50000016)
	referent	500006af
	queue		500006a3
	key		50001abd
ARR 500006c1 (sz=144, trace=300280, nelems=28, elem type=java.util.concurrent.ConcurrentHashMap$Node[]@50000020)
	[27]		500006c2
OBJ 500006c2 (sz=32, trace=300281, class=java.util.concurrent.ConcurrentHashMap$Node@50000021)
	key		50001abd
	val		500006c0
OBJ 500006c3 (sz=24, trace=300282, class=java.util.ArrayList@500000e3)
ARR 500006c4 (sz=32, trace=300283, nelems=0, elem type=java.lang.Object[]@5000010e)
OBJ 500006c5 (sz=32, trace=300284, class=java.util.ResourceBundle$LoaderReference@500006a9)
OBJ 500006c6 (sz=16, trace=300285, class=java.lang.Object@50000178)
ARR 500006c7 (sz=80, trace=300286, nelems=14, elem type=java.util.concurrent.ConcurrentHashMap$Node[]@50000020)
	[0]		500006c8
	[5]		500006de
	[6]		50000a0b
	[9]		50000a2f
	[12]		50000db0
	[13]		50000d91
OBJ 500006c8 (sz=32, trace=300287, class=java.util.concurrent.ConcurrentHashMap$Node@50000021)
	key		500011c8
	val		500006c6
ARR 500006cb (sz=16, trace=300289, nelems=0, elem type=java.lang.Class[]@50000109)
OBJ 500006cc (sz=56, trace=300290, class=java.lang.Class$ReflectionData@500000b7)
OBJ 500006cd (sz=40, trace=300040, class=java.lang.ref.SoftReference@50000158)
OBJ 500006ce (sz=80, trace=300291, class=java.lang.reflect.Constructor@50000143)
OBJ 500006cf (sz=24, trace=300292, class=java.lang.Class$1@500000a2)
OBJ 500006d0 (sz=24, trace=300293, class=sun.reflect.NativeConstructorAccessorImpl@500000a0)
OBJ 500006d1 (sz=16, trace=300294, class=sun.reflect.DelegatingConstructorAccessorImpl@5000009f)
OBJ 500006d2 (sz=40, trace=300295, class=sun.launcher.resources.launcher@500006ca)
	locale		50001a10
	name		500011c8
	cacheKey	50001c6b
	lookup		50000728
OBJ 500006d3 (sz=32, trace=300284, class=java.util.ResourceBundle$LoaderReference@500006a9)
	referent	50000687
	queue		500001e1
	cacheKey	50001c6b
OBJ 500006d5 (sz=48, trace=300297, class=java.util.ResourceBundle$BundleReference@500006d4)
	referent	500006d2
	queue		500001e1
	cacheKey	50001c6b
ARR 500006d6 (sz=272, trace=300298, nelems=64, elem type=java.util.concurrent.ConcurrentHashMap$Node[]@50000020)
	[9]		500006f6
	[10]		50000a1f
	[11]		50000dbc
	[16]		50000d9f
	[17]		50000a5b
	[36]		50000712
	[60]		50000a3d
	[63]		500006d7
OBJ 500006d7 (sz=32, trace=300299, class=java.util.concurrent.ConcurrentHashMap$Node@50000021)
	key		50001c6b
	val		500006d5
OBJ 500006d8 (sz=32, trace=300284, class=java.util.ResourceBundle$LoaderReference@500006a9)
OBJ 500006d9 (sz=24, trace=300300, class=java.lang.StringBuilder@50000127)
ARR 500006da (sz=112, trace=300301, nelems=0, elem type=char[])
OBJ 500006db (sz=24, trace=300302, class=java.lang.String@50000174)
	value		500006dc
ARR 500006dc (sz=68, trace=300303, nelems=34, elem type=char[])
OBJ 500006dd (sz=16, trace=300285, class=java.lang.Object@50000178)
OBJ 500006de (sz=32, trace=300287, class=java.util.concurrent.ConcurrentHashMap$Node@50000021)
	key		500006db
	val		500006dd
	next		500006fd
OBJ 500006e0 (sz=24, trace=300305, class=java.net.URLClassLoader$1@500006df)
ARR 500006e1 (sz=88, trace=300306, nelems=0, elem type=char[])
OBJ 500006e2 (sz=24, trace=300307, class=java.lang.String@50000174)
ARR 500006e3 (sz=96, trace=300308, nelems=0, elem type=char[])
OBJ 500006e4 (sz=24, trace=300309, class=java.lang.String@50000174)
OBJ 500006e5 (sz=40, trace=300310, class=java.lang.ClassNotFoundException@50000162)
OBJ 500006e6 (sz=24, trace=300300, class=java.lang.StringBuilder@50000127)
ARR 500006e7 (sz=112, trace=300301, nelems=0, elem type=char[])
OBJ 500006e8 (sz=24, trace=300302, class=java.lang.String@50000174)
ARR 500006e9 (sz=88, trace=300303, nelems=0, elem type=char[])
OBJ 500006ea (sz=24, trace=300311, class=java.lang.StringBuilder@50000127)
ARR 500006eb (sz=112, trace=300312, nelems=0, elem type=char[])
ARR 500006ec (sz=88, trace=300313, nelems=0, elem type=char[])
OBJ 500006ed (sz=24, trace=300314, class=java.lang.String@50000174)
OBJ 500006ee (sz=24, trace=300315, class=java.lang.String@50000174)
ARR 500006ef (sz=112, trace=300316, nelems=0, elem type=char[])
OBJ 500006f1 (sz=32, trace=300318, class=java.util.ResourceBundle$Control$1@500006f0)
OBJ 500006f3 (sz=24, trace=300320, class=java.net.URLClassLoader$2@500006f2)
OBJ 500006f4 (sz=32, trace=300284, class=java.util.ResourceBundle$LoaderReference@500006a9)
	referent	50000687
	queue		500001e1
	cacheKey	50001e71
OBJ 500006f5 (sz=48, trace=300297, class=java.util.ResourceBundle$BundleReference@500006d4)
	referent	500001df
	queue		500001e1
	cacheKey	50001e71
OBJ 500006f6 (sz=32, trace=300299, class=java.util.concurrent.ConcurrentHashMap$Node@50000021)
	key		50001e71
	val		500006f5
OBJ 500006f7 (sz=32, trace=300284, class=java.util.ResourceBundle$LoaderReference@500006a9)
OBJ 500006f8 (sz=24, trace=300300, class=java.lang.StringBuilder@50000127)
ARR 500006f9 (sz=112, trace=300301, nelems=0, elem type=char[])
OBJ 500006fa (sz=24, trace=300302, class=java.lang.String@50000174)
	value		500006fb
ARR 500006fb (sz=74, trace=300303, nelems=37, elem type=char[])
OBJ 500006fc (sz=16, trace=300285, class=java.lang.Object@50000178)
OBJ 500006fd (sz=32, trace=300321, class=java.util.concurrent.ConcurrentHashMap$Node@50000021)
	key		500006fa
	val		500006fc
OBJ 500006fe (sz=24, trace=300305, class=java.net.URLClassLoader$1@500006df)
ARR 500006ff (sz=96, trace=300306, nelems=0, elem type=char[])
OBJ 50000700 (sz=24, trace=300307, class=java.lang.String@50000174)
ARR 50000701 (sz=104, trace=300308, nelems=0, elem type=char[])
OBJ 50000702 (sz=24, trace=300309, class=java.lang.String@50000174)
OBJ 50000703 (sz=40, trace=300310, class=java.lang.ClassNotFoundException@50000162)
OBJ 50000704 (sz=24, trace=300300, class=java.lang.StringBuilder@50000127)
ARR 50000705 (sz=112, trace=300301, nelems=0, elem type=char[])
OBJ 50000706 (sz=24, trace=300302, class=java.lang.String@50000174)
ARR 50000707 (sz=96, trace=300303, nelems=0, elem type=char[])
OBJ 50000708 (sz=24, trace=300311, class=java.lang.StringBuilder@50000127)
ARR 50000709 (sz=112, trace=300312, nelems=0, elem type=char[])
ARR 5000070a (sz=96, trace=300313, nelems=0, elem type=char[])
OBJ 5000070b (sz=24, trace=300314, class=java.lang.String@50000174)
OBJ 5000070c (sz=24, trace=300315, class=java.lang.String@50000174)
ARR 5000070d (sz=112, trace=300316, nelems=0, elem type=char[])
OBJ 5000070e (sz=32, trace=300318, class=java.util.ResourceBundle$Control$1@500006f0)
OBJ 5000070f (sz=24, trace=300320, class=java.net.URLClassLoader$2@500006f2)
OBJ 50000710 (sz=32, trace=300284, class=java.util.ResourceBundle$LoaderReference@500006a9)
	referent	50000687
	queue		500001e1
	cacheKey	50001c68
OBJ 50000711 (sz=48, trace=300297, class=java.util.ResourceBundle$BundleReference@500006d4)
	referent	500001df
	queue		500001e1
	cacheKey	50001c68
OBJ 50000712 (sz=32, trace=300299, class=java.util.concurrent.ConcurrentHashMap$Node@50000021)
	key		50001c68
	val		50000711
ARR 50000714 (sz=96, trace=300322, nelems=0, elem type=java.lang.Object[][]@50000713)
ARR 50000715 (sz=24, trace=300323, nelems=0, elem type=java.lang.Object[]@5000010e)
ARR 50000716 (sz=24, trace=300324, nelems=0, elem type=java.lang.Object[]@5000010e)
ARR 50000717 (sz=24, trace=300325, nelems=0, elem type=java.lang.Object[]@5000010e)
ARR 50000718 (sz=24, trace=300326, nelems=0, elem type=java.lang.Object[]@5000010e)
ARR 50000719 (sz=24, trace=300327, nelems=0, elem type=java.lang.Object[]@5000010e)
ARR 5000071a (sz=24, trace=300328, nelems=0, elem type=java.lang.Object[]@5000010e)
ARR 5000071b (sz=24, trace=300329, nelems=0, elem type=java.lang.Object[]@5000010e)
ARR 5000071c (sz=24, trace=300330, nelems=0, elem type=java.lang.Object[]@5000010e)
ARR 5000071d (sz=24, trace=300331, nelems=0, elem type=java.lang.Object[]@5000010e)
ARR 5000071e (sz=24, trace=300332, nelems=0, elem type=java.lang.Object[]@5000010e)
ARR 5000071f (sz=24, trace=300333, nelems=0, elem type=java.lang.Object[]@5000010e)
ARR 50000720 (sz=24, trace=300334, nelems=0, elem type=java.lang.Object[]@5000010e)
ARR 50000721 (sz=24, trace=300335, nelems=0, elem type=java.lang.Object[]@5000010e)
ARR 50000722 (sz=24, trace=300336, nelems=0, elem type=java.lang.Object[]@5000010e)
ARR 50000723 (sz=24, trace=300337, nelems=0, elem type=java.lang.Object[]@5000010e)
ARR 50000724 (sz=24, trace=300338, nelems=0, elem type=java.lang.Object[]@5000010e)
ARR 50000725 (sz=24, trace=300339, nelems=0, elem type=java.lang.Object[]@5000010e)
ARR 50000726 (sz=24, trace=300340, nelems=0, elem type=java.lang.Object[]@5000010e)
ARR 50000727 (sz=24, trace=300341, nelems=0, elem type=java.lang.Object[]@5000010e)
OBJ 50000728 (sz=48, trace=300342, class=java.util.HashMap@500000cc)
	table		50000729
ARR 50000729 (sz=144, trace=300343, nelems=32, elem type=java.util.HashMap$Node[]@500000c8)
	[0]		5000072c
	[1]		50000734
	[5]		50000739
	[11]		5000072b
	[12]		50000731
	[13]		5000072a
	[15]		50000732
	[23]		50000737
	[25]		5000073a
	[26]		50000738
	[28]		50000730
	[29]		5000072f
	[30]		5000072e
	[31]		5000072d
OBJ 5000072a (sz=32, trace=300104, class=java.util.HashMap$Node@500000ca)
	key		50001c91
	value		50001c90
OBJ 5000072b (sz=32, trace=300104, class=java.util.HashMap$Node@500000ca)
	key		50001c98
	value		50001c97
	next		50000733
OBJ 5000072c (sz=32, trace=300104, class=java.util.HashMap$Node@500000ca)
	key		50001cab
	value		50001caa
	next		50000735
OBJ 5000072d (sz=32, trace=300104, class=java.util.HashMap$Node@500000ca)
	key		50001c6d
	value		50001c6c
	next		50000736
OBJ 5000072e (sz=32, trace=300104, class=java.util.HashMap$Node@500000ca)
	key		50001c75
	value		50001c74
OBJ 5000072f (sz=32, trace=300104, class=java.util.HashMap$Node@500000ca)
	key		50001c79
	value		50001c78
OBJ 50000730 (sz=32, trace=300104, class=java.util.HashMap$Node@500000ca)
	key		50001c7d
	value		50001c7c
OBJ 50000731 (sz=32, trace=300104, class=java.util.HashMap$Node@500000ca)
	key		50001c21
	value		50001c94
OBJ 50000732 (sz=32, trace=300104, class=java.util.HashMap$Node@500000ca)
	key		50001c23
	value		50001c8d
OBJ 50000733 (sz=32, trace=300144, class=java.util.HashMap$Node@500000ca)
	key		50001c9c
	value		50001c9b
	next		5000073b
OBJ 50000734 (sz=32, trace=300104, class=java.util.HashMap$Node@500000ca)
	key		50001ca7
	value		50001ca6
OBJ 50000735 (sz=32, trace=300144, class=java.util.HashMap$Node@500000ca)
	key		50001caf
	value		50001cae
OBJ 50000736 (sz=32, trace=300144, class=java.util.HashMap$Node@500000ca)
	key		50001c71
	value		50001c70
OBJ 50000737 (sz=32, trace=300104, class=java.util.HashMap$Node@500000ca)
	key		50001c87
	value		50001c86
	next		5000073c
OBJ 50000738 (sz=32, trace=300104, class=java.util.HashMap$Node@500000ca)
	key		50001c1f
	value		50001c80
OBJ 50000739 (sz=32, trace=300104, class=java.util.HashMap$Node@500000ca)
	key		50001c25
	value		50001ca3
OBJ 5000073a (sz=32, trace=300104, class=java.util.HashMap$Node@500000ca)
	key		50001c1e
	value		50001c83
OBJ 5000073b (sz=32, trace=300144, class=java.util.HashMap$Node@500000ca)
	key		50001ca0
	value		50001c9f
OBJ 5000073c (sz=32, trace=300144, class=java.util.HashMap$Node@500000ca)
	key		50001c20
	value		50001c8a
ARR 5000073f (sz=40, trace=300345, nelems=5, elem type=java.lang.String[]@500000ce)
	[0]		5000104b
	[1]		50001c34
	[2]		50001c35
	[3]		50001c36
	[4]		50001c37
ARR 50000740 (sz=32, trace=300346, nelems=4, elem type=java.lang.String[]@500000ce)
	[0]		5000104b
	[1]		50001c38
	[2]		50001c39
	[3]		50001c3a
ARR 50000741 (sz=40, trace=300347, nelems=5, elem type=java.lang.String[]@500000ce)
	[0]		5000104b
	[1]		500012ef
	[2]		50001c3b
	[3]		500011db
	[4]		50001c3c
ARR 50000742 (sz=20, trace=300348, nelems=5, elem type=int[])
OBJ 50000743 (sz=40, trace=300349, class=java.text.MessageFormat@5000073e)
ARR 50000745 (sz=56, trace=300350, nelems=0, elem type=java.text.Format[]@50000744)
ARR 50000746 (sz=56, trace=300351, nelems=0, elem type=int[])
ARR 50000747 (sz=56, trace=300352, nelems=0, elem type=int[])
OBJ 50000749 (sz=40, trace=300354, class=java.util.Locale$Category@50000748)
	name		50001b22
	languageKey	50001b23
	scriptKey	50001b24
	countryKey	50001b25
	variantKey	50001b26
OBJ 5000074a (sz=40, trace=300355, class=java.util.Locale$Category@50000748)
	name		50001b27
	languageKey	50001b28
	scriptKey	50001b29
	countryKey	50001b2a
	variantKey	50001b2b
ARR 5000074c (sz=24, trace=300356, nelems=2, elem type=java.util.Locale$Category[]@5000074b)
	[0]		50000749
	[1]		5000074a
ARR 5000074e (sz=8, trace=300358, nelems=2, elem type=int[])
OBJ 5000074f (sz=24, trace=300359, class=sun.security.action.GetPropertyAction@50000076)
OBJ 50000750 (sz=24, trace=300360, class=sun.security.action.GetPropertyAction@50000076)
OBJ 50000751 (sz=24, trace=300361, class=sun.security.action.GetPropertyAction@50000076)
OBJ 50000752 (sz=24, trace=300362, class=sun.security.action.GetPropertyAction@50000076)
OBJ 50000753 (sz=40, trace=300269, class=sun.util.locale.BaseLocale$Key@50000017)
OBJ 50000754 (sz=40, trace=300270, class=java.lang.ref.SoftReference@50000158)
OBJ 50000755 (sz=40, trace=300271, class=java.lang.ref.SoftReference@50000158)
OBJ 50000756 (sz=40, trace=300272, class=java.lang.ref.SoftReference@50000158)
OBJ 50000757 (sz=40, trace=300273, class=java.lang.ref.SoftReference@50000158)
OBJ 50000758 (sz=24, trace=300274, class=java.util.Locale$LocaleKey@50000015)
ARR 5000075a (sz=32, trace=300363, nelems=0, elem type=java.lang.StringBuilder[]@50000759)
OBJ 5000075b (sz=24, trace=300364, class=java.lang.StringBuilder@50000127)
ARR 5000075c (sz=48, trace=300365, nelems=0, elem type=char[])
OBJ 5000075d (sz=24, trace=300366, class=java.lang.StringBuilder@50000127)
ARR 5000075e (sz=48, trace=300367, nelems=0, elem type=char[])
ARR 5000075f (sz=32, trace=300368, nelems=0, elem type=java.lang.String[]@500000ce)
OBJ 50000760 (sz=24, trace=300369, class=java.lang.String@50000174)
ARR 50000761 (sz=32, trace=300370, nelems=0, elem type=char[])
OBJ 50000762 (sz=24, trace=300369, class=java.lang.String@50000174)
ARR 50000763 (sz=24, trace=300370, nelems=0, elem type=char[])
ARR 50000764 (sz=88, trace=300108, nelems=0, elem type=char[])
ARR 50000765 (sz=160, trace=300108, nelems=0, elem type=char[])
ARR 50000766 (sz=304, trace=300108, nelems=0, elem type=char[])
OBJ 50000767 (sz=24, trace=300366, class=java.lang.StringBuilder@50000127)
ARR 50000768 (sz=48, trace=300367, nelems=0, elem type=char[])
ARR 50000769 (sz=32, trace=300368, nelems=0, elem type=java.lang.String[]@500000ce)
OBJ 5000076a (sz=24, trace=300369, class=java.lang.String@50000174)
ARR 5000076b (sz=168, trace=300370, nelems=0, elem type=char[])
OBJ 5000076c (sz=24, trace=300369, class=java.lang.String@50000174)
ARR 5000076d (sz=24, trace=300370, nelems=0, elem type=char[])
ARR 5000076e (sz=592, trace=300108, nelems=0, elem type=char[])
OBJ 5000076f (sz=24, trace=300371, class=java.lang.String@50000174)
ARR 50000770 (sz=352, trace=300372, nelems=0, elem type=char[])
OBJ 50000771 (sz=24, trace=300373, class=java.lang.StringBuffer@50000128)
ARR 50000772 (sz=48, trace=300374, nelems=0, elem type=char[])
OBJ 50000774 (sz=32, trace=300376, class=java.text.FieldPosition@50000773)
OBJ 50000775 (sz=24, trace=300377, class=java.lang.String@50000174)
ARR 50000776 (sz=32, trace=300378, nelems=0, elem type=char[])
OBJ 5000077b (sz=48, trace=300381, class=java.util.HashMap@500000cc)
	table		5000077d
OBJ 5000077c (sz=16, trace=300382, class=java.text.AttributedCharacterIterator$Attribute@50000778)
	name		500019f7
ARR 5000077d (sz=48, trace=300383, nelems=3, elem type=java.util.HashMap$Node[]@500000c8)
	[1]		50000780
	[2]		5000077e
OBJ 5000077e (sz=32, trace=300104, class=java.util.HashMap$Node@500000ca)
	key		500019f7
	value		5000077c
	next		50000782
OBJ 5000077f (sz=16, trace=300384, class=java.text.AttributedCharacterIterator$Attribute@50000778)
	name		50001c48
OBJ 50000780 (sz=32, trace=300104, class=java.util.HashMap$Node@500000ca)
	key		50001c48
	value		5000077f
OBJ 50000781 (sz=16, trace=300385, class=java.text.AttributedCharacterIterator$Attribute@50000778)
	name		50001c49
OBJ 50000782 (sz=32, trace=300144, class=java.util.HashMap$Node@500000ca)
	key		50001c49
	value		50000781
OBJ 50000783 (sz=16, trace=300386, class=java.text.MessageFormat$Field@5000077a)
	name		50001c46
OBJ 50000784 (sz=24, trace=300377, class=java.lang.String@50000174)
ARR 50000785 (sz=152, trace=300378, nelems=0, elem type=char[])
ARR 50000786 (sz=176, trace=300387, nelems=0, elem type=char[])
ARR 50000787 (sz=336, trace=300387, nelems=0, elem type=char[])
OBJ 50000788 (sz=24, trace=300388, class=java.lang.String@50000174)
ARR 50000789 (sz=208, trace=300389, nelems=0, elem type=char[])
ARR 5000078a (sz=656, trace=300387, nelems=0, elem type=char[])
ARR 5000078b (sz=368, trace=300390, nelems=0, elem type=char[])
OBJ 5000078c (sz=24, trace=300391, class=java.lang.String@50000174)
ARR 5000078d (sz=368, trace=300010, nelems=0, elem type=char[])
ARR 5000078e (sz=24, trace=300392, nelems=0, elem type=java.lang.Object[]@5000010e)
OBJ 5000078f (sz=40, trace=300349, class=java.text.MessageFormat@5000073e)
ARR 50000790 (sz=56, trace=300393, nelems=0, elem type=java.text.Format[]@50000744)
ARR 50000791 (sz=56, trace=300394, nelems=0, elem type=int[])
ARR 50000792 (sz=56, trace=300395, nelems=0, elem type=int[])
ARR 50000793 (sz=32, trace=300363, nelems=0, elem type=java.lang.StringBuilder[]@50000759)
OBJ 50000794 (sz=24, trace=300364, class=java.lang.StringBuilder@50000127)
ARR 50000795 (sz=48, trace=300365, nelems=0, elem type=char[])
OBJ 50000796 (sz=24, trace=300366, class=java.lang.StringBuilder@50000127)
ARR 50000797 (sz=48, trace=300367, nelems=0, elem type=char[])
ARR 50000798 (sz=32, trace=300368, nelems=0, elem type=java.lang.String[]@500000ce)
OBJ 50000799 (sz=24, trace=300369, class=java.lang.String@50000174)
ARR 5000079a (sz=32, trace=300370, nelems=0, elem type=char[])
OBJ 5000079b (sz=24, trace=300369, class=java.lang.String@50000174)
ARR 5000079c (sz=24, trace=300370, nelems=0, elem type=char[])
OBJ 5000079d (sz=24, trace=300366, class=java.lang.StringBuilder@50000127)
ARR 5000079e (sz=48, trace=300367, nelems=0, elem type=char[])
ARR 5000079f (sz=32, trace=300368, nelems=0, elem type=java.lang.String[]@500000ce)
OBJ 500007a0 (sz=24, trace=300369, class=java.lang.String@50000174)
ARR 500007a1 (sz=48, trace=300370, nelems=0, elem type=char[])
OBJ 500007a2 (sz=24, trace=300369, class=java.lang.String@50000174)
ARR 500007a3 (sz=24, trace=300370, nelems=0, elem type=char[])
ARR 500007a4 (sz=88, trace=300108, nelems=0, elem type=char[])
ARR 500007a5 (sz=160, trace=300108, nelems=0, elem type=char[])
OBJ 500007a6 (sz=24, trace=300371, class=java.lang.String@50000174)
ARR 500007a7 (sz=104, trace=300372, nelems=0, elem type=char[])
OBJ 500007a8 (sz=24, trace=300373, class=java.lang.StringBuffer@50000128)
ARR 500007a9 (sz=48, trace=300374, nelems=0, elem type=char[])
OBJ 500007aa (sz=32, trace=300376, class=java.text.FieldPosition@50000773)
OBJ 500007ab (sz=24, trace=300377, class=java.lang.String@50000174)
ARR 500007ac (sz=32, trace=300378, nelems=0, elem type=char[])
OBJ 500007b3 (sz=72, trace=300400, class=sun.util.locale.provider.JRELocaleProviderAdapter@500007b2)
	langtagSets	500007b4
	localeResourcesMap	500007b5
	localeData	500009f0
	decimalFormatSymbolsProvider	50000a6f
	numberFormatProvider	50000998
	currencyNameProvider	50000d5a
OBJ 500007b4 (sz=64, trace=300401, class=java.util.concurrent.ConcurrentHashMap@50000028)
	table		50000996
OBJ 500007b5 (sz=64, trace=300402, class=java.util.concurrent.ConcurrentHashMap@50000028)
	table		500009f1
OBJ 500007b9 (sz=16, trace=300405, class=sun.util.locale.provider.AuxLocaleProviderAdapter$NullProvider@500007b8)
OBJ 500007ba (sz=16, trace=300406, class=sun.util.locale.provider.SPILocaleProviderAdapter@500007b7)
	providersMap	500007bb
OBJ 500007bb (sz=64, trace=300407, class=java.util.concurrent.ConcurrentHashMap@50000028)
	table		50000d72
OBJ 500007bc (sz=64, trace=300408, class=java.util.concurrent.ConcurrentHashMap@50000028)
	table		500007ca
OBJ 500007bd (sz=24, trace=300409, class=sun.security.action.GetPropertyAction@50000076)
OBJ 500007be (sz=24, trace=300410, class=java.util.ArrayList@500000e3)
	elementData	500007c7
OBJ 500007c0 (sz=32, trace=300412, class=sun.util.locale.provider.LocaleProviderAdapter$Type@500007bf)
	name		50001c52
	UTIL_RESOURCES_PACKAGE	50001c53
	TEXT_RESOURCES_PACKAGE	50001c54
OBJ 500007c1 (sz=32, trace=300413, class=sun.util.locale.provider.LocaleProviderAdapter$Type@500007bf)
	name		50001c55
	UTIL_RESOURCES_PACKAGE	50001c56
	TEXT_RESOURCES_PACKAGE	50001c57
OBJ 500007c2 (sz=32, trace=300414, class=sun.util.locale.provider.LocaleProviderAdapter$Type@500007bf)
	name		50001c50
OBJ 500007c3 (sz=32, trace=300415, class=sun.util.locale.provider.LocaleProviderAdapter$Type@500007bf)
	name		50001c58
OBJ 500007c4 (sz=32, trace=300416, class=sun.util.locale.provider.LocaleProviderAdapter$Type@500007bf)
	name		50001c59
	UTIL_RESOURCES_PACKAGE	50001c53
	TEXT_RESOURCES_PACKAGE	50001c54
ARR 500007c6 (sz=40, trace=300417, nelems=5, elem type=sun.util.locale.provider.LocaleProviderAdapter$Type[]@500007c5)
	[0]		500007c0
	[1]		500007c1
	[2]		500007c2
	[3]		500007c3
	[4]		500007c4
ARR 500007c7 (sz=56, trace=300140, nelems=2, elem type=java.lang.Object[]@5000010e)
	[0]		500007c0
	[1]		500007c2
OBJ 500007c8 (sz=24, trace=300254, class=java.util.Collections$UnmodifiableRandomAccessList@500000d9)
	c		500007be
	list		500007be
OBJ 500007c9 (sz=64, trace=300418, class=java.util.concurrent.ConcurrentHashMap@50000028)
	table		500009e7
ARR 500007ca (sz=80, trace=300419, nelems=5, elem type=java.util.concurrent.ConcurrentHashMap$Node[]@50000020)
	[3]		50000a69
	[4]		500007cb
OBJ 500007cb (sz=32, trace=300420, class=java.util.concurrent.ConcurrentHashMap$Node@50000021)
	key		500007af
	val		500007c9
OBJ 500007cd (sz=24, trace=300422, class=java.util.Collections$UnmodifiableCollection$1@500007cc)
OBJ 500007cf (sz=32, trace=300424, class=java.util.ArrayList$Itr@500007ce)
ARR 500007d1 (sz=20, trace=300426, nelems=5, elem type=int[])
OBJ 500007d2 (sz=24, trace=300427, class=java.lang.String@50000174)
ARR 500007d3 (sz=56, trace=300428, nelems=0, elem type=char[])
OBJ 500007d7 (sz=48, trace=300431, class=java.util.HashMap@500000cc)
	table		500007e0
ARR 500007d8 (sz=48, trace=300432, nelems=0, elem type=java.util.HashMap$Node[]@500000c8)
OBJ 500007d9 (sz=32, trace=300104, class=java.util.HashMap$Node@500000ca)
	key		50001c62
	value		50001e83
	next		500007da
OBJ 500007da (sz=32, trace=300144, class=java.util.HashMap$Node@500000ca)
	key		50001e84
	value		50001e85
	next		500007e1
OBJ 500007db (sz=32, trace=300104, class=java.util.HashMap$Node@500000ca)
	key		50001e86
	value		50001e87
	next		500007dd
OBJ 500007dc (sz=32, trace=300144, class=java.util.HashMap$Node@500000ca)
	key		50001e88
	value		50001e87
OBJ 500007dd (sz=32, trace=300144, class=java.util.HashMap$Node@500000ca)
	key		50001e89
	value		50001e8a
OBJ 500007de (sz=32, trace=300104, class=java.util.HashMap$Node@500000ca)
	key		50001e8b
	value		50001e8c
OBJ 500007df (sz=32, trace=300104, class=java.util.HashMap$Node@500000ca)
	key		50001c64
	value		50001e8d
ARR 500007e0 (sz=80, trace=300433, nelems=10, elem type=java.util.HashMap$Node[]@500000c8)
	[1]		500007dc
	[3]		500007df
	[4]		500007e2
	[6]		500007d9
	[7]		500007de
	[9]		500007db
OBJ 500007e1 (sz=32, trace=300144, class=java.util.HashMap$Node@500000ca)
	key		50001e8e
	value		50001e8f
OBJ 500007e2 (sz=32, trace=300104, class=java.util.HashMap$Node@500000ca)
	key		50001e90
	value		50001e91
OBJ 500007e3 (sz=16, trace=300434, class=java.util.HashSet@50000005)
	map		500007e4
OBJ 500007e4 (sz=48, trace=300435, class=java.util.HashMap@500000cc)
	table		5000091d
OBJ 500007e5 (sz=48, trace=300436, class=java.util.StringTokenizer@50000040)
OBJ 500007e6 (sz=24, trace=300437, class=java.lang.String@50000174)
	value		500007e7
ARR 500007e7 (sz=4, trace=300438, nelems=2, elem type=char[])
ARR 500007e8 (sz=80, trace=300103, nelems=0, elem type=java.util.HashMap$Node[]@500000c8)
OBJ 500007e9 (sz=32, trace=300104, class=java.util.HashMap$Node@500000ca)
	key		500007e6
	value		50001048
OBJ 500007ea (sz=24, trace=300437, class=java.lang.String@50000174)
	value		500007eb
ARR 500007eb (sz=10, trace=300438, nelems=5, elem type=char[])
OBJ 500007ec (sz=32, trace=300144, class=java.util.HashMap$Node@500000ca)
	key		500007ea
	value		50001048
	next		50000824
OBJ 500007ed (sz=24, trace=300437, class=java.lang.String@50000174)
	value		500007ee
ARR 500007ee (sz=10, trace=300438, nelems=5, elem type=char[])
OBJ 500007ef (sz=32, trace=300104, class=java.util.HashMap$Node@500000ca)
	key		500007ed
	value		50001048
	next		500008a7
OBJ 500007f0 (sz=24, trace=300437, class=java.lang.String@50000174)
	value		500007f1
ARR 500007f1 (sz=10, trace=300438, nelems=5, elem type=char[])
OBJ 500007f2 (sz=32, trace=300104, class=java.util.HashMap$Node@500000ca)
	key		500007f0
	value		50001048
	next		50000916
OBJ 500007f3 (sz=24, trace=300437, class=java.lang.String@50000174)
	value		500007f4
ARR 500007f4 (sz=10, trace=300438, nelems=5, elem type=char[])
OBJ 500007f5 (sz=32, trace=300104, class=java.util.HashMap$Node@500000ca)
	key		500007f3
	value		50001048
OBJ 500007f6 (sz=24, trace=300437, class=java.lang.String@50000174)
	value		500007f7
ARR 500007f7 (sz=10, trace=300438, nelems=5, elem type=char[])
OBJ 500007f8 (sz=32, trace=300104, class=java.util.HashMap$Node@500000ca)
	key		500007f6
	value		50001048
	next		50000867
OBJ 500007f9 (sz=24, trace=300437, class=java.lang.String@50000174)
	value		500007fa
ARR 500007fa (sz=10, trace=300438, nelems=5, elem type=char[])
OBJ 500007fb (sz=32, trace=300104, class=java.util.HashMap$Node@500000ca)
	key		500007f9
	value		50001048
	next		500008fe
OBJ 500007fc (sz=24, trace=300437, class=java.lang.String@50000174)
	value		500007fd
ARR 500007fd (sz=10, trace=300438, nelems=5, elem type=char[])
OBJ 500007fe (sz=32, trace=300144, class=java.util.HashMap$Node@500000ca)
	key		500007fc
	value		50001048
OBJ 500007ff (sz=24, trace=300437, class=java.lang.String@50000174)
	value		50000800
ARR 50000800 (sz=10, trace=300438, nelems=5, elem type=char[])
OBJ 50000801 (sz=32, trace=300104, class=java.util.HashMap$Node@500000ca)
	key		500007ff
	value		50001048
OBJ 50000802 (sz=24, trace=300437, class=java.lang.String@50000174)
	value		50000803
ARR 50000803 (sz=10, trace=300438, nelems=5, elem type=char[])
OBJ 50000804 (sz=32, trace=300144, class=java.util.HashMap$Node@500000ca)
	key		50000802
	value		50001048
	next		500008d4
OBJ 50000805 (sz=24, trace=300437, class=java.lang.String@50000174)
	value		50000806
ARR 50000806 (sz=10, trace=300438, nelems=5, elem type=char[])
OBJ 50000807 (sz=32, trace=300144, class=java.util.HashMap$Node@500000ca)
	key		50000805
	value		50001048
OBJ 50000808 (sz=24, trace=300437, class=java.lang.String@50000174)
	value		50000809
ARR 50000809 (sz=10, trace=300438, nelems=5, elem type=char[])
OBJ 5000080a (sz=32, trace=300144, class=java.util.HashMap$Node@500000ca)
	key		50000808
	value		50001048
	next		500008c5
OBJ 5000080b (sz=24, trace=300437, class=java.lang.String@50000174)
ARR 5000080c (sz=24, trace=300438, nelems=0, elem type=char[])
OBJ 5000080d (sz=24, trace=300439, class=java.lang.StringBuilder@50000127)
ARR 5000080e (sz=48, trace=300440, nelems=0, elem type=char[])
OBJ 5000080f (sz=24, trace=300441, class=sun.security.action.GetPropertyAction@50000076)
ARR 50000810 (sz=88, trace=300010, nelems=0, elem type=char[])
ARR 50000811 (sz=160, trace=300010, nelems=0, elem type=char[])
OBJ 50000812 (sz=24, trace=300442, class=java.lang.String@50000174)
ARR 50000813 (sz=128, trace=300443, nelems=0, elem type=char[])
OBJ 50000814 (sz=32, trace=300444, class=java.io.File@50000121)
OBJ 50000816 (sz=16, trace=300446, class=sun.util.locale.provider.JRELocaleProviderAdapter$1@50000815)
ARR 50000817 (sz=184, trace=300053, nelems=0, elem type=byte[])
ARR 50000818 (sz=72, trace=300054, nelems=0, elem type=byte[])
OBJ 50000819 (sz=24, trace=300055, class=java.lang.String@50000174)
ARR 5000081a (sz=48, trace=300056, nelems=0, elem type=char[])
OBJ 5000081b (sz=24, trace=300437, class=java.lang.String@50000174)
	value		5000081c
ARR 5000081c (sz=4, trace=300438, nelems=2, elem type=char[])
OBJ 5000081d (sz=32, trace=300144, class=java.util.HashMap$Node@500000ca)
	key		5000081b
	value		50001048
	next		5000092c
ARR 5000081e (sz=144, trace=300447, nelems=0, elem type=java.util.HashMap$Node[]@500000c8)
OBJ 5000081f (sz=24, trace=300437, class=java.lang.String@50000174)
	value		50000820
ARR 50000820 (sz=10, trace=300438, nelems=5, elem type=char[])
OBJ 50000821 (sz=32, trace=300144, class=java.util.HashMap$Node@500000ca)
	key		5000081f
	value		50001048
	next		5000089e
OBJ 50000822 (sz=24, trace=300437, class=java.lang.String@50000174)
	value		50000823
ARR 50000823 (sz=10, trace=300438, nelems=5, elem type=char[])
OBJ 50000824 (sz=32, trace=300144, class=java.util.HashMap$Node@500000ca)
	key		50000822
	value		50001048
OBJ 50000825 (sz=24, trace=300437, class=java.lang.String@50000174)
	value		50000826
ARR 50000826 (sz=10, trace=300438, nelems=5, elem type=char[])
OBJ 50000827 (sz=32, trace=300144, class=java.util.HashMap$Node@500000ca)
	key		50000825
	value		50001048
OBJ 50000828 (sz=24, trace=300437, class=java.lang.String@50000174)
	value		50000829
ARR 50000829 (sz=4, trace=300438, nelems=2, elem type=char[])
OBJ 5000082a (sz=32, trace=300144, class=java.util.HashMap$Node@500000ca)
	key		50000828
	value		50001048
	next		500008c8
OBJ 5000082b (sz=24, trace=300437, class=java.lang.String@50000174)
	value		5000082c
ARR 5000082c (sz=10, trace=300438, nelems=5, elem type=char[])
OBJ 5000082d (sz=32, trace=300104, class=java.util.HashMap$Node@500000ca)
	key		5000082b
	value		50001048
OBJ 5000082e (sz=24, trace=300437, class=java.lang.String@50000174)
	value		5000082f
ARR 5000082f (sz=4, trace=300438, nelems=2, elem type=char[])
OBJ 50000830 (sz=32, trace=300104, class=java.util.HashMap$Node@500000ca)
	key		5000082e
	value		50001048
	next		5000088f
OBJ 50000831 (sz=24, trace=300437, class=java.lang.String@50000174)
	value		50000832
ARR 50000832 (sz=10, trace=300438, nelems=5, elem type=char[])
OBJ 50000833 (sz=32, trace=300144, class=java.util.HashMap$Node@500000ca)
	key		50000831
	value		50001048
	next		5000094a
OBJ 50000834 (sz=24, trace=300437, class=java.lang.String@50000174)
	value		50000835
ARR 50000835 (sz=4, trace=300438, nelems=2, elem type=char[])
OBJ 50000836 (sz=32, trace=300144, class=java.util.HashMap$Node@500000ca)
	key		50000834
	value		50001048
	next		50000950
OBJ 50000837 (sz=24, trace=300437, class=java.lang.String@50000174)
	value		50000838
ARR 50000838 (sz=10, trace=300438, nelems=5, elem type=char[])
OBJ 50000839 (sz=32, trace=300104, class=java.util.HashMap$Node@500000ca)
	key		50000837
	value		50001048
	next		50000852
OBJ 5000083a (sz=24, trace=300437, class=java.lang.String@50000174)
	value		5000083b
ARR 5000083b (sz=4, trace=300438, nelems=2, elem type=char[])
OBJ 5000083c (sz=32, trace=300104, class=java.util.HashMap$Node@500000ca)
	key		5000083a
	value		50001048
OBJ 5000083d (sz=24, trace=300437, class=java.lang.String@50000174)
	value		5000083e
ARR 5000083e (sz=10, trace=300438, nelems=5, elem type=char[])
OBJ 5000083f (sz=32, trace=300104, class=java.util.HashMap$Node@500000ca)
	key		5000083d
	value		50001048
OBJ 50000840 (sz=24, trace=300437, class=java.lang.String@50000174)
	value		50000841
ARR 50000841 (sz=4, trace=300438, nelems=2, elem type=char[])
OBJ 50000842 (sz=32, trace=300144, class=java.util.HashMap$Node@500000ca)
	key		50000840
	value		50001048
ARR 50000843 (sz=272, trace=300447, nelems=0, elem type=java.util.HashMap$Node[]@500000c8)
OBJ 50000844 (sz=24, trace=300437, class=java.lang.String@50000174)
	value		50000845
ARR 50000845 (sz=10, trace=300438, nelems=5, elem type=char[])
OBJ 50000846 (sz=32, trace=300104, class=java.util.HashMap$Node@500000ca)
	key		50000844
	value		50001048
OBJ 50000847 (sz=24, trace=300437, class=java.lang.String@50000174)
	value		50000848
ARR 50000848 (sz=4, trace=300438, nelems=2, elem type=char[])
OBJ 50000849 (sz=32, trace=300144, class=java.util.HashMap$Node@500000ca)
	key		50000847
	value		50001048
	next		50000980
OBJ 5000084a (sz=24, trace=300437, class=java.lang.String@50000174)
	value		5000084b
ARR 5000084b (sz=10, trace=300438, nelems=5, elem type=char[])
OBJ 5000084c (sz=32, trace=300104, class=java.util.HashMap$Node@500000ca)
	key		5000084a
	value		50001048
OBJ 5000084d (sz=24, trace=300437, class=java.lang.String@50000174)
	value		5000084e
ARR 5000084e (sz=10, trace=300438, nelems=5, elem type=char[])
OBJ 5000084f (sz=32, trace=300144, class=java.util.HashMap$Node@500000ca)
	key		5000084d
	value		50001048
	next		500008ef
OBJ 50000850 (sz=24, trace=300437, class=java.lang.String@50000174)
	value		50000851
ARR 50000851 (sz=10, trace=300438, nelems=5, elem type=char[])
OBJ 50000852 (sz=32, trace=300144, class=java.util.HashMap$Node@500000ca)
	key		50000850
	value		50001048
OBJ 50000853 (sz=24, trace=300437, class=java.lang.String@50000174)
	value		50000854
ARR 50000854 (sz=10, trace=300438, nelems=5, elem type=char[])
OBJ 50000855 (sz=32, trace=300144, class=java.util.HashMap$Node@500000ca)
	key		50000853
	value		50001048
OBJ 50000856 (sz=24, trace=300437, class=java.lang.String@50000174)
	value		50000857
ARR 50000857 (sz=4, trace=300438, nelems=2, elem type=char[])
OBJ 50000858 (sz=32, trace=300104, class=java.util.HashMap$Node@500000ca)
	key		50000856
	value		50001048
	next		50000910
OBJ 50000859 (sz=24, trace=300437, class=java.lang.String@50000174)
	value		5000085a
ARR 5000085a (sz=10, trace=300438, nelems=5, elem type=char[])
OBJ 5000085b (sz=32, trace=300144, class=java.util.HashMap$Node@500000ca)
	key		50000859
	value		50001048
OBJ 5000085c (sz=24, trace=300437, class=java.lang.String@50000174)
	value		5000085d
ARR 5000085d (sz=10, trace=300438, nelems=5, elem type=char[])
OBJ 5000085e (sz=32, trace=300144, class=java.util.HashMap$Node@500000ca)
	key		5000085c
	value		50001048
OBJ 5000085f (sz=24, trace=300437, class=java.lang.String@50000174)
	value		50000860
ARR 50000860 (sz=4, trace=300438, nelems=2, elem type=char[])
OBJ 50000861 (sz=32, trace=300104, class=java.util.HashMap$Node@500000ca)
	key		5000085f
	value		50001048
OBJ 50000862 (sz=24, trace=300437, class=java.lang.String@50000174)
	value		50000863
ARR 50000863 (sz=10, trace=300438, nelems=5, elem type=char[])
OBJ 50000864 (sz=32, trace=300104, class=java.util.HashMap$Node@500000ca)
	key		50000862
	value		50001048
	next		50000971
OBJ 50000865 (sz=24, trace=300437, class=java.lang.String@50000174)
	value		50000866
ARR 50000866 (sz=10, trace=300438, nelems=5, elem type=char[])
OBJ 50000867 (sz=32, trace=300144, class=java.util.HashMap$Node@500000ca)
	key		50000865
	value		50001048
OBJ 50000868 (sz=24, trace=300437, class=java.lang.String@50000174)
	value		50000869
ARR 50000869 (sz=10, trace=300438, nelems=5, elem type=char[])
OBJ 5000086a (sz=32, trace=300104, class=java.util.HashMap$Node@500000ca)
	key		50000868
	value		50001048
OBJ 5000086b (sz=24, trace=300437, class=java.lang.String@50000174)
	value		5000086c
ARR 5000086c (sz=10, trace=300438, nelems=5, elem type=char[])
OBJ 5000086d (sz=32, trace=300104, class=java.util.HashMap$Node@500000ca)
	key		5000086b
	value		50001048
OBJ 5000086e (sz=24, trace=300437, class=java.lang.String@50000174)
	value		5000086f
ARR 5000086f (sz=10, trace=300438, nelems=5, elem type=char[])
OBJ 50000870 (sz=32, trace=300144, class=java.util.HashMap$Node@500000ca)
	key		5000086e
	value		50001048
	next		500008d7
OBJ 50000871 (sz=24, trace=300437, class=java.lang.String@50000174)
	value		50000872
ARR 50000872 (sz=10, trace=300438, nelems=5, elem type=char[])
OBJ 50000873 (sz=32, trace=300104, class=java.util.HashMap$Node@500000ca)
	key		50000871
	value		50001048
OBJ 50000874 (sz=24, trace=300437, class=java.lang.String@50000174)
	value		50000875
ARR 50000875 (sz=10, trace=300438, nelems=5, elem type=char[])
OBJ 50000876 (sz=32, trace=300144, class=java.util.HashMap$Node@500000ca)
	key		50000874
	value		50001048
	next		50000898
OBJ 50000877 (sz=24, trace=300437, class=java.lang.String@50000174)
	value		50000878
ARR 50000878 (sz=10, trace=300438, nelems=5, elem type=char[])
OBJ 50000879 (sz=32, trace=300144, class=java.util.HashMap$Node@500000ca)
	key		50000877
	value		50001048
OBJ 5000087a (sz=24, trace=300437, class=java.lang.String@50000174)
	value		5000087b
ARR 5000087b (sz=10, trace=300438, nelems=5, elem type=char[])
OBJ 5000087c (sz=32, trace=300104, class=java.util.HashMap$Node@500000ca)
	key		5000087a
	value		50001048
OBJ 5000087d (sz=24, trace=300437, class=java.lang.String@50000174)
	value		5000087e
ARR 5000087e (sz=10, trace=300438, nelems=5, elem type=char[])
OBJ 5000087f (sz=32, trace=300144, class=java.util.HashMap$Node@500000ca)
	key		5000087d
	value		50001048
OBJ 50000880 (sz=24, trace=300437, class=java.lang.String@50000174)
	value		50000881
ARR 50000881 (sz=10, trace=300438, nelems=5, elem type=char[])
OBJ 50000882 (sz=32, trace=300144, class=java.util.HashMap$Node@500000ca)
	key		50000880
	value		50001048
	next		5000095f
OBJ 50000883 (sz=24, trace=300437, class=java.lang.String@50000174)
	value		50000884
ARR 50000884 (sz=10, trace=300438, nelems=5, elem type=char[])
OBJ 50000885 (sz=32, trace=300144, class=java.util.HashMap$Node@500000ca)
	key		50000883
	value		50001048
OBJ 50000886 (sz=24, trace=300437, class=java.lang.String@50000174)
	value		50000887
ARR 50000887 (sz=10, trace=300438, nelems=5, elem type=char[])
OBJ 50000888 (sz=32, trace=300144, class=java.util.HashMap$Node@500000ca)
	key		50000886
	value		50001048
	next		5000093b
OBJ 50000889 (sz=24, trace=300437, class=java.lang.String@50000174)
	value		5000088a
ARR 5000088a (sz=10, trace=300438, nelems=5, elem type=char[])
OBJ 5000088b (sz=32, trace=300144, class=java.util.HashMap$Node@500000ca)
	key		50000889
	value		50001048
ARR 5000088c (sz=528, trace=300447, nelems=0, elem type=java.util.HashMap$Node[]@500000c8)
OBJ 5000088d (sz=24, trace=300437, class=java.lang.String@50000174)
	value		5000088e
ARR 5000088e (sz=10, trace=300438, nelems=5, elem type=char[])
OBJ 5000088f (sz=32, trace=300144, class=java.util.HashMap$Node@500000ca)
	key		5000088d
	value		50001048
OBJ 50000890 (sz=24, trace=300437, class=java.lang.String@50000174)
	value		50000891
ARR 50000891 (sz=10, trace=300438, nelems=5, elem type=char[])
OBJ 50000892 (sz=32, trace=300104, class=java.util.HashMap$Node@500000ca)
	key		50000890
	value		50001048
OBJ 50000893 (sz=24, trace=300437, class=java.lang.String@50000174)
	value		50000894
ARR 50000894 (sz=10, trace=300438, nelems=5, elem type=char[])
OBJ 50000895 (sz=32, trace=300104, class=java.util.HashMap$Node@500000ca)
	key		50000893
	value		50001048
OBJ 50000896 (sz=24, trace=300437, class=java.lang.String@50000174)
	value		50000897
ARR 50000897 (sz=10, trace=300438, nelems=5, elem type=char[])
OBJ 50000898 (sz=32, trace=300144, class=java.util.HashMap$Node@500000ca)
	key		50000896
	value		50001048
OBJ 50000899 (sz=24, trace=300437, class=java.lang.String@50000174)
	value		5000089a
ARR 5000089a (sz=10, trace=300438, nelems=5, elem type=char[])
OBJ 5000089b (sz=32, trace=300104, class=java.util.HashMap$Node@500000ca)
	key		50000899
	value		50001048
OBJ 5000089c (sz=24, trace=300437, class=java.lang.String@50000174)
	value		5000089d
ARR 5000089d (sz=10, trace=300438, nelems=5, elem type=char[])
OBJ 5000089e (sz=32, trace=300144, class=java.util.HashMap$Node@500000ca)
	key		5000089c
	value		50001048
OBJ 5000089f (sz=24, trace=300437, class=java.lang.String@50000174)
	value		500008a0
ARR 500008a0 (sz=4, trace=300438, nelems=2, elem type=char[])
OBJ 500008a1 (sz=32, trace=300144, class=java.util.HashMap$Node@500000ca)
	key		5000089f
	value		50001048
OBJ 500008a2 (sz=24, trace=300437, class=java.lang.String@50000174)
	value		500008a3
ARR 500008a3 (sz=10, trace=300438, nelems=5, elem type=char[])
OBJ 500008a4 (sz=32, trace=300104, class=java.util.HashMap$Node@500000ca)
	key		500008a2
	value		50001048
	next		500008e0
OBJ 500008a5 (sz=24, trace=300437, class=java.lang.String@50000174)
	value		500008a6
ARR 500008a6 (sz=4, trace=300438, nelems=2, elem type=char[])
OBJ 500008a7 (sz=32, trace=300144, class=java.util.HashMap$Node@500000ca)
	key		500008a5
	value		50001048
OBJ 500008a8 (sz=24, trace=300437, class=java.lang.String@50000174)
	value		500008a9
ARR 500008a9 (sz=10, trace=300438, nelems=5, elem type=char[])
OBJ 500008aa (sz=32, trace=300104, class=java.util.HashMap$Node@500000ca)
	key		500008a8
	value		50001048
OBJ 500008ab (sz=24, trace=300437, class=java.lang.String@50000174)
	value		500008ac
ARR 500008ac (sz=4, trace=300438, nelems=2, elem type=char[])
OBJ 500008ad (sz=32, trace=300144, class=java.util.HashMap$Node@500000ca)
	key		500008ab
	value		50001048
	next		5000094d
OBJ 500008ae (sz=24, trace=300437, class=java.lang.String@50000174)
	value		500008af
ARR 500008af (sz=10, trace=300438, nelems=5, elem type=char[])
OBJ 500008b0 (sz=32, trace=300104, class=java.util.HashMap$Node@500000ca)
	key		500008ae
	value		50001048
OBJ 500008b1 (sz=24, trace=300437, class=java.lang.String@50000174)
	value		500008b2
ARR 500008b2 (sz=10, trace=300438, nelems=5, elem type=char[])
OBJ 500008b3 (sz=32, trace=300144, class=java.util.HashMap$Node@500000ca)
	key		500008b1
	value		50001048
	next		500008e6
OBJ 500008b4 (sz=24, trace=300437, class=java.lang.String@50000174)
	value		500008b5
ARR 500008b5 (sz=10, trace=300438, nelems=5, elem type=char[])
OBJ 500008b6 (sz=32, trace=300104, class=java.util.HashMap$Node@500000ca)
	key		500008b4
	value		50001048
OBJ 500008b7 (sz=24, trace=300437, class=java.lang.String@50000174)
	value		500008b8
ARR 500008b8 (sz=10, trace=300438, nelems=5, elem type=char[])
OBJ 500008b9 (sz=32, trace=300104, class=java.util.HashMap$Node@500000ca)
	key		500008b7
	value		50001048
OBJ 500008ba (sz=24, trace=300437, class=java.lang.String@50000174)
	value		500008bb
ARR 500008bb (sz=4, trace=300438, nelems=2, elem type=char[])
OBJ 500008bc (sz=32, trace=300104, class=java.util.HashMap$Node@500000ca)
	key		500008ba
	value		50001048
OBJ 500008bd (sz=24, trace=300437, class=java.lang.String@50000174)
	value		500008be
ARR 500008be (sz=10, trace=300438, nelems=5, elem type=char[])
OBJ 500008bf (sz=32, trace=300104, class=java.util.HashMap$Node@500000ca)
	key		500008bd
	value		50001048
	next		500008ec
OBJ 500008c0 (sz=24, trace=300437, class=java.lang.String@50000174)
	value		500008c1
ARR 500008c1 (sz=10, trace=300438, nelems=5, elem type=char[])
OBJ 500008c2 (sz=32, trace=300104, class=java.util.HashMap$Node@500000ca)
	key		500008c0
	value		50001048
OBJ 500008c3 (sz=24, trace=300437, class=java.lang.String@50000174)
	value		500008c4
ARR 500008c4 (sz=4, trace=300438, nelems=2, elem type=char[])
OBJ 500008c5 (sz=32, trace=300144, class=java.util.HashMap$Node@500000ca)
	key		500008c3
	value		50001048
OBJ 500008c6 (sz=24, trace=300437, class=java.lang.String@50000174)
	value		500008c7
ARR 500008c7 (sz=10, trace=300438, nelems=5, elem type=char[])
OBJ 500008c8 (sz=32, trace=300144, class=java.util.HashMap$Node@500000ca)
	key		500008c6
	value		50001048
	next		5000093e
OBJ 500008c9 (sz=24, trace=300437, class=java.lang.String@50000174)
	value		500008ca
ARR 500008ca (sz=4, trace=300438, nelems=2, elem type=char[])
OBJ 500008cb (sz=32, trace=300104, class=java.util.HashMap$Node@500000ca)
	key		500008c9
	value		50001048
OBJ 500008cc (sz=24, trace=300437, class=java.lang.String@50000174)
	value		500008cd
ARR 500008cd (sz=10, trace=300438, nelems=5, elem type=char[])
OBJ 500008ce (sz=32, trace=300104, class=java.util.HashMap$Node@500000ca)
	key		500008cc
	value		50001048
OBJ 500008cf (sz=24, trace=300437, class=java.lang.String@50000174)
	value		500008d0
ARR 500008d0 (sz=4, trace=300438, nelems=2, elem type=char[])
OBJ 500008d1 (sz=32, trace=300104, class=java.util.HashMap$Node@500000ca)
	key		500008cf
	value		50001048
OBJ 500008d2 (sz=24, trace=300437, class=java.lang.String@50000174)
	value		500008d3
ARR 500008d3 (sz=10, trace=300438, nelems=5, elem type=char[])
OBJ 500008d4 (sz=32, trace=300144, class=java.util.HashMap$Node@500000ca)
	key		500008d2
	value		50001048
OBJ 500008d5 (sz=24, trace=300437, class=java.lang.String@50000174)
	value		500008d6
ARR 500008d6 (sz=4, trace=300438, nelems=2, elem type=char[])
OBJ 500008d7 (sz=32, trace=300144, class=java.util.HashMap$Node@500000ca)
	key		500008d5
	value		50001048
OBJ 500008d8 (sz=24, trace=300437, class=java.lang.String@50000174)
	value		500008d9
ARR 500008d9 (sz=10, trace=300438, nelems=5, elem type=char[])
OBJ 500008da (sz=32, trace=300104, class=java.util.HashMap$Node@500000ca)
	key		500008d8
	value		50001048
OBJ 500008db (sz=24, trace=300437, class=java.lang.String@50000174)
	value		500008dc
ARR 500008dc (sz=4, trace=300438, nelems=2, elem type=char[])
OBJ 500008dd (sz=32, trace=300104, class=java.util.HashMap$Node@500000ca)
	key		500008db
	value		50001048
OBJ 500008de (sz=24, trace=300437, class=java.lang.String@50000174)
	value		500008df
ARR 500008df (sz=10, trace=300438, nelems=5, elem type=char[])
OBJ 500008e0 (sz=32, trace=300144, class=java.util.HashMap$Node@500000ca)
	key		500008de
	value		50001048
	next		5000097a
OBJ 500008e1 (sz=24, trace=300437, class=java.lang.String@50000174)
	value		500008e2
ARR 500008e2 (sz=10, trace=300438, nelems=5, elem type=char[])
OBJ 500008e3 (sz=32, trace=300144, class=java.util.HashMap$Node@500000ca)
	key		500008e1
	value		50001048
OBJ 500008e4 (sz=24, trace=300437, class=java.lang.String@50000174)
	value		500008e5
ARR 500008e5 (sz=4, trace=300438, nelems=2, elem type=char[])
OBJ 500008e6 (sz=32, trace=300144, class=java.util.HashMap$Node@500000ca)
	key		500008e4
	value		50001048
	next		50000989
OBJ 500008e7 (sz=24, trace=300437, class=java.lang.String@50000174)
	value		500008e8
ARR 500008e8 (sz=10, trace=300438, nelems=5, elem type=char[])
OBJ 500008e9 (sz=32, trace=300144, class=java.util.HashMap$Node@500000ca)
	key		500008e7
	value		50001048
OBJ 500008ea (sz=24, trace=300437, class=java.lang.String@50000174)
	value		500008eb
ARR 500008eb (sz=4, trace=300438, nelems=2, elem type=char[])
OBJ 500008ec (sz=32, trace=300144, class=java.util.HashMap$Node@500000ca)
	key		500008ea
	value		50001048
OBJ 500008ed (sz=24, trace=300437, class=java.lang.String@50000174)
	value		500008ee
ARR 500008ee (sz=10, trace=300438, nelems=5, elem type=char[])
OBJ 500008ef (sz=32, trace=300144, class=java.util.HashMap$Node@500000ca)
	key		500008ed
	value		50001048
	next		50000904
OBJ 500008f0 (sz=24, trace=300437, class=java.lang.String@50000174)
	value		500008f1
ARR 500008f1 (sz=4, trace=300438, nelems=2, elem type=char[])
OBJ 500008f2 (sz=32, trace=300104, class=java.util.HashMap$Node@500000ca)
	key		500008f0
	value		50001048
OBJ 500008f3 (sz=24, trace=300437, class=java.lang.String@50000174)
	value		500008f4
ARR 500008f4 (sz=10, trace=300438, nelems=5, elem type=char[])
OBJ 500008f5 (sz=32, trace=300104, class=java.util.HashMap$Node@500000ca)
	key		500008f3
	value		50001048
OBJ 500008f6 (sz=24, trace=300437, class=java.lang.String@50000174)
	value		500008f7
ARR 500008f7 (sz=4, trace=300438, nelems=2, elem type=char[])
OBJ 500008f8 (sz=32, trace=300144, class=java.util.HashMap$Node@500000ca)
	key		500008f6
	value		50001048
OBJ 500008f9 (sz=24, trace=300437, class=java.lang.String@50000174)
	value		500008fa
ARR 500008fa (sz=10, trace=300438, nelems=5, elem type=char[])
OBJ 500008fb (sz=32, trace=300104, class=java.util.HashMap$Node@500000ca)
	key		500008f9
	value		50001048
OBJ 500008fc (sz=24, trace=300437, class=java.lang.String@50000174)
	value		500008fd
ARR 500008fd (sz=4, trace=300438, nelems=2, elem type=char[])
OBJ 500008fe (sz=32, trace=300144, class=java.util.HashMap$Node@500000ca)
	key		500008fc
	value		50001048
OBJ 500008ff (sz=24, trace=300437, class=java.lang.String@50000174)
	value		50000900
ARR 50000900 (sz=10, trace=300438, nelems=5, elem type=char[])
OBJ 50000901 (sz=32, trace=300104, class=java.util.HashMap$Node@500000ca)
	key		500008ff
	value		50001048
	next		50000926
OBJ 50000902 (sz=24, trace=300437, class=java.lang.String@50000174)
	value		50000903
ARR 50000903 (sz=4, trace=300438, nelems=2, elem type=char[])
OBJ 50000904 (sz=32, trace=300144, class=java.util.HashMap$Node@500000ca)
	key		50000902
	value		50001048
OBJ 50000905 (sz=24, trace=300437, class=java.lang.String@50000174)
	value		50000906
ARR 50000906 (sz=10, trace=300438, nelems=5, elem type=char[])
OBJ 50000907 (sz=32, trace=300104, class=java.util.HashMap$Node@500000ca)
	key		50000905
	value		50001048
OBJ 50000908 (sz=24, trace=300437, class=java.lang.String@50000174)
	value		50000909
ARR 50000909 (sz=4, trace=300438, nelems=2, elem type=char[])
OBJ 5000090a (sz=32, trace=300144, class=java.util.HashMap$Node@500000ca)
	key		50000908
	value		50001048
OBJ 5000090b (sz=24, trace=300437, class=java.lang.String@50000174)
	value		5000090c
ARR 5000090c (sz=10, trace=300438, nelems=5, elem type=char[])
OBJ 5000090d (sz=32, trace=300104, class=java.util.HashMap$Node@500000ca)
	key		5000090b
	value		50001048
OBJ 5000090e (sz=24, trace=300437, class=java.lang.String@50000174)
	value		5000090f
ARR 5000090f (sz=4, trace=300438, nelems=2, elem type=char[])
OBJ 50000910 (sz=32, trace=300144, class=java.util.HashMap$Node@500000ca)
	key		5000090e
	value		50001048
OBJ 50000911 (sz=24, trace=300437, class=java.lang.String@50000174)
	value		50000912
ARR 50000912 (sz=10, trace=300438, nelems=5, elem type=char[])
OBJ 50000913 (sz=32, trace=300104, class=java.util.HashMap$Node@500000ca)
	key		50000911
	value		50001048
OBJ 50000914 (sz=24, trace=300437, class=java.lang.String@50000174)
	value		50000915
ARR 50000915 (sz=4, trace=300438, nelems=2, elem type=char[])
OBJ 50000916 (sz=32, trace=300144, class=java.util.HashMap$Node@500000ca)
	key		50000914
	value		50001048
OBJ 50000917 (sz=24, trace=300437, class=java.lang.String@50000174)
	value		50000918
ARR 50000918 (sz=10, trace=300438, nelems=5, elem type=char[])
OBJ 50000919 (sz=32, trace=300144, class=java.util.HashMap$Node@500000ca)
	key		50000917
	value		50001048
	next		5000098c
OBJ 5000091a (sz=24, trace=300437, class=java.lang.String@50000174)
	value		5000091b
ARR 5000091b (sz=10, trace=300438, nelems=5, elem type=char[])
OBJ 5000091c (sz=32, trace=300104, class=java.util.HashMap$Node@500000ca)
	key		5000091a
	value		50001048
ARR 5000091d (sz=1040, trace=300447, nelems=256, elem type=java.util.HashMap$Node[]@500000c8)
	[1]		500007f5
	[4]		5000092f
	[7]		5000090d
	[8]		500007f8
	[9]		50000827
	[10]		5000080a
	[12]		50000923
	[13]		500008cb
	[16]		5000085e
	[18]		5000091c
	[23]		5000095c
	[25]		500007ec
	[28]		50000907
	[34]		500008ce
	[37]		500008d1
	[38]		50000895
	[42]		50000870
	[43]		500008dd
	[44]		5000086a
	[46]		500008b3
	[47]		5000086d
	[49]		5000081d
	[50]		50000935
	[53]		500008b0
	[55]		500008bf
	[57]		50000804
	[61]		50000938
	[65]		5000087f
	[67]		5000082a
	[69]		50000830
	[76]		50000892
	[79]		50000965
	[80]		5000084c
	[81]		500008da
	[88]		50000944
	[89]		50000833
	[92]		5000083f
	[93]		50000801
	[94]		50000836
	[95]		50000956
	[99]		5000096b
	[100]		500008f2
	[101]		50000995
	[102]		500008f5
	[104]		50000947
	[105]		50000962
	[112]		5000083c
	[113]		50000941
	[114]		50000953
	[116]		50000864
	[118]		5000096e
	[122]		50000846
	[125]		50000842
	[126]		50000977
	[129]		50000849
	[131]		50000807
	[133]		50000901
	[136]		500008f8
	[138]		500007fb
	[141]		50000919
	[150]		5000097d
	[152]		500008c2
	[157]		5000085b
	[158]		5000084f
	[166]		5000090a
	[167]		50000858
	[168]		5000087c
	[169]		500007e9
	[174]		50000861
	[175]		500008a1
	[176]		5000088b
	[177]		500007fe
	[178]		5000082d
	[179]		50000983
	[180]		50000888
	[184]		50000913
	[186]		500008a4
	[188]		500008b9
	[189]		50000986
	[190]		500007f2
	[192]		500008aa
	[193]		50000920
	[195]		500007ef
	[202]		500008fb
	[204]		500008ad
	[206]		50000873
	[215]		500008b6
	[217]		50000876
	[218]		500008bc
	[220]		500008e9
	[226]		50000839
	[228]		50000959
	[229]		5000098f
	[230]		50000932
	[231]		5000089b
	[233]		50000879
	[234]		50000821
	[238]		50000882
	[240]		500008e3
	[250]		50000855
	[252]		50000929
	[254]		50000885
	[255]		50000974
OBJ 5000091e (sz=24, trace=300437, class=java.lang.String@50000174)
	value		5000091f
ARR 5000091f (sz=4, trace=300438, nelems=2, elem type=char[])
OBJ 50000920 (sz=32, trace=300104, class=java.util.HashMap$Node@500000ca)
	key		5000091e
	value		50001048
OBJ 50000921 (sz=24, trace=300437, class=java.lang.String@50000174)
	value		50000922
ARR 50000922 (sz=10, trace=300438, nelems=5, elem type=char[])
OBJ 50000923 (sz=32, trace=300104, class=java.util.HashMap$Node@500000ca)
	key		50000921
	value		50001048
OBJ 50000924 (sz=24, trace=300437, class=java.lang.String@50000174)
	value		50000925
ARR 50000925 (sz=16, trace=300438, nelems=8, elem type=char[])
OBJ 50000926 (sz=32, trace=300144, class=java.util.HashMap$Node@500000ca)
	key		50000924
	value		50001048
OBJ 50000927 (sz=24, trace=300437, class=java.lang.String@50000174)
	value		50000928
ARR 50000928 (sz=4, trace=300438, nelems=2, elem type=char[])
OBJ 50000929 (sz=32, trace=300104, class=java.util.HashMap$Node@500000ca)
	key		50000927
	value		50001048
OBJ 5000092a (sz=24, trace=300437, class=java.lang.String@50000174)
	value		5000092b
ARR 5000092b (sz=10, trace=300438, nelems=5, elem type=char[])
OBJ 5000092c (sz=32, trace=300144, class=java.util.HashMap$Node@500000ca)
	key		5000092a
	value		50001048
OBJ 5000092d (sz=24, trace=300437, class=java.lang.String@50000174)
	value		5000092e
ARR 5000092e (sz=4, trace=300438, nelems=2, elem type=char[])
OBJ 5000092f (sz=32, trace=300104, class=java.util.HashMap$Node@500000ca)
	key		5000092d
	value		50001048
OBJ 50000930 (sz=24, trace=300437, class=java.lang.String@50000174)
	value		50000931
ARR 50000931 (sz=10, trace=300438, nelems=5, elem type=char[])
OBJ 50000932 (sz=32, trace=300104, class=java.util.HashMap$Node@500000ca)
	key		50000930
	value		50001048
	next		50000968
OBJ 50000933 (sz=24, trace=300437, class=java.lang.String@50000174)
	value		50000934
ARR 50000934 (sz=10, trace=300438, nelems=5, elem type=char[])
OBJ 50000935 (sz=32, trace=300104, class=java.util.HashMap$Node@500000ca)
	key		50000933
	value		50001048
OBJ 50000936 (sz=24, trace=300437, class=java.lang.String@50000174)
	value		50000937
ARR 50000937 (sz=4, trace=300438, nelems=2, elem type=char[])
OBJ 50000938 (sz=32, trace=300104, class=java.util.HashMap$Node@500000ca)
	key		50000936
	value		50001048
OBJ 50000939 (sz=24, trace=300437, class=java.lang.String@50000174)
	value		5000093a
ARR 5000093a (sz=10, trace=300438, nelems=5, elem type=char[])
OBJ 5000093b (sz=32, trace=300144, class=java.util.HashMap$Node@500000ca)
	key		50000939
	value		50001048
	next		50000992
OBJ 5000093c (sz=24, trace=300437, class=java.lang.String@50000174)
	value		5000093d
ARR 5000093d (sz=4, trace=300438, nelems=2, elem type=char[])
OBJ 5000093e (sz=32, trace=300144, class=java.util.HashMap$Node@500000ca)
	key		5000093c
	value		50001048
OBJ 5000093f (sz=24, trace=300437, class=java.lang.String@50000174)
	value		50000940
ARR 50000940 (sz=10, trace=300438, nelems=5, elem type=char[])
OBJ 50000941 (sz=32, trace=300104, class=java.util.HashMap$Node@500000ca)
	key		5000093f
	value		50001048
OBJ 50000942 (sz=24, trace=300437, class=java.lang.String@50000174)
	value		50000943
ARR 50000943 (sz=4, trace=300438, nelems=2, elem type=char[])
OBJ 50000944 (sz=32, trace=300104, class=java.util.HashMap$Node@500000ca)
	key		50000942
	value		50001048
OBJ 50000945 (sz=24, trace=300437, class=java.lang.String@50000174)
	value		50000946
ARR 50000946 (sz=10, trace=300438, nelems=5, elem type=char[])
OBJ 50000947 (sz=32, trace=300104, class=java.util.HashMap$Node@500000ca)
	key		50000945
	value		50001048
OBJ 50000948 (sz=24, trace=300437, class=java.lang.String@50000174)
	value		50000949
ARR 50000949 (sz=4, trace=300438, nelems=2, elem type=char[])
OBJ 5000094a (sz=32, trace=300144, class=java.util.HashMap$Node@500000ca)
	key		50000948
	value		50001048
OBJ 5000094b (sz=24, trace=300437, class=java.lang.String@50000174)
	value		5000094c
ARR 5000094c (sz=10, trace=300438, nelems=5, elem type=char[])
OBJ 5000094d (sz=32, trace=300144, class=java.util.HashMap$Node@500000ca)
	key		5000094b
	value		50001048
OBJ 5000094e (sz=24, trace=300437, class=java.lang.String@50000174)
	value		5000094f
ARR 5000094f (sz=4, trace=300438, nelems=2, elem type=char[])
OBJ 50000950 (sz=32, trace=300144, class=java.util.HashMap$Node@500000ca)
	key		5000094e
	value		50001048
OBJ 50000951 (sz=24, trace=300437, class=java.lang.String@50000174)
	value		50000952
ARR 50000952 (sz=10, trace=300438, nelems=5, elem type=char[])
OBJ 50000953 (sz=32, trace=300104, class=java.util.HashMap$Node@500000ca)
	key		50000951
	value		50001048
OBJ 50000954 (sz=24, trace=300437, class=java.lang.String@50000174)
	value		50000955
ARR 50000955 (sz=4, trace=300438, nelems=2, elem type=char[])
OBJ 50000956 (sz=32, trace=300104, class=java.util.HashMap$Node@500000ca)
	key		50000954
	value		50001048
OBJ 50000957 (sz=24, trace=300437, class=java.lang.String@50000174)
	value		50000958
ARR 50000958 (sz=10, trace=300438, nelems=5, elem type=char[])
OBJ 50000959 (sz=32, trace=300104, class=java.util.HashMap$Node@500000ca)
	key		50000957
	value		50001048
OBJ 5000095a (sz=24, trace=300437, class=java.lang.String@50000174)
	value		5000095b
ARR 5000095b (sz=10, trace=300438, nelems=5, elem type=char[])
OBJ 5000095c (sz=32, trace=300104, class=java.util.HashMap$Node@500000ca)
	key		5000095a
	value		50001048
OBJ 5000095d (sz=24, trace=300437, class=java.lang.String@50000174)
	value		5000095e
ARR 5000095e (sz=14, trace=300438, nelems=7, elem type=char[])
OBJ 5000095f (sz=32, trace=300144, class=java.util.HashMap$Node@500000ca)
	key		5000095d
	value		50001048
OBJ 50000960 (sz=24, trace=300437, class=java.lang.String@50000174)
	value		50000961
ARR 50000961 (sz=20, trace=300438, nelems=10, elem type=char[])
OBJ 50000962 (sz=32, trace=300104, class=java.util.HashMap$Node@500000ca)
	key		50000960
	value		50001048
OBJ 50000963 (sz=24, trace=300437, class=java.lang.String@50000174)
	value		50000964
ARR 50000964 (sz=10, trace=300438, nelems=5, elem type=char[])
OBJ 50000965 (sz=32, trace=300104, class=java.util.HashMap$Node@500000ca)
	key		50000963
	value		50001048
OBJ 50000966 (sz=24, trace=300437, class=java.lang.String@50000174)
	value		50000967
ARR 50000967 (sz=10, trace=300438, nelems=5, elem type=char[])
OBJ 50000968 (sz=32, trace=300144, class=java.util.HashMap$Node@500000ca)
	key		50000966
	value		50001048
OBJ 50000969 (sz=24, trace=300437, class=java.lang.String@50000174)
	value		5000096a
ARR 5000096a (sz=4, trace=300438, nelems=2, elem type=char[])
OBJ 5000096b (sz=32, trace=300104, class=java.util.HashMap$Node@500000ca)
	key		50000969
	value		50001048
OBJ 5000096c (sz=24, trace=300437, class=java.lang.String@50000174)
	value		5000096d
ARR 5000096d (sz=10, trace=300438, nelems=5, elem type=char[])
OBJ 5000096e (sz=32, trace=300104, class=java.util.HashMap$Node@500000ca)
	key		5000096c
	value		50001048
OBJ 5000096f (sz=24, trace=300437, class=java.lang.String@50000174)
	value		50000970
ARR 50000970 (sz=4, trace=300438, nelems=2, elem type=char[])
OBJ 50000971 (sz=32, trace=300144, class=java.util.HashMap$Node@500000ca)
	key		5000096f
	value		50001048
OBJ 50000972 (sz=24, trace=300437, class=java.lang.String@50000174)
	value		50000973
ARR 50000973 (sz=10, trace=300438, nelems=5, elem type=char[])
OBJ 50000974 (sz=32, trace=300104, class=java.util.HashMap$Node@500000ca)
	key		50000972
	value		50001048
OBJ 50000975 (sz=24, trace=300437, class=java.lang.String@50000174)
	value		50000976
ARR 50000976 (sz=4, trace=300438, nelems=2, elem type=char[])
OBJ 50000977 (sz=32, trace=300104, class=java.util.HashMap$Node@500000ca)
	key		50000975
	value		50001048
OBJ 50000978 (sz=24, trace=300437, class=java.lang.String@50000174)
	value		50000979
ARR 50000979 (sz=10, trace=300438, nelems=5, elem type=char[])
OBJ 5000097a (sz=32, trace=300144, class=java.util.HashMap$Node@500000ca)
	key		50000978
	value		50001048
OBJ 5000097b (sz=24, trace=300437, class=java.lang.String@50000174)
	value		5000097c
ARR 5000097c (sz=4, trace=300438, nelems=2, elem type=char[])
OBJ 5000097d (sz=32, trace=300104, class=java.util.HashMap$Node@500000ca)
	key		5000097b
	value		50001048
OBJ 5000097e (sz=24, trace=300437, class=java.lang.String@50000174)
	value		5000097f
ARR 5000097f (sz=10, trace=300438, nelems=5, elem type=char[])
OBJ 50000980 (sz=32, trace=300144, class=java.util.HashMap$Node@500000ca)
	key		5000097e
	value		50001048
OBJ 50000981 (sz=24, trace=300437, class=java.lang.String@50000174)
	value		50000982
ARR 50000982 (sz=4, trace=300438, nelems=2, elem type=char[])
OBJ 50000983 (sz=32, trace=300104, class=java.util.HashMap$Node@500000ca)
	key		50000981
	value		50001048
OBJ 50000984 (sz=24, trace=300437, class=java.lang.String@50000174)
	value		50000985
ARR 50000985 (sz=10, trace=300438, nelems=5, elem type=char[])
OBJ 50000986 (sz=32, trace=300104, class=java.util.HashMap$Node@500000ca)
	key		50000984
	value		50001048
OBJ 50000987 (sz=24, trace=300437, class=java.lang.String@50000174)
	value		50000988
ARR 50000988 (sz=4, trace=300438, nelems=2, elem type=char[])
OBJ 50000989 (sz=32, trace=300144, class=java.util.HashMap$Node@500000ca)
	key		50000987
	value		50001048
OBJ 5000098a (sz=24, trace=300437, class=java.lang.String@50000174)
	value		5000098b
ARR 5000098b (sz=10, trace=300438, nelems=5, elem type=char[])
OBJ 5000098c (sz=32, trace=300144, class=java.util.HashMap$Node@500000ca)
	key		5000098a
	value		50001048
OBJ 5000098d (sz=24, trace=300437, class=java.lang.String@50000174)
	value		5000098e
ARR 5000098e (sz=10, trace=300438, nelems=5, elem type=char[])
OBJ 5000098f (sz=32, trace=300104, class=java.util.HashMap$Node@500000ca)
	key		5000098d
	value		50001048
OBJ 50000990 (sz=24, trace=300437, class=java.lang.String@50000174)
	value		50000991
ARR 50000991 (sz=10, trace=300438, nelems=5, elem type=char[])
OBJ 50000992 (sz=32, trace=300144, class=java.util.HashMap$Node@500000ca)
	key		50000990
	value		50001048
OBJ 50000993 (sz=24, trace=300437, class=java.lang.String@50000174)
	value		50000994
ARR 50000994 (sz=10, trace=300438, nelems=5, elem type=char[])
OBJ 50000995 (sz=32, trace=300104, class=java.util.HashMap$Node@500000ca)
	key		50000993
	value		50001048
ARR 50000996 (sz=80, trace=300448, nelems=7, elem type=java.util.concurrent.ConcurrentHashMap$Node[]@50000020)
	[3]		50000d59
	[6]		50000997
OBJ 50000997 (sz=32, trace=300449, class=java.util.concurrent.ConcurrentHashMap$Node@50000021)
	key		50001c62
	val		500007e3
OBJ 50000998 (sz=24, trace=300450, class=sun.util.locale.provider.NumberFormatProviderImpl@500007d5)
	type		500007c0
	langtags	500007e3
OBJ 5000099a (sz=48, trace=300452, class=java.util.HashMap@500000cc)
	table		500009de
ARR 5000099c (sz=120, trace=300453, nelems=0, elem type=java.lang.String[][]@5000099b)
ARR 5000099d (sz=24, trace=300454, nelems=2, elem type=java.lang.String[]@500000ce)
	[0]		50001b3c
	[1]		50001b3d
ARR 5000099e (sz=24, trace=300455, nelems=2, elem type=java.lang.String[]@500000ce)
	[0]		50001b3e
	[1]		50001b3f
ARR 5000099f (sz=24, trace=300456, nelems=2, elem type=java.lang.String[]@500000ce)
	[0]		50001b40
	[1]		50001b41
ARR 500009a0 (sz=24, trace=300457, nelems=2, elem type=java.lang.String[]@500000ce)
	[0]		50001b42
	[1]		50001b43
ARR 500009a1 (sz=24, trace=300458, nelems=2, elem type=java.lang.String[]@500000ce)
	[0]		50001b44
	[1]		50001b45
ARR 500009a2 (sz=24, trace=300459, nelems=2, elem type=java.lang.String[]@500000ce)
	[0]		50001b46
	[1]		50001b47
ARR 500009a3 (sz=24, trace=300460, nelems=2, elem type=java.lang.String[]@500000ce)
	[0]		50001b48
	[1]		50001b49
ARR 500009a4 (sz=24, trace=300461, nelems=2, elem type=java.lang.String[]@500000ce)
	[0]		50001b4a
	[1]		50001b4b
ARR 500009a5 (sz=24, trace=300462, nelems=2, elem type=java.lang.String[]@500000ce)
	[0]		50001b4c
	[1]		50001b4d
ARR 500009a6 (sz=24, trace=300463, nelems=2, elem type=java.lang.String[]@500000ce)
	[0]		50001b4e
	[1]		50001b4f
ARR 500009a7 (sz=24, trace=300464, nelems=2, elem type=java.lang.String[]@500000ce)
	[0]		50001b50
	[1]		50001b51
ARR 500009a8 (sz=24, trace=300465, nelems=2, elem type=java.lang.String[]@500000ce)
	[0]		50001b52
	[1]		50001b53
ARR 500009a9 (sz=24, trace=300466, nelems=2, elem type=java.lang.String[]@500000ce)
	[0]		50001b54
	[1]		50001b55
ARR 500009aa (sz=24, trace=300467, nelems=2, elem type=java.lang.String[]@500000ce)
	[0]		50001b56
	[1]		50001b57
ARR 500009ab (sz=24, trace=300468, nelems=2, elem type=java.lang.String[]@500000ce)
	[0]		50001b58
	[1]		50001b59
ARR 500009ac (sz=24, trace=300469, nelems=2, elem type=java.lang.String[]@500000ce)
	[0]		50001b5a
	[1]		50001b5b
ARR 500009ad (sz=24, trace=300470, nelems=2, elem type=java.lang.String[]@500000ce)
	[0]		50001b5c
	[1]		50001b5d
ARR 500009ae (sz=24, trace=300471, nelems=2, elem type=java.lang.String[]@500000ce)
	[0]		50001b5e
	[1]		50001b3b
ARR 500009af (sz=24, trace=300472, nelems=2, elem type=java.lang.String[]@500000ce)
	[0]		50001b5f
	[1]		50001b60
ARR 500009b0 (sz=24, trace=300473, nelems=2, elem type=java.lang.String[]@500000ce)
	[0]		50001b61
	[1]		50001b62
ARR 500009b1 (sz=24, trace=300474, nelems=2, elem type=java.lang.String[]@500000ce)
	[0]		50001b63
	[1]		50001b64
ARR 500009b2 (sz=24, trace=300475, nelems=2, elem type=java.lang.String[]@500000ce)
	[0]		50001b65
	[1]		50001b66
ARR 500009b3 (sz=24, trace=300476, nelems=2, elem type=java.lang.String[]@500000ce)
	[0]		50001b67
	[1]		50001b4b
ARR 500009b4 (sz=24, trace=300477, nelems=2, elem type=java.lang.String[]@500000ce)
	[0]		50001b68
	[1]		50001b69
ARR 500009b5 (sz=24, trace=300478, nelems=2, elem type=java.lang.String[]@500000ce)
	[0]		50001b6a
	[1]		50001b6b
ARR 500009b6 (sz=24, trace=300479, nelems=2, elem type=java.lang.String[]@500000ce)
	[0]		50001b6c
	[1]		50001b6d
ARR 500009b7 (sz=80, trace=300480, nelems=0, elem type=java.util.HashMap$Node[]@500000c8)
OBJ 500009b8 (sz=32, trace=300104, class=java.util.HashMap$Node@500000ca)
	key		50001b3c
	value		5000099d
OBJ 500009b9 (sz=32, trace=300104, class=java.util.HashMap$Node@500000ca)
	key		50001b3e
	value		5000099e
ARR 500009ba (sz=40, trace=300481, nelems=0, elem type=char[])
OBJ 500009bb (sz=24, trace=300482, class=java.lang.String@50000174)
	value		500009bc
ARR 500009bc (sz=18, trace=300483, nelems=9, elem type=char[])
OBJ 500009bd (sz=32, trace=300104, class=java.util.HashMap$Node@500000ca)
	key		500009bb
	value		5000099f
	next		500009c1
OBJ 500009be (sz=32, trace=300104, class=java.util.HashMap$Node@500000ca)
	key		50001b42
	value		500009a0
OBJ 500009bf (sz=32, trace=300144, class=java.util.HashMap$Node@500000ca)
	key		50001b44
	value		500009a1
	next		500009c9
OBJ 500009c0 (sz=32, trace=300144, class=java.util.HashMap$Node@500000ca)
	key		50001b46
	value		500009a2
OBJ 500009c1 (sz=32, trace=300144, class=java.util.HashMap$Node@500000ca)
	key		50001b48
	value		500009a3
	next		500009d5
OBJ 500009c2 (sz=32, trace=300144, class=java.util.HashMap$Node@500000ca)
	key		50001b4a
	value		500009a4
OBJ 500009c3 (sz=32, trace=300104, class=java.util.HashMap$Node@500000ca)
	key		50001b4c
	value		500009a5
	next		500009dd
OBJ 500009c4 (sz=32, trace=300104, class=java.util.HashMap$Node@500000ca)
	key		50001b4e
	value		500009a6
OBJ 500009c5 (sz=32, trace=300104, class=java.util.HashMap$Node@500000ca)
	key		50001b50
	value		500009a7
OBJ 500009c6 (sz=32, trace=300104, class=java.util.HashMap$Node@500000ca)
	key		50001b52
	value		500009a8
OBJ 500009c7 (sz=32, trace=300104, class=java.util.HashMap$Node@500000ca)
	key		50001b54
	value		500009a9
ARR 500009c8 (sz=144, trace=300484, nelems=0, elem type=java.util.HashMap$Node[]@500000c8)
OBJ 500009c9 (sz=32, trace=300144, class=java.util.HashMap$Node@500000ca)
	key		50001b56
	value		500009aa
OBJ 500009ca (sz=32, trace=300144, class=java.util.HashMap$Node@500000ca)
	key		50001b58
	value		500009ab
	next		500009cc
OBJ 500009cb (sz=32, trace=300104, class=java.util.HashMap$Node@500000ca)
	key		50001b5a
	value		500009ac
OBJ 500009cc (sz=32, trace=300144, class=java.util.HashMap$Node@500000ca)
	key		50001b5c
	value		500009ad
OBJ 500009cd (sz=32, trace=300104, class=java.util.HashMap$Node@500000ca)
	key		50001b5e
	value		500009ae
ARR 500009ce (sz=40, trace=300481, nelems=0, elem type=char[])
OBJ 500009cf (sz=24, trace=300482, class=java.lang.String@50000174)
	value		500009d0
ARR 500009d0 (sz=18, trace=300483, nelems=9, elem type=char[])
OBJ 500009d1 (sz=32, trace=300104, class=java.util.HashMap$Node@500000ca)
	key		500009cf
	value		500009af
	next		500009db
ARR 500009d2 (sz=40, trace=300481, nelems=0, elem type=char[])
OBJ 500009d3 (sz=24, trace=300482, class=java.lang.String@50000174)
	value		500009d4
ARR 500009d4 (sz=18, trace=300483, nelems=9, elem type=char[])
OBJ 500009d5 (sz=32, trace=300144, class=java.util.HashMap$Node@500000ca)
	key		500009d3
	value		500009b0
ARR 500009d6 (sz=40, trace=300481, nelems=0, elem type=char[])
OBJ 500009d7 (sz=24, trace=300482, class=java.lang.String@50000174)
	value		500009d8
ARR 500009d8 (sz=18, trace=300483, nelems=9, elem type=char[])
OBJ 500009d9 (sz=32, trace=300144, class=java.util.HashMap$Node@500000ca)
	key		500009d7
	value		500009b1
	next		500009df
OBJ 500009da (sz=32, trace=300104, class=java.util.HashMap$Node@500000ca)
	key		50001b65
	value		500009b2
OBJ 500009db (sz=32, trace=300144, class=java.util.HashMap$Node@500000ca)
	key		50001b67
	value		500009b3
OBJ 500009dc (sz=32, trace=300104, class=java.util.HashMap$Node@500000ca)
	key		50001b68
	value		500009b4
OBJ 500009dd (sz=32, trace=300144, class=java.util.HashMap$Node@500000ca)
	key		50001b6a
	value		500009b5
ARR 500009de (sz=272, trace=300484, nelems=64, elem type=java.util.HashMap$Node[]@500000c8)
	[1]		500009d1
	[3]		500009b9
	[4]		500009be
	[7]		500009d9
	[13]		500009dc
	[16]		500009cd
	[17]		500009c6
	[21]		500009ca
	[35]		500009bf
	[39]		500009c0
	[47]		500009cb
	[51]		500009c2
	[53]		500009b8
	[54]		500009c4
	[55]		500009bd
	[59]		500009c3
	[61]		500009da
	[62]		500009c7
	[63]		500009c5
OBJ 500009df (sz=32, trace=300144, class=java.util.HashMap$Node@500000ca)
	key		50001b6c
	value		500009b6
OBJ 500009e0 (sz=40, trace=300485, class=sun.util.locale.LanguageTag@50000999)
OBJ 500009e1 (sz=24, trace=300486, class=java.lang.StringBuilder@50000127)
ARR 500009e2 (sz=48, trace=300487, nelems=0, elem type=char[])
OBJ 500009e4 (sz=16, trace=300489, class=java.util.Collections$EmptyIterator@500009e3)
OBJ 500009e5 (sz=24, trace=300490, class=java.lang.String@50000174)
	value		500009e6
ARR 500009e6 (sz=10, trace=300491, nelems=5, elem type=char[])
ARR 500009e7 (sz=80, trace=300492, nelems=12, elem type=java.util.concurrent.ConcurrentHashMap$Node[]@50000020)
	[11]		500009e8
OBJ 500009e8 (sz=32, trace=300493, class=java.util.concurrent.ConcurrentHashMap$Node@50000021)
	key		50001a0f
	val		500007b3
OBJ 500009ea (sz=16, trace=300495, class=java.lang.Object@50000178)
OBJ 500009eb (sz=32, trace=300496, class=sun.util.locale.provider.LocaleResources@500009e9)
	locale		50001a0f
	localeData	500009f0
	type		500007c0
	cache		500009ec
	referenceQueue	500009ed
OBJ 500009ec (sz=64, trace=300497, class=java.util.concurrent.ConcurrentHashMap@50000028)
	table		50000a64
OBJ 500009ed (sz=32, trace=300498, class=java.lang.ref.ReferenceQueue@50000152)
	lock		500009ee
OBJ 500009ee (sz=16, trace=300499, class=java.lang.ref.ReferenceQueue$Lock@500000d7)
OBJ 500009f0 (sz=16, trace=300501, class=sun.util.resources.LocaleData@500009ef)
	type		500007c0
ARR 500009f1 (sz=80, trace=300502, nelems=12, elem type=java.util.concurrent.ConcurrentHashMap$Node[]@50000020)
	[11]		500009f2
OBJ 500009f2 (sz=32, trace=300503, class=java.util.concurrent.ConcurrentHashMap$Node@50000021)
	key		50001a0f
	val		500009eb
OBJ 500009f3 (sz=24, trace=300504, class=java.lang.StringBuilder@50000127)
ARR 500009f4 (sz=48, trace=300505, nelems=0, elem type=char[])
ARR 500009f5 (sz=88, trace=300010, nelems=0, elem type=char[])
OBJ 500009f6 (sz=24, trace=300506, class=java.lang.String@50000174)
	value		500009f7
ARR 500009f7 (sz=58, trace=300507, nelems=29, elem type=char[])
OBJ 500009f9 (sz=24, trace=300509, class=sun.util.resources.LocaleData$1@500009f8)
OBJ 500009fb (sz=16, trace=300511, class=sun.util.resources.LocaleData$LocaleDataResourceBundleControl@500009fa)
OBJ 500009fc (sz=56, trace=300512, class=java.util.ResourceBundle$CacheKey@500006a6)
OBJ 500009fd (sz=32, trace=300266, class=java.util.ResourceBundle$LoaderReference@500006a9)
OBJ 500009ff (sz=24, trace=300282, class=java.util.ArrayList@500000e3)
ARR 50000a00 (sz=32, trace=300514, nelems=0, elem type=java.lang.Object[]@5000010e)
OBJ 50000a01 (sz=24, trace=300515, class=java.lang.String@50000174)
ARR 50000a02 (sz=40, trace=300516, nelems=0, elem type=char[])
OBJ 50000a03 (sz=32, trace=300517, class=java.util.ArrayList$Itr@500007ce)
OBJ 50000a04 (sz=40, trace=300485, class=sun.util.locale.LanguageTag@50000999)
OBJ 50000a05 (sz=24, trace=300486, class=java.lang.StringBuilder@50000127)
ARR 50000a06 (sz=48, trace=300487, nelems=0, elem type=char[])
OBJ 50000a07 (sz=24, trace=300490, class=java.lang.String@50000174)
	value		50000a08
ARR 50000a08 (sz=4, trace=300491, nelems=2, elem type=char[])
OBJ 50000a09 (sz=32, trace=300284, class=java.util.ResourceBundle$LoaderReference@500006a9)
OBJ 50000a0a (sz=16, trace=300285, class=java.lang.Object@50000178)
OBJ 50000a0b (sz=32, trace=300287, class=java.util.concurrent.ConcurrentHashMap$Node@50000021)
	key		500009f6
	val		50000a0a
	next		50000a4d
ARR 50000a0e (sz=16, trace=300289, nelems=0, elem type=java.lang.Class[]@50000109)
OBJ 50000a0f (sz=56, trace=300290, class=java.lang.Class$ReflectionData@500000b7)
OBJ 50000a10 (sz=40, trace=300040, class=java.lang.ref.SoftReference@50000158)
OBJ 50000a11 (sz=80, trace=300291, class=java.lang.reflect.Constructor@50000143)
OBJ 50000a12 (sz=24, trace=300292, class=java.lang.Class$1@500000a2)
OBJ 50000a13 (sz=24, trace=300293, class=sun.reflect.NativeConstructorAccessorImpl@500000a0)
OBJ 50000a14 (sz=16, trace=300294, class=sun.reflect.DelegatingConstructorAccessorImpl@5000009f)
OBJ 50000a15 (sz=48, trace=300518, class=sun.text.resources.FormatData@50000a0d)
	locale		50001a10
	name		500009f6
	cacheKey	50001cb3
	lookup		50000a8c
	keyset		50000b69
	parallelContents	50000a1b
OBJ 50000a17 (sz=56, trace=300039, class=java.lang.Class$ReflectionData@500000b7)
OBJ 50000a18 (sz=40, trace=300040, class=java.lang.ref.SoftReference@50000158)
OBJ 50000a1a (sz=72, trace=300041, class=java.lang.reflect.Field@50000147)
OBJ 50000a1b (sz=16, trace=300521, class=java.util.concurrent.atomic.AtomicMarkableReference@50000a16)
	pair		50000a1c
OBJ 50000a1c (sz=24, trace=300522, class=java.util.concurrent.atomic.AtomicMarkableReference$Pair@50000a19)
OBJ 50000a1d (sz=32, trace=300284, class=java.util.ResourceBundle$LoaderReference@500006a9)
	referent	50000687
	queue		500001e1
	cacheKey	50001cb3
OBJ 50000a1e (sz=48, trace=300297, class=java.util.ResourceBundle$BundleReference@500006d4)
	referent	50000a15
	queue		500001e1
	cacheKey	50001cb3
OBJ 50000a1f (sz=32, trace=300299, class=java.util.concurrent.ConcurrentHashMap$Node@50000021)
	key		50001cb3
	val		50000a1e
OBJ 50000a20 (sz=32, trace=300284, class=java.util.ResourceBundle$LoaderReference@500006a9)
OBJ 50000a21 (sz=24, trace=300523, class=java.lang.StringBuilder@50000127)
ARR 50000a22 (sz=48, trace=300524, nelems=0, elem type=char[])
OBJ 50000a23 (sz=24, trace=300525, class=java.lang.String@50000174)
ARR 50000a24 (sz=56, trace=300526, nelems=0, elem type=char[])
ARR 50000a25 (sz=88, trace=300010, nelems=0, elem type=char[])
OBJ 50000a26 (sz=24, trace=300527, class=java.lang.String@50000174)
ARR 50000a27 (sz=40, trace=300528, nelems=0, elem type=char[])
OBJ 50000a28 (sz=24, trace=300529, class=java.lang.String@50000174)
ARR 50000a29 (sz=80, trace=300530, nelems=0, elem type=char[])
OBJ 50000a2a (sz=24, trace=300531, class=java.lang.StringBuilder@50000127)
ARR 50000a2b (sz=112, trace=300532, nelems=0, elem type=char[])
OBJ 50000a2c (sz=24, trace=300533, class=java.lang.String@50000174)
	value		50000a2d
ARR 50000a2d (sz=70, trace=300303, nelems=35, elem type=char[])
OBJ 50000a2e (sz=16, trace=300285, class=java.lang.Object@50000178)
OBJ 50000a2f (sz=32, trace=300287, class=java.util.concurrent.ConcurrentHashMap$Node@50000021)
	key		50000a2c
	val		50000a2e
ARR 50000a31 (sz=16, trace=300289, nelems=0, elem type=java.lang.Class[]@50000109)
OBJ 50000a32 (sz=56, trace=300290, class=java.lang.Class$ReflectionData@500000b7)
OBJ 50000a33 (sz=40, trace=300040, class=java.lang.ref.SoftReference@50000158)
OBJ 50000a34 (sz=80, trace=300291, class=java.lang.reflect.Constructor@50000143)
OBJ 50000a35 (sz=24, trace=300292, class=java.lang.Class$1@500000a2)
OBJ 50000a36 (sz=24, trace=300293, class=sun.reflect.NativeConstructorAccessorImpl@500000a0)
OBJ 50000a37 (sz=16, trace=300294, class=sun.reflect.DelegatingConstructorAccessorImpl@5000009f)
OBJ 50000a38 (sz=48, trace=300534, class=sun.text.resources.en.FormatData_en@50000a30)
	parent		50000a15
	locale		50001a21
	name		500009f6
	cacheKey	50001cb2
	lookup		50000a7f
	keyset		50000a8b
	parallelContents	50000a39
OBJ 50000a39 (sz=16, trace=300535, class=java.util.concurrent.atomic.AtomicMarkableReference@50000a16)
	pair		50000a3a
OBJ 50000a3a (sz=24, trace=300522, class=java.util.concurrent.atomic.AtomicMarkableReference$Pair@50000a19)
OBJ 50000a3b (sz=32, trace=300284, class=java.util.ResourceBundle$LoaderReference@500006a9)
	referent	50000687
	queue		500001e1
	cacheKey	50001cb2
OBJ 50000a3c (sz=48, trace=300297, class=java.util.ResourceBundle$BundleReference@500006d4)
	referent	50000a38
	queue		500001e1
	cacheKey	50001cb2
OBJ 50000a3d (sz=32, trace=300299, class=java.util.concurrent.ConcurrentHashMap$Node@50000021)
	key		50001cb2
	val		50000a3c
OBJ 50000a3e (sz=32, trace=300284, class=java.util.ResourceBundle$LoaderReference@500006a9)
OBJ 50000a3f (sz=24, trace=300523, class=java.lang.StringBuilder@50000127)
ARR 50000a40 (sz=48, trace=300524, nelems=0, elem type=char[])
OBJ 50000a41 (sz=24, trace=300525, class=java.lang.String@50000174)
ARR 50000a42 (sz=56, trace=300526, nelems=0, elem type=char[])
ARR 50000a43 (sz=88, trace=300010, nelems=0, elem type=char[])
OBJ 50000a44 (sz=24, trace=300527, class=java.lang.String@50000174)
ARR 50000a45 (sz=40, trace=300528, nelems=0, elem type=char[])
OBJ 50000a46 (sz=24, trace=300529, class=java.lang.String@50000174)
ARR 50000a47 (sz=80, trace=300530, nelems=0, elem type=char[])
OBJ 50000a48 (sz=24, trace=300531, class=java.lang.StringBuilder@50000127)
ARR 50000a49 (sz=112, trace=300532, nelems=0, elem type=char[])
OBJ 50000a4a (sz=24, trace=300533, class=java.lang.String@50000174)
	value		50000a4b
ARR 50000a4b (sz=76, trace=300303, nelems=38, elem type=char[])
OBJ 50000a4c (sz=16, trace=300285, class=java.lang.Object@50000178)
OBJ 50000a4d (sz=32, trace=300321, class=java.util.concurrent.ConcurrentHashMap$Node@50000021)
	key		50000a4a
	val		50000a4c
ARR 50000a4f (sz=16, trace=300289, nelems=0, elem type=java.lang.Class[]@50000109)
OBJ 50000a50 (sz=56, trace=300290, class=java.lang.Class$ReflectionData@500000b7)
OBJ 50000a51 (sz=40, trace=300040, class=java.lang.ref.SoftReference@50000158)
OBJ 50000a52 (sz=80, trace=300291, class=java.lang.reflect.Constructor@50000143)
OBJ 50000a53 (sz=24, trace=300292, class=java.lang.Class$1@500000a2)
OBJ 50000a54 (sz=24, trace=300293, class=sun.reflect.NativeConstructorAccessorImpl@500000a0)
OBJ 50000a55 (sz=16, trace=300294, class=sun.reflect.DelegatingConstructorAccessorImpl@5000009f)
OBJ 50000a56 (sz=48, trace=300536, class=sun.text.resources.en.FormatData_en_US@50000a4e)
	parent		50000a38
	locale		50001a0f
	name		500009f6
	cacheKey	50001e68
	lookup		50000a5c
	keyset		50000a7e
	parallelContents	50000a57
OBJ 50000a57 (sz=16, trace=300537, class=java.util.concurrent.atomic.AtomicMarkableReference@50000a16)
	pair		50000a58
OBJ 50000a58 (sz=24, trace=300522, class=java.util.concurrent.atomic.AtomicMarkableReference$Pair@50000a19)
OBJ 50000a59 (sz=32, trace=300284, class=java.util.ResourceBundle$LoaderReference@500006a9)
	referent	50000687
	queue		500001e1
	cacheKey	50001e68
OBJ 50000a5a (sz=48, trace=300297, class=java.util.ResourceBundle$BundleReference@500006d4)
	referent	50000a56
	queue		500001e1
	cacheKey	50001e68
OBJ 50000a5b (sz=32, trace=300299, class=java.util.concurrent.ConcurrentHashMap$Node@50000021)
	key		50001e68
	val		50000a5a
OBJ 50000a5c (sz=64, trace=300538, class=java.util.concurrent.ConcurrentHashMap@50000028)
	table		50000a60
	keySet		50000a7d
ARR 50000a5d (sz=24, trace=300539, nelems=0, elem type=java.lang.Object[][]@50000713)
ARR 50000a5e (sz=24, trace=300540, nelems=0, elem type=java.lang.Object[]@5000010e)
ARR 50000a5f (sz=32, trace=300541, nelems=3, elem type=java.lang.String[]@500000ce)
	[0]		50001d28
	[1]		50001e69
	[2]		50001d2a
ARR 50000a60 (sz=80, trace=300542, nelems=12, elem type=java.util.concurrent.ConcurrentHashMap$Node[]@50000020)
	[11]		50000a61
OBJ 50000a61 (sz=32, trace=300543, class=java.util.concurrent.ConcurrentHashMap$Node@50000021)
	key		50001d26
	val		50000a5f
OBJ 50000a63 (sz=48, trace=300545, class=sun.util.locale.provider.LocaleResources$ResourceReference@50000a62)
	referent	50000a5f
	queue		500009ed
	cacheKey	50001ea7
ARR 50000a64 (sz=80, trace=300546, nelems=13, elem type=java.util.concurrent.ConcurrentHashMap$Node[]@50000020)
	[2]		50000a65
	[5]		50000dc6
	[12]		50000b6f
OBJ 50000a65 (sz=32, trace=300547, class=java.util.concurrent.ConcurrentHashMap$Node@50000021)
	key		50001ea7
	val		50000a63
OBJ 50000a68 (sz=64, trace=300550, class=java.util.concurrent.ConcurrentHashMap@50000028)
	table		50000a70
OBJ 50000a69 (sz=32, trace=300420, class=java.util.concurrent.ConcurrentHashMap$Node@50000021)
	key		50000a67
	val		50000a68
OBJ 50000a6a (sz=24, trace=300422, class=java.util.Collections$UnmodifiableCollection$1@500007cc)
OBJ 50000a6b (sz=32, trace=300424, class=java.util.ArrayList$Itr@500007ce)
OBJ 50000a6c (sz=24, trace=300427, class=java.lang.String@50000174)
ARR 50000a6d (sz=72, trace=300428, nelems=0, elem type=char[])
OBJ 50000a6f (sz=24, trace=300552, class=sun.util.locale.provider.DecimalFormatSymbolsProviderImpl@50000a6e)
	type		500007c0
	langtags	500007e3
ARR 50000a70 (sz=80, trace=300492, nelems=12, elem type=java.util.concurrent.ConcurrentHashMap$Node[]@50000020)
	[11]		50000a71
OBJ 50000a71 (sz=32, trace=300493, class=java.util.concurrent.ConcurrentHashMap$Node@50000021)
	key		50001a0f
	val		500007b3
OBJ 50000a72 (sz=64, trace=300553, class=java.text.DecimalFormatSymbols@50000a66)
OBJ 50000a73 (sz=24, trace=300554, class=java.lang.StringBuilder@50000127)
ARR 50000a74 (sz=48, trace=300555, nelems=0, elem type=char[])
ARR 50000a75 (sz=88, trace=300010, nelems=0, elem type=char[])
OBJ 50000a76 (sz=24, trace=300556, class=java.lang.String@50000174)
ARR 50000a77 (sz=80, trace=300507, nelems=0, elem type=char[])
OBJ 50000a78 (sz=24, trace=300557, class=sun.util.resources.LocaleData$1@500009f8)
OBJ 50000a79 (sz=56, trace=300512, class=java.util.ResourceBundle$CacheKey@500006a6)
OBJ 50000a7a (sz=32, trace=300266, class=java.util.ResourceBundle$LoaderReference@500006a9)
ARR 50000a7b (sz=32, trace=300558, nelems=3, elem type=java.lang.Object[]@5000010e)
	[0]		50000ab2
	[1]		50000bd2
	[2]		50001e6d
OBJ 50000a7d (sz=24, trace=300560, class=java.util.concurrent.ConcurrentHashMap$KeySetView@5000001c)
	map		50000a5c
OBJ 50000a7e (sz=24, trace=300561, class=sun.util.resources.ParallelListResourceBundle$KeySet@50000a7c)
	set		50000a7d
	parent		50000a38
OBJ 50000a7f (sz=64, trace=300562, class=java.util.concurrent.ConcurrentHashMap@50000028)
	table		50000a86
	keySet		50000a8a
ARR 50000a80 (sz=32, trace=300563, nelems=0, elem type=java.lang.Object[][]@50000713)
ARR 50000a81 (sz=24, trace=300564, nelems=0, elem type=java.lang.Object[]@5000010e)
ARR 50000a82 (sz=72, trace=300565, nelems=13, elem type=java.lang.String[]@500000ce)
	[0]		50001e60
	[1]		50001d34
	[2]		50001d31
	[3]		50001def
	[4]		50001d31
	[5]		50001e60
	[6]		50001e60
	[7]		50001def
	[8]		50001d30
	[9]		50001e61
	[10]		50001e62
	[11]		50001e63
	[12]		5000104b
ARR 50000a83 (sz=24, trace=300566, nelems=0, elem type=java.lang.Object[]@5000010e)
ARR 50000a84 (sz=32, trace=300567, nelems=3, elem type=java.lang.String[]@500000ce)
	[0]		50001d28
	[1]		50001e5e
	[2]		50001d2a
ARR 50000a85 (sz=24, trace=300568, nelems=0, elem type=java.lang.Object[]@5000010e)
ARR 50000a86 (sz=80, trace=300542, nelems=12, elem type=java.util.concurrent.ConcurrentHashMap$Node[]@50000020)
	[3]		50000a87
	[6]		50000a89
	[11]		50000a88
OBJ 50000a87 (sz=32, trace=300543, class=java.util.concurrent.ConcurrentHashMap$Node@50000021)
	key		50001d98
	val		50000a82
OBJ 50000a88 (sz=32, trace=300543, class=java.util.concurrent.ConcurrentHashMap$Node@50000021)
	key		50001d26
	val		50000a84
OBJ 50000a89 (sz=32, trace=300543, class=java.util.concurrent.ConcurrentHashMap$Node@50000021)
	key		50001e2f
	val		50001e2e
OBJ 50000a8a (sz=24, trace=300560, class=java.util.concurrent.ConcurrentHashMap$KeySetView@5000001c)
	map		50000a7f
OBJ 50000a8b (sz=24, trace=300561, class=sun.util.resources.ParallelListResourceBundle$KeySet@50000a7c)
	set		50000a8a
	parent		50000a15
OBJ 50000a8c (sz=64, trace=300562, class=java.util.concurrent.ConcurrentHashMap@50000028)
	table		50000b4a
	keySet		50000b68
ARR 50000a8d (sz=24, trace=300569, nelems=2, elem type=java.lang.String[]@500000ce)
	[0]		50001cb6
	[1]		50001cb7
ARR 50000a8e (sz=24, trace=300570, nelems=2, elem type=java.lang.String[]@500000ce)
	[0]		50001cb6
	[1]		50001d50
ARR 50000a8f (sz=40, trace=300571, nelems=6, elem type=java.lang.String[]@500000ce)
	[0]		5000104b
	[1]		50001d31
	[2]		50001d32
	[3]		50001d30
	[4]		50001e0a
	[5]		50001e0b
ARR 50000a90 (sz=40, trace=300572, nelems=6, elem type=java.lang.String[]@500000ce)
	[0]		5000104b
	[1]		50001cd0
	[2]		50001cd1
	[3]		50001cd2
	[4]		50001cd3
	[5]		50001cd4
ARR 50000a91 (sz=288, trace=300573, nelems=0, elem type=java.lang.Object[][]@50000713)
ARR 50000a92 (sz=24, trace=300574, nelems=0, elem type=java.lang.Object[]@5000010e)
ARR 50000a93 (sz=72, trace=300575, nelems=13, elem type=java.lang.String[]@500000ce)
	[0]		50001e46
	[1]		50001e47
	[2]		50001e48
	[3]		50001e49
	[4]		50001cf0
	[5]		50001e4a
	[6]		50001e4b
	[7]		50001e4c
	[8]		50001e4d
	[9]		50001e4e
	[10]		50001e4f
	[11]		50001e50
	[12]		5000104b
ARR 50000a94 (sz=24, trace=300576, nelems=0, elem type=java.lang.Object[]@5000010e)
ARR 50000a95 (sz=72, trace=300577, nelems=13, elem type=java.lang.String[]@500000ce)
	[0]		50001cec
	[1]		50001ced
	[2]		50001cee
	[3]		50001cef
	[4]		50001cf0
	[5]		50001cf1
	[6]		50001cf2
	[7]		50001cf3
	[8]		50001cf4
	[9]		50001cf5
	[10]		50001cf6
	[11]		50001cf7
	[12]		5000104b
ARR 50000a96 (sz=24, trace=300578, nelems=0, elem type=java.lang.Object[]@5000010e)
ARR 50000a97 (sz=72, trace=300579, nelems=13, elem type=java.lang.String[]@500000ce)
	[0]		50001d9a
	[1]		50001d9b
	[2]		50001d9c
	[3]		50001d9d
	[4]		50001d9e
	[5]		50001d9f
	[6]		50001da0
	[7]		50001da1
	[8]		50001da2
	[9]		50001da3
	[10]		50001da4
	[11]		50001da5
	[12]		5000104b
ARR 50000a98 (sz=24, trace=300580, nelems=0, elem type=java.lang.Object[]@5000010e)
ARR 50000a99 (sz=48, trace=300581, nelems=7, elem type=java.lang.String[]@500000ce)
	[0]		50001d5e
	[1]		50001d5f
	[2]		50001d60
	[3]		50001d61
	[4]		50001d62
	[5]		50001d63
	[6]		50001d64
ARR 50000a9a (sz=24, trace=300582, nelems=0, elem type=java.lang.Object[]@5000010e)
ARR 50000a9b (sz=48, trace=300583, nelems=7, elem type=java.lang.String[]@500000ce)
	[0]		50001d3c
	[1]		50001d3d
	[2]		50001d3e
	[3]		50001d3f
	[4]		50001d40
	[5]		50001d41
	[6]		50001d42
ARR 50000a9c (sz=24, trace=300584, nelems=0, elem type=java.lang.Object[]@5000010e)
ARR 50000a9d (sz=48, trace=300585, nelems=7, elem type=java.lang.String[]@500000ce)
	[0]		50001d30
	[1]		50001d31
	[2]		50001d32
	[3]		50001d33
	[4]		50001d32
	[5]		50001d34
	[6]		50001d30
ARR 50000a9e (sz=24, trace=300586, nelems=0, elem type=java.lang.Object[]@5000010e)
ARR 50000a9f (sz=24, trace=300587, nelems=2, elem type=java.lang.String[]@500000ce)
	[0]		50001e2a
	[1]		50001e2b
ARR 50000aa0 (sz=24, trace=300588, nelems=0, elem type=java.lang.Object[]@5000010e)
ARR 50000aa1 (sz=24, trace=300589, nelems=2, elem type=java.lang.String[]@500000ce)
	[0]		50001dbe
	[1]		50001dbf
ARR 50000aa2 (sz=24, trace=300590, nelems=0, elem type=java.lang.Object[]@5000010e)
ARR 50000aa3 (sz=24, trace=300591, nelems=0, elem type=java.lang.Object[]@5000010e)
ARR 50000aa4 (sz=24, trace=300592, nelems=0, elem type=java.lang.Object[]@5000010e)
ARR 50000aa5 (sz=24, trace=300593, nelems=2, elem type=java.lang.String[]@500000ce)
	[0]		50001dee
	[1]		50001def
ARR 50000aa6 (sz=24, trace=300594, nelems=0, elem type=java.lang.Object[]@5000010e)
ARR 50000aa7 (sz=24, trace=300595, nelems=0, elem type=java.lang.Object[]@5000010e)
ARR 50000aa8 (sz=24, trace=300596, nelems=0, elem type=java.lang.Object[]@5000010e)
ARR 50000aa9 (sz=24, trace=300597, nelems=0, elem type=java.lang.Object[]@5000010e)
ARR 50000aaa (sz=24, trace=300598, nelems=0, elem type=java.lang.Object[]@5000010e)
ARR 50000aab (sz=24, trace=300599, nelems=0, elem type=java.lang.Object[]@5000010e)
ARR 50000aac (sz=24, trace=300600, nelems=0, elem type=java.lang.Object[]@5000010e)
ARR 50000aad (sz=16, trace=300601, nelems=0, elem type=java.lang.String[]@500000ce)
ARR 50000aae (sz=24, trace=300602, nelems=0, elem type=java.lang.Object[]@5000010e)
ARR 50000aaf (sz=32, trace=300603, nelems=3, elem type=java.lang.String[]@500000ce)
	[0]		50001d28
	[1]		50001d29
	[2]		50001d2a
ARR 50000ab0 (sz=24, trace=300604, nelems=0, elem type=java.lang.Object[]@5000010e)
ARR 50000ab1 (sz=24, trace=300605, nelems=0, elem type=java.lang.Object[]@5000010e)
ARR 50000ab2 (sz=64, trace=300606, nelems=11, elem type=java.lang.String[]@500000ce)
	[0]		50001183
	[1]		50001cbc
	[2]		50001cbd
	[3]		50001cbe
	[4]		50001ce4
	[5]		50001cc0
	[6]		500018ef
	[7]		50001cc1
	[8]		50001cc2
	[9]		50001cc3
	[10]		500014b0
ARR 50000ab3 (sz=24, trace=300607, nelems=0, elem type=java.lang.Object[]@5000010e)
ARR 50000ab4 (sz=64, trace=300608, nelems=11, elem type=java.lang.String[]@500000ce)
	[0]		50001d7e
	[1]		50001d7f
	[2]		50001d80
	[3]		50001d81
	[4]		50001d82
	[5]		50001cc0
	[6]		500018ef
	[7]		50001d83
	[8]		50001d84
	[9]		50001cc3
	[10]		50001cc4
ARR 50000ab5 (sz=24, trace=300609, nelems=0, elem type=java.lang.Object[]@5000010e)
ARR 50000ab6 (sz=64, trace=300610, nelems=11, elem type=java.lang.String[]@500000ce)
	[0]		50001d7e
	[1]		50001d7f
	[2]		50001d80
	[3]		50001d81
	[4]		50001e3c
	[5]		50001cc0
	[6]		500018ef
	[7]		50001e3d
	[8]		50001d84
	[9]		50001cc3
	[10]		50001cc4
ARR 50000ab7 (sz=24, trace=300611, nelems=0, elem type=java.lang.Object[]@5000010e)
ARR 50000ab8 (sz=64, trace=300612, nelems=11, elem type=java.lang.String[]@500000ce)
	[0]		50001183
	[1]		50001cbc
	[2]		50001cbd
	[3]		50001cbe
	[4]		50001d0a
	[5]		50001cc0
	[6]		500018ef
	[7]		50001cc1
	[8]		50001cc2
	[9]		50001cc3
	[10]		50001cc4
ARR 50000ab9 (sz=24, trace=300613, nelems=0, elem type=java.lang.Object[]@5000010e)
ARR 50000aba (sz=64, trace=300614, nelems=11, elem type=java.lang.String[]@500000ce)
	[0]		50001183
	[1]		50001cbc
	[2]		50001cbd
	[3]		50001cbe
	[4]		50001dd0
	[5]		50001cc0
	[6]		500018ef
	[7]		50001cc1
	[8]		50001cc2
	[9]		50001cc3
	[10]		50001cc4
ARR 50000abb (sz=24, trace=300615, nelems=0, elem type=java.lang.Object[]@5000010e)
ARR 50000abc (sz=64, trace=300616, nelems=11, elem type=java.lang.String[]@500000ce)
	[0]		50001183
	[1]		50001cbc
	[2]		50001cbd
	[3]		50001cbe
	[4]		50001d92
	[5]		50001cc0
	[6]		500018ef
	[7]		50001cc1
	[8]		50001cc2
	[9]		50001cc3
	[10]		50001cc4
ARR 50000abd (sz=24, trace=300617, nelems=0, elem type=java.lang.Object[]@5000010e)
ARR 50000abe (sz=64, trace=300618, nelems=11, elem type=java.lang.String[]@500000ce)
	[0]		50001183
	[1]		50001cbc
	[2]		50001cbd
	[3]		50001cbe
	[4]		50001d76
	[5]		50001cc0
	[6]		500018ef
	[7]		50001cc1
	[8]		50001cc2
	[9]		50001cc3
	[10]		50001cc4
ARR 50000abf (sz=24, trace=300619, nelems=0, elem type=java.lang.Object[]@5000010e)
ARR 50000ac0 (sz=64, trace=300620, nelems=11, elem type=java.lang.String[]@500000ce)
	[0]		50001183
	[1]		50001cbc
	[2]		50001cbd
	[3]		50001cbe
	[4]		50001e14
	[5]		50001cc0
	[6]		500018ef
	[7]		50001cc1
	[8]		50001cc2
	[9]		50001cc3
	[10]		50001cc4
ARR 50000ac1 (sz=24, trace=300621, nelems=0, elem type=java.lang.Object[]@5000010e)
ARR 50000ac2 (sz=64, trace=300622, nelems=11, elem type=java.lang.String[]@500000ce)
	[0]		50001183
	[1]		50001cbc
	[2]		50001cbd
	[3]		50001cbe
	[4]		50001d24
	[5]		50001cc0
	[6]		500018ef
	[7]		50001cc1
	[8]		50001cc2
	[9]		50001cc3
	[10]		50001cc4
ARR 50000ac3 (sz=24, trace=300623, nelems=0, elem type=java.lang.Object[]@5000010e)
ARR 50000ac4 (sz=64, trace=300624, nelems=11, elem type=java.lang.String[]@500000ce)
	[0]		50001183
	[1]		50001cbc
	[2]		50001cbd
	[3]		50001cbe
	[4]		50001d96
	[5]		50001cc0
	[6]		500018ef
	[7]		50001cc1
	[8]		50001cc2
	[9]		50001cc3
	[10]		50001cc4
ARR 50000ac5 (sz=24, trace=300625, nelems=0, elem type=java.lang.Object[]@5000010e)
ARR 50000ac6 (sz=64, trace=300626, nelems=11, elem type=java.lang.String[]@500000ce)
	[0]		50001183
	[1]		50001cbc
	[2]		50001cbd
	[3]		50001cbe
	[4]		50001e22
	[5]		50001cc0
	[6]		500018ef
	[7]		50001cc1
	[8]		50001cc2
	[9]		50001cc3
	[10]		50001cc4
ARR 50000ac7 (sz=24, trace=300627, nelems=0, elem type=java.lang.Object[]@5000010e)
ARR 50000ac8 (sz=64, trace=300628, nelems=11, elem type=java.lang.String[]@500000ce)
	[0]		50001183
	[1]		50001cbc
	[2]		50001cbd
	[3]		50001cbe
	[4]		50001dd6
	[5]		50001cc0
	[6]		500018ef
	[7]		50001cc1
	[8]		50001cc2
	[9]		50001cc3
	[10]		50001cc4
ARR 50000ac9 (sz=24, trace=300629, nelems=0, elem type=java.lang.Object[]@5000010e)
ARR 50000aca (sz=64, trace=300630, nelems=11, elem type=java.lang.String[]@500000ce)
	[0]		50001183
	[1]		50001cbc
	[2]		50001cbd
	[3]		50001cbe
	[4]		50001e10
	[5]		50001cc0
	[6]		500018ef
	[7]		50001cc1
	[8]		50001cc2
	[9]		50001cc3
	[10]		50001cc4
ARR 50000acb (sz=24, trace=300631, nelems=0, elem type=java.lang.Object[]@5000010e)
ARR 50000acc (sz=64, trace=300632, nelems=11, elem type=java.lang.String[]@500000ce)
	[0]		50001183
	[1]		50001cbc
	[2]		50001cbd
	[3]		50001cbe
	[4]		50001d18
	[5]		50001cc0
	[6]		500018ef
	[7]		50001cc1
	[8]		50001cc2
	[9]		50001cc3
	[10]		50001cc4
ARR 50000acd (sz=24, trace=300633, nelems=0, elem type=java.lang.Object[]@5000010e)
ARR 50000ace (sz=64, trace=300634, nelems=11, elem type=java.lang.String[]@500000ce)
	[0]		50001183
	[1]		50001cbc
	[2]		50001cbd
	[3]		50001cbe
	[4]		50001df4
	[5]		50001cc0
	[6]		500018ef
	[7]		50001cc1
	[8]		50001cc2
	[9]		50001cc3
	[10]		50001cc4
ARR 50000acf (sz=24, trace=300635, nelems=0, elem type=java.lang.Object[]@5000010e)
ARR 50000ad0 (sz=64, trace=300636, nelems=11, elem type=java.lang.String[]@500000ce)
	[0]		50001183
	[1]		50001cbc
	[2]		50001cbd
	[3]		50001cbe
	[4]		50001e18
	[5]		50001cc0
	[6]		500018ef
	[7]		50001cc1
	[8]		50001cc2
	[9]		50001cc3
	[10]		50001cc4
ARR 50000ad1 (sz=24, trace=300637, nelems=0, elem type=java.lang.Object[]@5000010e)
ARR 50000ad2 (sz=64, trace=300638, nelems=11, elem type=java.lang.String[]@500000ce)
	[0]		50001183
	[1]		50001cbc
	[2]		50001cbd
	[3]		50001cbe
	[4]		50001d6e
	[5]		50001cc0
	[6]		500018ef
	[7]		50001cc1
	[8]		50001cc2
	[9]		50001cc3
	[10]		50001cc4
ARR 50000ad3 (sz=24, trace=300639, nelems=0, elem type=java.lang.Object[]@5000010e)
ARR 50000ad4 (sz=64, trace=300640, nelems=11, elem type=java.lang.String[]@500000ce)
	[0]		50001183
	[1]		50001cbc
	[2]		50001cbd
	[3]		50001cbe
	[4]		50001ce4
	[5]		50001cc0
	[6]		500018ef
	[7]		50001cc1
	[8]		50001cc2
	[9]		50001cc3
	[10]		500014b0
ARR 50000ad5 (sz=24, trace=300641, nelems=0, elem type=java.lang.Object[]@5000010e)
ARR 50000ad6 (sz=64, trace=300642, nelems=11, elem type=java.lang.String[]@500000ce)
	[0]		50001183
	[1]		50001cbc
	[2]		50001cbd
	[3]		50001cbe
	[4]		50001e1c
	[5]		50001cc0
	[6]		500018ef
	[7]		50001cc1
	[8]		50001cc2
	[9]		50001cc3
	[10]		50001cc4
ARR 50000ad7 (sz=24, trace=300643, nelems=0, elem type=java.lang.Object[]@5000010e)
ARR 50000ad8 (sz=64, trace=300644, nelems=11, elem type=java.lang.String[]@500000ce)
	[0]		50001183
	[1]		50001cbc
	[2]		50001cbd
	[3]		50001cbe
	[4]		50001d20
	[5]		50001cc0
	[6]		500018ef
	[7]		50001cc1
	[8]		50001cc2
	[9]		50001cc3
	[10]		50001cc4
ARR 50000ad9 (sz=24, trace=300645, nelems=0, elem type=java.lang.Object[]@5000010e)
ARR 50000ada (sz=64, trace=300646, nelems=11, elem type=java.lang.String[]@500000ce)
	[0]		50001183
	[1]		50001cbc
	[2]		50001cbd
	[3]		50001cbe
	[4]		50001e26
	[5]		50001cc0
	[6]		500018ef
	[7]		50001cc1
	[8]		50001cc2
	[9]		50001cc3
	[10]		50001cc4
ARR 50000adb (sz=24, trace=300647, nelems=0, elem type=java.lang.Object[]@5000010e)
ARR 50000adc (sz=64, trace=300648, nelems=11, elem type=java.lang.String[]@500000ce)
	[0]		50001183
	[1]		50001cbc
	[2]		50001cbd
	[3]		50001cbe
	[4]		50001dcc
	[5]		50001cc0
	[6]		500018ef
	[7]		50001cc1
	[8]		50001cc2
	[9]		50001cc3
	[10]		50001cc4
ARR 50000add (sz=24, trace=300649, nelems=0, elem type=java.lang.Object[]@5000010e)
ARR 50000ade (sz=64, trace=300650, nelems=11, elem type=java.lang.String[]@500000ce)
	[0]		50001183
	[1]		50001cbc
	[2]		50001cbd
	[3]		50001cbe
	[4]		50001ddc
	[5]		50001cc0
	[6]		500018ef
	[7]		50001cc1
	[8]		50001cc2
	[9]		50001cc3
	[10]		50001cc4
ARR 50000adf (sz=24, trace=300651, nelems=0, elem type=java.lang.Object[]@5000010e)
ARR 50000ae0 (sz=64, trace=300652, nelems=11, elem type=java.lang.String[]@500000ce)
	[0]		50001183
	[1]		50001cbc
	[2]		50001cbd
	[3]		50001cbe
	[4]		50001e04
	[5]		50001cc0
	[6]		500018ef
	[7]		50001cc1
	[8]		50001cc2
	[9]		50001cc3
	[10]		50001cc4
ARR 50000ae1 (sz=24, trace=300653, nelems=0, elem type=java.lang.Object[]@5000010e)
ARR 50000ae2 (sz=64, trace=300654, nelems=11, elem type=java.lang.String[]@500000ce)
	[0]		50001183
	[1]		50001cbc
	[2]		50001cbd
	[3]		50001cbe
	[4]		50001e38
	[5]		50001cc0
	[6]		500018ef
	[7]		50001cc1
	[8]		50001cc2
	[9]		50001cc3
	[10]		50001cc4
ARR 50000ae3 (sz=24, trace=300655, nelems=0, elem type=java.lang.Object[]@5000010e)
ARR 50000ae4 (sz=64, trace=300656, nelems=11, elem type=java.lang.String[]@500000ce)
	[0]		50001183
	[1]		50001cbc
	[2]		50001cbd
	[3]		50001cbe
	[4]		50001d7a
	[5]		50001cc0
	[6]		500018ef
	[7]		50001cc1
	[8]		50001cc2
	[9]		50001cc3
	[10]		50001cc4
ARR 50000ae5 (sz=24, trace=300657, nelems=0, elem type=java.lang.Object[]@5000010e)
ARR 50000ae6 (sz=64, trace=300658, nelems=11, elem type=java.lang.String[]@500000ce)
	[0]		50001183
	[1]		50001cbc
	[2]		50001cbd
	[3]		50001cbe
	[4]		50001cbf
	[5]		50001cc0
	[6]		500018ef
	[7]		50001cc1
	[8]		50001cc2
	[9]		50001cc3
	[10]		50001cc4
ARR 50000ae7 (sz=24, trace=300659, nelems=0, elem type=java.lang.Object[]@5000010e)
ARR 50000ae8 (sz=64, trace=300660, nelems=11, elem type=java.lang.String[]@500000ce)
	[0]		50001183
	[1]		50001cbc
	[2]		50001cbd
	[3]		50001cbe
	[4]		50001d1c
	[5]		50001cc0
	[6]		500018ef
	[7]		50001cc1
	[8]		50001cc2
	[9]		50001cc3
	[10]		50001cc4
ARR 50000ae9 (sz=24, trace=300661, nelems=0, elem type=java.lang.Object[]@5000010e)
ARR 50000aea (sz=64, trace=300662, nelems=11, elem type=java.lang.String[]@500000ce)
	[0]		50001183
	[1]		50001cbc
	[2]		50001cbd
	[3]		50001cbe
	[4]		50001dc8
	[5]		50001cc0
	[6]		500018ef
	[7]		50001cc1
	[8]		50001cc2
	[9]		50001cc3
	[10]		50001cc4
ARR 50000aeb (sz=24, trace=300663, nelems=0, elem type=java.lang.Object[]@5000010e)
ARR 50000aec (sz=64, trace=300664, nelems=11, elem type=java.lang.String[]@500000ce)
	[0]		50001183
	[1]		50001cbc
	[2]		50001cbd
	[3]		50001cbe
	[4]		50001dea
	[5]		50001cc0
	[6]		500018ef
	[7]		50001cc1
	[8]		50001cc2
	[9]		50001cc3
	[10]		50001cc4
ARR 50000aed (sz=24, trace=300665, nelems=0, elem type=java.lang.Object[]@5000010e)
ARR 50000aee (sz=64, trace=300666, nelems=11, elem type=java.lang.String[]@500000ce)
	[0]		50001183
	[1]		50001cbc
	[2]		50001cbd
	[3]		50001cbe
	[4]		50001df8
	[5]		50001cc0
	[6]		500018ef
	[7]		50001cc1
	[8]		50001cc2
	[9]		50001cc3
	[10]		50001cc4
ARR 50000aef (sz=24, trace=300667, nelems=0, elem type=java.lang.Object[]@5000010e)
ARR 50000af0 (sz=64, trace=300668, nelems=11, elem type=java.lang.String[]@500000ce)
	[0]		50001183
	[1]		50001cbc
	[2]		50001cbd
	[3]		50001cbe
	[4]		50001de6
	[5]		50001cc0
	[6]		500018ef
	[7]		50001cc1
	[8]		50001cc2
	[9]		50001cc3
	[10]		50001cc4
ARR 50000af1 (sz=24, trace=300669, nelems=0, elem type=java.lang.Object[]@5000010e)
ARR 50000af2 (sz=64, trace=300670, nelems=11, elem type=java.lang.String[]@500000ce)
	[0]		50001183
	[1]		50001cbc
	[2]		50001cbd
	[3]		50001cbe
	[4]		50001d8e
	[5]		50001cc0
	[6]		500018ef
	[7]		50001cc1
	[8]		50001cc2
	[9]		50001cc3
	[10]		50001cc4
ARR 50000af3 (sz=24, trace=300671, nelems=0, elem type=java.lang.Object[]@5000010e)
ARR 50000af4 (sz=64, trace=300672, nelems=11, elem type=java.lang.String[]@500000ce)
	[0]		50001183
	[1]		50001cbc
	[2]		50001cbd
	[3]		50001cbe
	[4]		50001de0
	[5]		50001cc0
	[6]		500018ef
	[7]		50001cc1
	[8]		50001cc2
	[9]		50001cc3
	[10]		500014b0
ARR 50000af5 (sz=24, trace=300673, nelems=0, elem type=java.lang.Object[]@5000010e)
ARR 50000af6 (sz=64, trace=300674, nelems=11, elem type=java.lang.String[]@500000ce)
	[0]		50001183
	[1]		50001cbc
	[2]		50001cbd
	[3]		50001cbe
	[4]		50001d72
	[5]		50001cc0
	[6]		500018ef
	[7]		50001cc1
	[8]		50001cc2
	[9]		50001cc3
	[10]		50001cc4
ARR 50000af7 (sz=24, trace=300675, nelems=0, elem type=java.lang.Object[]@5000010e)
ARR 50000af8 (sz=64, trace=300676, nelems=11, elem type=java.lang.String[]@500000ce)
	[0]		50001183
	[1]		50001cbc
	[2]		50001cbd
	[3]		50001cbe
	[4]		50001ce8
	[5]		50001cc0
	[6]		500018ef
	[7]		50001cc1
	[8]		50001cc2
	[9]		50001cc3
	[10]		50001cc4
ARR 50000af9 (sz=24, trace=300677, nelems=0, elem type=java.lang.Object[]@5000010e)
ARR 50000afa (sz=32, trace=300678, nelems=4, elem type=java.lang.String[]@500000ce)
	[0]		50001dfc
	[1]		50001dfc
	[2]		50001dfd
	[3]		50001dfe
ARR 50000afb (sz=24, trace=300679, nelems=0, elem type=java.lang.Object[]@5000010e)
ARR 50000afc (sz=32, trace=300680, nelems=4, elem type=java.lang.String[]@500000ce)
	[0]		50001d0e
	[1]		50001d0f
	[2]		50001d10
	[3]		50001d11
ARR 50000afd (sz=24, trace=300681, nelems=0, elem type=java.lang.Object[]@5000010e)
ARR 50000afe (sz=24, trace=300682, nelems=1, elem type=java.lang.String[]@500000ce)
	[0]		50001d06
ARR 50000aff (sz=24, trace=300683, nelems=0, elem type=java.lang.Object[]@5000010e)
ARR 50000b00 (sz=32, trace=300684, nelems=4, elem type=java.lang.String[]@500000ce)
	[0]		50001cdc
	[1]		50001cdc
	[2]		50001cdd
	[3]		50001cde
ARR 50000b01 (sz=24, trace=300685, nelems=0, elem type=java.lang.Object[]@5000010e)
ARR 50000b02 (sz=32, trace=300686, nelems=4, elem type=java.lang.String[]@500000ce)
	[0]		50001d54
	[1]		50001d55
	[2]		50001d56
	[3]		50001d57
ARR 50000b03 (sz=24, trace=300687, nelems=0, elem type=java.lang.Object[]@5000010e)
ARR 50000b04 (sz=24, trace=300688, nelems=1, elem type=java.lang.String[]@500000ce)
	[0]		50001d4c
ARR 50000b05 (sz=24, trace=300689, nelems=0, elem type=java.lang.Object[]@5000010e)
ARR 50000b06 (sz=32, trace=300690, nelems=4, elem type=java.lang.String[]@500000ce)
	[0]		50001dfc
	[1]		50001dfc
	[2]		50001dfd
	[3]		50001dfe
ARR 50000b07 (sz=24, trace=300691, nelems=0, elem type=java.lang.Object[]@5000010e)
ARR 50000b08 (sz=32, trace=300692, nelems=4, elem type=java.lang.String[]@500000ce)
	[0]		50001db4
	[1]		50001db5
	[2]		50001db6
	[3]		50001db7
ARR 50000b09 (sz=24, trace=300693, nelems=0, elem type=java.lang.Object[]@5000010e)
ARR 50000b0a (sz=24, trace=300694, nelems=1, elem type=java.lang.String[]@500000ce)
	[0]		50001d06
ARR 50000b0b (sz=24, trace=300695, nelems=0, elem type=java.lang.Object[]@5000010e)
ARR 50000b0c (sz=24, trace=300696, nelems=0, elem type=java.lang.Object[]@5000010e)
ARR 50000b0d (sz=80, trace=300542, nelems=0, elem type=java.util.concurrent.ConcurrentHashMap$Node[]@50000020)
OBJ 50000b0e (sz=32, trace=300543, class=java.util.concurrent.ConcurrentHashMap$Node@50000021)
OBJ 50000b0f (sz=32, trace=300697, class=java.util.concurrent.ConcurrentHashMap$Node@50000021)
	key		50001cea
	val		50000a95
OBJ 50000b10 (sz=32, trace=300543, class=java.util.concurrent.ConcurrentHashMap$Node@50000021)
OBJ 50000b11 (sz=32, trace=300697, class=java.util.concurrent.ConcurrentHashMap$Node@50000021)
OBJ 50000b12 (sz=32, trace=300543, class=java.util.concurrent.ConcurrentHashMap$Node@50000021)
OBJ 50000b13 (sz=32, trace=300543, class=java.util.concurrent.ConcurrentHashMap$Node@50000021)
	key		50001d2e
	val		50000a9d
OBJ 50000b14 (sz=32, trace=300543, class=java.util.concurrent.ConcurrentHashMap$Node@50000021)
OBJ 50000b15 (sz=32, trace=300543, class=java.util.concurrent.ConcurrentHashMap$Node@50000021)
OBJ 50000b16 (sz=32, trace=300543, class=java.util.concurrent.ConcurrentHashMap$Node@50000021)
OBJ 50000b17 (sz=32, trace=300697, class=java.util.concurrent.ConcurrentHashMap$Node@50000021)
	key		50001cb4
	val		50000a8d
OBJ 50000b18 (sz=32, trace=300697, class=java.util.concurrent.ConcurrentHashMap$Node@50000021)
OBJ 50000b19 (sz=32, trace=300697, class=java.util.concurrent.ConcurrentHashMap$Node@50000021)
ARR 50000b1a (sz=144, trace=300698, nelems=0, elem type=java.util.concurrent.ConcurrentHashMap$Node[]@50000020)
OBJ 50000b1c (sz=32, trace=300700, class=java.util.concurrent.ConcurrentHashMap$ForwardingNode@50000b1b)
OBJ 50000b1d (sz=32, trace=300701, class=java.util.concurrent.ConcurrentHashMap$Node@50000021)
OBJ 50000b1e (sz=32, trace=300701, class=java.util.concurrent.ConcurrentHashMap$Node@50000021)
	key		50001e44
	val		50000a93
OBJ 50000b1f (sz=32, trace=300543, class=java.util.concurrent.ConcurrentHashMap$Node@50000021)
	key		50001e06
	val		50000a8e
OBJ 50000b20 (sz=32, trace=300543, class=java.util.concurrent.ConcurrentHashMap$Node@50000021)
	key		50001e32
	val		50000a8e
	next		50000b22
OBJ 50000b21 (sz=32, trace=300543, class=java.util.concurrent.ConcurrentHashMap$Node@50000021)
	key		50001cce
	val		50000a90
OBJ 50000b22 (sz=32, trace=300697, class=java.util.concurrent.ConcurrentHashMap$Node@50000021)
	key		50001e34
	val		50000a8f
	next		50000b46
OBJ 50000b23 (sz=32, trace=300697, class=java.util.concurrent.ConcurrentHashMap$Node@50000021)
	key		50001e08
	val		50000a8f
OBJ 50000b24 (sz=32, trace=300543, class=java.util.concurrent.ConcurrentHashMap$Node@50000021)
OBJ 50000b25 (sz=32, trace=300543, class=java.util.concurrent.ConcurrentHashMap$Node@50000021)
	key		50001d26
	val		50000aaf
OBJ 50000b26 (sz=32, trace=300697, class=java.util.concurrent.ConcurrentHashMap$Node@50000021)
	key		50001de2
	val		5000104b
	next		50000b58
OBJ 50000b27 (sz=32, trace=300697, class=java.util.concurrent.ConcurrentHashMap$Node@50000021)
	key		50001ce2
	val		50000ab2
	next		50000b5c
OBJ 50000b28 (sz=32, trace=300543, class=java.util.concurrent.ConcurrentHashMap$Node@50000021)
	key		50001d7c
	val		50000ab4
OBJ 50000b29 (sz=32, trace=300697, class=java.util.concurrent.ConcurrentHashMap$Node@50000021)
	key		50001e3a
	val		50000ab6
OBJ 50000b2a (sz=32, trace=300543, class=java.util.concurrent.ConcurrentHashMap$Node@50000021)
	key		50001d08
	val		50000ab8
	next		50000b5e
ARR 50000b2b (sz=272, trace=300698, nelems=0, elem type=java.util.concurrent.ConcurrentHashMap$Node[]@50000020)
OBJ 50000b2c (sz=32, trace=300700, class=java.util.concurrent.ConcurrentHashMap$ForwardingNode@50000b1b)
OBJ 50000b2d (sz=32, trace=300701, class=java.util.concurrent.ConcurrentHashMap$Node@50000021)
	key		50001dd8
	val		50000a8d
OBJ 50000b2e (sz=32, trace=300702, class=java.util.concurrent.ConcurrentHashMap$Node@50000021)
OBJ 50000b2f (sz=32, trace=300701, class=java.util.concurrent.ConcurrentHashMap$Node@50000021)
	key		50001d5c
	val		50000a99
	next		50000b3e
OBJ 50000b30 (sz=32, trace=300702, class=java.util.concurrent.ConcurrentHashMap$Node@50000021)
	key		50001dbc
	val		50000aa1
	next		50000b3f
OBJ 50000b31 (sz=32, trace=300702, class=java.util.concurrent.ConcurrentHashMap$Node@50000021)
	key		50001dd2
	val		50000aad
OBJ 50000b32 (sz=32, trace=300543, class=java.util.concurrent.ConcurrentHashMap$Node@50000021)
	key		50001dce
	val		50000aba
OBJ 50000b33 (sz=32, trace=300543, class=java.util.concurrent.ConcurrentHashMap$Node@50000021)
OBJ 50000b34 (sz=32, trace=300543, class=java.util.concurrent.ConcurrentHashMap$Node@50000021)
OBJ 50000b35 (sz=32, trace=300697, class=java.util.concurrent.ConcurrentHashMap$Node@50000021)
	key		50001e12
	val		50000ac0
	next		50000b3d
OBJ 50000b36 (sz=32, trace=300543, class=java.util.concurrent.ConcurrentHashMap$Node@50000021)
OBJ 50000b37 (sz=32, trace=300543, class=java.util.concurrent.ConcurrentHashMap$Node@50000021)
	key		50001d94
	val		50000ac4
OBJ 50000b38 (sz=32, trace=300543, class=java.util.concurrent.ConcurrentHashMap$Node@50000021)
	key		50001e20
	val		50000ac6
OBJ 50000b39 (sz=32, trace=300543, class=java.util.concurrent.ConcurrentHashMap$Node@50000021)
	key		50001dd4
	val		50000ac8
OBJ 50000b3a (sz=32, trace=300543, class=java.util.concurrent.ConcurrentHashMap$Node@50000021)
	key		50001e0e
	val		50000aca
OBJ 50000b3b (sz=32, trace=300543, class=java.util.concurrent.ConcurrentHashMap$Node@50000021)
	key		50001d16
	val		50000acc
OBJ 50000b3c (sz=32, trace=300697, class=java.util.concurrent.ConcurrentHashMap$Node@50000021)
	key		50001df2
	val		50000ace
	next		50000b57
OBJ 50000b3d (sz=32, trace=300697, class=java.util.concurrent.ConcurrentHashMap$Node@50000021)
	key		50001e16
	val		50000ad0
OBJ 50000b3e (sz=32, trace=300697, class=java.util.concurrent.ConcurrentHashMap$Node@50000021)
	key		50001d6c
	val		50000ad2
OBJ 50000b3f (sz=32, trace=300697, class=java.util.concurrent.ConcurrentHashMap$Node@50000021)
	key		50001dc2
	val		50000ad4
OBJ 50000b40 (sz=32, trace=300543, class=java.util.concurrent.ConcurrentHashMap$Node@50000021)
	key		50001e1a
	val		50000ad6
	next		50000b5d
OBJ 50000b41 (sz=32, trace=300543, class=java.util.concurrent.ConcurrentHashMap$Node@50000021)
	key		50001d1e
	val		50000ad8
OBJ 50000b42 (sz=32, trace=300697, class=java.util.concurrent.ConcurrentHashMap$Node@50000021)
OBJ 50000b43 (sz=32, trace=300543, class=java.util.concurrent.ConcurrentHashMap$Node@50000021)
	key		50001dca
	val		50000adc
OBJ 50000b44 (sz=32, trace=300697, class=java.util.concurrent.ConcurrentHashMap$Node@50000021)
	key		50001dda
	val		50000ade
OBJ 50000b45 (sz=32, trace=300543, class=java.util.concurrent.ConcurrentHashMap$Node@50000021)
	key		50001e02
	val		50000ae0
OBJ 50000b46 (sz=32, trace=300697, class=java.util.concurrent.ConcurrentHashMap$Node@50000021)
	key		50001e36
	val		50000ae2
OBJ 50000b47 (sz=32, trace=300697, class=java.util.concurrent.ConcurrentHashMap$Node@50000021)
	key		50001d78
	val		50000ae4
OBJ 50000b48 (sz=32, trace=300697, class=java.util.concurrent.ConcurrentHashMap$Node@50000021)
	key		50001cba
	val		50000ae6
OBJ 50000b49 (sz=32, trace=300543, class=java.util.concurrent.ConcurrentHashMap$Node@50000021)
	key		50001d1a
	val		50000ae8
ARR 50000b4a (sz=528, trace=300698, nelems=127, elem type=java.util.concurrent.ConcurrentHashMap$Node[]@50000020)
	[0]		50000b1e
	[2]		50000b67
	[3]		50000b29
	[5]		50000b20
	[6]		50000b66
	[7]		50000b54
	[9]		50000b38
	[11]		50000b40
	[12]		50000b35
	[15]		50000b3a
	[17]		50000b23
	[18]		50000b1f
	[21]		50000b45
	[22]		50000b63
	[23]		50000b50
	[24]		50000b56
	[25]		50000b26
	[27]		50000b5a
	[28]		50000b44
	[30]		50000b2d
	[32]		50000b39
	[35]		50000b31
	[39]		50000b32
	[41]		50000b43
	[43]		50000b55
	[48]		50000b5f
	[49]		50000b30
	[51]		50000b4d
	[52]		50000b37
	[61]		50000b4c
	[67]		50000b59
	[70]		50000b28
	[71]		50000b47
	[76]		50000b52
	[77]		50000b5b
	[83]		50000b2f
	[84]		50000b61
	[87]		50000b51
	[89]		50000b4f
	[90]		50000b13
	[91]		50000b25
	[92]		50000b4e
	[93]		50000b41
	[101]		50000b49
	[104]		50000b3b
	[108]		50000b2a
	[110]		50000b65
	[112]		50000b0f
	[115]		50000b27
	[117]		50000b60
	[124]		50000b21
	[125]		50000b48
	[126]		50000b17
OBJ 50000b4b (sz=32, trace=300700, class=java.util.concurrent.ConcurrentHashMap$ForwardingNode@50000b1b)
OBJ 50000b4c (sz=32, trace=300701, class=java.util.concurrent.ConcurrentHashMap$Node@50000021)
	key		50001d90
	val		50000abc
OBJ 50000b4d (sz=32, trace=300701, class=java.util.concurrent.ConcurrentHashMap$Node@50000021)
	key		50001d98
	val		50000a97
	next		50000b64
OBJ 50000b4e (sz=32, trace=300702, class=java.util.concurrent.ConcurrentHashMap$Node@50000021)
	key		50001d22
	val		50000ac2
OBJ 50000b4f (sz=32, trace=300702, class=java.util.concurrent.ConcurrentHashMap$Node@50000021)
	key		50001d3a
	val		50000a9b
	next		50000b62
OBJ 50000b50 (sz=32, trace=300701, class=java.util.concurrent.ConcurrentHashMap$Node@50000021)
	key		50001dec
	val		50000aa5
	next		50000b3c
OBJ 50000b51 (sz=32, trace=300702, class=java.util.concurrent.ConcurrentHashMap$Node@50000021)
	key		50001d4e
	val		50000a8e
OBJ 50000b52 (sz=32, trace=300702, class=java.util.concurrent.ConcurrentHashMap$Node@50000021)
	key		50001d74
	val		50000abe
OBJ 50000b53 (sz=32, trace=300701, class=java.util.concurrent.ConcurrentHashMap$Node@50000021)
	key		50001e28
	val		50000a9f
OBJ 50000b54 (sz=32, trace=300701, class=java.util.concurrent.ConcurrentHashMap$Node@50000021)
	key		50001e24
	val		50000ada
	next		50000b53
OBJ 50000b55 (sz=32, trace=300543, class=java.util.concurrent.ConcurrentHashMap$Node@50000021)
	key		50001dc6
	val		50000aea
OBJ 50000b56 (sz=32, trace=300543, class=java.util.concurrent.ConcurrentHashMap$Node@50000021)
	key		50001de8
	val		50000aec
OBJ 50000b57 (sz=32, trace=300697, class=java.util.concurrent.ConcurrentHashMap$Node@50000021)
	key		50001df6
	val		50000aee
OBJ 50000b58 (sz=32, trace=300697, class=java.util.concurrent.ConcurrentHashMap$Node@50000021)
	key		50001de4
	val		50000af0
OBJ 50000b59 (sz=32, trace=300543, class=java.util.concurrent.ConcurrentHashMap$Node@50000021)
	key		50001d8c
	val		50000af2
OBJ 50000b5a (sz=32, trace=300543, class=java.util.concurrent.ConcurrentHashMap$Node@50000021)
	key		50001dde
	val		50000af4
OBJ 50000b5b (sz=32, trace=300543, class=java.util.concurrent.ConcurrentHashMap$Node@50000021)
	key		50001d70
	val		50000af6
OBJ 50000b5c (sz=32, trace=300697, class=java.util.concurrent.ConcurrentHashMap$Node@50000021)
	key		50001ce6
	val		50000af8
OBJ 50000b5d (sz=32, trace=300697, class=java.util.concurrent.ConcurrentHashMap$Node@50000021)
	key		50001e1e
	val		50000afa
OBJ 50000b5e (sz=32, trace=300697, class=java.util.concurrent.ConcurrentHashMap$Node@50000021)
	key		50001d0c
	val		50000afc
OBJ 50000b5f (sz=32, trace=300543, class=java.util.concurrent.ConcurrentHashMap$Node@50000021)
	key		50001dc4
	val		50000afe
OBJ 50000b60 (sz=32, trace=300543, class=java.util.concurrent.ConcurrentHashMap$Node@50000021)
	key		50001cda
	val		50000b00
OBJ 50000b61 (sz=32, trace=300543, class=java.util.concurrent.ConcurrentHashMap$Node@50000021)
	key		50001d52
	val		50000b02
OBJ 50000b62 (sz=32, trace=300697, class=java.util.concurrent.ConcurrentHashMap$Node@50000021)
	key		50001d4a
	val		50000b04
OBJ 50000b63 (sz=32, trace=300543, class=java.util.concurrent.ConcurrentHashMap$Node@50000021)
	key		50001dfa
	val		50000b06
OBJ 50000b64 (sz=32, trace=300697, class=java.util.concurrent.ConcurrentHashMap$Node@50000021)
	key		50001db2
	val		50000b08
OBJ 50000b65 (sz=32, trace=300543, class=java.util.concurrent.ConcurrentHashMap$Node@50000021)
	key		50001d04
	val		50000b0a
OBJ 50000b66 (sz=32, trace=300543, class=java.util.concurrent.ConcurrentHashMap$Node@50000021)
	key		50001e2f
	val		50001e2e
OBJ 50000b67 (sz=32, trace=300543, class=java.util.concurrent.ConcurrentHashMap$Node@50000021)
	key		50001e41
	val		50001e40
OBJ 50000b68 (sz=24, trace=300560, class=java.util.concurrent.ConcurrentHashMap$KeySetView@5000001c)
	map		50000a8c
OBJ 50000b69 (sz=24, trace=300561, class=sun.util.resources.ParallelListResourceBundle$KeySet@50000a7c)
	set		50000b68
OBJ 50000b6a (sz=24, trace=300703, class=java.lang.StringBuilder@50000127)
ARR 50000b6b (sz=48, trace=300704, nelems=0, elem type=char[])
OBJ 50000b6c (sz=24, trace=300705, class=java.lang.String@50000174)
ARR 50000b6d (sz=48, trace=300706, nelems=0, elem type=char[])
OBJ 50000b6e (sz=48, trace=300707, class=sun.util.locale.provider.LocaleResources$ResourceReference@50000a62)
	referent	50000a7b
	queue		500009ed
	cacheKey	50001ea3
OBJ 50000b6f (sz=32, trace=300708, class=java.util.concurrent.ConcurrentHashMap$Node@50000021)
	key		50001ea3
	val		50000b6e
OBJ 50000b71 (sz=64, trace=300710, class=java.util.concurrent.ConcurrentHashMap@50000028)
	table		50000bd5
OBJ 50000b73 (sz=16, trace=300712, class=java.util.Currency$1@50000b72)
OBJ 50000b74 (sz=24, trace=300713, class=java.lang.StringBuilder@50000127)
ARR 50000b75 (sz=48, trace=300714, nelems=0, elem type=char[])
ARR 50000b76 (sz=88, trace=300010, nelems=0, elem type=char[])
ARR 50000b77 (sz=160, trace=300010, nelems=0, elem type=char[])
OBJ 50000b78 (sz=24, trace=300715, class=java.lang.String@50000174)
	value		50000b79
ARR 50000b79 (sz=102, trace=300716, nelems=51, elem type=char[])
OBJ 50000b7c (sz=32, trace=300718, class=java.io.File@50000121)
OBJ 50000b7d (sz=32, trace=300719, class=java.io.FileInputStream@5000008a)
	fd		50000b80
	path		50000b78
	closeLock	50000b7f
OBJ 50000b7e (sz=40, trace=300112, class=java.lang.ref.Finalizer@50000153)
	referent	50000b7d
	queue		50000f50
	next		5000022b
OBJ 50000b7f (sz=16, trace=300720, class=java.lang.Object@50000178)
OBJ 50000b80 (sz=32, trace=300721, class=java.io.FileDescriptor@50000089)
	parent		50000b7d
ARR 50000b81 (sz=176, trace=300115, nelems=0, elem type=byte[])
ARR 50000b82 (sz=72, trace=300054, nelems=0, elem type=byte[])
OBJ 50000b83 (sz=40, trace=300722, class=java.io.BufferedInputStream@50000082)
ARR 50000b84 (sz=8208, trace=300723, nelems=0, elem type=byte[])
OBJ 50000b85 (sz=32, trace=300724, class=java.io.DataInputStream@50000b7b)
ARR 50000b86 (sz=96, trace=300725, nelems=0, elem type=byte[])
ARR 50000b87 (sz=176, trace=300726, nelems=0, elem type=char[])
ARR 50000b88 (sz=24, trace=300727, nelems=0, elem type=byte[])
ARR 50000b89 (sz=2704, trace=300728, nelems=676, elem type=int[])
ARR 50000b8a (sz=120, trace=300729, nelems=15, elem type=long[])
ARR 50000b8b (sz=80, trace=300730, nelems=15, elem type=java.lang.String[]@500000ce)
	[0]		50000b8c
	[1]		50000b8e
	[2]		50000b90
	[3]		50000b92
	[4]		50000b94
	[5]		50000b96
	[6]		50000b98
	[7]		50000b9a
	[8]		50000b9c
	[9]		50000b9e
	[10]		50000ba0
	[11]		50000ba2
	[12]		50000ba4
	[13]		50000ba6
	[14]		50000ba8
OBJ 50000b8c (sz=24, trace=300731, class=java.lang.String@50000174)
	value		50000b8d
ARR 50000b8d (sz=6, trace=300732, nelems=3, elem type=char[])
OBJ 50000b8e (sz=24, trace=300731, class=java.lang.String@50000174)
	value		50000b8f
ARR 50000b8f (sz=6, trace=300732, nelems=3, elem type=char[])
OBJ 50000b90 (sz=24, trace=300731, class=java.lang.String@50000174)
	value		50000b91
ARR 50000b91 (sz=6, trace=300732, nelems=3, elem type=char[])
OBJ 50000b92 (sz=24, trace=300731, class=java.lang.String@50000174)
	value		50000b93
ARR 50000b93 (sz=6, trace=300732, nelems=3, elem type=char[])
OBJ 50000b94 (sz=24, trace=300731, class=java.lang.String@50000174)
	value		50000b95
ARR 50000b95 (sz=6, trace=300732, nelems=3, elem type=char[])
OBJ 50000b96 (sz=24, trace=300731, class=java.lang.String@50000174)
	value		50000b97
ARR 50000b97 (sz=6, trace=300732, nelems=3, elem type=char[])
OBJ 50000b98 (sz=24, trace=300731, class=java.lang.String@50000174)
	value		50000b99
ARR 50000b99 (sz=6, trace=300732, nelems=3, elem type=char[])
OBJ 50000b9a (sz=24, trace=300731, class=java.lang.String@50000174)
	value		50000b9b
ARR 50000b9b (sz=6, trace=300732, nelems=3, elem type=char[])
OBJ 50000b9c (sz=24, trace=300731, class=java.lang.String@50000174)
	value		50000b9d
ARR 50000b9d (sz=6, trace=300732, nelems=3, elem type=char[])
OBJ 50000b9e (sz=24, trace=300731, class=java.lang.String@50000174)
	value		50000b9f
ARR 50000b9f (sz=6, trace=300732, nelems=3, elem type=char[])
OBJ 50000ba0 (sz=24, trace=300731, class=java.lang.String@50000174)
	value		50000ba1
ARR 50000ba1 (sz=6, trace=300732, nelems=3, elem type=char[])
OBJ 50000ba2 (sz=24, trace=300731, class=java.lang.String@50000174)
	value		50000ba3
ARR 50000ba3 (sz=6, trace=300732, nelems=3, elem type=char[])
OBJ 50000ba4 (sz=24, trace=300731, class=java.lang.String@50000174)
	value		50000ba5
ARR 50000ba5 (sz=6, trace=300732, nelems=3, elem type=char[])
OBJ 50000ba6 (sz=24, trace=300731, class=java.lang.String@50000174)
	value		50000ba7
ARR 50000ba7 (sz=6, trace=300732, nelems=3, elem type=char[])
OBJ 50000ba8 (sz=24, trace=300731, class=java.lang.String@50000174)
	value		50000ba9
ARR 50000ba9 (sz=6, trace=300732, nelems=3, elem type=char[])
ARR 50000baa (sz=80, trace=300733, nelems=15, elem type=java.lang.String[]@500000ce)
	[0]		50000bab
	[1]		50000bac
	[2]		50000bad
	[3]		50000bae
	[4]		50000baf
	[5]		50000bb0
	[6]		50000bb1
	[7]		50000bb2
	[8]		50000bb3
	[9]		50000bb4
	[10]		50000bb5
	[11]		50000bb6
	[12]		50000bb7
	[13]		50000bb8
	[14]		50000bb9
OBJ 50000bab (sz=24, trace=300731, class=java.lang.String@50000174)
	value		5000136e
OBJ 50000bac (sz=24, trace=300731, class=java.lang.String@50000174)
	value		5000136e
OBJ 50000bad (sz=24, trace=300731, class=java.lang.String@50000174)
	value		5000136e
OBJ 50000bae (sz=24, trace=300731, class=java.lang.String@50000174)
	value		5000136e
OBJ 50000baf (sz=24, trace=300731, class=java.lang.String@50000174)
	value		5000136e
OBJ 50000bb0 (sz=24, trace=300731, class=java.lang.String@50000174)
	value		5000136e
OBJ 50000bb1 (sz=24, trace=300731, class=java.lang.String@50000174)
	value		5000136e
OBJ 50000bb2 (sz=24, trace=300731, class=java.lang.String@50000174)
	value		5000136e
OBJ 50000bb3 (sz=24, trace=300731, class=java.lang.String@50000174)
	value		5000136e
OBJ 50000bb4 (sz=24, trace=300731, class=java.lang.String@50000174)
	value		5000136e
OBJ 50000bb5 (sz=24, trace=300731, class=java.lang.String@50000174)
	value		5000136e
OBJ 50000bb6 (sz=24, trace=300731, class=java.lang.String@50000174)
	value		5000136e
OBJ 50000bb7 (sz=24, trace=300731, class=java.lang.String@50000174)
	value		5000136e
OBJ 50000bb8 (sz=24, trace=300731, class=java.lang.String@50000174)
	value		5000136e
OBJ 50000bb9 (sz=24, trace=300731, class=java.lang.String@50000174)
	value		5000136e
ARR 50000bba (sz=60, trace=300734, nelems=15, elem type=int[])
ARR 50000bbb (sz=60, trace=300735, nelems=15, elem type=int[])
ARR 50000bbc (sz=60, trace=300736, nelems=15, elem type=int[])
ARR 50000bbd (sz=60, trace=300737, nelems=15, elem type=int[])
ARR 50000bbe (sz=624, trace=300738, nelems=0, elem type=byte[])
ARR 50000bbf (sz=1232, trace=300739, nelems=0, elem type=char[])
OBJ 50000bc0 (sz=24, trace=300740, class=java.lang.String@50000174)
	value		50000bc1
ARR 50000bc1 (sz=606, trace=300732, nelems=303, elem type=char[])
ARR 50000bc2 (sz=304, trace=300741, nelems=76, elem type=int[])
ARR 50000bc3 (sz=304, trace=300742, nelems=76, elem type=int[])
OBJ 50000bc4 (sz=16, trace=300743, class=java.io.FileInputStream$1@5000002f)
OBJ 50000bc5 (sz=24, trace=300744, class=java.lang.StringBuilder@50000127)
ARR 50000bc6 (sz=48, trace=300745, nelems=0, elem type=char[])
ARR 50000bc7 (sz=88, trace=300010, nelems=0, elem type=char[])
ARR 50000bc8 (sz=160, trace=300010, nelems=0, elem type=char[])
OBJ 50000bc9 (sz=24, trace=300746, class=java.lang.String@50000174)
ARR 50000bca (sz=136, trace=300747, nelems=0, elem type=char[])
OBJ 50000bcb (sz=32, trace=300748, class=java.io.File@50000121)
ARR 50000bcc (sz=192, trace=300053, nelems=0, elem type=byte[])
ARR 50000bcd (sz=80, trace=300054, nelems=0, elem type=byte[])
OBJ 50000bce (sz=24, trace=300055, class=java.lang.String@50000174)
ARR 50000bcf (sz=56, trace=300056, nelems=0, elem type=char[])
OBJ 50000bd0 (sz=24, trace=300749, class=java.lang.StringBuilder@50000127)
ARR 50000bd1 (sz=56, trace=300750, nelems=0, elem type=char[])
OBJ 50000bd2 (sz=24, trace=300751, class=java.lang.String@50000174)
	value		50000bd3
ARR 50000bd3 (sz=6, trace=300752, nelems=3, elem type=char[])
OBJ 50000bd4 (sz=24, trace=300753, class=java.util.Currency@50000b70)
	currencyCode	50000bd2
ARR 50000bd5 (sz=80, trace=300754, nelems=8, elem type=java.util.concurrent.ConcurrentHashMap$Node[]@50000020)
	[7]		50000bd6
OBJ 50000bd6 (sz=32, trace=300755, class=java.util.concurrent.ConcurrentHashMap$Node@50000021)
	key		50000bd2
	val		50000bd4
OBJ 50000bd9 (sz=64, trace=300758, class=java.util.concurrent.ConcurrentHashMap@50000028)
	table		50000d74
ARR 50000bda (sz=56, trace=300759, nelems=10, elem type=java.lang.Class[]@50000109)
	[0]		50000bdb
	[1]		50000bdc
	[2]		50000bdd
	[3]		50000bde
	[4]		50000a67
	[5]		500007af
	[6]		50000bd7
	[7]		50000bdf
	[8]		50000be0
	[9]		50000be1
OBJ 50000be2 (sz=32, trace=300767, class=sun.util.locale.provider.LocaleServiceProviderPool@50000bd8)
	providers	50000be3
	providersCache	50000be4
	providerClass	50000bd7
OBJ 50000be3 (sz=64, trace=300768, class=java.util.concurrent.ConcurrentHashMap@50000028)
	table		50000d5b
OBJ 50000be4 (sz=64, trace=300769, class=java.util.concurrent.ConcurrentHashMap@50000028)
OBJ 50000be5 (sz=24, trace=300770, class=java.util.Collections$UnmodifiableCollection$1@500007cc)
OBJ 50000be6 (sz=32, trace=300424, class=java.util.ArrayList$Itr@500007ce)
OBJ 50000be7 (sz=24, trace=300427, class=java.lang.String@50000174)
ARR 50000be8 (sz=56, trace=300428, nelems=0, elem type=char[])
OBJ 50000bea (sz=16, trace=300434, class=java.util.HashSet@50000005)
	map		50000beb
OBJ 50000beb (sz=48, trace=300435, class=java.util.HashMap@500000cc)
	table		50000d16
OBJ 50000bec (sz=48, trace=300436, class=java.util.StringTokenizer@50000040)
OBJ 50000bed (sz=24, trace=300437, class=java.lang.String@50000174)
	value		50000bee
ARR 50000bee (sz=10, trace=300438, nelems=5, elem type=char[])
ARR 50000bef (sz=80, trace=300103, nelems=0, elem type=java.util.HashMap$Node[]@500000c8)
OBJ 50000bf0 (sz=32, trace=300104, class=java.util.HashMap$Node@500000ca)
	key		50000bed
	value		50001048
	next		50000c29
OBJ 50000bf1 (sz=24, trace=300437, class=java.lang.String@50000174)
	value		50000bf2
ARR 50000bf2 (sz=10, trace=300438, nelems=5, elem type=char[])
OBJ 50000bf3 (sz=32, trace=300104, class=java.util.HashMap$Node@500000ca)
	key		50000bf1
	value		50001048
OBJ 50000bf4 (sz=24, trace=300437, class=java.lang.String@50000174)
	value		50000bf5
ARR 50000bf5 (sz=10, trace=300438, nelems=5, elem type=char[])
OBJ 50000bf6 (sz=32, trace=300104, class=java.util.HashMap$Node@500000ca)
	key		50000bf4
	value		50001048
OBJ 50000bf7 (sz=24, trace=300437, class=java.lang.String@50000174)
	value		50000bf8
ARR 50000bf8 (sz=10, trace=300438, nelems=5, elem type=char[])
OBJ 50000bf9 (sz=32, trace=300104, class=java.util.HashMap$Node@500000ca)
	key		50000bf7
	value		50001048
OBJ 50000bfa (sz=24, trace=300437, class=java.lang.String@50000174)
	value		50000bfb
ARR 50000bfb (sz=10, trace=300438, nelems=5, elem type=char[])
OBJ 50000bfc (sz=32, trace=300104, class=java.util.HashMap$Node@500000ca)
	key		50000bfa
	value		50001048
	next		50000c75
OBJ 50000bfd (sz=24, trace=300437, class=java.lang.String@50000174)
	value		50000bfe
ARR 50000bfe (sz=10, trace=300438, nelems=5, elem type=char[])
OBJ 50000bff (sz=32, trace=300104, class=java.util.HashMap$Node@500000ca)
	key		50000bfd
	value		50001048
OBJ 50000c00 (sz=24, trace=300437, class=java.lang.String@50000174)
	value		50000c01
ARR 50000c01 (sz=10, trace=300438, nelems=5, elem type=char[])
OBJ 50000c02 (sz=32, trace=300144, class=java.util.HashMap$Node@500000ca)
	key		50000c00
	value		50001048
OBJ 50000c03 (sz=24, trace=300437, class=java.lang.String@50000174)
	value		50000c04
ARR 50000c04 (sz=10, trace=300438, nelems=5, elem type=char[])
OBJ 50000c05 (sz=32, trace=300104, class=java.util.HashMap$Node@500000ca)
	key		50000c03
	value		50001048
OBJ 50000c06 (sz=24, trace=300437, class=java.lang.String@50000174)
	value		50000c07
ARR 50000c07 (sz=10, trace=300438, nelems=5, elem type=char[])
OBJ 50000c08 (sz=32, trace=300144, class=java.util.HashMap$Node@500000ca)
	key		50000c06
	value		50001048
	next		50000c1a
OBJ 50000c09 (sz=24, trace=300437, class=java.lang.String@50000174)
	value		50000c0a
ARR 50000c0a (sz=10, trace=300438, nelems=5, elem type=char[])
OBJ 50000c0b (sz=32, trace=300144, class=java.util.HashMap$Node@500000ca)
	key		50000c09
	value		50001048
OBJ 50000c0c (sz=24, trace=300437, class=java.lang.String@50000174)
	value		50000c0d
ARR 50000c0d (sz=10, trace=300438, nelems=5, elem type=char[])
OBJ 50000c0e (sz=32, trace=300144, class=java.util.HashMap$Node@500000ca)
	key		50000c0c
	value		50001048
OBJ 50000c0f (sz=24, trace=300437, class=java.lang.String@50000174)
ARR 50000c10 (sz=24, trace=300438, nelems=0, elem type=char[])
OBJ 50000c11 (sz=24, trace=300437, class=java.lang.String@50000174)
	value		50000c12
ARR 50000c12 (sz=10, trace=300438, nelems=5, elem type=char[])
OBJ 50000c13 (sz=32, trace=300104, class=java.util.HashMap$Node@500000ca)
	key		50000c11
	value		50001048
OBJ 50000c14 (sz=24, trace=300437, class=java.lang.String@50000174)
	value		50000c15
ARR 50000c15 (sz=10, trace=300438, nelems=5, elem type=char[])
OBJ 50000c16 (sz=32, trace=300144, class=java.util.HashMap$Node@500000ca)
	key		50000c14
	value		50001048
	next		50000c8b
ARR 50000c17 (sz=144, trace=300447, nelems=0, elem type=java.util.HashMap$Node[]@500000c8)
OBJ 50000c18 (sz=24, trace=300437, class=java.lang.String@50000174)
	value		50000c19
ARR 50000c19 (sz=10, trace=300438, nelems=5, elem type=char[])
OBJ 50000c1a (sz=32, trace=300144, class=java.util.HashMap$Node@500000ca)
	key		50000c18
	value		50001048
	next		50000cd6
OBJ 50000c1b (sz=24, trace=300437, class=java.lang.String@50000174)
	value		50000c1c
ARR 50000c1c (sz=10, trace=300438, nelems=5, elem type=char[])
OBJ 50000c1d (sz=32, trace=300104, class=java.util.HashMap$Node@500000ca)
	key		50000c1b
	value		50001048
	next		50000c81
OBJ 50000c1e (sz=24, trace=300437, class=java.lang.String@50000174)
	value		50000c1f
ARR 50000c1f (sz=10, trace=300438, nelems=5, elem type=char[])
OBJ 50000c20 (sz=32, trace=300104, class=java.util.HashMap$Node@500000ca)
	key		50000c1e
	value		50001048
OBJ 50000c21 (sz=24, trace=300437, class=java.lang.String@50000174)
	value		50000c22
ARR 50000c22 (sz=10, trace=300438, nelems=5, elem type=char[])
OBJ 50000c23 (sz=32, trace=300144, class=java.util.HashMap$Node@500000ca)
	key		50000c21
	value		50001048
	next		50000caf
OBJ 50000c24 (sz=24, trace=300437, class=java.lang.String@50000174)
	value		50000c25
ARR 50000c25 (sz=10, trace=300438, nelems=5, elem type=char[])
OBJ 50000c26 (sz=32, trace=300144, class=java.util.HashMap$Node@500000ca)
	key		50000c24
	value		50001048
OBJ 50000c27 (sz=24, trace=300437, class=java.lang.String@50000174)
	value		50000c28
ARR 50000c28 (sz=10, trace=300438, nelems=5, elem type=char[])
OBJ 50000c29 (sz=32, trace=300144, class=java.util.HashMap$Node@500000ca)
	key		50000c27
	value		50001048
OBJ 50000c2a (sz=24, trace=300437, class=java.lang.String@50000174)
	value		50000c2b
ARR 50000c2b (sz=10, trace=300438, nelems=5, elem type=char[])
OBJ 50000c2c (sz=32, trace=300104, class=java.util.HashMap$Node@500000ca)
	key		50000c2a
	value		50001048
	next		50000cd3
OBJ 50000c2d (sz=24, trace=300437, class=java.lang.String@50000174)
	value		50000c2e
ARR 50000c2e (sz=10, trace=300438, nelems=5, elem type=char[])
OBJ 50000c2f (sz=32, trace=300104, class=java.util.HashMap$Node@500000ca)
	key		50000c2d
	value		50001048
OBJ 50000c30 (sz=24, trace=300437, class=java.lang.String@50000174)
	value		50000c31
ARR 50000c31 (sz=10, trace=300438, nelems=5, elem type=char[])
OBJ 50000c32 (sz=32, trace=300144, class=java.util.HashMap$Node@500000ca)
	key		50000c30
	value		50001048
	next		50000d1c
OBJ 50000c33 (sz=24, trace=300437, class=java.lang.String@50000174)
	value		50000c34
ARR 50000c34 (sz=10, trace=300438, nelems=5, elem type=char[])
OBJ 50000c35 (sz=32, trace=300104, class=java.util.HashMap$Node@500000ca)
	key		50000c33
	value		50001048
OBJ 50000c36 (sz=24, trace=300437, class=java.lang.String@50000174)
	value		50000c37
ARR 50000c37 (sz=10, trace=300438, nelems=5, elem type=char[])
OBJ 50000c38 (sz=32, trace=300144, class=java.util.HashMap$Node@500000ca)
	key		50000c36
	value		50001048
OBJ 50000c39 (sz=24, trace=300437, class=java.lang.String@50000174)
	value		50000c3a
ARR 50000c3a (sz=10, trace=300438, nelems=5, elem type=char[])
OBJ 50000c3b (sz=32, trace=300104, class=java.util.HashMap$Node@500000ca)
	key		50000c39
	value		50001048
	next		50000d12
ARR 50000c3c (sz=272, trace=300447, nelems=0, elem type=java.util.HashMap$Node[]@500000c8)
OBJ 50000c3d (sz=24, trace=300437, class=java.lang.String@50000174)
	value		50000c3e
ARR 50000c3e (sz=10, trace=300438, nelems=5, elem type=char[])
OBJ 50000c3f (sz=32, trace=300104, class=java.util.HashMap$Node@500000ca)
	key		50000c3d
	value		50001048
OBJ 50000c40 (sz=24, trace=300437, class=java.lang.String@50000174)
	value		50000c41
ARR 50000c41 (sz=10, trace=300438, nelems=5, elem type=char[])
OBJ 50000c42 (sz=32, trace=300144, class=java.util.HashMap$Node@500000ca)
	key		50000c40
	value		50001048
OBJ 50000c43 (sz=24, trace=300437, class=java.lang.String@50000174)
	value		50000c44
ARR 50000c44 (sz=10, trace=300438, nelems=5, elem type=char[])
OBJ 50000c45 (sz=32, trace=300104, class=java.util.HashMap$Node@500000ca)
	key		50000c43
	value		50001048
OBJ 50000c46 (sz=24, trace=300437, class=java.lang.String@50000174)
	value		50000c47
ARR 50000c47 (sz=10, trace=300438, nelems=5, elem type=char[])
OBJ 50000c48 (sz=32, trace=300104, class=java.util.HashMap$Node@500000ca)
	key		50000c46
	value		50001048
OBJ 50000c49 (sz=24, trace=300437, class=java.lang.String@50000174)
	value		50000c4a
ARR 50000c4a (sz=10, trace=300438, nelems=5, elem type=char[])
OBJ 50000c4b (sz=32, trace=300144, class=java.util.HashMap$Node@500000ca)
	key		50000c49
	value		50001048
OBJ 50000c4c (sz=24, trace=300437, class=java.lang.String@50000174)
	value		50000c4d
ARR 50000c4d (sz=10, trace=300438, nelems=5, elem type=char[])
OBJ 50000c4e (sz=32, trace=300144, class=java.util.HashMap$Node@500000ca)
	key		50000c4c
	value		50001048
	next		50000c60
OBJ 50000c4f (sz=24, trace=300437, class=java.lang.String@50000174)
	value		50000c50
ARR 50000c50 (sz=10, trace=300438, nelems=5, elem type=char[])
OBJ 50000c51 (sz=32, trace=300104, class=java.util.HashMap$Node@500000ca)
	key		50000c4f
	value		50001048
OBJ 50000c52 (sz=24, trace=300437, class=java.lang.String@50000174)
	value		50000c53
ARR 50000c53 (sz=10, trace=300438, nelems=5, elem type=char[])
OBJ 50000c54 (sz=32, trace=300104, class=java.util.HashMap$Node@500000ca)
	key		50000c52
	value		50001048
OBJ 50000c55 (sz=24, trace=300437, class=java.lang.String@50000174)
	value		50000c56
ARR 50000c56 (sz=4, trace=300438, nelems=2, elem type=char[])
OBJ 50000c57 (sz=32, trace=300144, class=java.util.HashMap$Node@500000ca)
	key		50000c55
	value		50001048
	next		50000d49
OBJ 50000c58 (sz=24, trace=300437, class=java.lang.String@50000174)
	value		50000c59
ARR 50000c59 (sz=10, trace=300438, nelems=5, elem type=char[])
OBJ 50000c5a (sz=32, trace=300104, class=java.util.HashMap$Node@500000ca)
	key		50000c58
	value		50001048
OBJ 50000c5b (sz=24, trace=300437, class=java.lang.String@50000174)
	value		50000c5c
ARR 50000c5c (sz=10, trace=300438, nelems=5, elem type=char[])
OBJ 50000c5d (sz=32, trace=300104, class=java.util.HashMap$Node@500000ca)
	key		50000c5b
	value		50001048
	next		50000ceb
OBJ 50000c5e (sz=24, trace=300437, class=java.lang.String@50000174)
	value		50000c5f
ARR 50000c5f (sz=10, trace=300438, nelems=5, elem type=char[])
OBJ 50000c60 (sz=32, trace=300144, class=java.util.HashMap$Node@500000ca)
	key		50000c5e
	value		50001048
OBJ 50000c61 (sz=24, trace=300437, class=java.lang.String@50000174)
	value		50000c62
ARR 50000c62 (sz=10, trace=300438, nelems=5, elem type=char[])
OBJ 50000c63 (sz=32, trace=300104, class=java.util.HashMap$Node@500000ca)
	key		50000c61
	value		50001048
OBJ 50000c64 (sz=24, trace=300437, class=java.lang.String@50000174)
	value		50000c65
ARR 50000c65 (sz=10, trace=300438, nelems=5, elem type=char[])
OBJ 50000c66 (sz=32, trace=300144, class=java.util.HashMap$Node@500000ca)
	key		50000c64
	value		50001048
OBJ 50000c67 (sz=24, trace=300437, class=java.lang.String@50000174)
	value		50000c68
ARR 50000c68 (sz=10, trace=300438, nelems=5, elem type=char[])
OBJ 50000c69 (sz=32, trace=300144, class=java.util.HashMap$Node@500000ca)
	key		50000c67
	value		50001048
OBJ 50000c6a (sz=24, trace=300437, class=java.lang.String@50000174)
	value		50000c6b
ARR 50000c6b (sz=10, trace=300438, nelems=5, elem type=char[])
OBJ 50000c6c (sz=32, trace=300144, class=java.util.HashMap$Node@500000ca)
	key		50000c6a
	value		50001048
	next		50000d34
OBJ 50000c6d (sz=24, trace=300437, class=java.lang.String@50000174)
	value		50000c6e
ARR 50000c6e (sz=4, trace=300438, nelems=2, elem type=char[])
OBJ 50000c6f (sz=32, trace=300104, class=java.util.HashMap$Node@500000ca)
	key		50000c6d
	value		50001048
OBJ 50000c70 (sz=24, trace=300437, class=java.lang.String@50000174)
	value		50000c71
ARR 50000c71 (sz=10, trace=300438, nelems=5, elem type=char[])
OBJ 50000c72 (sz=32, trace=300104, class=java.util.HashMap$Node@500000ca)
	key		50000c70
	value		50001048
OBJ 50000c73 (sz=24, trace=300437, class=java.lang.String@50000174)
	value		50000c74
ARR 50000c74 (sz=10, trace=300438, nelems=5, elem type=char[])
OBJ 50000c75 (sz=32, trace=300144, class=java.util.HashMap$Node@500000ca)
	key		50000c73
	value		50001048
OBJ 50000c76 (sz=24, trace=300437, class=java.lang.String@50000174)
	value		50000c77
ARR 50000c77 (sz=10, trace=300438, nelems=5, elem type=char[])
OBJ 50000c78 (sz=32, trace=300104, class=java.util.HashMap$Node@500000ca)
	key		50000c76
	value		50001048
OBJ 50000c79 (sz=24, trace=300437, class=java.lang.String@50000174)
	value		50000c7a
ARR 50000c7a (sz=10, trace=300438, nelems=5, elem type=char[])
OBJ 50000c7b (sz=32, trace=300104, class=java.util.HashMap$Node@500000ca)
	key		50000c79
	value		50001048
OBJ 50000c7c (sz=24, trace=300437, class=java.lang.String@50000174)
	value		50000c7d
ARR 50000c7d (sz=10, trace=300438, nelems=5, elem type=char[])
OBJ 50000c7e (sz=32, trace=300144, class=java.util.HashMap$Node@500000ca)
	key		50000c7c
	value		50001048
OBJ 50000c7f (sz=24, trace=300437, class=java.lang.String@50000174)
	value		50000c80
ARR 50000c80 (sz=10, trace=300438, nelems=5, elem type=char[])
OBJ 50000c81 (sz=32, trace=300144, class=java.util.HashMap$Node@500000ca)
	key		50000c7f
	value		50001048
	next		50000cbb
OBJ 50000c82 (sz=24, trace=300437, class=java.lang.String@50000174)
	value		50000c83
ARR 50000c83 (sz=10, trace=300438, nelems=5, elem type=char[])
OBJ 50000c84 (sz=32, trace=300104, class=java.util.HashMap$Node@500000ca)
	key		50000c82
	value		50001048
ARR 50000c85 (sz=528, trace=300447, nelems=0, elem type=java.util.HashMap$Node[]@500000c8)
OBJ 50000c86 (sz=24, trace=300437, class=java.lang.String@50000174)
	value		50000c87
ARR 50000c87 (sz=10, trace=300438, nelems=5, elem type=char[])
OBJ 50000c88 (sz=32, trace=300144, class=java.util.HashMap$Node@500000ca)
	key		50000c86
	value		50001048
	next		50000ca9
OBJ 50000c89 (sz=24, trace=300437, class=java.lang.String@50000174)
	value		50000c8a
ARR 50000c8a (sz=10, trace=300438, nelems=5, elem type=char[])
OBJ 50000c8b (sz=32, trace=300144, class=java.util.HashMap$Node@500000ca)
	key		50000c89
	value		50001048
OBJ 50000c8c (sz=24, trace=300437, class=java.lang.String@50000174)
	value		50000c8d
ARR 50000c8d (sz=10, trace=300438, nelems=5, elem type=char[])
OBJ 50000c8e (sz=32, trace=300104, class=java.util.HashMap$Node@500000ca)
	key		50000c8c
	value		50001048
OBJ 50000c8f (sz=24, trace=300437, class=java.lang.String@50000174)
	value		50000c90
ARR 50000c90 (sz=10, trace=300438, nelems=5, elem type=char[])
OBJ 50000c91 (sz=32, trace=300104, class=java.util.HashMap$Node@500000ca)
	key		50000c8f
	value		50001048
OBJ 50000c92 (sz=24, trace=300437, class=java.lang.String@50000174)
	value		50000c93
ARR 50000c93 (sz=10, trace=300438, nelems=5, elem type=char[])
OBJ 50000c94 (sz=32, trace=300104, class=java.util.HashMap$Node@500000ca)
	key		50000c92
	value		50001048
OBJ 50000c95 (sz=24, trace=300437, class=java.lang.String@50000174)
	value		50000c96
ARR 50000c96 (sz=10, trace=300438, nelems=5, elem type=char[])
OBJ 50000c97 (sz=32, trace=300104, class=java.util.HashMap$Node@500000ca)
	key		50000c95
	value		50001048
OBJ 50000c98 (sz=24, trace=300437, class=java.lang.String@50000174)
	value		50000c99
ARR 50000c99 (sz=10, trace=300438, nelems=5, elem type=char[])
OBJ 50000c9a (sz=32, trace=300104, class=java.util.HashMap$Node@500000ca)
	key		50000c98
	value		50001048
	next		50000d19
OBJ 50000c9b (sz=24, trace=300437, class=java.lang.String@50000174)
	value		50000c9c
ARR 50000c9c (sz=10, trace=300438, nelems=5, elem type=char[])
OBJ 50000c9d (sz=32, trace=300104, class=java.util.HashMap$Node@500000ca)
	key		50000c9b
	value		50001048
OBJ 50000c9e (sz=24, trace=300437, class=java.lang.String@50000174)
	value		50000c9f
ARR 50000c9f (sz=10, trace=300438, nelems=5, elem type=char[])
OBJ 50000ca0 (sz=32, trace=300104, class=java.util.HashMap$Node@500000ca)
	key		50000c9e
	value		50001048
OBJ 50000ca1 (sz=24, trace=300437, class=java.lang.String@50000174)
	value		50000ca2
ARR 50000ca2 (sz=10, trace=300438, nelems=5, elem type=char[])
OBJ 50000ca3 (sz=32, trace=300104, class=java.util.HashMap$Node@500000ca)
	key		50000ca1
	value		50001048
OBJ 50000ca4 (sz=24, trace=300437, class=java.lang.String@50000174)
	value		50000ca5
ARR 50000ca5 (sz=10, trace=300438, nelems=5, elem type=char[])
OBJ 50000ca6 (sz=32, trace=300104, class=java.util.HashMap$Node@500000ca)
	key		50000ca4
	value		50001048
OBJ 50000ca7 (sz=24, trace=300437, class=java.lang.String@50000174)
	value		50000ca8
ARR 50000ca8 (sz=10, trace=300438, nelems=5, elem type=char[])
OBJ 50000ca9 (sz=32, trace=300144, class=java.util.HashMap$Node@500000ca)
	key		50000ca7
	value		50001048
OBJ 50000caa (sz=24, trace=300437, class=java.lang.String@50000174)
	value		50000cab
ARR 50000cab (sz=10, trace=300438, nelems=5, elem type=char[])
OBJ 50000cac (sz=32, trace=300104, class=java.util.HashMap$Node@500000ca)
	key		50000caa
	value		50001048
OBJ 50000cad (sz=24, trace=300437, class=java.lang.String@50000174)
	value		50000cae
ARR 50000cae (sz=10, trace=300438, nelems=5, elem type=char[])
OBJ 50000caf (sz=32, trace=300144, class=java.util.HashMap$Node@500000ca)
	key		50000cad
	value		50001048
OBJ 50000cb0 (sz=24, trace=300437, class=java.lang.String@50000174)
	value		50000cb1
ARR 50000cb1 (sz=10, trace=300438, nelems=5, elem type=char[])
OBJ 50000cb2 (sz=32, trace=300104, class=java.util.HashMap$Node@500000ca)
	key		50000cb0
	value		50001048
	next		50000cdf
OBJ 50000cb3 (sz=24, trace=300437, class=java.lang.String@50000174)
	value		50000cb4
ARR 50000cb4 (sz=10, trace=300438, nelems=5, elem type=char[])
OBJ 50000cb5 (sz=32, trace=300104, class=java.util.HashMap$Node@500000ca)
	key		50000cb3
	value		50001048
OBJ 50000cb6 (sz=24, trace=300437, class=java.lang.String@50000174)
	value		50000cb7
ARR 50000cb7 (sz=4, trace=300438, nelems=2, elem type=char[])
OBJ 50000cb8 (sz=32, trace=300144, class=java.util.HashMap$Node@500000ca)
	key		50000cb6
	value		50001048
	next		50000d22
OBJ 50000cb9 (sz=24, trace=300437, class=java.lang.String@50000174)
	value		50000cba
ARR 50000cba (sz=10, trace=300438, nelems=5, elem type=char[])
OBJ 50000cbb (sz=32, trace=300144, class=java.util.HashMap$Node@500000ca)
	key		50000cb9
	value		50001048
OBJ 50000cbc (sz=24, trace=300437, class=java.lang.String@50000174)
	value		50000cbd
ARR 50000cbd (sz=10, trace=300438, nelems=5, elem type=char[])
OBJ 50000cbe (sz=32, trace=300144, class=java.util.HashMap$Node@500000ca)
	key		50000cbc
	value		50001048
OBJ 50000cbf (sz=24, trace=300437, class=java.lang.String@50000174)
	value		50000cc0
ARR 50000cc0 (sz=10, trace=300438, nelems=5, elem type=char[])
OBJ 50000cc1 (sz=32, trace=300104, class=java.util.HashMap$Node@500000ca)
	key		50000cbf
	value		50001048
OBJ 50000cc2 (sz=24, trace=300437, class=java.lang.String@50000174)
	value		50000cc3
ARR 50000cc3 (sz=10, trace=300438, nelems=5, elem type=char[])
OBJ 50000cc4 (sz=32, trace=300104, class=java.util.HashMap$Node@500000ca)
	key		50000cc2
	value		50001048
OBJ 50000cc5 (sz=24, trace=300437, class=java.lang.String@50000174)
	value		50000cc6
ARR 50000cc6 (sz=10, trace=300438, nelems=5, elem type=char[])
OBJ 50000cc7 (sz=32, trace=300104, class=java.util.HashMap$Node@500000ca)
	key		50000cc5
	value		50001048
OBJ 50000cc8 (sz=24, trace=300437, class=java.lang.String@50000174)
	value		50000cc9
ARR 50000cc9 (sz=10, trace=300438, nelems=5, elem type=char[])
OBJ 50000cca (sz=32, trace=300104, class=java.util.HashMap$Node@500000ca)
	key		50000cc8
	value		50001048
	next		50000ce8
OBJ 50000ccb (sz=24, trace=300437, class=java.lang.String@50000174)
	value		50000ccc
ARR 50000ccc (sz=10, trace=300438, nelems=5, elem type=char[])
OBJ 50000ccd (sz=32, trace=300144, class=java.util.HashMap$Node@500000ca)
	key		50000ccb
	value		50001048
OBJ 50000cce (sz=24, trace=300437, class=java.lang.String@50000174)
	value		50000ccf
ARR 50000ccf (sz=10, trace=300438, nelems=5, elem type=char[])
OBJ 50000cd0 (sz=32, trace=300144, class=java.util.HashMap$Node@500000ca)
	key		50000cce
	value		50001048
OBJ 50000cd1 (sz=24, trace=300437, class=java.lang.String@50000174)
	value		50000cd2
ARR 50000cd2 (sz=10, trace=300438, nelems=5, elem type=char[])
OBJ 50000cd3 (sz=32, trace=300144, class=java.util.HashMap$Node@500000ca)
	key		50000cd1
	value		50001048
OBJ 50000cd4 (sz=24, trace=300437, class=java.lang.String@50000174)
	value		50000cd5
ARR 50000cd5 (sz=10, trace=300438, nelems=5, elem type=char[])
OBJ 50000cd6 (sz=32, trace=300144, class=java.util.HashMap$Node@500000ca)
	key		50000cd4
	value		50001048
OBJ 50000cd7 (sz=24, trace=300437, class=java.lang.String@50000174)
	value		50000cd8
ARR 50000cd8 (sz=10, trace=300438, nelems=5, elem type=char[])
OBJ 50000cd9 (sz=32, trace=300104, class=java.util.HashMap$Node@500000ca)
	key		50000cd7
	value		50001048
OBJ 50000cda (sz=24, trace=300437, class=java.lang.String@50000174)
	value		50000cdb
ARR 50000cdb (sz=4, trace=300438, nelems=2, elem type=char[])
OBJ 50000cdc (sz=32, trace=300104, class=java.util.HashMap$Node@500000ca)
	key		50000cda
	value		50001048
OBJ 50000cdd (sz=24, trace=300437, class=java.lang.String@50000174)
	value		50000cde
ARR 50000cde (sz=10, trace=300438, nelems=5, elem type=char[])
OBJ 50000cdf (sz=32, trace=300144, class=java.util.HashMap$Node@500000ca)
	key		50000cdd
	value		50001048
	next		50000d46
OBJ 50000ce0 (sz=24, trace=300437, class=java.lang.String@50000174)
	value		50000ce1
ARR 50000ce1 (sz=10, trace=300438, nelems=5, elem type=char[])
OBJ 50000ce2 (sz=32, trace=300104, class=java.util.HashMap$Node@500000ca)
	key		50000ce0
	value		50001048
OBJ 50000ce3 (sz=24, trace=300437, class=java.lang.String@50000174)
	value		50000ce4
ARR 50000ce4 (sz=10, trace=300438, nelems=5, elem type=char[])
OBJ 50000ce5 (sz=32, trace=300144, class=java.util.HashMap$Node@500000ca)
	key		50000ce3
	value		50001048
OBJ 50000ce6 (sz=24, trace=300437, class=java.lang.String@50000174)
	value		50000ce7
ARR 50000ce7 (sz=4, trace=300438, nelems=2, elem type=char[])
OBJ 50000ce8 (sz=32, trace=300144, class=java.util.HashMap$Node@500000ca)
	key		50000ce6
	value		50001048
OBJ 50000ce9 (sz=24, trace=300437, class=java.lang.String@50000174)
	value		50000cea
ARR 50000cea (sz=10, trace=300438, nelems=5, elem type=char[])
OBJ 50000ceb (sz=32, trace=300144, class=java.util.HashMap$Node@500000ca)
	key		50000ce9
	value		50001048
OBJ 50000cec (sz=24, trace=300437, class=java.lang.String@50000174)
	value		50000ced
ARR 50000ced (sz=4, trace=300438, nelems=2, elem type=char[])
OBJ 50000cee (sz=32, trace=300104, class=java.util.HashMap$Node@500000ca)
	key		50000cec
	value		50001048
OBJ 50000cef (sz=24, trace=300437, class=java.lang.String@50000174)
	value		50000cf0
ARR 50000cf0 (sz=10, trace=300438, nelems=5, elem type=char[])
OBJ 50000cf1 (sz=32, trace=300144, class=java.util.HashMap$Node@500000ca)
	key		50000cef
	value		50001048
OBJ 50000cf2 (sz=24, trace=300437, class=java.lang.String@50000174)
	value		50000cf3
ARR 50000cf3 (sz=10, trace=300438, nelems=5, elem type=char[])
OBJ 50000cf4 (sz=32, trace=300104, class=java.util.HashMap$Node@500000ca)
	key		50000cf2
	value		50001048
OBJ 50000cf5 (sz=24, trace=300437, class=java.lang.String@50000174)
	value		50000cf6
ARR 50000cf6 (sz=10, trace=300438, nelems=5, elem type=char[])
OBJ 50000cf7 (sz=32, trace=300104, class=java.util.HashMap$Node@500000ca)
	key		50000cf5
	value		50001048
OBJ 50000cf8 (sz=24, trace=300437, class=java.lang.String@50000174)
	value		50000cf9
ARR 50000cf9 (sz=10, trace=300438, nelems=5, elem type=char[])
OBJ 50000cfa (sz=32, trace=300104, class=java.util.HashMap$Node@500000ca)
	key		50000cf8
	value		50001048
OBJ 50000cfb (sz=24, trace=300437, class=java.lang.String@50000174)
	value		50000cfc
ARR 50000cfc (sz=10, trace=300438, nelems=5, elem type=char[])
OBJ 50000cfd (sz=32, trace=300104, class=java.util.HashMap$Node@500000ca)
	key		50000cfb
	value		50001048
OBJ 50000cfe (sz=24, trace=300437, class=java.lang.String@50000174)
	value		50000cff
ARR 50000cff (sz=10, trace=300438, nelems=5, elem type=char[])
OBJ 50000d00 (sz=32, trace=300104, class=java.util.HashMap$Node@500000ca)
	key		50000cfe
	value		50001048
OBJ 50000d01 (sz=24, trace=300437, class=java.lang.String@50000174)
	value		50000d02
ARR 50000d02 (sz=10, trace=300438, nelems=5, elem type=char[])
OBJ 50000d03 (sz=32, trace=300104, class=java.util.HashMap$Node@500000ca)
	key		50000d01
	value		50001048
	next		50000d4f
OBJ 50000d04 (sz=24, trace=300437, class=java.lang.String@50000174)
	value		50000d05
ARR 50000d05 (sz=10, trace=300438, nelems=5, elem type=char[])
OBJ 50000d06 (sz=32, trace=300104, class=java.util.HashMap$Node@500000ca)
	key		50000d04
	value		50001048
OBJ 50000d07 (sz=24, trace=300437, class=java.lang.String@50000174)
	value		50000d08
ARR 50000d08 (sz=10, trace=300438, nelems=5, elem type=char[])
OBJ 50000d09 (sz=32, trace=300104, class=java.util.HashMap$Node@500000ca)
	key		50000d07
	value		50001048
OBJ 50000d0a (sz=24, trace=300437, class=java.lang.String@50000174)
	value		50000d0b
ARR 50000d0b (sz=10, trace=300438, nelems=5, elem type=char[])
OBJ 50000d0c (sz=32, trace=300144, class=java.util.HashMap$Node@500000ca)
	key		50000d0a
	value		50001048
OBJ 50000d0d (sz=24, trace=300437, class=java.lang.String@50000174)
	value		50000d0e
ARR 50000d0e (sz=4, trace=300438, nelems=2, elem type=char[])
OBJ 50000d0f (sz=32, trace=300104, class=java.util.HashMap$Node@500000ca)
	key		50000d0d
	value		50001048
OBJ 50000d10 (sz=24, trace=300437, class=java.lang.String@50000174)
	value		50000d11
ARR 50000d11 (sz=10, trace=300438, nelems=5, elem type=char[])
OBJ 50000d12 (sz=32, trace=300144, class=java.util.HashMap$Node@500000ca)
	key		50000d10
	value		50001048
	next		50000d3a
OBJ 50000d13 (sz=24, trace=300437, class=java.lang.String@50000174)
	value		50000d14
ARR 50000d14 (sz=10, trace=300438, nelems=5, elem type=char[])
OBJ 50000d15 (sz=32, trace=300144, class=java.util.HashMap$Node@500000ca)
	key		50000d13
	value		50001048
ARR 50000d16 (sz=1040, trace=300447, nelems=256, elem type=java.util.HashMap$Node[]@500000c8)
	[1]		50000bf9
	[3]		50000c26
	[4]		50000d0f
	[7]		50000cfd
	[8]		50000bfc
	[9]		50000c3f
	[10]		50000c0e
	[12]		50000d09
	[14]		50000d2e
	[16]		50000c6c
	[18]		50000d06
	[23]		50000d2b
	[24]		50000c63
	[25]		50000bf0
	[28]		50000cfa
	[29]		50000c42
	[34]		50000c2c
	[38]		50000ca6
	[42]		50000c7e
	[43]		50000cdc
	[44]		50000c78
	[46]		50000cbe
	[47]		50000c7b
	[49]		50000d0c
	[50]		50000d15
	[53]		50000c1d
	[55]		50000cca
	[57]		50000c08
	[59]		50000c2f
	[65]		50000c91
	[67]		50000cd0
	[69]		50000ca0
	[76]		50000ca3
	[79]		50000d37
	[80]		50000c5a
	[81]		50000cd9
	[89]		50000c4b
	[92]		50000c51
	[93]		50000c05
	[99]		50000d3d
	[100]		50000cee
	[101]		50000d58
	[102]		50000cf1
	[104]		50000d1f
	[105]		50000d31
	[113]		50000c32
	[114]		50000d25
	[116]		50000c72
	[118]		50000d40
	[122]		50000c54
	[129]		50000c57
	[131]		50000c0b
	[133]		50000cf7
	[138]		50000bff
	[141]		50000d03
	[152]		50000ccd
	[157]		50000c69
	[158]		50000c5d
	[163]		50000c45
	[167]		50000c35
	[168]		50000c8e
	[174]		50000c6f
	[176]		50000c9d
	[177]		50000c02
	[178]		50000c48
	[180]		50000c9a
	[184]		50000d00
	[186]		50000cb2
	[188]		50000cc4
	[189]		50000d4c
	[190]		50000bf6
	[192]		50000cb5
	[195]		50000bf3
	[202]		50000cf4
	[203]		50000c13
	[204]		50000cb8
	[206]		50000c84
	[207]		50000c20
	[215]		50000cc1
	[217]		50000c88
	[220]		50000ce5
	[225]		50000c38
	[226]		50000c4e
	[228]		50000d28
	[229]		50000d52
	[230]		50000c3b
	[231]		50000cac
	[233]		50000c16
	[234]		50000c23
	[238]		50000c94
	[240]		50000ce2
	[250]		50000c66
	[251]		50000cc7
	[254]		50000c97
	[255]		50000d43
OBJ 50000d17 (sz=24, trace=300437, class=java.lang.String@50000174)
	value		50000d18
ARR 50000d18 (sz=10, trace=300438, nelems=5, elem type=char[])
OBJ 50000d19 (sz=32, trace=300144, class=java.util.HashMap$Node@500000ca)
	key		50000d17
	value		50001048
	next		50000d55
OBJ 50000d1a (sz=24, trace=300437, class=java.lang.String@50000174)
	value		50000d1b
ARR 50000d1b (sz=10, trace=300438, nelems=5, elem type=char[])
OBJ 50000d1c (sz=32, trace=300144, class=java.util.HashMap$Node@500000ca)
	key		50000d1a
	value		50001048
OBJ 50000d1d (sz=24, trace=300437, class=java.lang.String@50000174)
	value		50000d1e
ARR 50000d1e (sz=10, trace=300438, nelems=5, elem type=char[])
OBJ 50000d1f (sz=32, trace=300104, class=java.util.HashMap$Node@500000ca)
	key		50000d1d
	value		50001048
OBJ 50000d20 (sz=24, trace=300437, class=java.lang.String@50000174)
	value		50000d21
ARR 50000d21 (sz=10, trace=300438, nelems=5, elem type=char[])
OBJ 50000d22 (sz=32, trace=300144, class=java.util.HashMap$Node@500000ca)
	key		50000d20
	value		50001048
OBJ 50000d23 (sz=24, trace=300437, class=java.lang.String@50000174)
	value		50000d24
ARR 50000d24 (sz=10, trace=300438, nelems=5, elem type=char[])
OBJ 50000d25 (sz=32, trace=300104, class=java.util.HashMap$Node@500000ca)
	key		50000d23
	value		50001048
OBJ 50000d26 (sz=24, trace=300437, class=java.lang.String@50000174)
	value		50000d27
ARR 50000d27 (sz=10, trace=300438, nelems=5, elem type=char[])
OBJ 50000d28 (sz=32, trace=300104, class=java.util.HashMap$Node@500000ca)
	key		50000d26
	value		50001048
OBJ 50000d29 (sz=24, trace=300437, class=java.lang.String@50000174)
	value		50000d2a
ARR 50000d2a (sz=10, trace=300438, nelems=5, elem type=char[])
OBJ 50000d2b (sz=32, trace=300104, class=java.util.HashMap$Node@500000ca)
	key		50000d29
	value		50001048
OBJ 50000d2c (sz=24, trace=300437, class=java.lang.String@50000174)
	value		50000d2d
ARR 50000d2d (sz=20, trace=300438, nelems=10, elem type=char[])
OBJ 50000d2e (sz=32, trace=300104, class=java.util.HashMap$Node@500000ca)
	key		50000d2c
	value		50001048
OBJ 50000d2f (sz=24, trace=300437, class=java.lang.String@50000174)
	value		50000d30
ARR 50000d30 (sz=20, trace=300438, nelems=10, elem type=char[])
OBJ 50000d31 (sz=32, trace=300104, class=java.util.HashMap$Node@500000ca)
	key		50000d2f
	value		50001048
OBJ 50000d32 (sz=24, trace=300437, class=java.lang.String@50000174)
	value		50000d33
ARR 50000d33 (sz=20, trace=300438, nelems=10, elem type=char[])
OBJ 50000d34 (sz=32, trace=300144, class=java.util.HashMap$Node@500000ca)
	key		50000d32
	value		50001048
OBJ 50000d35 (sz=24, trace=300437, class=java.lang.String@50000174)
	value		50000d36
ARR 50000d36 (sz=10, trace=300438, nelems=5, elem type=char[])
OBJ 50000d37 (sz=32, trace=300104, class=java.util.HashMap$Node@500000ca)
	key		50000d35
	value		50001048
OBJ 50000d38 (sz=24, trace=300437, class=java.lang.String@50000174)
	value		50000d39
ARR 50000d39 (sz=10, trace=300438, nelems=5, elem type=char[])
OBJ 50000d3a (sz=32, trace=300144, class=java.util.HashMap$Node@500000ca)
	key		50000d38
	value		50001048
OBJ 50000d3b (sz=24, trace=300437, class=java.lang.String@50000174)
	value		50000d3c
ARR 50000d3c (sz=4, trace=300438, nelems=2, elem type=char[])
OBJ 50000d3d (sz=32, trace=300104, class=java.util.HashMap$Node@500000ca)
	key		50000d3b
	value		50001048
OBJ 50000d3e (sz=24, trace=300437, class=java.lang.String@50000174)
	value		50000d3f
ARR 50000d3f (sz=10, trace=300438, nelems=5, elem type=char[])
OBJ 50000d40 (sz=32, trace=300104, class=java.util.HashMap$Node@500000ca)
	key		50000d3e
	value		50001048
OBJ 50000d41 (sz=24, trace=300437, class=java.lang.String@50000174)
	value		50000d42
ARR 50000d42 (sz=10, trace=300438, nelems=5, elem type=char[])
OBJ 50000d43 (sz=32, trace=300104, class=java.util.HashMap$Node@500000ca)
	key		50000d41
	value		50001048
OBJ 50000d44 (sz=24, trace=300437, class=java.lang.String@50000174)
	value		50000d45
ARR 50000d45 (sz=10, trace=300438, nelems=5, elem type=char[])
OBJ 50000d46 (sz=32, trace=300144, class=java.util.HashMap$Node@500000ca)
	key		50000d44
	value		50001048
OBJ 50000d47 (sz=24, trace=300437, class=java.lang.String@50000174)
	value		50000d48
ARR 50000d48 (sz=10, trace=300438, nelems=5, elem type=char[])
OBJ 50000d49 (sz=32, trace=300144, class=java.util.HashMap$Node@500000ca)
	key		50000d47
	value		50001048
OBJ 50000d4a (sz=24, trace=300437, class=java.lang.String@50000174)
	value		50000d4b
ARR 50000d4b (sz=10, trace=300438, nelems=5, elem type=char[])
OBJ 50000d4c (sz=32, trace=300104, class=java.util.HashMap$Node@500000ca)
	key		50000d4a
	value		50001048
OBJ 50000d4d (sz=24, trace=300437, class=java.lang.String@50000174)
	value		50000d4e
ARR 50000d4e (sz=10, trace=300438, nelems=5, elem type=char[])
OBJ 50000d4f (sz=32, trace=300144, class=java.util.HashMap$Node@500000ca)
	key		50000d4d
	value		50001048
OBJ 50000d50 (sz=24, trace=300437, class=java.lang.String@50000174)
	value		50000d51
ARR 50000d51 (sz=10, trace=300438, nelems=5, elem type=char[])
OBJ 50000d52 (sz=32, trace=300104, class=java.util.HashMap$Node@500000ca)
	key		50000d50
	value		50001048
OBJ 50000d53 (sz=24, trace=300437, class=java.lang.String@50000174)
	value		50000d54
ARR 50000d54 (sz=10, trace=300438, nelems=5, elem type=char[])
OBJ 50000d55 (sz=32, trace=300144, class=java.util.HashMap$Node@500000ca)
	key		50000d53
	value		50001048
OBJ 50000d56 (sz=24, trace=300437, class=java.lang.String@50000174)
	value		50000d57
ARR 50000d57 (sz=10, trace=300438, nelems=5, elem type=char[])
OBJ 50000d58 (sz=32, trace=300104, class=java.util.HashMap$Node@500000ca)
	key		50000d56
	value		50001048
OBJ 50000d59 (sz=32, trace=300449, class=java.util.concurrent.ConcurrentHashMap$Node@50000021)
	key		50001c64
	val		50000bea
OBJ 50000d5a (sz=24, trace=300772, class=sun.util.locale.provider.CurrencyNameProviderImpl@50000be9)
	type		500007c0
	langtags	50000bea
ARR 50000d5b (sz=80, trace=300773, nelems=10, elem type=java.util.concurrent.ConcurrentHashMap$Node[]@50000020)
	[9]		50000d5c
OBJ 50000d5c (sz=32, trace=300774, class=java.util.concurrent.ConcurrentHashMap$Node@50000021)
	key		500007c0
	val		50000d5a
OBJ 50000d5e (sz=24, trace=300776, class=sun.util.locale.provider.SPILocaleProviderAdapter$1@50000d5d)
OBJ 50000d5f (sz=32, trace=300777, class=java.util.ServiceLoader@500001e4)
OBJ 50000d60 (sz=56, trace=300074, class=java.util.LinkedHashMap@50000066)
OBJ 50000d61 (sz=40, trace=300076, class=java.util.ServiceLoader$LazyIterator@500001e7)
OBJ 50000d62 (sz=24, trace=300778, class=java.util.ServiceLoader$1@500001e9)
OBJ 50000d63 (sz=16, trace=300080, class=java.util.LinkedHashMap$LinkedEntrySet@500001eb)
OBJ 50000d64 (sz=32, trace=300082, class=java.util.LinkedHashMap$LinkedEntryIterator@500001ee)
OBJ 50000d65 (sz=24, trace=300083, class=java.lang.StringBuilder@50000127)
ARR 50000d66 (sz=48, trace=300084, nelems=0, elem type=char[])
ARR 50000d67 (sz=88, trace=300010, nelems=0, elem type=char[])
ARR 50000d68 (sz=160, trace=300010, nelems=0, elem type=char[])
OBJ 50000d69 (sz=24, trace=300085, class=java.lang.String@50000174)
ARR 50000d6a (sz=120, trace=300086, nelems=0, elem type=char[])
ARR 50000d6b (sz=24, trace=300087, nelems=0, elem type=java.util.Enumeration[]@500001f6)
OBJ 50000d6c (sz=40, trace=300183, class=sun.misc.URLClassPath$2@5000048a)
OBJ 50000d6d (sz=16, trace=300185, class=java.lang.ClassLoader$2@5000048c)
OBJ 50000d6e (sz=40, trace=300187, class=sun.misc.URLClassPath$1@5000048e)
OBJ 50000d6f (sz=24, trace=300189, class=java.net.URLClassLoader$3@50000490)
OBJ 50000d70 (sz=24, trace=300191, class=sun.misc.CompoundEnumeration@50000492)
OBJ 50000d71 (sz=16, trace=300234, class=java.net.URLClassLoader$3$1@50000586)
ARR 50000d72 (sz=80, trace=300779, nelems=7, elem type=java.util.concurrent.ConcurrentHashMap$Node[]@50000020)
	[6]		50000d73
OBJ 50000d73 (sz=32, trace=300780, class=java.util.concurrent.ConcurrentHashMap$Node@50000021)
	key		50000bd7
	val		500007b9
ARR 50000d74 (sz=80, trace=300781, nelems=7, elem type=java.util.concurrent.ConcurrentHashMap$Node[]@50000020)
	[6]		50000d75
OBJ 50000d75 (sz=32, trace=300782, class=java.util.concurrent.ConcurrentHashMap$Node@50000021)
	key		50000bd7
	val		50000be2
OBJ 50000d78 (sz=16, trace=300784, class=java.util.Currency$CurrencyNameGetter@50000d77)
ARR 50000d79 (sz=24, trace=300785, nelems=0, elem type=java.lang.Object[]@5000010e)
OBJ 50000d7a (sz=24, trace=300786, class=java.lang.StringBuilder@50000127)
ARR 50000d7b (sz=48, trace=300787, nelems=0, elem type=char[])
OBJ 50000d7c (sz=24, trace=300788, class=java.lang.String@50000174)
	value		50000d7d
ARR 50000d7d (sz=12, trace=300789, nelems=6, elem type=char[])
OBJ 50000d7e (sz=24, trace=300790, class=java.lang.StringBuilder@50000127)
ARR 50000d7f (sz=48, trace=300791, nelems=0, elem type=char[])
ARR 50000d80 (sz=88, trace=300010, nelems=0, elem type=char[])
OBJ 50000d81 (sz=24, trace=300792, class=java.lang.String@50000174)
	value		50000d82
ARR 50000d82 (sz=64, trace=300793, nelems=32, elem type=char[])
OBJ 50000d83 (sz=24, trace=300794, class=sun.util.resources.LocaleData$1@500009f8)
OBJ 50000d84 (sz=56, trace=300512, class=java.util.ResourceBundle$CacheKey@500006a6)
OBJ 50000d85 (sz=32, trace=300266, class=java.util.ResourceBundle$LoaderReference@500006a9)
OBJ 50000d86 (sz=24, trace=300282, class=java.util.ArrayList@500000e3)
ARR 50000d87 (sz=32, trace=300514, nelems=0, elem type=java.lang.Object[]@5000010e)
OBJ 50000d88 (sz=24, trace=300515, class=java.lang.String@50000174)
ARR 50000d89 (sz=48, trace=300516, nelems=0, elem type=char[])
OBJ 50000d8a (sz=32, trace=300517, class=java.util.ArrayList$Itr@500007ce)
OBJ 50000d8b (sz=24, trace=300795, class=java.lang.StringBuilder@50000127)
ARR 50000d8c (sz=56, trace=300796, nelems=0, elem type=char[])
OBJ 50000d8d (sz=24, trace=300797, class=java.lang.String@50000174)
ARR 50000d8e (sz=24, trace=300798, nelems=0, elem type=char[])
OBJ 50000d8f (sz=32, trace=300284, class=java.util.ResourceBundle$LoaderReference@500006a9)
OBJ 50000d90 (sz=16, trace=300285, class=java.lang.Object@50000178)
OBJ 50000d91 (sz=32, trace=300287, class=java.util.concurrent.ConcurrentHashMap$Node@50000021)
	key		50000d81
	val		50000d90
ARR 50000d95 (sz=16, trace=300289, nelems=0, elem type=java.lang.Class[]@50000109)
OBJ 50000d96 (sz=56, trace=300290, class=java.lang.Class$ReflectionData@500000b7)
OBJ 50000d97 (sz=40, trace=300040, class=java.lang.ref.SoftReference@50000158)
OBJ 50000d98 (sz=80, trace=300291, class=java.lang.reflect.Constructor@50000143)
OBJ 50000d99 (sz=24, trace=300292, class=java.lang.Class$1@500000a2)
OBJ 50000d9a (sz=24, trace=300293, class=sun.reflect.NativeConstructorAccessorImpl@500000a0)
OBJ 50000d9b (sz=16, trace=300294, class=sun.reflect.DelegatingConstructorAccessorImpl@5000009f)
OBJ 50000d9c (sz=48, trace=300799, class=sun.util.resources.CurrencyNames@50000d94)
	locale		50001a10
	name		50000d81
	cacheKey	50001e6b
OBJ 50000d9d (sz=32, trace=300284, class=java.util.ResourceBundle$LoaderReference@500006a9)
	referent	50000687
	queue		500001e1
	cacheKey	50001e6b
OBJ 50000d9e (sz=48, trace=300297, class=java.util.ResourceBundle$BundleReference@500006d4)
	referent	50000d9c
	queue		500001e1
	cacheKey	50001e6b
OBJ 50000d9f (sz=32, trace=300299, class=java.util.concurrent.ConcurrentHashMap$Node@50000021)
	key		50001e6b
	val		50000d9e
OBJ 50000da0 (sz=32, trace=300284, class=java.util.ResourceBundle$LoaderReference@500006a9)
OBJ 50000da1 (sz=24, trace=300523, class=java.lang.StringBuilder@50000127)
ARR 50000da2 (sz=48, trace=300524, nelems=0, elem type=char[])
OBJ 50000da3 (sz=24, trace=300525, class=java.lang.String@50000174)
ARR 50000da4 (sz=56, trace=300526, nelems=0, elem type=char[])
ARR 50000da5 (sz=88, trace=300010, nelems=0, elem type=char[])
OBJ 50000da6 (sz=24, trace=300527, class=java.lang.String@50000174)
ARR 50000da7 (sz=48, trace=300528, nelems=0, elem type=char[])
ARR 50000da8 (sz=160, trace=300010, nelems=0, elem type=char[])
OBJ 50000da9 (sz=24, trace=300529, class=java.lang.String@50000174)
ARR 50000daa (sz=88, trace=300530, nelems=0, elem type=char[])
OBJ 50000dab (sz=24, trace=300531, class=java.lang.StringBuilder@50000127)
ARR 50000dac (sz=120, trace=300532, nelems=0, elem type=char[])
OBJ 50000dad (sz=24, trace=300533, class=java.lang.String@50000174)
	value		50000dae
ARR 50000dae (sz=82, trace=300303, nelems=41, elem type=char[])
OBJ 50000daf (sz=16, trace=300285, class=java.lang.Object@50000178)
OBJ 50000db0 (sz=32, trace=300287, class=java.util.concurrent.ConcurrentHashMap$Node@50000021)
	key		50000dad
	val		50000daf
ARR 50000db2 (sz=16, trace=300289, nelems=0, elem type=java.lang.Class[]@50000109)
OBJ 50000db3 (sz=56, trace=300290, class=java.lang.Class$ReflectionData@500000b7)
OBJ 50000db4 (sz=40, trace=300040, class=java.lang.ref.SoftReference@50000158)
OBJ 50000db5 (sz=80, trace=300291, class=java.lang.reflect.Constructor@50000143)
OBJ 50000db6 (sz=24, trace=300292, class=java.lang.Class$1@500000a2)
OBJ 50000db7 (sz=24, trace=300293, class=sun.reflect.NativeConstructorAccessorImpl@500000a0)
OBJ 50000db8 (sz=16, trace=300294, class=sun.reflect.DelegatingConstructorAccessorImpl@5000009f)
OBJ 50000db9 (sz=48, trace=300800, class=sun.util.resources.en.CurrencyNames_en_US@50000db1)
	parent		50000d9c
	locale		50001a0f
	name		50000d81
	cacheKey	50001e6c
	lookup		50000dbf
OBJ 50000dba (sz=32, trace=300284, class=java.util.ResourceBundle$LoaderReference@500006a9)
	referent	50000687
	queue		500001e1
	cacheKey	50001e6c
OBJ 50000dbb (sz=48, trace=300297, class=java.util.ResourceBundle$BundleReference@500006d4)
	referent	50000db9
	queue		500001e1
	cacheKey	50001e6c
OBJ 50000dbc (sz=32, trace=300299, class=java.util.concurrent.ConcurrentHashMap$Node@50000021)
	key		50001e6c
	val		50000dbb
ARR 50000dbd (sz=24, trace=300801, nelems=0, elem type=java.lang.Object[][]@50000713)
ARR 50000dbe (sz=24, trace=300802, nelems=0, elem type=java.lang.Object[]@5000010e)
OBJ 50000dbf (sz=48, trace=300803, class=java.util.HashMap@500000cc)
	keySet		50000dc4
	table		50000dc2
ARR 50000dc0 (sz=24, trace=300804, nelems=0, elem type=java.util.HashMap$Node[]@500000c8)
OBJ 50000dc1 (sz=32, trace=300104, class=java.util.HashMap$Node@500000ca)
	key		50001e6e
	value		50001e6d
ARR 50000dc2 (sz=24, trace=300805, nelems=2, elem type=java.util.HashMap$Node[]@500000c8)
	[1]		50000dc1
OBJ 50000dc4 (sz=16, trace=300807, class=java.util.HashMap$KeySet@50000dc3)
	this$0		50000dbf
OBJ 50000dc5 (sz=48, trace=300808, class=sun.util.locale.provider.LocaleResources$ResourceReference@50000a62)
	referent	50001e6d
	queue		500009ed
	cacheKey	50000d7c
OBJ 50000dc6 (sz=32, trace=300809, class=java.util.concurrent.ConcurrentHashMap$Node@50000021)
	key		50000d7c
	val		50000dc5
ARR 50000dc9 (sz=16, trace=300811, nelems=0, elem type=java.text.FieldPosition[]@50000dc8)
OBJ 50000dca (sz=144, trace=300812, class=java.text.DecimalFormat@50000dc7)
ARR 50000dcc (sz=38, trace=300814, nelems=19, elem type=char[])
OBJ 50000dcd (sz=40, trace=300815, class=java.text.DigitList@50000dcb)
ARR 50000dce (sz=56, trace=300816, nelems=0, elem type=char[])
OBJ 50000dd0 (sz=24, trace=300818, class=java.math.RoundingMode@50000dcf)
	name		50001ed4
OBJ 50000dd1 (sz=24, trace=300819, class=java.math.RoundingMode@50000dcf)
	name		50001ed5
OBJ 50000dd2 (sz=24, trace=300820, class=java.math.RoundingMode@50000dcf)
	name		50001ed6
OBJ 50000dd3 (sz=24, trace=300821, class=java.math.RoundingMode@50000dcf)
	name		50001ed7
OBJ 50000dd4 (sz=24, trace=300822, class=java.math.RoundingMode@50000dcf)
	name		50001ed8
OBJ 50000dd5 (sz=24, trace=300823, class=java.math.RoundingMode@50000dcf)
	name		50001ed9
OBJ 50000dd6 (sz=24, trace=300824, class=java.math.RoundingMode@50000dcf)
	name		50001eda
OBJ 50000dd7 (sz=24, trace=300825, class=java.math.RoundingMode@50000dcf)
	name		50001edb
ARR 50000dd9 (sz=48, trace=300826, nelems=8, elem type=java.math.RoundingMode[]@50000dd8)
	[0]		50000dd0
	[1]		50000dd1
	[2]		50000dd2
	[3]		50000dd3
	[4]		50000dd4
	[5]		50000dd5
	[6]		50000dd6
	[7]		50000dd7
OBJ 50000dda (sz=24, trace=300827, class=java.lang.StringBuffer@50000128)
ARR 50000ddb (sz=48, trace=300828, nelems=0, elem type=char[])
OBJ 50000ddc (sz=24, trace=300829, class=java.lang.StringBuffer@50000128)
ARR 50000ddd (sz=48, trace=300830, nelems=0, elem type=char[])
ARR 50000dde (sz=16, trace=300831, nelems=0, elem type=char[])
OBJ 50000ddf (sz=24, trace=300832, class=java.lang.String@50000174)
ARR 50000de0 (sz=16, trace=300833, nelems=0, elem type=char[])
OBJ 50000de1 (sz=24, trace=300834, class=java.lang.String@50000174)
OBJ 50000de2 (sz=24, trace=300827, class=java.lang.StringBuffer@50000128)
ARR 50000de3 (sz=48, trace=300828, nelems=0, elem type=char[])
OBJ 50000de4 (sz=24, trace=300829, class=java.lang.StringBuffer@50000128)
ARR 50000de5 (sz=48, trace=300830, nelems=0, elem type=char[])
ARR 50000de6 (sz=24, trace=300835, nelems=0, elem type=char[])
OBJ 50000de7 (sz=24, trace=300836, class=java.lang.String@50000174)
ARR 50000de8 (sz=16, trace=300837, nelems=0, elem type=char[])
OBJ 50000de9 (sz=24, trace=300838, class=java.lang.String@50000174)
OBJ 50000dea (sz=24, trace=300839, class=java.lang.StringBuffer@50000128)
ARR 50000deb (sz=48, trace=300840, nelems=0, elem type=char[])
ARR 50000dec (sz=16, trace=300841, nelems=0, elem type=char[])
OBJ 50000ded (sz=24, trace=300842, class=java.lang.String@50000174)
ARR 50000dee (sz=16, trace=300843, nelems=0, elem type=char[])
OBJ 50000def (sz=24, trace=300844, class=java.lang.String@50000174)
ARR 50000df0 (sz=24, trace=300845, nelems=0, elem type=char[])
OBJ 50000df1 (sz=24, trace=300846, class=java.lang.String@50000174)
ARR 50000df2 (sz=16, trace=300847, nelems=0, elem type=char[])
OBJ 50000df3 (sz=24, trace=300848, class=java.lang.String@50000174)
OBJ 50000df4 (sz=24, trace=300849, class=java.lang.StringBuffer@50000128)
ARR 50000df5 (sz=48, trace=300850, nelems=0, elem type=char[])
OBJ 50000df6 (sz=32, trace=300851, class=java.text.FieldPosition@50000773)
OBJ 50000df9 (sz=24, trace=300853, class=java.text.FieldPosition$Delegate@50000df8)
OBJ 50000dfb (sz=48, trace=300855, class=java.util.HashMap@500000cc)
	table		50000dfd
OBJ 50000dfc (sz=16, trace=300856, class=java.text.NumberFormat$Field@50000dfa)
	name		50001c3a
ARR 50000dfd (sz=80, trace=300857, nelems=16, elem type=java.util.HashMap$Node[]@500000c8)
	[2]		50000e04
	[8]		50000e06
	[9]		50000e0a
	[10]		50000e10
	[11]		50000dfe
	[12]		50000e0e
	[13]		50000e0c
	[15]		50000e00
OBJ 50000dfe (sz=32, trace=300104, class=java.util.HashMap$Node@500000ca)
	key		50001c3a
	value		50000dfc
	next		50000e08
OBJ 50000dff (sz=16, trace=300858, class=java.text.NumberFormat$Field@50000dfa)
	name		50001ec4
OBJ 50000e00 (sz=32, trace=300104, class=java.util.HashMap$Node@500000ca)
	key		50001ec4
	value		50000dff
	next		50000e02
OBJ 50000e01 (sz=16, trace=300859, class=java.text.NumberFormat$Field@50000dfa)
	name		50001ec5
OBJ 50000e02 (sz=32, trace=300144, class=java.util.HashMap$Node@500000ca)
	key		50001ec5
	value		50000e01
OBJ 50000e03 (sz=16, trace=300860, class=java.text.NumberFormat$Field@50000dfa)
	name		50001ec6
OBJ 50000e04 (sz=32, trace=300104, class=java.util.HashMap$Node@500000ca)
	key		50001ec6
	value		50000e03
OBJ 50000e05 (sz=16, trace=300861, class=java.text.NumberFormat$Field@50000dfa)
	name		50001ec7
OBJ 50000e06 (sz=32, trace=300104, class=java.util.HashMap$Node@500000ca)
	key		50001ec7
	value		50000e05
OBJ 50000e07 (sz=16, trace=300862, class=java.text.NumberFormat$Field@50000dfa)
	name		50001ec8
OBJ 50000e08 (sz=32, trace=300144, class=java.util.HashMap$Node@500000ca)
	key		50001ec8
	value		50000e07
OBJ 50000e09 (sz=16, trace=300863, class=java.text.NumberFormat$Field@50000dfa)
	name		50001ec9
OBJ 50000e0a (sz=32, trace=300104, class=java.util.HashMap$Node@500000ca)
	key		50001ec9
	value		50000e09
OBJ 50000e0b (sz=16, trace=300864, class=java.text.NumberFormat$Field@50000dfa)
	name		50001c39
OBJ 50000e0c (sz=32, trace=300104, class=java.util.HashMap$Node@500000ca)
	key		50001c39
	value		50000e0b
OBJ 50000e0d (sz=16, trace=300865, class=java.text.NumberFormat$Field@50000dfa)
	name		50001eca
OBJ 50000e0e (sz=32, trace=300104, class=java.util.HashMap$Node@500000ca)
	key		50001eca
	value		50000e0d
OBJ 50000e0f (sz=16, trace=300866, class=java.text.NumberFormat$Field@50000dfa)
	name		50001c38
OBJ 50000e10 (sz=32, trace=300104, class=java.util.HashMap$Node@500000ca)
	key		50001c38
	value		50000e0f
	next		50000e12
OBJ 50000e11 (sz=16, trace=300867, class=java.text.NumberFormat$Field@50000dfa)
	name		50001ecb
OBJ 50000e12 (sz=32, trace=300144, class=java.util.HashMap$Node@500000ca)
	key		50001ecb
	value		50000e11
ARR 50000e13 (sz=24, trace=300868, nelems=0, elem type=char[])
OBJ 50000e14 (sz=24, trace=300869, class=java.lang.String@50000174)
OBJ 50000e15 (sz=24, trace=300377, class=java.lang.String@50000174)
ARR 50000e16 (sz=40, trace=300378, nelems=0, elem type=char[])
ARR 50000e17 (sz=88, trace=300387, nelems=0, elem type=char[])
OBJ 50000e18 (sz=64, trace=300553, class=java.text.DecimalFormatSymbols@50000a66)
OBJ 50000e19 (sz=24, trace=300749, class=java.lang.StringBuilder@50000127)
ARR 50000e1a (sz=56, trace=300750, nelems=0, elem type=char[])
OBJ 50000e1b (sz=24, trace=300751, class=java.lang.String@50000174)
ARR 50000e1c (sz=24, trace=300752, nelems=0, elem type=char[])
OBJ 50000e1d (sz=144, trace=300812, class=java.text.DecimalFormat@50000dc7)
OBJ 50000e1e (sz=40, trace=300815, class=java.text.DigitList@50000dcb)
ARR 50000e1f (sz=56, trace=300816, nelems=0, elem type=char[])
OBJ 50000e20 (sz=24, trace=300827, class=java.lang.StringBuffer@50000128)
ARR 50000e21 (sz=48, trace=300828, nelems=0, elem type=char[])
OBJ 50000e22 (sz=24, trace=300829, class=java.lang.StringBuffer@50000128)
ARR 50000e23 (sz=48, trace=300830, nelems=0, elem type=char[])
ARR 50000e24 (sz=16, trace=300831, nelems=0, elem type=char[])
OBJ 50000e25 (sz=24, trace=300832, class=java.lang.String@50000174)
ARR 50000e26 (sz=16, trace=300833, nelems=0, elem type=char[])
OBJ 50000e27 (sz=24, trace=300834, class=java.lang.String@50000174)
OBJ 50000e28 (sz=24, trace=300827, class=java.lang.StringBuffer@50000128)
ARR 50000e29 (sz=48, trace=300828, nelems=0, elem type=char[])
OBJ 50000e2a (sz=24, trace=300829, class=java.lang.StringBuffer@50000128)
ARR 50000e2b (sz=48, trace=300830, nelems=0, elem type=char[])
ARR 50000e2c (sz=24, trace=300835, nelems=0, elem type=char[])
OBJ 50000e2d (sz=24, trace=300836, class=java.lang.String@50000174)
ARR 50000e2e (sz=16, trace=300837, nelems=0, elem type=char[])
OBJ 50000e2f (sz=24, trace=300838, class=java.lang.String@50000174)
OBJ 50000e30 (sz=24, trace=300839, class=java.lang.StringBuffer@50000128)
ARR 50000e31 (sz=48, trace=300840, nelems=0, elem type=char[])
ARR 50000e32 (sz=16, trace=300841, nelems=0, elem type=char[])
OBJ 50000e33 (sz=24, trace=300842, class=java.lang.String@50000174)
ARR 50000e34 (sz=16, trace=300843, nelems=0, elem type=char[])
OBJ 50000e35 (sz=24, trace=300844, class=java.lang.String@50000174)
ARR 50000e36 (sz=24, trace=300845, nelems=0, elem type=char[])
OBJ 50000e37 (sz=24, trace=300846, class=java.lang.String@50000174)
ARR 50000e38 (sz=16, trace=300847, nelems=0, elem type=char[])
OBJ 50000e39 (sz=24, trace=300848, class=java.lang.String@50000174)
OBJ 50000e3a (sz=24, trace=300849, class=java.lang.StringBuffer@50000128)
ARR 50000e3b (sz=48, trace=300850, nelems=0, elem type=char[])
OBJ 50000e3c (sz=32, trace=300851, class=java.text.FieldPosition@50000773)
OBJ 50000e3d (sz=24, trace=300853, class=java.text.FieldPosition$Delegate@50000df8)
ARR 50000e3e (sz=24, trace=300868, nelems=0, elem type=char[])
OBJ 50000e3f (sz=24, trace=300869, class=java.lang.String@50000174)
OBJ 50000e40 (sz=24, trace=300388, class=java.lang.String@50000174)
ARR 50000e41 (sz=80, trace=300389, nelems=0, elem type=char[])
ARR 50000e42 (sz=160, trace=300387, nelems=0, elem type=char[])
ARR 50000e43 (sz=112, trace=300390, nelems=0, elem type=char[])
OBJ 50000e44 (sz=24, trace=300391, class=java.lang.String@50000174)
ARR 50000e45 (sz=720, trace=300010, nelems=0, elem type=char[])
ARR 50000e46 (sz=24, trace=300870, nelems=0, elem type=java.lang.Object[]@5000010e)
OBJ 50000e47 (sz=40, trace=300349, class=java.text.MessageFormat@5000073e)
ARR 50000e48 (sz=56, trace=300871, nelems=0, elem type=java.text.Format[]@50000744)
ARR 50000e49 (sz=56, trace=300872, nelems=0, elem type=int[])
ARR 50000e4a (sz=56, trace=300873, nelems=0, elem type=int[])
ARR 50000e4b (sz=32, trace=300363, nelems=0, elem type=java.lang.StringBuilder[]@50000759)
OBJ 50000e4c (sz=24, trace=300364, class=java.lang.StringBuilder@50000127)
ARR 50000e4d (sz=48, trace=300365, nelems=0, elem type=char[])
OBJ 50000e4e (sz=24, trace=300366, class=java.lang.StringBuilder@50000127)
ARR 50000e4f (sz=48, trace=300367, nelems=0, elem type=char[])
ARR 50000e50 (sz=32, trace=300368, nelems=0, elem type=java.lang.String[]@500000ce)
OBJ 50000e51 (sz=24, trace=300369, class=java.lang.String@50000174)
ARR 50000e52 (sz=32, trace=300370, nelems=0, elem type=char[])
OBJ 50000e53 (sz=24, trace=300369, class=java.lang.String@50000174)
ARR 50000e54 (sz=24, trace=300370, nelems=0, elem type=char[])
OBJ 50000e55 (sz=24, trace=300366, class=java.lang.StringBuilder@50000127)
ARR 50000e56 (sz=48, trace=300367, nelems=0, elem type=char[])
ARR 50000e57 (sz=32, trace=300368, nelems=0, elem type=java.lang.String[]@500000ce)
OBJ 50000e58 (sz=24, trace=300369, class=java.lang.String@50000174)
ARR 50000e59 (sz=48, trace=300370, nelems=0, elem type=char[])
OBJ 50000e5a (sz=24, trace=300369, class=java.lang.String@50000174)
ARR 50000e5b (sz=24, trace=300370, nelems=0, elem type=char[])
ARR 50000e5c (sz=88, trace=300108, nelems=0, elem type=char[])
ARR 50000e5d (sz=160, trace=300108, nelems=0, elem type=char[])
OBJ 50000e5e (sz=24, trace=300371, class=java.lang.String@50000174)
ARR 50000e5f (sz=104, trace=300372, nelems=0, elem type=char[])
OBJ 50000e60 (sz=24, trace=300373, class=java.lang.StringBuffer@50000128)
ARR 50000e61 (sz=48, trace=300374, nelems=0, elem type=char[])
OBJ 50000e62 (sz=32, trace=300376, class=java.text.FieldPosition@50000773)
OBJ 50000e63 (sz=24, trace=300377, class=java.lang.String@50000174)
ARR 50000e64 (sz=32, trace=300378, nelems=0, elem type=char[])
OBJ 50000e65 (sz=64, trace=300553, class=java.text.DecimalFormatSymbols@50000a66)
OBJ 50000e66 (sz=24, trace=300749, class=java.lang.StringBuilder@50000127)
ARR 50000e67 (sz=56, trace=300750, nelems=0, elem type=char[])
OBJ 50000e68 (sz=24, trace=300751, class=java.lang.String@50000174)
ARR 50000e69 (sz=24, trace=300752, nelems=0, elem type=char[])
OBJ 50000e6a (sz=144, trace=300812, class=java.text.DecimalFormat@50000dc7)
OBJ 50000e6b (sz=40, trace=300815, class=java.text.DigitList@50000dcb)
ARR 50000e6c (sz=56, trace=300816, nelems=0, elem type=char[])
OBJ 50000e6d (sz=24, trace=300827, class=java.lang.StringBuffer@50000128)
ARR 50000e6e (sz=48, trace=300828, nelems=0, elem type=char[])
OBJ 50000e6f (sz=24, trace=300829, class=java.lang.StringBuffer@50000128)
ARR 50000e70 (sz=48, trace=300830, nelems=0, elem type=char[])
ARR 50000e71 (sz=16, trace=300831, nelems=0, elem type=char[])
OBJ 50000e72 (sz=24, trace=300832, class=java.lang.String@50000174)
ARR 50000e73 (sz=16, trace=300833, nelems=0, elem type=char[])
OBJ 50000e74 (sz=24, trace=300834, class=java.lang.String@50000174)
OBJ 50000e75 (sz=24, trace=300827, class=java.lang.StringBuffer@50000128)
ARR 50000e76 (sz=48, trace=300828, nelems=0, elem type=char[])
OBJ 50000e77 (sz=24, trace=300829, class=java.lang.StringBuffer@50000128)
ARR 50000e78 (sz=48, trace=300830, nelems=0, elem type=char[])
ARR 50000e79 (sz=24, trace=300835, nelems=0, elem type=char[])
OBJ 50000e7a (sz=24, trace=300836, class=java.lang.String@50000174)
ARR 50000e7b (sz=16, trace=300837, nelems=0, elem type=char[])
OBJ 50000e7c (sz=24, trace=300838, class=java.lang.String@50000174)
OBJ 50000e7d (sz=24, trace=300839, class=java.lang.StringBuffer@50000128)
ARR 50000e7e (sz=48, trace=300840, nelems=0, elem type=char[])
ARR 50000e7f (sz=16, trace=300841, nelems=0, elem type=char[])
OBJ 50000e80 (sz=24, trace=300842, class=java.lang.String@50000174)
ARR 50000e81 (sz=16, trace=300843, nelems=0, elem type=char[])
OBJ 50000e82 (sz=24, trace=300844, class=java.lang.String@50000174)
ARR 50000e83 (sz=24, trace=300845, nelems=0, elem type=char[])
OBJ 50000e84 (sz=24, trace=300846, class=java.lang.String@50000174)
ARR 50000e85 (sz=16, trace=300847, nelems=0, elem type=char[])
OBJ 50000e86 (sz=24, trace=300848, class=java.lang.String@50000174)
OBJ 50000e87 (sz=24, trace=300849, class=java.lang.StringBuffer@50000128)
ARR 50000e88 (sz=48, trace=300850, nelems=0, elem type=char[])
OBJ 50000e89 (sz=32, trace=300851, class=java.text.FieldPosition@50000773)
OBJ 50000e8a (sz=24, trace=300853, class=java.text.FieldPosition$Delegate@50000df8)
ARR 50000e8b (sz=24, trace=300868, nelems=0, elem type=char[])
OBJ 50000e8c (sz=24, trace=300869, class=java.lang.String@50000174)
OBJ 50000e8d (sz=24, trace=300377, class=java.lang.String@50000174)
ARR 50000e8e (sz=40, trace=300378, nelems=0, elem type=char[])
ARR 50000e8f (sz=88, trace=300387, nelems=0, elem type=char[])
OBJ 50000e90 (sz=64, trace=300553, class=java.text.DecimalFormatSymbols@50000a66)
OBJ 50000e91 (sz=24, trace=300749, class=java.lang.StringBuilder@50000127)
ARR 50000e92 (sz=56, trace=300750, nelems=0, elem type=char[])
OBJ 50000e93 (sz=24, trace=300751, class=java.lang.String@50000174)
ARR 50000e94 (sz=24, trace=300752, nelems=0, elem type=char[])
OBJ 50000e95 (sz=144, trace=300812, class=java.text.DecimalFormat@50000dc7)
OBJ 50000e96 (sz=40, trace=300815, class=java.text.DigitList@50000dcb)
ARR 50000e97 (sz=56, trace=300816, nelems=0, elem type=char[])
OBJ 50000e98 (sz=24, trace=300827, class=java.lang.StringBuffer@50000128)
ARR 50000e99 (sz=48, trace=300828, nelems=0, elem type=char[])
OBJ 50000e9a (sz=24, trace=300829, class=java.lang.StringBuffer@50000128)
ARR 50000e9b (sz=48, trace=300830, nelems=0, elem type=char[])
ARR 50000e9c (sz=16, trace=300831, nelems=0, elem type=char[])
OBJ 50000e9d (sz=24, trace=300832, class=java.lang.String@50000174)
ARR 50000e9e (sz=16, trace=300833, nelems=0, elem type=char[])
OBJ 50000e9f (sz=24, trace=300834, class=java.lang.String@50000174)
OBJ 50000ea0 (sz=24, trace=300827, class=java.lang.StringBuffer@50000128)
ARR 50000ea1 (sz=48, trace=300828, nelems=0, elem type=char[])
OBJ 50000ea2 (sz=24, trace=300829, class=java.lang.StringBuffer@50000128)
ARR 50000ea3 (sz=48, trace=300830, nelems=0, elem type=char[])
ARR 50000ea4 (sz=24, trace=300835, nelems=0, elem type=char[])
OBJ 50000ea5 (sz=24, trace=300836, class=java.lang.String@50000174)
ARR 50000ea6 (sz=16, trace=300837, nelems=0, elem type=char[])
OBJ 50000ea7 (sz=24, trace=300838, class=java.lang.String@50000174)
OBJ 50000ea8 (sz=24, trace=300839, class=java.lang.StringBuffer@50000128)
ARR 50000ea9 (sz=48, trace=300840, nelems=0, elem type=char[])
ARR 50000eaa (sz=16, trace=300841, nelems=0, elem type=char[])
OBJ 50000eab (sz=24, trace=300842, class=java.lang.String@50000174)
ARR 50000eac (sz=16, trace=300843, nelems=0, elem type=char[])
OBJ 50000ead (sz=24, trace=300844, class=java.lang.String@50000174)
ARR 50000eae (sz=24, trace=300845, nelems=0, elem type=char[])
OBJ 50000eaf (sz=24, trace=300846, class=java.lang.String@50000174)
ARR 50000eb0 (sz=16, trace=300847, nelems=0, elem type=char[])
OBJ 50000eb1 (sz=24, trace=300848, class=java.lang.String@50000174)
OBJ 50000eb2 (sz=24, trace=300849, class=java.lang.StringBuffer@50000128)
ARR 50000eb3 (sz=48, trace=300850, nelems=0, elem type=char[])
OBJ 50000eb4 (sz=32, trace=300851, class=java.text.FieldPosition@50000773)
OBJ 50000eb5 (sz=24, trace=300853, class=java.text.FieldPosition$Delegate@50000df8)
ARR 50000eb6 (sz=24, trace=300868, nelems=0, elem type=char[])
OBJ 50000eb7 (sz=24, trace=300869, class=java.lang.String@50000174)
OBJ 50000eb8 (sz=24, trace=300388, class=java.lang.String@50000174)
ARR 50000eb9 (sz=80, trace=300389, nelems=0, elem type=char[])
ARR 50000eba (sz=160, trace=300387, nelems=0, elem type=char[])
ARR 50000ebb (sz=112, trace=300390, nelems=0, elem type=char[])
OBJ 50000ebc (sz=24, trace=300391, class=java.lang.String@50000174)
ARR 50000ebd (sz=24, trace=300874, nelems=0, elem type=java.lang.Object[]@5000010e)
OBJ 50000ebe (sz=40, trace=300349, class=java.text.MessageFormat@5000073e)
ARR 50000ebf (sz=56, trace=300875, nelems=0, elem type=java.text.Format[]@50000744)
ARR 50000ec0 (sz=56, trace=300876, nelems=0, elem type=int[])
ARR 50000ec1 (sz=56, trace=300877, nelems=0, elem type=int[])
ARR 50000ec2 (sz=32, trace=300363, nelems=0, elem type=java.lang.StringBuilder[]@50000759)
OBJ 50000ec3 (sz=24, trace=300364, class=java.lang.StringBuilder@50000127)
ARR 50000ec4 (sz=48, trace=300365, nelems=0, elem type=char[])
OBJ 50000ec5 (sz=24, trace=300366, class=java.lang.StringBuilder@50000127)
ARR 50000ec6 (sz=48, trace=300367, nelems=0, elem type=char[])
ARR 50000ec7 (sz=32, trace=300368, nelems=0, elem type=java.lang.String[]@500000ce)
OBJ 50000ec8 (sz=24, trace=300369, class=java.lang.String@50000174)
ARR 50000ec9 (sz=24, trace=300370, nelems=0, elem type=char[])
OBJ 50000eca (sz=24, trace=300369, class=java.lang.String@50000174)
ARR 50000ecb (sz=24, trace=300370, nelems=0, elem type=char[])
ARR 50000ecc (sz=88, trace=300108, nelems=0, elem type=char[])
OBJ 50000ecd (sz=24, trace=300366, class=java.lang.StringBuilder@50000127)
ARR 50000ece (sz=48, trace=300367, nelems=0, elem type=char[])
ARR 50000ecf (sz=32, trace=300368, nelems=0, elem type=java.lang.String[]@500000ce)
OBJ 50000ed0 (sz=24, trace=300369, class=java.lang.String@50000174)
ARR 50000ed1 (sz=64, trace=300370, nelems=0, elem type=char[])
OBJ 50000ed2 (sz=24, trace=300369, class=java.lang.String@50000174)
ARR 50000ed3 (sz=24, trace=300370, nelems=0, elem type=char[])
OBJ 50000ed4 (sz=24, trace=300371, class=java.lang.String@50000174)
ARR 50000ed5 (sz=72, trace=300372, nelems=0, elem type=char[])
OBJ 50000ed6 (sz=24, trace=300373, class=java.lang.StringBuffer@50000128)
ARR 50000ed7 (sz=48, trace=300374, nelems=0, elem type=char[])
OBJ 50000ed8 (sz=32, trace=300376, class=java.text.FieldPosition@50000773)
OBJ 50000ed9 (sz=24, trace=300377, class=java.lang.String@50000174)
ARR 50000eda (sz=24, trace=300378, nelems=0, elem type=char[])
OBJ 50000edb (sz=24, trace=300377, class=java.lang.String@50000174)
ARR 50000edc (sz=56, trace=300378, nelems=0, elem type=char[])
ARR 50000edd (sz=88, trace=300387, nelems=0, elem type=char[])
ARR 50000ede (sz=160, trace=300387, nelems=0, elem type=char[])
OBJ 50000edf (sz=24, trace=300388, class=java.lang.String@50000174)
ARR 50000ee0 (sz=32, trace=300389, nelems=0, elem type=char[])
ARR 50000ee1 (sz=96, trace=300390, nelems=0, elem type=char[])
OBJ 50000ee2 (sz=24, trace=300391, class=java.lang.String@50000174)
ARR 50000ee3 (sz=24, trace=300878, nelems=0, elem type=java.lang.Object[]@5000010e)
OBJ 50000ee4 (sz=40, trace=300349, class=java.text.MessageFormat@5000073e)
ARR 50000ee5 (sz=56, trace=300879, nelems=0, elem type=java.text.Format[]@50000744)
ARR 50000ee6 (sz=56, trace=300880, nelems=0, elem type=int[])
ARR 50000ee7 (sz=56, trace=300881, nelems=0, elem type=int[])
ARR 50000ee8 (sz=32, trace=300363, nelems=0, elem type=java.lang.StringBuilder[]@50000759)
OBJ 50000ee9 (sz=24, trace=300364, class=java.lang.StringBuilder@50000127)
ARR 50000eea (sz=48, trace=300365, nelems=0, elem type=char[])
ARR 50000eeb (sz=88, trace=300108, nelems=0, elem type=char[])
ARR 50000eec (sz=160, trace=300108, nelems=0, elem type=char[])
OBJ 50000eed (sz=24, trace=300366, class=java.lang.StringBuilder@50000127)
ARR 50000eee (sz=48, trace=300367, nelems=0, elem type=char[])
ARR 50000eef (sz=32, trace=300368, nelems=0, elem type=java.lang.String[]@500000ce)
OBJ 50000ef0 (sz=24, trace=300369, class=java.lang.String@50000174)
ARR 50000ef1 (sz=88, trace=300370, nelems=0, elem type=char[])
OBJ 50000ef2 (sz=24, trace=300369, class=java.lang.String@50000174)
ARR 50000ef3 (sz=24, trace=300370, nelems=0, elem type=char[])
OBJ 50000ef4 (sz=24, trace=300371, class=java.lang.String@50000174)
ARR 50000ef5 (sz=88, trace=300372, nelems=0, elem type=char[])
OBJ 50000ef6 (sz=24, trace=300373, class=java.lang.StringBuffer@50000128)
ARR 50000ef7 (sz=48, trace=300374, nelems=0, elem type=char[])
OBJ 50000ef8 (sz=32, trace=300376, class=java.text.FieldPosition@50000773)
ARR 50000ef9 (sz=88, trace=300387, nelems=0, elem type=char[])
ARR 50000efa (sz=168, trace=300387, nelems=0, elem type=char[])
OBJ 50000efb (sz=24, trace=300388, class=java.lang.String@50000174)
ARR 50000efc (sz=104, trace=300390, nelems=0, elem type=char[])
OBJ 50000efd (sz=24, trace=300391, class=java.lang.String@50000174)
ARR 50000efe (sz=1432, trace=300010, nelems=0, elem type=char[])
OBJ 50000eff (sz=24, trace=300882, class=java.lang.StringBuilder@50000127)
ARR 50000f00 (sz=48, trace=300883, nelems=0, elem type=char[])
ARR 50000f01 (sz=16, trace=300884, nelems=0, elem type=java.lang.Object[]@5000010e)
OBJ 50000f02 (sz=40, trace=300349, class=java.text.MessageFormat@5000073e)
ARR 50000f03 (sz=56, trace=300885, nelems=0, elem type=java.text.Format[]@50000744)
ARR 50000f04 (sz=56, trace=300886, nelems=0, elem type=int[])
ARR 50000f05 (sz=56, trace=300887, nelems=0, elem type=int[])
ARR 50000f06 (sz=32, trace=300363, nelems=0, elem type=java.lang.StringBuilder[]@50000759)
OBJ 50000f07 (sz=24, trace=300364, class=java.lang.StringBuilder@50000127)
ARR 50000f08 (sz=48, trace=300365, nelems=0, elem type=char[])
ARR 50000f09 (sz=88, trace=300108, nelems=0, elem type=char[])
ARR 50000f0a (sz=160, trace=300108, nelems=0, elem type=char[])
OBJ 50000f0b (sz=24, trace=300371, class=java.lang.String@50000174)
ARR 50000f0c (sz=160, trace=300372, nelems=0, elem type=char[])
OBJ 50000f0d (sz=24, trace=300373, class=java.lang.StringBuffer@50000128)
ARR 50000f0e (sz=48, trace=300374, nelems=0, elem type=char[])
OBJ 50000f0f (sz=32, trace=300376, class=java.text.FieldPosition@50000773)
ARR 50000f10 (sz=160, trace=300387, nelems=0, elem type=char[])
ARR 50000f11 (sz=160, trace=300390, nelems=0, elem type=char[])
OBJ 50000f12 (sz=24, trace=300391, class=java.lang.String@50000174)
ARR 50000f13 (sz=160, trace=300010, nelems=0, elem type=char[])
ARR 50000f14 (sz=304, trace=300010, nelems=0, elem type=char[])
OBJ 50000f15 (sz=24, trace=300888, class=java.lang.String@50000174)
ARR 50000f16 (sz=168, trace=300889, nelems=0, elem type=char[])
ARR 50000f17 (sz=24, trace=300890, nelems=0, elem type=java.lang.Object[]@5000010e)
OBJ 50000f18 (sz=40, trace=300349, class=java.text.MessageFormat@5000073e)
ARR 50000f19 (sz=56, trace=300891, nelems=0, elem type=java.text.Format[]@50000744)
ARR 50000f1a (sz=56, trace=300892, nelems=0, elem type=int[])
ARR 50000f1b (sz=56, trace=300893, nelems=0, elem type=int[])
ARR 50000f1c (sz=32, trace=300363, nelems=0, elem type=java.lang.StringBuilder[]@50000759)
OBJ 50000f1d (sz=24, trace=300364, class=java.lang.StringBuilder@50000127)
ARR 50000f1e (sz=48, trace=300365, nelems=0, elem type=char[])
ARR 50000f1f (sz=88, trace=300108, nelems=0, elem type=char[])
ARR 50000f20 (sz=160, trace=300108, nelems=0, elem type=char[])
ARR 50000f21 (sz=304, trace=300108, nelems=0, elem type=char[])
ARR 50000f22 (sz=592, trace=300108, nelems=0, elem type=char[])
OBJ 50000f23 (sz=24, trace=300366, class=java.lang.StringBuilder@50000127)
ARR 50000f24 (sz=48, trace=300367, nelems=0, elem type=char[])
ARR 50000f25 (sz=32, trace=300368, nelems=0, elem type=java.lang.String[]@500000ce)
OBJ 50000f26 (sz=24, trace=300369, class=java.lang.String@50000174)
ARR 50000f27 (sz=320, trace=300370, nelems=0, elem type=char[])
OBJ 50000f28 (sz=24, trace=300369, class=java.lang.String@50000174)
ARR 50000f29 (sz=24, trace=300370, nelems=0, elem type=char[])
ARR 50000f2a (sz=1168, trace=300108, nelems=0, elem type=char[])
ARR 50000f2b (sz=2320, trace=300108, nelems=0, elem type=char[])
ARR 50000f2c (sz=4624, trace=300108, nelems=0, elem type=char[])
OBJ 50000f2d (sz=24, trace=300371, class=java.lang.String@50000174)
ARR 50000f2e (sz=4136, trace=300372, nelems=0, elem type=char[])
OBJ 50000f2f (sz=24, trace=300373, class=java.lang.StringBuffer@50000128)
ARR 50000f30 (sz=48, trace=300374, nelems=0, elem type=char[])
OBJ 50000f31 (sz=32, trace=300376, class=java.text.FieldPosition@50000773)
OBJ 50000f32 (sz=24, trace=300377, class=java.lang.String@50000174)
ARR 50000f33 (sz=320, trace=300378, nelems=0, elem type=char[])
ARR 50000f34 (sz=320, trace=300387, nelems=0, elem type=char[])
ARR 50000f35 (sz=616, trace=300387, nelems=0, elem type=char[])
OBJ 50000f36 (sz=24, trace=300388, class=java.lang.String@50000174)
ARR 50000f37 (sz=3840, trace=300389, nelems=0, elem type=char[])
ARR 50000f38 (sz=4144, trace=300387, nelems=0, elem type=char[])
ARR 50000f39 (sz=4144, trace=300390, nelems=0, elem type=char[])
OBJ 50000f3a (sz=24, trace=300391, class=java.lang.String@50000174)
ARR 50000f3b (sz=4974, trace=300010, nelems=2487, elem type=char[])
OBJ 50000f3c (sz=24, trace=300894, class=java.lang.String@50000174)
ARR 50000f3d (sz=4992, trace=300895, nelems=0, elem type=char[])
OBJ 50000f3e (sz=48, trace=300134, class=java.nio.HeapCharBuffer@50000036)
OBJ 50000f3f (sz=48, trace=300134, class=java.nio.HeapCharBuffer@50000036)
OBJ 50000f40 (sz=376, trace=300001, class=java.lang.Thread@50000150)
	name		50001bd5
	group		50001044
	inheritedAccessControlContext	50001bd4
	blockerLock	50000f41
OBJ 50000f41 (sz=16, trace=300002, class=java.lang.Object@50000178)
ARR 50000f43 (sz=56, trace=300896, nelems=0, elem type=java.lang.Runnable[]@500000d6)
OBJ 50000f45 (sz=16, trace=300898, class=java.lang.Shutdown$Lock@50000f44)
OBJ 50000f46 (sz=16, trace=300899, class=java.lang.Shutdown$Lock@50000f44)
OBJ 50000f4d (sz=376, trace=300000, class=java.lang.Thread@50000150)
	name		50001ef3
	contextClassLoader	50000f56
	blockerLock	50001ef2
OBJ 50000f4e (sz=376, trace=300000, class=java.lang.Thread@50000150)
	name		50001bbe
	group		50001045
	contextClassLoader	50000f56
	inheritedAccessControlContext	50001bbd
	blockerLock	50001bbc
OBJ 50000f4f (sz=384, trace=300000, class=java.lang.ref.Finalizer$FinalizerThread@500000c3)
	name		50001bc2
	group		50001045
	inheritedAccessControlContext	50001bc1
	blockerLock	50001bc0
OBJ 50000f50 (sz=32, trace=300000, class=java.lang.ref.ReferenceQueue@50000152)
	lock		50000f51
OBJ 50000f51 (sz=16, trace=300000, class=java.lang.ref.ReferenceQueue$Lock@500000d7)
OBJ 50000f52 (sz=16, trace=300000, class=java.lang.System$2@5000004f)
OBJ 50000f53 (sz=376, trace=300000, class=java.lang.ref.Reference$ReferenceHandler@500000e5)
	name		500018d4
	group		50001045
	inheritedAccessControlContext	50001bd0
	blockerLock	50001bcf
OBJ 50000f54 (sz=16, trace=300000, class=java.lang.ref.Reference$Lock@500000e6)
OBJ 50000f55 (sz=24, trace=300000, class=java.lang.String@50000174)
	value		500010fc
OBJ 50000f56 (sz=96, trace=300000, class=sun.misc.Launcher$AppClassLoader@5000011c)
	parent		50000f58
	parallelLockMap	500011bb
	package2certs	500011ba
	classes		500011b9
	defaultDomain	500011b8
	domains		500011b7
	packages	500011b6
	nativeLibraries	500011b5
	assertionLock	500011b4
	pdcache		500011b3
	ucp		500011b0
	acc		500011b2
	closeables	500011b1
	ucp		500011b0
ARR 50000f57 (sz=0, trace=300000, nelems=0, elem type=int[])
OBJ 50000f58 (sz=88, trace=300000, class=sun.misc.Launcher$ExtClassLoader@5000011b)
	parallelLockMap	500011c7
	package2certs	500011c6
	classes		500011c5
	defaultDomain	500011c4
	domains		500011c3
	packages	500011c2
	nativeLibraries	500011c1
	assertionLock	500011c0
	pdcache		500011bf
	ucp		500011be
	acc		500011bd
	closeables	500011bc
ARR 50000f59 (sz=24, trace=300000, nelems=0, elem type=java.lang.Object[]@5000010e)
ARR 50000f5a (sz=32, trace=300000, nelems=2, elem type=java.lang.Object[]@5000010e)
	[0]		50001e7a
	[1]		500019f2
ARR 50000f5b (sz=880, trace=300000, nelems=216, elem type=java.lang.Object[]@5000010e)
	[0]		50001cb6
	[1]		50001cb7
	[2]		50001d50
	[3]		5000104b
	[4]		50001d31
	[5]		50001d32
	[6]		50001d30
	[7]		50001e0a
	[8]		50001e0b
	[9]		50001cd0
	[10]		50001cd1
	[11]		50001cd2
	[12]		50001cd3
	[13]		50001cd4
	[14]		50001e44
	[15]		50001e46
	[16]		50001e47
	[17]		50001e48
	[18]		50001e49
	[19]		50001cf0
	[20]		50001e4a
	[21]		50001e4b
	[22]		50001e4c
	[23]		50001e4d
	[24]		50001e4e
	[25]		50001e4f
	[26]		50001e50
	[27]		50001cea
	[28]		50001cec
	[29]		50001ced
	[30]		50001cee
	[31]		50001cef
	[32]		50001cf1
	[33]		50001cf2
	[34]		50001cf3
	[35]		50001cf4
	[36]		50001cf5
	[37]		50001cf6
	[38]		50001cf7
	[39]		50001d98
	[40]		50001d9a
	[41]		50001d9b
	[42]		50001d9c
	[43]		50001d9d
	[44]		50001d9e
	[45]		50001d9f
	[46]		50001da0
	[47]		50001da1
	[48]		50001da2
	[49]		50001da3
	[50]		50001da4
	[51]		50001da5
	[52]		50001d5c
	[53]		50001d5e
	[54]		50001d5f
	[55]		50001d60
	[56]		50001d61
	[57]		50001d62
	[58]		50001d63
	[59]		50001d64
	[60]		50001d3a
	[61]		50001d3c
	[62]		50001d3d
	[63]		50001d3e
	[64]		50001d3f
	[65]		50001d40
	[66]		50001d41
	[67]		50001d42
	[68]		50001d2e
	[69]		50001d33
	[70]		50001d34
	[71]		50001e28
	[72]		50001e2a
	[73]		50001e2b
	[74]		50001dbc
	[75]		50001dbe
	[76]		50001dbf
	[77]		50001dd8
	[78]		50001cb4
	[79]		50001dec
	[80]		50001dee
	[81]		50001def
	[82]		50001d4e
	[83]		50001e06
	[84]		50001e32
	[85]		50001cce
	[86]		50001e34
	[87]		50001e08
	[88]		50001dd2
	[89]		50001d26
	[90]		50001d28
	[91]		50001d29
	[92]		50001d2a
	[93]		50001de2
	[94]		50001ce2
	[95]		50001183
	[96]		50001cbc
	[97]		50001cbd
	[98]		50001cbe
	[99]		50001ce4
	[100]		50001cc0
	[101]		500018ef
	[102]		50001cc1
	[103]		50001cc2
	[104]		50001cc3
	[105]		500014b0
	[106]		50001d7c
	[107]		50001d7e
	[108]		50001d7f
	[109]		50001d80
	[110]		50001d81
	[111]		50001d82
	[112]		50001d83
	[113]		50001d84
	[114]		50001cc4
	[115]		50001e3a
	[116]		50001e3c
	[117]		50001e3d
	[118]		50001d08
	[119]		50001d0a
	[120]		50001dce
	[121]		50001dd0
	[122]		50001d90
	[123]		50001d92
	[124]		50001d74
	[125]		50001d76
	[126]		50001e12
	[127]		50001e14
	[128]		50001d22
	[129]		50001d24
	[130]		50001d94
	[131]		50001d96
	[132]		50001e20
	[133]		50001e22
	[134]		50001dd4
	[135]		50001dd6
	[136]		50001e0e
	[137]		50001e10
	[138]		50001d16
	[139]		50001d18
	[140]		50001df2
	[141]		50001df4
	[142]		50001e16
	[143]		50001e18
	[144]		50001d6c
	[145]		50001d6e
	[146]		50001dc2
	[147]		50001e1a
	[148]		50001e1c
	[149]		50001d1e
	[150]		50001d20
	[151]		50001e24
	[152]		50001e26
	[153]		50001dca
	[154]		50001dcc
	[155]		50001dda
	[156]		50001ddc
	[157]		50001e02
	[158]		50001e04
	[159]		50001e36
	[160]		50001e38
	[161]		50001d78
	[162]		50001d7a
	[163]		50001cba
	[164]		50001cbf
	[165]		50001d1a
	[166]		50001d1c
	[167]		50001dc6
	[168]		50001dc8
	[169]		50001de8
	[170]		50001dea
	[171]		50001df6
	[172]		50001df8
	[173]		50001de4
	[174]		50001de6
	[175]		50001d8c
	[176]		50001d8e
	[177]		50001dde
	[178]		50001de0
	[179]		50001d70
	[180]		50001d72
	[181]		50001ce6
	[182]		50001ce8
	[183]		50001e1e
	[184]		50001dfc
	[185]		50001dfd
	[186]		50001dfe
	[187]		50001d0c
	[188]		50001d0e
	[189]		50001d0f
	[190]		50001d10
	[191]		50001d11
	[192]		50001dc4
	[193]		50001d06
	[194]		50001cda
	[195]		50001cdc
	[196]		50001cdd
	[197]		50001cde
	[198]		50001d52
	[199]		50001d54
	[200]		50001d55
	[201]		50001d56
	[202]		50001d57
	[203]		50001d4a
	[204]		50001d4c
	[205]		50001dfa
	[206]		50001db2
	[207]		50001db4
	[208]		50001db5
	[209]		50001db6
	[210]		50001db7
	[211]		50001d04
	[212]		50001e2f
	[213]		50001e2e
	[214]		50001e41
	[215]		50001e40
ARR 50000f5c (sz=24, trace=300000, nelems=1, elem type=java.lang.Object[]@5000010e)
	[0]		50001e5c
ARR 50000f5d (sz=80, trace=300000, nelems=16, elem type=java.lang.Object[]@5000010e)
	[0]		50001d98
	[1]		50001e60
	[2]		50001d34
	[3]		50001d31
	[4]		50001def
	[5]		50001d30
	[6]		50001e61
	[7]		50001e62
	[8]		50001e63
	[9]		5000104b
	[10]		50001d26
	[11]		50001d28
	[12]		50001e5e
	[13]		50001d2a
	[14]		50001e2f
	[15]		50001e2e
ARR 50000f5e (sz=32, trace=300000, nelems=4, elem type=java.lang.Object[]@5000010e)
	[0]		50001d26
	[1]		50001d28
	[2]		50001e69
	[3]		50001d2a
ARR 50000f5f (sz=24, trace=300000, nelems=0, elem type=java.lang.Object[]@5000010e)
ARR 50000f60 (sz=32, trace=300000, nelems=0, elem type=java.lang.Object[]@5000010e)
ARR 50000f61 (sz=64, trace=300000, nelems=0, elem type=java.lang.Object[]@5000010e)
ARR 50000f62 (sz=56, trace=300000, nelems=7, elem type=java.lang.Object[]@5000010e)
	[0]		50001366
	[1]		50001e7f
	[2]		50001ebd
	[5]		50001ebe
	[6]		50001ebf
ARR 50000f63 (sz=24, trace=300000, nelems=0, elem type=java.lang.Object[]@5000010e)
ARR 50000f64 (sz=40, trace=300000, nelems=0, elem type=java.lang.Object[]@5000010e)
ARR 50000f65 (sz=32, trace=300000, nelems=0, elem type=java.lang.Object[]@5000010e)
ARR 50000f66 (sz=24, trace=300000, nelems=0, elem type=java.lang.Object[]@5000010e)
ARR 50000f67 (sz=2672, trace=300000, nelems=0, elem type=java.lang.Object[]@5000010e)
ARR 50000f68 (sz=24, trace=300000, nelems=2, elem type=java.lang.Object[]@5000010e)
	[0]		50001e6e
	[1]		50001e6d
ARR 50000f69 (sz=96, trace=300000, nelems=6, elem type=java.lang.Object[]@5000010e)
	[0]		5000104b
	[1]		500018ef
	[4]		50001cc1
	[5]		50001ec3
ARR 50000f6a (sz=40, trace=300000, nelems=6, elem type=java.lang.Object[]@5000010e)
	[5]		50001ee5
ARR 50000f6b (sz=56, trace=300000, nelems=9, elem type=java.lang.Object[]@5000010e)
	[1]		50001ed4
	[2]		50001ed5
	[3]		50001ed6
	[4]		50001ed7
	[5]		50001ed8
	[6]		50001ed9
	[7]		50001eda
	[8]		50001edb
ARR 50000f6c (sz=72, trace=300000, nelems=13, elem type=java.lang.Object[]@5000010e)
	[2]		50001c3a
	[3]		50001ec4
	[4]		50001ec5
	[5]		50001ec6
	[6]		50001ec7
	[7]		50001ec8
	[8]		50001ec9
	[9]		50001c39
	[10]		50001eca
	[11]		50001c38
	[12]		50001ecb
ARR 50000f6d (sz=32, trace=300000, nelems=0, elem type=java.lang.Object[]@5000010e)
ARR 50000f6e (sz=24, trace=300000, nelems=0, elem type=java.lang.Object[]@5000010e)
ARR 50000f6f (sz=64, trace=300000, nelems=4, elem type=java.lang.Object[]@5000010e)
	[0]		500013ec
	[1]		5000104b
	[2]		500013ee
	[3]		500013a7
ARR 50000f70 (sz=72, trace=300000, nelems=12, elem type=java.lang.Object[]@5000010e)
	[9]		5000107e
	[11]		50001978
ARR 50000f71 (sz=32, trace=300000, nelems=3, elem type=java.lang.Object[]@5000010e)
	[0]		500011d1
	[1]		500013d2
	[2]		500013d3
ARR 50000f72 (sz=40, trace=300000, nelems=5, elem type=java.lang.Object[]@5000010e)
	[4]		500012ef
ARR 50000f73 (sz=24, trace=300000, nelems=0, elem type=java.lang.Object[]@5000010e)
ARR 50000f74 (sz=24, trace=300000, nelems=1, elem type=java.lang.Object[]@5000010e)
	[0]		5000104b
ARR 50000f75 (sz=32, trace=300000, nelems=0, elem type=java.lang.Object[]@5000010e)
ARR 50000f76 (sz=24, trace=300000, nelems=0, elem type=java.lang.Object[]@5000010e)
ARR 50000f77 (sz=48, trace=300000, nelems=7, elem type=java.lang.Object[]@5000010e)
	[0]		50001c69
	[2]		50001e76
	[3]		50001e77
	[5]		5000104b
	[6]		50001911
ARR 50000f78 (sz=72, trace=300000, nelems=7, elem type=java.lang.Object[]@5000010e)
	[0]		50001b3a
	[3]		5000104b
	[4]		50001b5d
	[5]		50001b3b
	[6]		50001a04
ARR 50000f79 (sz=48, trace=300000, nelems=0, elem type=java.lang.Object[]@5000010e)
ARR 50000f7a (sz=24, trace=300000, nelems=0, elem type=java.lang.Object[]@5000010e)
ARR 50000f7b (sz=64, trace=300000, nelems=0, elem type=java.lang.Object[]@5000010e)
ARR 50000f7c (sz=48, trace=300000, nelems=0, elem type=java.lang.Object[]@5000010e)
ARR 50000f7d (sz=24, trace=300000, nelems=0, elem type=java.lang.Object[]@5000010e)
ARR 50000f7e (sz=168, trace=300000, nelems=38, elem type=java.lang.Object[]@5000010e)
	[0]		50001c91
	[1]		50001c90
	[2]		50001c98
	[3]		50001c97
	[4]		50001cab
	[5]		50001caa
	[6]		50001c6d
	[7]		50001c6c
	[8]		50001c75
	[9]		50001c74
	[10]		50001c79
	[11]		50001c78
	[12]		50001c7d
	[13]		50001c7c
	[14]		50001c21
	[15]		50001c94
	[16]		50001c23
	[17]		50001c8d
	[18]		50001c9c
	[19]		50001c9b
	[20]		50001ca7
	[21]		50001ca6
	[22]		50001caf
	[23]		50001cae
	[24]		50001c71
	[25]		50001c70
	[26]		50001c87
	[27]		50001c86
	[28]		50001c1f
	[29]		50001c80
	[30]		50001c25
	[31]		50001ca3
	[32]		50001c1e
	[33]		50001c83
	[34]		50001ca0
	[35]		50001c9f
	[36]		50001c20
	[37]		50001c8a
ARR 50000f7f (sz=24, trace=300000, nelems=1, elem type=java.lang.Object[]@5000010e)
	[0]		500013f7
ARR 50000f80 (sz=24, trace=300000, nelems=0, elem type=java.lang.Object[]@5000010e)
ARR 50000f81 (sz=152, trace=300000, nelems=33, elem type=java.lang.Object[]@5000010e)
	[0]		5000104b
	[22]		50001c34
	[23]		50001c35
	[24]		50001c36
	[25]		50001c37
	[26]		50001c38
	[27]		50001c39
	[28]		50001c3a
	[29]		500012ef
	[30]		50001c3b
	[31]		500011db
	[32]		50001c3c
ARR 50000f82 (sz=56, trace=300000, nelems=10, elem type=java.lang.Object[]@5000010e)
	[0]		50001b22
	[1]		50001b23
	[2]		50001b24
	[3]		50001b25
	[4]		50001b26
	[5]		50001b27
	[6]		50001b28
	[7]		50001b29
	[8]		50001b2a
	[9]		50001b2b
ARR 50000f83 (sz=32, trace=300000, nelems=0, elem type=java.lang.Object[]@5000010e)
ARR 50000f84 (sz=48, trace=300000, nelems=7, elem type=java.lang.Object[]@5000010e)
	[4]		500019f7
	[5]		50001c48
	[6]		50001c49
ARR 50000f85 (sz=24, trace=300000, nelems=2, elem type=java.lang.Object[]@5000010e)
	[1]		50001c46
ARR 50000f86 (sz=32, trace=300000, nelems=0, elem type=java.lang.Object[]@5000010e)
ARR 50000f87 (sz=48, trace=300000, nelems=6, elem type=java.lang.Object[]@5000010e)
	[2]		50001c4c
	[3]		50001c4d
	[4]		50001c4e
	[5]		50001c4f
ARR 50000f88 (sz=136, trace=300000, nelems=29, elem type=java.lang.Object[]@5000010e)
	[4]		50001e7c
	[5]		50001e7d
	[6]		50001e7e
	[13]		50001c62
	[15]		50001c64
	[19]		500013ac
	[25]		50001366
	[26]		50001e7f
	[27]		50001e80
	[28]		50001e81
ARR 50000f89 (sz=56, trace=300000, nelems=9, elem type=java.lang.Object[]@5000010e)
	[0]		50001c52
	[1]		50001c53
	[2]		50001c54
	[3]		50001c55
	[4]		50001c56
	[5]		50001c57
	[6]		50001c50
	[7]		50001c58
	[8]		50001c59
ARR 50000f8a (sz=88, trace=300000, nelems=17, elem type=java.lang.Object[]@5000010e)
	[0]		50001c62
	[1]		50001e83
	[2]		50001e84
	[3]		50001e85
	[4]		50001e86
	[5]		50001e87
	[6]		50001e88
	[7]		50001e89
	[8]		50001e8a
	[9]		50001e8b
	[10]		50001e8c
	[11]		50001c64
	[12]		50001e8d
	[13]		50001e8e
	[14]		50001e8f
	[15]		50001e90
	[16]		50001e91
ARR 50000f8b (sz=304, trace=300000, nelems=72, elem type=java.lang.Object[]@5000010e)
	[0]		5000104b
	[7]		50001b37
	[9]		50001b38
	[11]		50001b39
	[13]		50001b3a
	[16]		50001b3b
	[22]		50001b3c
	[23]		50001b3d
	[24]		50001b3e
	[25]		50001b3f
	[26]		50001b40
	[27]		50001b41
	[28]		50001b42
	[29]		50001b43
	[30]		50001b44
	[31]		50001b45
	[32]		50001b46
	[33]		50001b47
	[34]		50001b48
	[35]		50001b49
	[36]		50001b4a
	[37]		50001b4b
	[38]		50001b4c
	[39]		50001b4d
	[40]		50001b4e
	[41]		50001b4f
	[42]		50001b50
	[43]		50001b51
	[44]		50001b52
	[45]		50001b53
	[46]		50001b54
	[47]		50001b55
	[48]		50001b56
	[49]		50001b57
	[50]		50001b58
	[51]		50001b59
	[52]		50001b5a
	[53]		50001b5b
	[54]		50001b5c
	[55]		50001b5d
	[56]		50001b5e
	[57]		50001b5f
	[58]		50001b60
	[59]		50001b61
	[60]		50001b62
	[61]		50001b63
	[62]		50001b64
	[63]		50001b65
	[64]		50001b66
	[65]		50001b67
	[66]		50001b68
	[67]		50001b69
	[68]		50001b6a
	[69]		50001b6b
	[70]		50001b6c
	[71]		50001b6d
ARR 50000f8c (sz=128, trace=300000, nelems=25, elem type=java.lang.Object[]@5000010e)
	[5]		50001ea3
	[6]		50001ea4
	[7]		50001ea5
	[8]		50001de2
	[9]		50001ce2
	[10]		50001ea6
	[23]		50001ea7
	[24]		50001d26
ARR 50000f8d (sz=48, trace=300000, nelems=7, elem type=java.lang.Object[]@5000010e)
	[1]		50001c66
	[6]		50001c67
ARR 50000f8e (sz=24, trace=300000, nelems=1, elem type=java.lang.Object[]@5000010e)
	[0]		5000104b
ARR 50000f8f (sz=24, trace=300000, nelems=0, elem type=java.lang.Object[]@5000010e)
ARR 50000f90 (sz=24, trace=300000, nelems=2, elem type=java.lang.Object[]@5000010e)
	[0]		500012e6
	[1]		500012e7
ARR 50000f91 (sz=80, trace=300000, nelems=12, elem type=java.lang.Object[]@5000010e)
	[11]		500013aa
ARR 50000f92 (sz=40, trace=300000, nelems=0, elem type=java.lang.Object[]@5000010e)
ARR 50000f93 (sz=72, trace=300000, nelems=0, elem type=java.lang.Object[]@5000010e)
ARR 50000f94 (sz=72, trace=300000, nelems=0, elem type=java.lang.Object[]@5000010e)
ARR 50000f95 (sz=32, trace=300000, nelems=0, elem type=java.lang.Object[]@5000010e)
ARR 50000f96 (sz=120, trace=300000, nelems=25, elem type=java.lang.Object[]@5000010e)
	[0]		500013ec
	[15]		50001906
	[16]		50001907
	[17]		50001908
	[18]		50001909
	[19]		50001053
	[21]		5000190a
	[22]		5000190b
	[23]		5000190c
	[24]		50001080
ARR 50000f97 (sz=64, trace=300000, nelems=0, elem type=java.lang.Object[]@5000010e)
ARR 50000f98 (sz=24, trace=300000, nelems=1, elem type=java.lang.Object[]@5000010e)
	[0]		50001925
ARR 50000f99 (sz=24, trace=300000, nelems=1, elem type=java.lang.Object[]@5000010e)
	[0]		50001967
ARR 50000f9a (sz=48, trace=300000, nelems=0, elem type=java.lang.Object[]@5000010e)
ARR 50000f9b (sz=80, trace=300000, nelems=13, elem type=java.lang.Object[]@5000010e)
	[12]		50001bea
ARR 50000f9c (sz=120, trace=300000, nelems=0, elem type=java.lang.Object[]@5000010e)
ARR 50000f9d (sz=24, trace=300000, nelems=1, elem type=java.lang.Object[]@5000010e)
	[0]		50001bff
ARR 50000f9e (sz=64, trace=300000, nelems=0, elem type=java.lang.Object[]@5000010e)
ARR 50000f9f (sz=24, trace=300000, nelems=0, elem type=java.lang.Object[]@5000010e)
ARR 50000fa0 (sz=24, trace=300000, nelems=0, elem type=java.lang.Object[]@5000010e)
ARR 50000fa1 (sz=40, trace=300000, nelems=0, elem type=java.lang.Object[]@5000010e)
ARR 50000fa2 (sz=56, trace=300000, nelems=10, elem type=java.lang.Object[]@5000010e)
	[0]		50001beb
	[1]		50001bec
	[2]		50001bed
	[3]		50001bee
	[4]		50001bef
	[5]		50001bf0
	[6]		50001bf1
	[7]		50001bf2
	[8]		50001053
	[9]		50001bf3
ARR 50000fa3 (sz=144, trace=300000, nelems=0, elem type=java.lang.Object[]@5000010e)
ARR 50000fa4 (sz=128, trace=300000, nelems=0, elem type=java.lang.Object[]@5000010e)
ARR 50000fa5 (sz=88, trace=300000, nelems=17, elem type=java.lang.Object[]@5000010e)
	[0]		50001c08
	[1]		50001c09
	[2]		50001c0a
	[5]		50001c0b
	[6]		50001366
	[7]		50001c0c
	[8]		50001c0d
	[9]		50001c0e
	[10]		50001c0f
	[11]		50001c10
	[12]		50001c11
	[16]		50001c12
ARR 50000fa6 (sz=296, trace=300000, nelems=68, elem type=java.lang.Object[]@5000010e)
	[32]		50001c1e
	[34]		50001c1f
	[35]		50001c20
	[37]		50001c21
	[38]		50001c22
	[39]		50001c23
	[40]		50001c24
	[42]		50001c25
	[66]		50001c26
	[67]		5000107f
ARR 50000fa7 (sz=24, trace=300000, nelems=1, elem type=java.lang.Object[]@5000010e)
	[0]		500011c8
ARR 50000fa8 (sz=56, trace=300000, nelems=0, elem type=java.lang.Object[]@5000010e)
ARR 50000fa9 (sz=24, trace=300000, nelems=0, elem type=java.lang.Object[]@5000010e)
ARR 50000faa (sz=64, trace=300000, nelems=1, elem type=java.lang.Object[]@5000010e)
	[0]		50001e72
ARR 50000fab (sz=40, trace=300000, nelems=1, elem type=java.lang.Object[]@5000010e)
	[0]		50001e73
ARR 50000fac (sz=48, trace=300000, nelems=1, elem type=java.lang.Object[]@5000010e)
	[0]		50001911
ARR 50000fad (sz=24, trace=300000, nelems=1, elem type=java.lang.Object[]@5000010e)
	[0]		50001367
ARR 50000fae (sz=80, trace=300000, nelems=16, elem type=java.lang.Object[]@5000010e)
	[15]		500011dd
ARR 50000faf (sz=24, trace=300000, nelems=1, elem type=java.lang.Object[]@5000010e)
	[0]		5000107d
ARR 50000fb0 (sz=48, trace=300000, nelems=8, elem type=java.lang.Object[]@5000010e)
	[0]		50001c02
	[5]		50001c03
	[7]		50001c04
ARR 50000fb1 (sz=48, trace=300000, nelems=8, elem type=java.lang.Object[]@5000010e)
	[2]		50001921
	[6]		50001183
	[7]		50001922
ARR 50000fb2 (sz=40, trace=300000, nelems=5, elem type=java.lang.Object[]@5000010e)
	[0]		50001183
	[1]		500013ae
	[4]		500013ad
ARR 50000fb3 (sz=32, trace=300000, nelems=4, elem type=java.lang.Object[]@5000010e)
	[3]		50001926
ARR 50000fb4 (sz=64, trace=300000, nelems=0, elem type=java.lang.Object[]@5000010e)
ARR 50000fb5 (sz=32, trace=300000, nelems=2, elem type=java.lang.Object[]@5000010e)
	[0]		50001920
	[1]		500013f5
ARR 50000fb6 (sz=264, trace=300000, nelems=62, elem type=java.lang.Object[]@5000010e)
	[57]		5000138a
	[58]		5000138b
	[61]		5000138c
ARR 50000fb7 (sz=24, trace=300000, nelems=0, elem type=java.lang.Object[]@5000010e)
ARR 50000fb8 (sz=24, trace=300000, nelems=0, elem type=java.lang.Object[]@5000010e)
ARR 50000fb9 (sz=24, trace=300000, nelems=0, elem type=java.lang.Object[]@5000010e)
ARR 50000fba (sz=24, trace=300000, nelems=1, elem type=java.lang.Object[]@5000010e)
	[0]		500013ce
ARR 50000fbb (sz=24, trace=300000, nelems=2, elem type=java.lang.Object[]@5000010e)
	[1]		500012e5
ARR 50000fbc (sz=32, trace=300000, nelems=3, elem type=java.lang.Object[]@5000010e)
	[0]		500013f5
	[1]		500013f6
	[2]		500013f7
ARR 50000fbd (sz=32, trace=300000, nelems=0, elem type=java.lang.Object[]@5000010e)
ARR 50000fbe (sz=40, trace=300000, nelems=2, elem type=java.lang.Object[]@5000010e)
	[1]		50001049
ARR 50000fbf (sz=32, trace=300000, nelems=0, elem type=java.lang.Object[]@5000010e)
ARR 50000fc0 (sz=32, trace=300000, nelems=0, elem type=java.lang.Object[]@5000010e)
ARR 50000fc1 (sz=48, trace=300000, nelems=0, elem type=java.lang.Object[]@5000010e)
ARR 50000fc2 (sz=40, trace=300000, nelems=6, elem type=java.lang.Object[]@5000010e)
	[2]		50001499
	[3]		5000149a
	[4]		5000149b
	[5]		5000149c
ARR 50000fc3 (sz=24, trace=300000, nelems=0, elem type=java.lang.Object[]@5000010e)
ARR 50000fc4 (sz=112, trace=300000, nelems=24, elem type=java.lang.Object[]@5000010e)
	[6]		50001367
	[7]		500013a7
	[8]		5000104b
	[16]		500018ed
	[17]		500018ee
	[18]		500018ef
	[19]		500018f0
	[20]		500018f1
	[21]		500018f2
	[22]		500018f3
	[23]		500018f4
ARR 50000fc5 (sz=80, trace=300000, nelems=8, elem type=java.lang.Object[]@5000010e)
	[7]		500018f8
ARR 50000fc6 (sz=24, trace=300000, nelems=0, elem type=java.lang.Object[]@5000010e)
ARR 50000fc7 (sz=40, trace=300000, nelems=5, elem type=java.lang.Object[]@5000010e)
	[4]		500012f1
ARR 50000fc8 (sz=88, trace=300000, nelems=17, elem type=java.lang.Object[]@5000010e)
	[16]		500011db
ARR 50000fc9 (sz=120, trace=300000, nelems=24, elem type=java.lang.Object[]@5000010e)
	[11]		500013ab
	[12]		5000104b
	[13]		500013ac
	[14]		500013ad
	[15]		50001183
	[16]		500013ae
	[17]		500013af
	[18]		500013b0
	[19]		500013b1
	[20]		500013b2
	[21]		500013a7
	[22]		500013b3
	[23]		500013b4
ARR 50000fca (sz=256, trace=300000, nelems=60, elem type=java.lang.Object[]@5000010e)
	[0]		5000104b
	[2]		500019f1
	[3]		500019f2
	[4]		500019f3
	[5]		500019f4
	[6]		500019f5
	[7]		500019f6
	[16]		500018ef
	[29]		500019f7
	[30]		500019f8
	[31]		500019f9
	[32]		500019fa
	[33]		500019fb
	[34]		500019fc
	[41]		500019fd
	[43]		500019fe
	[44]		500019ff
	[46]		50001a00
	[47]		50001a01
	[48]		50001a02
	[49]		50001a03
	[50]		50001a04
	[51]		50001a05
	[52]		50001a06
	[53]		50001a07
	[54]		50001a08
	[55]		50001a09
	[56]		50001a0a
	[57]		50001a0b
	[58]		50001a0c
	[59]		50001a0d
ARR 50000fcb (sz=88, trace=300000, nelems=0, elem type=java.lang.Object[]@5000010e)
ARR 50000fcc (sz=56, trace=300000, nelems=9, elem type=java.lang.Object[]@5000010e)
	[1]		500011ca
	[2]		500011cb
	[3]		500011cc
	[4]		500011cd
	[5]		500011ce
	[6]		500011cf
	[7]		500011d0
	[8]		500011d1
ARR 50000fcd (sz=72, trace=300000, nelems=6, elem type=java.lang.Object[]@5000010e)
	[0]		5000104b
	[1]		50001a3b
	[3]		50001a3c
	[5]		50001a3d
ARR 50000fce (sz=32, trace=300000, nelems=3, elem type=java.lang.Object[]@5000010e)
	[0]		500018c2
	[1]		500018c3
	[2]		500018c4
ARR 50000fcf (sz=24, trace=300000, nelems=0, elem type=java.lang.Object[]@5000010e)
ARR 50000fd0 (sz=24, trace=300000, nelems=0, elem type=java.lang.Object[]@5000010e)
ARR 50000fd1 (sz=24, trace=300000, nelems=0, elem type=java.lang.Object[]@5000010e)
ARR 50000fd2 (sz=40, trace=300000, nelems=0, elem type=java.lang.Object[]@5000010e)
ARR 50000fd3 (sz=104, trace=300000, nelems=6, elem type=java.lang.Object[]@5000010e)
	[0]		50001906
	[1]		5000190d
	[2]		500019c7
	[3]		500019c6
	[4]		500019bd
	[5]		500019bc
ARR 50000fd4 (sz=24, trace=300000, nelems=0, elem type=java.lang.Object[]@5000010e)
ARR 50000fd5 (sz=24, trace=300000, nelems=0, elem type=java.lang.Object[]@5000010e)
ARR 50000fd6 (sz=24, trace=300000, nelems=0, elem type=java.lang.Object[]@5000010e)
ARR 50000fd7 (sz=40, trace=300000, nelems=5, elem type=java.lang.Object[]@5000010e)
	[0]		50001049
	[4]		5000197a
ARR 50000fd8 (sz=40, trace=300000, nelems=0, elem type=java.lang.Object[]@5000010e)
ARR 50000fd9 (sz=56, trace=300000, nelems=0, elem type=java.lang.Object[]@5000010e)
ARR 50000fda (sz=40, trace=300000, nelems=2, elem type=java.lang.Object[]@5000010e)
	[1]		5000198a
ARR 50000fdb (sz=24, trace=300000, nelems=0, elem type=java.lang.Object[]@5000010e)
ARR 50000fdc (sz=24, trace=300000, nelems=0, elem type=java.lang.Object[]@5000010e)
ARR 50000fdd (sz=32, trace=300000, nelems=0, elem type=java.lang.Object[]@5000010e)
ARR 50000fde (sz=24, trace=300000, nelems=0, elem type=java.lang.Object[]@5000010e)
ARR 50000fdf (sz=80, trace=300000, nelems=15, elem type=java.lang.Object[]@5000010e)
	[2]		500014af
	[11]		500014b1
	[12]		500014b2
	[13]		500014b3
	[14]		500014b4
ARR 50000fe0 (sz=32, trace=300000, nelems=0, elem type=java.lang.Object[]@5000010e)
ARR 50000fe1 (sz=32, trace=300000, nelems=0, elem type=java.lang.Object[]@5000010e)
ARR 50000fe2 (sz=56, trace=300000, nelems=0, elem type=java.lang.Object[]@5000010e)
ARR 50000fe3 (sz=24, trace=300000, nelems=2, elem type=java.lang.Object[]@5000010e)
	[0]		500014a6
	[1]		500014a7
ARR 50000fe4 (sz=24, trace=300000, nelems=1, elem type=java.lang.Object[]@5000010e)
	[0]		500011d1
ARR 50000fe5 (sz=32, trace=300000, nelems=2, elem type=java.lang.Object[]@5000010e)
	[1]		5000105e
ARR 50000fe6 (sz=96, trace=300000, nelems=19, elem type=java.lang.Object[]@5000010e)
	[0]		5000104b
	[17]		500012f9
	[18]		500012fa
ARR 50000fe7 (sz=32, trace=300000, nelems=3, elem type=java.lang.Object[]@5000010e)
	[1]		50001369
	[2]		5000136a
ARR 50000fe8 (sz=40, trace=300000, nelems=6, elem type=java.lang.Object[]@5000010e)
	[0]		50001364
	[1]		50001365
	[2]		50001366
	[3]		50001367
	[4]		5000104b
	[5]		50001368
ARR 50000fe9 (sz=32, trace=300000, nelems=0, elem type=java.lang.Object[]@5000010e)
ARR 50000fea (sz=24, trace=300000, nelems=2, elem type=java.lang.Object[]@5000010e)
	[0]		50001375
	[1]		50001376
ARR 50000feb (sz=32, trace=300000, nelems=3, elem type=java.lang.Object[]@5000010e)
	[0]		50001053
	[2]		50001180
ARR 50000fec (sz=32, trace=300000, nelems=3, elem type=java.lang.Object[]@5000010e)
	[0]		500019d5
	[1]		500019d6
	[2]		500019d7
ARR 50000fed (sz=40, trace=300000, nelems=0, elem type=java.lang.Object[]@5000010e)
ARR 50000fee (sz=56, trace=300000, nelems=10, elem type=java.lang.Object[]@5000010e)
	[6]		5000118d
	[7]		5000118e
	[8]		5000118f
	[9]		50001190
ARR 50000fef (sz=32, trace=300000, nelems=0, elem type=java.lang.Object[]@5000010e)
ARR 50000ff0 (sz=152, trace=300000, nelems=0, elem type=java.lang.Object[]@5000010e)
ARR 50000ff1 (sz=24, trace=300000, nelems=0, elem type=java.lang.Object[]@5000010e)
ARR 50000ff2 (sz=64, trace=300000, nelems=11, elem type=java.lang.Object[]@5000010e)
	[2]		50001079
	[3]		5000107a
	[4]		5000107b
	[5]		50001053
	[6]		5000107c
	[7]		5000107d
	[8]		5000107e
	[9]		5000107f
	[10]		50001080
ARR 50000ff3 (sz=40, trace=300000, nelems=0, elem type=java.lang.Object[]@5000010e)
ARR 50000ff4 (sz=48, trace=300000, nelems=0, elem type=java.lang.Object[]@5000010e)
ARR 50000ff5 (sz=32, trace=300000, nelems=3, elem type=java.lang.Object[]@5000010e)
	[2]		5000119e
ARR 50000ff6 (sz=24, trace=300000, nelems=0, elem type=java.lang.Object[]@5000010e)
ARR 50000ff7 (sz=56, trace=300000, nelems=10, elem type=java.lang.Object[]@5000010e)
	[9]		500011d9
ARR 50000ff8 (sz=24, trace=300000, nelems=1, elem type=java.lang.Object[]@5000010e)
	[0]		50001bc2
ARR 50000ff9 (sz=24, trace=300000, nelems=0, elem type=java.lang.Object[]@5000010e)
ARR 50000ffa (sz=48, trace=300000, nelems=5, elem type=java.lang.Object[]@5000010e)
	[0]		500014ba
	[1]		5000104b
	[2]		500014af
	[4]		500014bb
ARR 50000ffb (sz=24, trace=300000, nelems=0, elem type=java.lang.Object[]@5000010e)
ARR 50000ffc (sz=24, trace=300000, nelems=2, elem type=java.lang.Object[]@5000010e)
	[0]		50001515
	[1]		50001183
ARR 50000ffd (sz=864, trace=300000, nelems=212, elem type=java.lang.Object[]@5000010e)
	[0]		500014c0
	[1]		50001793
	[2]		50001816
	[3]		50001817
	[4]		50001818
	[5]		50001819
	[6]		500016aa
	[7]		5000181a
	[8]		500016a6
	[9]		5000181b
	[10]		500016d9
	[11]		50001761
	[12]		50001662
	[13]		5000181c
	[14]		50001696
	[15]		50001814
	[16]		500017bc
	[17]		5000181d
	[18]		5000181e
	[19]		5000155a
	[20]		500016eb
	[21]		5000169a
	[22]		5000181f
	[23]		5000154f
	[24]		50001820
	[25]		50001821
	[26]		50001822
	[27]		5000157d
	[28]		50001823
	[29]		50001824
	[30]		50001825
	[31]		5000157a
	[32]		50001826
	[33]		500014de
	[34]		50001827
	[35]		50001566
	[36]		50001828
	[37]		500014fc
	[38]		50001829
	[39]		500014ea
	[40]		5000182a
	[41]		50001719
	[42]		5000182b
	[43]		50001711
	[44]		50001754
	[45]		5000182c
	[46]		5000179c
	[47]		5000182d
	[48]		500017be
	[49]		5000182e
	[50]		5000182f
	[51]		50001830
	[52]		50001549
	[53]		500017d1
	[54]		50001831
	[55]		50001776
	[56]		500017cd
	[57]		50001717
	[58]		50001832
	[59]		50001833
	[60]		50001834
	[61]		5000170f
	[62]		50001750
	[63]		5000176c
	[64]		5000175d
	[65]		500017b2
	[66]		500017dc
	[67]		50001835
	[68]		50001774
	[69]		5000168e
	[70]		500017cb
	[71]		50001709
	[72]		50001836
	[73]		50001837
	[74]		5000170d
	[75]		50001747
	[76]		5000176a
	[77]		5000175a
	[78]		500017b0
	[79]		500017da
	[80]		50001838
	[81]		50001772
	[82]		500017c8
	[83]		500016e9
	[84]		50001839
	[85]		5000183a
	[86]		5000183b
	[87]		5000174a
	[88]		50001768
	[89]		50001756
	[90]		500017ae
	[91]		500017d8
	[92]		5000183c
	[93]		50001770
	[94]		500017c4
	[95]		500016ff
	[96]		5000183d
	[97]		5000183e
	[98]		5000183f
	[99]		50001840
	[100]		50001698
	[101]		5000175f
	[102]		50001841
	[103]		50001679
	[104]		50001729
	[105]		5000171f
	[106]		500017c6
	[107]		5000179f
	[108]		5000168a
	[109]		5000176e
	[110]		500017c2
	[111]		500016e7
	[112]		50001842
	[113]		50001843
	[114]		50001844
	[115]		5000170b
	[116]		50001743
	[117]		50001758
	[118]		5000172d
	[119]		500017d6
	[120]		500017ac
	[121]		50001845
	[122]		500016b9
	[123]		500016ac
	[124]		50001766
	[125]		50001846
	[126]		50001847
	[127]		500016a8
	[128]		50001848
	[129]		50001849
	[130]		5000184a
	[131]		5000184b
	[132]		5000184c
	[133]		500017aa
	[134]		500017d4
	[135]		5000184d
	[136]		5000184e
	[137]		5000184f
	[138]		50001850
	[139]		50001851
	[140]		50001852
	[141]		500017b6
	[142]		50001733
	[143]		50001690
	[144]		500017b4
	[145]		500016cd
	[146]		50001660
	[147]		500016cb
	[148]		5000165e
	[149]		500017a3
	[150]		500016c9
	[151]		5000165c
	[152]		500016c7
	[153]		5000165a
	[154]		500016c5
	[155]		50001656
	[156]		500016c2
	[157]		50001654
	[158]		500016ed
	[159]		50001506
	[160]		500016a2
	[161]		50001715
	[162]		500017a1
	[163]		5000166a
	[164]		50001739
	[165]		500016fd
	[166]		500016f1
	[167]		5000178e
	[168]		50001701
	[169]		5000151d
	[170]		500016b0
	[171]		50001731
	[172]		5000174c
	[173]		500016f9
	[174]		50001523
	[175]		5000179a
	[176]		5000164e
	[177]		50001745
	[178]		5000151a
	[179]		500016f7
	[180]		50001798
	[181]		50001853
	[182]		50001741
	[183]		500016f5
	[184]		50001503
	[185]		50001796
	[186]		5000166c
	[187]		5000173c
	[188]		500014f8
	[189]		500016f3
	[190]		50001791
	[191]		50001854
	[192]		50001737
	[193]		50001686
	[194]		500016ae
	[195]		5000178c
	[196]		50001855
	[197]		50001727
	[198]		50001584
	[199]		500016e5
	[200]		50001788
	[201]		50001856
	[202]		50001684
	[203]		50001725
	[204]		50001576
	[205]		500016e3
	[206]		50001786
	[207]		50001857
	[208]		5000171b
	[209]		500016e1
	[210]		500016dd
	[211]		5000177c
ARR 50000ffe (sz=984, trace=300000, nelems=241, elem type=java.lang.Object[]@5000010e)
	[0]		500017ee
	[1]		50001509
	[2]		500017ec
	[3]		50001548
	[4]		500017ea
	[5]		50001545
	[6]		500017e8
	[7]		5000153c
	[8]		500017e6
	[9]		5000152b
	[10]		500017e4
	[11]		500017e2
	[12]		500014f1
	[13]		500017e0
	[14]		50001514
	[15]		500017de
	[16]		50001532
	[17]		500017dc
	[18]		500017da
	[19]		500017d8
	[20]		50001538
	[21]		500017d6
	[22]		500017d4
	[23]		500017cf
	[24]		500017d1
	[25]		500017cd
	[26]		500017cb
	[27]		500017c6
	[28]		500017c8
	[29]		500017c4
	[30]		500017c2
	[31]		500017c0
	[32]		500017be
	[33]		500017bc
	[34]		5000153f
	[35]		500017ba
	[36]		5000157c
	[37]		500017b8
	[38]		500017b6
	[39]		500014e5
	[40]		500017b4
	[41]		500014e1
	[42]		500017b2
	[43]		500017b0
	[44]		500017ae
	[45]		500017ac
	[46]		500017aa
	[47]		500017a8
	[48]		500014fb
	[49]		500017a6
	[50]		5000154e
	[51]		500017a1
	[52]		50001506
	[53]		500017a3
	[54]		5000156d
	[55]		5000179f
	[56]		5000179a
	[57]		50001523
	[58]		5000179c
	[59]		50001798
	[60]		5000151a
	[61]		50001796
	[62]		50001503
	[63]		50001791
	[64]		500014f8
	[65]		50001793
	[66]		5000178c
	[67]		500014f5
	[68]		5000178e
	[69]		50001527
	[70]		5000178a
	[71]		50001788
	[72]		50001584
	[73]		50001786
	[74]		50001576
	[75]		50001784
	[76]		50001565
	[77]		50001782
	[78]		50001780
	[79]		50001559
	[80]		5000177e
	[81]		5000177c
	[82]		5000152f
	[83]		5000177a
	[84]		50001778
	[85]		50001776
	[86]		50001774
	[87]		50001772
	[88]		50001770
	[89]		5000176e
	[90]		5000176c
	[91]		5000176a
	[92]		50001768
	[93]		50001766
	[94]		50001511
	[95]		50001764
	[96]		5000175f
	[97]		50001761
	[98]		5000175d
	[99]		50001758
	[100]		5000175a
	[101]		50001756
	[102]		50001754
	[103]		5000174c
	[104]		5000174e
	[105]		50001750
	[106]		5000174a
	[107]		50001745
	[108]		50001747
	[109]		50001743
	[110]		50001741
	[111]		5000173c
	[112]		5000173e
	[113]		50001737
	[114]		50001739
	[115]		50001735
	[116]		50001733
	[117]		50001731
	[118]		5000151d
	[119]		5000172f
	[120]		5000172d
	[121]		5000172b
	[122]		50001729
	[123]		50001727
	[124]		50001725
	[125]		50001723
	[126]		50001721
	[127]		5000171f
	[128]		5000171d
	[129]		5000171b
	[130]		50001719
	[131]		50001717
	[132]		50001715
	[133]		50001713
	[134]		50001711
	[135]		5000170f
	[136]		5000170d
	[137]		5000170b
	[138]		50001709
	[139]		50001707
	[140]		50001705
	[141]		50001703
	[142]		500014e9
	[143]		50001701
	[144]		500016ff
	[145]		500016fd
	[146]		500016fb
	[147]		500016f9
	[148]		500016f7
	[149]		500016f5
	[150]		500016f3
	[151]		500016f1
	[152]		500016ef
	[153]		500016ed
	[154]		500016eb
	[155]		500016e9
	[156]		500016e7
	[157]		500016e5
	[158]		500016e3
	[159]		500016e1
	[160]		500016df
	[161]		500014dd
	[162]		500016dd
	[163]		500016db
	[164]		500016d9
	[165]		500016d7
	[166]		50001579
	[167]		500016d5
	[168]		500016d3
	[169]		500016d1
	[170]		500016cf
	[171]		500016cd
	[172]		50001570
	[173]		500016cb
	[174]		500016c9
	[175]		50001562
	[176]		500016c7
	[177]		5000155f
	[178]		500016c5
	[179]		50001556
	[180]		500016c0
	[181]		500016c2
	[182]		50001552
	[183]		500016bb
	[184]		500016bd
	[185]		500014ed
	[186]		500016b9
	[187]		500016b4
	[188]		500016b6
	[189]		500016b2
	[190]		500016b0
	[191]		500016ae
	[192]		500016ac
	[193]		500016aa
	[194]		500016a8
	[195]		500016a6
	[196]		500016a4
	[197]		500016a2
	[198]		500016a0
	[199]		5000169e
	[200]		5000169c
	[201]		5000169a
	[202]		50001698
	[203]		50001696
	[204]		50001694
	[205]		50001692
	[206]		50001690
	[207]		5000168e
	[208]		5000168c
	[209]		5000168a
	[210]		50001688
	[211]		50001686
	[212]		50001684
	[213]		50001682
	[214]		50001680
	[215]		5000167b
	[216]		5000167d
	[217]		50001679
	[218]		50001677
	[219]		50001675
	[220]		50001670
	[221]		50001672
	[222]		5000166e
	[223]		5000166c
	[224]		5000166a
	[225]		50001668
	[226]		50001666
	[227]		50001664
	[228]		50001662
	[229]		50001660
	[230]		5000165e
	[231]		5000165c
	[232]		5000165a
	[233]		50001658
	[234]		50001656
	[235]		50001654
	[236]		50001652
	[237]		50001650
	[238]		5000164e
	[239]		5000164c
	[240]		5000164a
ARR 50000fff (sz=328, trace=300000, nelems=78, elem type=java.lang.Object[]@5000010e)
	[0]		50001584
	[1]		50001585
	[2]		50001576
	[3]		50001577
	[4]		50001579
	[5]		5000157a
	[6]		5000157c
	[7]		5000157d
	[8]		5000156d
	[9]		5000156e
	[10]		50001570
	[11]		50001571
	[12]		5000155f
	[13]		50001560
	[14]		50001562
	[15]		50001563
	[16]		50001565
	[17]		50001566
	[18]		50001556
	[19]		50001557
	[20]		50001559
	[21]		5000155a
	[22]		50001552
	[23]		50001553
	[24]		5000154e
	[25]		5000154f
	[26]		50001545
	[27]		50001546
	[28]		50001548
	[29]		50001549
	[30]		5000153c
	[31]		5000153d
	[32]		5000153f
	[33]		50001540
	[34]		50001538
	[35]		50001539
	[36]		5000152f
	[37]		50001530
	[38]		50001532
	[39]		50001533
	[40]		5000152b
	[41]		5000152c
	[42]		50001527
	[43]		50001528
	[44]		50001523
	[45]		50001524
	[46]		5000151a
	[47]		5000151b
	[48]		5000151d
	[49]		5000151e
	[50]		50001511
	[51]		50001512
	[52]		50001514
	[53]		50001515
	[54]		50001503
	[55]		50001504
	[56]		50001506
	[57]		50001507
	[58]		50001509
	[59]		5000150a
	[60]		500014f5
	[61]		500014f6
	[62]		500014f8
	[63]		500014f9
	[64]		500014fb
	[65]		500014fc
	[66]		500014f1
	[67]		500014f2
	[68]		500014ed
	[69]		500014ee
	[70]		500014e9
	[71]		500014ea
	[72]		500014e5
	[73]		500014e6
	[74]		500014e1
	[75]		500014e2
	[76]		500014dd
	[77]		500014de
ARR 50001000 (sz=176, trace=300000, nelems=39, elem type=java.lang.Object[]@5000010e)
	[0]		50001584
	[1]		50001576
	[2]		50001579
	[3]		5000157c
	[4]		5000156d
	[5]		50001570
	[6]		5000155f
	[7]		50001562
	[8]		50001565
	[9]		50001556
	[10]		50001559
	[11]		50001552
	[12]		5000154e
	[13]		50001545
	[14]		50001548
	[15]		5000153c
	[16]		5000153f
	[17]		50001538
	[18]		5000152f
	[19]		50001532
	[20]		5000152b
	[21]		50001527
	[22]		50001523
	[23]		5000151a
	[24]		5000151d
	[25]		50001511
	[26]		50001514
	[27]		50001503
	[28]		50001506
	[29]		50001509
	[30]		500014f5
	[31]		500014f8
	[32]		500014fb
	[33]		500014f1
	[34]		500014ed
	[35]		500014e9
	[36]		500014e5
	[37]		500014e1
	[38]		500014dd
ARR 50001001 (sz=24, trace=300000, nelems=1, elem type=java.lang.Object[]@5000010e)
	[0]		500011d1
ARR 50001002 (sz=24, trace=300000, nelems=1, elem type=java.lang.Object[]@5000010e)
	[0]		5000196f
ARR 50001003 (sz=40, trace=300000, nelems=5, elem type=java.lang.Object[]@5000010e)
	[2]		50001969
	[3]		5000196a
	[4]		5000196b
ARR 50001004 (sz=32, trace=300000, nelems=0, elem type=java.lang.Object[]@5000010e)
ARR 50001005 (sz=72, trace=300000, nelems=0, elem type=java.lang.Object[]@5000010e)
ARR 50001006 (sz=104, trace=300000, nelems=4, elem type=java.lang.Object[]@5000010e)
	[3]		5000104a
ARR 50001007 (sz=72, trace=300000, nelems=0, elem type=java.lang.Object[]@5000010e)
ARR 50001008 (sz=192, trace=300000, nelems=0, elem type=java.lang.Object[]@5000010e)
ARR 50001009 (sz=24, trace=300000, nelems=1, elem type=java.lang.Object[]@5000010e)
	[0]		50001812
ARR 5000100a (sz=32, trace=300000, nelems=0, elem type=java.lang.Object[]@5000010e)
ARR 5000100b (sz=32, trace=300000, nelems=3, elem type=java.lang.Object[]@5000010e)
	[0]		500011a4
	[2]		500011a5
ARR 5000100c (sz=32, trace=300000, nelems=0, elem type=java.lang.Object[]@5000010e)
ARR 5000100d (sz=80, trace=300000, nelems=15, elem type=java.lang.Object[]@5000010e)
	[2]		500014af
	[4]		500014b0
	[11]		500014b1
	[12]		500014b2
	[13]		500014b3
	[14]		500014b4
ARR 5000100e (sz=32, trace=300000, nelems=0, elem type=java.lang.Object[]@5000010e)
ARR 5000100f (sz=96, trace=300000, nelems=0, elem type=java.lang.Object[]@5000010e)
ARR 50001010 (sz=24, trace=300000, nelems=1, elem type=java.lang.Object[]@5000010e)
	[0]		500018d4
ARR 50001011 (sz=24, trace=300000, nelems=2, elem type=java.lang.Object[]@5000010e)
	[1]		50001078
ARR 50001012 (sz=88, trace=300000, nelems=10, elem type=java.lang.Object[]@5000010e)
	[3]		5000104b
	[8]		500011a8
	[9]		500011a9
ARR 50001013 (sz=56, trace=300000, nelems=10, elem type=java.lang.Object[]@5000010e)
	[9]		50001389
ARR 50001014 (sz=56, trace=300000, nelems=0, elem type=java.lang.Object[]@5000010e)
ARR 50001015 (sz=56, trace=300000, nelems=10, elem type=java.lang.Object[]@5000010e)
	[0]		5000104b
	[1]		5000104d
	[2]		5000104e
	[3]		5000104f
	[4]		50001050
	[5]		50001051
	[6]		50001052
	[7]		50001038
	[8]		50001053
	[9]		50001054
ARR 50001016 (sz=208, trace=300000, nelems=0, elem type=java.lang.Object[]@5000010e)
ARR 50001017 (sz=32, trace=300000, nelems=1, elem type=java.lang.Object[]@5000010e)
	[0]		50001047
ARR 50001018 (sz=72, trace=300000, nelems=13, elem type=java.lang.Object[]@5000010e)
	[5]		5000104b
	[9]		5000105e
	[10]		5000105f
	[11]		50001060
	[12]		50001061
ARR 50001019 (sz=48, trace=300000, nelems=1, elem type=java.lang.Object[]@5000010e)
	[0]		5000105d
ARR 5000101a (sz=64, trace=300000, nelems=12, elem type=java.lang.Object[]@5000010e)
	[11]		50001057
ARR 5000101b (sz=32, trace=300000, nelems=0, elem type=java.lang.Object[]@5000010e)
ARR 5000101c (sz=40, trace=300000, nelems=4, elem type=java.lang.Object[]@5000010e)
	[3]		5000105b
ARR 5000101d (sz=48, trace=300000, nelems=0, elem type=java.lang.Object[]@5000010e)
ARR 5000101e (sz=72, trace=300000, nelems=0, elem type=java.lang.Object[]@5000010e)
ARR 5000101f (sz=80, trace=300000, nelems=0, elem type=java.lang.Object[]@5000010e)
ARR 50001020 (sz=32, trace=300000, nelems=0, elem type=java.lang.Object[]@5000010e)
ARR 50001021 (sz=112, trace=300000, nelems=12, elem type=java.lang.Object[]@5000010e)
	[11]		50001183
ARR 50001022 (sz=32, trace=300000, nelems=3, elem type=java.lang.Object[]@5000010e)
	[2]		5000118a
ARR 50001023 (sz=72, trace=300000, nelems=0, elem type=java.lang.Object[]@5000010e)
ARR 50001024 (sz=32, trace=300000, nelems=0, elem type=java.lang.Object[]@5000010e)
ARR 50001025 (sz=32, trace=300000, nelems=0, elem type=java.lang.Object[]@5000010e)
ARR 50001026 (sz=24, trace=300000, nelems=0, elem type=java.lang.Object[]@5000010e)
ARR 50001027 (sz=48, trace=300000, nelems=0, elem type=java.lang.Object[]@5000010e)
ARR 50001028 (sz=64, trace=300000, nelems=12, elem type=java.lang.Object[]@5000010e)
	[11]		50001186
ARR 50001029 (sz=48, trace=300000, nelems=0, elem type=java.lang.Object[]@5000010e)
ARR 5000102a (sz=24, trace=300000, nelems=0, elem type=java.lang.Object[]@5000010e)
ARR 5000102b (sz=24, trace=300000, nelems=0, elem type=java.lang.Object[]@5000010e)
ARR 5000102c (sz=24, trace=300000, nelems=0, elem type=java.lang.Object[]@5000010e)
ARR 5000102d (sz=24, trace=300000, nelems=0, elem type=java.lang.Object[]@5000010e)
OBJ 5000102e (sz=104, trace=300000, class=java.lang.Class@50000170)
OBJ 5000102f (sz=104, trace=300000, class=java.lang.Class@50000170)
OBJ 50001030 (sz=104, trace=300000, class=java.lang.Class@50000170)
OBJ 50001031 (sz=104, trace=300000, class=java.lang.Class@50000170)
OBJ 50001032 (sz=104, trace=300000, class=java.lang.Class@50000170)
OBJ 50001033 (sz=104, trace=300000, class=java.lang.Class@50000170)
OBJ 50001034 (sz=104, trace=300000, class=java.lang.Class@50000170)
OBJ 50001035 (sz=104, trace=300000, class=java.lang.Class@50000170)
OBJ 50001036 (sz=104, trace=300000, class=java.lang.Class@50000170)
ARR 50001037 (sz=16, trace=300000, nelems=0, elem type=java.lang.Class[]@50000109)
OBJ 50001038 (sz=24, trace=300000, class=java.lang.String@50000174)
	value		50001bb3
OBJ 50001039 (sz=24, trace=300000, class=java.lang.String@50000174)
	value		50001be9
OBJ 5000103a (sz=32, trace=300000, class=java.lang.OutOfMemoryError@5000015c)
	detailMessage	50001be7
OBJ 5000103b (sz=32, trace=300000, class=java.lang.OutOfMemoryError@5000015c)
	detailMessage	50001be5
OBJ 5000103c (sz=32, trace=300000, class=java.lang.OutOfMemoryError@5000015c)
	detailMessage	50001be3
OBJ 5000103d (sz=32, trace=300000, class=java.lang.OutOfMemoryError@5000015c)
	detailMessage	50001be1
OBJ 5000103e (sz=32, trace=300000, class=java.lang.OutOfMemoryError@5000015c)
	detailMessage	50001bdf
OBJ 5000103f (sz=32, trace=300000, class=java.lang.OutOfMemoryError@5000015c)
	detailMessage	50001bdd
ARR 50001040 (sz=32, trace=300000, nelems=4, elem type=java.lang.OutOfMemoryError[]@50000103)
	[0]		50001bd9
	[1]		50001bda
	[2]		50001bdb
	[3]		50001bdc
OBJ 50001041 (sz=32, trace=300000, class=java.lang.NullPointerException@50000108)
OBJ 50001042 (sz=32, trace=300000, class=java.lang.ArithmeticException@50000107)
	detailMessage	50001bd7
OBJ 50001043 (sz=32, trace=300000, class=java.lang.VirtualMachineError@5000015d)
OBJ 50001044 (sz=48, trace=300000, class=java.lang.ThreadGroup@5000014e)
	parent		50001045
	name		50001bd2
	threads		50001bd1
OBJ 50001045 (sz=48, trace=300000, class=java.lang.ThreadGroup@5000014e)
	name		5000105d
	threads		50001bbb
	groups		50001bba
OBJ 50001046 (sz=32, trace=300000, class=java.lang.VirtualMachineError@5000015d)
OBJ 50001047 (sz=24, trace=300000, class=java.lang.String@50000174)
	value		5000104c
OBJ 50001048 (sz=16, trace=300000, class=java.lang.Object@50000178)
OBJ 50001049 (sz=24, trace=300000, class=java.lang.String@50000174)
	value		500018eb
OBJ 5000104a (sz=24, trace=300000, class=java.lang.String@50000174)
	value		500012f3
OBJ 5000104b (sz=24, trace=300000, class=java.lang.String@50000174)
	value		5000136e
ARR 5000104c (sz=24, trace=300000, nelems=12, elem type=char[])
OBJ 5000104d (sz=24, trace=300000, class=java.lang.String@50000174)
	value		50001bb9
OBJ 5000104e (sz=24, trace=300000, class=java.lang.String@50000174)
	value		50001bb8
OBJ 5000104f (sz=24, trace=300000, class=java.lang.String@50000174)
	value		50001bb7
OBJ 50001050 (sz=24, trace=300000, class=java.lang.String@50000174)
	value		50001bb6
OBJ 50001051 (sz=24, trace=300000, class=java.lang.String@50000174)
	value		50001bb5
OBJ 50001052 (sz=24, trace=300000, class=java.lang.String@50000174)
	value		50001bb4
OBJ 50001053 (sz=24, trace=300000, class=java.lang.String@50000174)
	value		50001917
OBJ 50001054 (sz=24, trace=300000, class=java.lang.String@50000174)
	value		50001bb2
OBJ 50001055 (sz=16, trace=300000, class=java.lang.String$CaseInsensitiveComparator@500000fe)
ARR 50001056 (sz=16, trace=300000, nelems=0, elem type=java.io.ObjectStreamField[]@50000100)
OBJ 50001057 (sz=24, trace=300000, class=java.lang.String@50000174)
	value		5000105a
OBJ 50001058 (sz=24, trace=300000, class=java.lang.RuntimePermission@500000f6)
	name		50001057
	path		50001057
ARR 50001059 (sz=16, trace=300000, nelems=0, elem type=java.lang.StackTraceElement[]@500000fa)
ARR 5000105a (sz=64, trace=300000, nelems=32, elem type=char[])
OBJ 5000105b (sz=24, trace=300000, class=java.lang.String@50000174)
	value		5000105c
ARR 5000105c (sz=12, trace=300000, nelems=6, elem type=char[])
OBJ 5000105d (sz=24, trace=300000, class=java.lang.String@50000174)
	value		500019f0
OBJ 5000105e (sz=24, trace=300000, class=java.lang.String@50000174)
	value		50001989
OBJ 5000105f (sz=24, trace=300000, class=java.lang.String@50000174)
	value		500019ef
OBJ 50001060 (sz=24, trace=300000, class=java.lang.String@50000174)
	value		500019ee
OBJ 50001061 (sz=24, trace=300000, class=java.lang.String@50000174)
	value		500019ed
OBJ 50001062 (sz=24, trace=300000, class=java.lang.String@50000174)
	value		500010f1
OBJ 50001063 (sz=48, trace=300000, class=java.util.Properties@5000014a)
	table		50001997
	entrySet	50001996
OBJ 50001064 (sz=32, trace=300000, class=java.io.PrintStream@5000007b)
	out		5000198e
	textOut		5000198d
	charOut		5000198c
OBJ 50001065 (sz=32, trace=300000, class=java.io.PrintStream@5000007b)
	out		50001981
	textOut		50001980
	charOut		5000197f
OBJ 50001066 (sz=40, trace=300000, class=java.io.BufferedInputStream@50000082)
	in		50001068
	buf		50001067
ARR 50001067 (sz=8192, trace=300000, nelems=8192, elem type=byte[])
OBJ 50001068 (sz=32, trace=300000, class=java.io.FileInputStream@5000008a)
	fd		5000106a
	closeLock	50001069
OBJ 50001069 (sz=16, trace=300000, class=java.lang.Object@50000178)
OBJ 5000106a (sz=32, trace=300000, class=java.io.FileDescriptor@50000089)
	parent		50001068
OBJ 5000106b (sz=32, trace=300000, class=java.io.FileDescriptor@50000089)
	parent		5000106f
OBJ 5000106c (sz=32, trace=300000, class=java.io.FileDescriptor@50000089)
	parent		5000106d
OBJ 5000106d (sz=32, trace=300000, class=java.io.FileOutputStream@50000084)
	fd		5000106c
	closeLock	5000106e
OBJ 5000106e (sz=16, trace=300000, class=java.lang.Object@50000178)
OBJ 5000106f (sz=32, trace=300000, class=java.io.FileOutputStream@50000084)
	fd		5000106b
	closeLock	50001070
OBJ 50001070 (sz=16, trace=300000, class=java.lang.Object@50000178)
OBJ 50001071 (sz=16, trace=300000, class=java.security.ProtectionDomain$JavaSecurityAccessImpl@5000000b)
OBJ 50001072 (sz=16, trace=300000, class=java.security.ProtectionDomain$2@50000009)
OBJ 50001073 (sz=16, trace=300000, class=java.io.FileDescriptor$1@50000087)
OBJ 50001074 (sz=16, trace=300000, class=java.nio.Bits$1@5000006c)
OBJ 50001075 (sz=16, trace=300000, class=java.net.URLClassLoader$7@50000042)
OBJ 50001076 (sz=16, trace=300000, class=java.lang.ref.Reference$1@500000d3)
OBJ 50001077 (sz=16, trace=300000, class=sun.misc.Unsafe@50000126)
OBJ 50001078 (sz=24, trace=300000, class=java.lang.String@50000174)
	value		500011a3
OBJ 50001079 (sz=24, trace=300000, class=java.lang.String@50000174)
	value		50001977
OBJ 5000107a (sz=24, trace=300000, class=java.lang.String@50000174)
	value		50001976
OBJ 5000107b (sz=24, trace=300000, class=java.lang.String@50000174)
	value		50001975
OBJ 5000107c (sz=24, trace=300000, class=java.lang.String@50000174)
	value		50001974
OBJ 5000107d (sz=24, trace=300000, class=java.lang.String@50000174)
	value		500012e4
OBJ 5000107e (sz=24, trace=300000, class=java.lang.String@50000174)
	value		50001973
OBJ 5000107f (sz=24, trace=300000, class=java.lang.String@50000174)
	value		50001972
OBJ 50001080 (sz=24, trace=300000, class=java.lang.String@50000174)
	value		50001913
OBJ 50001081 (sz=48, trace=300000, class=java.util.Properties@5000014a)
	table		50001083
OBJ 50001082 (sz=16, trace=300000, class=java.lang.Object@50000178)
ARR 50001083 (sz=400, trace=300000, nelems=89, elem type=java.util.Hashtable$Entry[]@500000c5)
	[0]		50001084
	[9]		50001085
	[10]		50001086
	[11]		50001087
	[13]		50001088
	[16]		50001089
	[17]		5000108a
	[18]		5000108b
	[19]		5000108c
	[21]		5000108d
	[22]		5000108e
	[24]		5000108f
	[26]		50001090
	[27]		50001091
	[33]		50001092
	[38]		50001093
	[39]		50001094
	[40]		50001095
	[41]		50001096
	[44]		50001097
	[47]		50001098
	[49]		50001099
	[54]		5000109a
	[57]		5000109b
	[63]		5000109c
	[65]		5000109d
	[67]		5000109e
	[70]		5000109f
	[72]		500010a0
	[76]		500010a1
	[79]		500010a2
	[80]		500010a3
	[81]		500010a4
	[82]		500010a5
	[88]		500010a6
OBJ 50001084 (sz=32, trace=300000, class=java.util.Hashtable$Entry@500000c6)
	key		50001179
	value		50001178
OBJ 50001085 (sz=32, trace=300000, class=java.util.Hashtable$Entry@500000c6)
	key		50001171
	value		50001170
	next		5000116f
OBJ 50001086 (sz=32, trace=300000, class=java.util.Hashtable$Entry@500000c6)
	key		5000116c
	value		5000116b
OBJ 50001087 (sz=32, trace=300000, class=java.util.Hashtable$Entry@500000c6)
	key		50001168
	value		50001167
OBJ 50001088 (sz=32, trace=300000, class=java.util.Hashtable$Entry@500000c6)
	key		50001164
	value		50001163
OBJ 50001089 (sz=32, trace=300000, class=java.util.Hashtable$Entry@500000c6)
	key		50001160
	value		5000115f
OBJ 5000108a (sz=32, trace=300000, class=java.util.Hashtable$Entry@500000c6)
	key		5000115c
	value		5000115b
OBJ 5000108b (sz=32, trace=300000, class=java.util.Hashtable$Entry@500000c6)
	key		50001158
	value		50001157
OBJ 5000108c (sz=32, trace=300000, class=java.util.Hashtable$Entry@500000c6)
	key		50001154
	value		50001153
OBJ 5000108d (sz=32, trace=300000, class=java.util.Hashtable$Entry@500000c6)
	key		5000114c
	value		5000114b
	next		5000114a
OBJ 5000108e (sz=32, trace=300000, class=java.util.Hashtable$Entry@500000c6)
	key		50001147
	value		50001146
OBJ 5000108f (sz=32, trace=300000, class=java.util.Hashtable$Entry@500000c6)
	key		5000113f
	value		5000113e
	next		5000113d
OBJ 50001090 (sz=32, trace=300000, class=java.util.Hashtable$Entry@500000c6)
	key		50001136
	value		50001135
	next		50001134
OBJ 50001091 (sz=32, trace=300000, class=java.util.Hashtable$Entry@500000c6)
	key		50001131
	value		50001130
OBJ 50001092 (sz=32, trace=300000, class=java.util.Hashtable$Entry@500000c6)
	key		50001129
	value		50001128
	next		50001127
OBJ 50001093 (sz=32, trace=300000, class=java.util.Hashtable$Entry@500000c6)
	key		50001120
	value		5000111f
	next		5000111e
OBJ 50001094 (sz=32, trace=300000, class=java.util.Hashtable$Entry@500000c6)
	key		5000111b
	value		5000111a
OBJ 50001095 (sz=32, trace=300000, class=java.util.Hashtable$Entry@500000c6)
	key		50001117
	value		50001116
OBJ 50001096 (sz=32, trace=300000, class=java.util.Hashtable$Entry@500000c6)
	key		50001113
	value		50001112
OBJ 50001097 (sz=32, trace=300000, class=java.util.Hashtable$Entry@500000c6)
	key		5000110f
	value		5000110e
OBJ 50001098 (sz=32, trace=300000, class=java.util.Hashtable$Entry@500000c6)
	key		5000110b
	value		5000110a
OBJ 50001099 (sz=32, trace=300000, class=java.util.Hashtable$Entry@500000c6)
	key		50001103
	value		50001102
	next		50001101
OBJ 5000109a (sz=32, trace=300000, class=java.util.Hashtable$Entry@500000c6)
	key		500010fe
	value		500010fd
OBJ 5000109b (sz=32, trace=300000, class=java.util.Hashtable$Entry@500000c6)
	key		500010fa
	value		50000f55
OBJ 5000109c (sz=32, trace=300000, class=java.util.Hashtable$Entry@500000c6)
	key		500010f7
	value		500010f6
OBJ 5000109d (sz=32, trace=300000, class=java.util.Hashtable$Entry@500000c6)
	key		500010f3
	value		500010f2
OBJ 5000109e (sz=32, trace=300000, class=java.util.Hashtable$Entry@500000c6)
	key		500010ec
	value		500010eb
	next		500010ea
OBJ 5000109f (sz=32, trace=300000, class=java.util.Hashtable$Entry@500000c6)
	key		500010e3
	value		500010e2
	next		500010e1
OBJ 500010a0 (sz=32, trace=300000, class=java.util.Hashtable$Entry@500000c6)
	key		500010de
	value		500010dd
OBJ 500010a1 (sz=32, trace=300000, class=java.util.Hashtable$Entry@500000c6)
	key		500010d6
	value		500010d5
	next		500010d4
OBJ 500010a2 (sz=32, trace=300000, class=java.util.Hashtable$Entry@500000c6)
	key		500010c8
	value		500010c7
	next		500010c6
OBJ 500010a3 (sz=32, trace=300000, class=java.util.Hashtable$Entry@500000c6)
	key		500010bf
	value		500010be
	next		500010bd
OBJ 500010a4 (sz=32, trace=300000, class=java.util.Hashtable$Entry@500000c6)
	key		500010ba
	value		500010b9
OBJ 500010a5 (sz=32, trace=300000, class=java.util.Hashtable$Entry@500000c6)
	key		500010b2
	value		500010b1
	next		500010b0
OBJ 500010a6 (sz=32, trace=300000, class=java.util.Hashtable$Entry@500000c6)
	key		500010a9
	value		500010a8
	next		500010a7
OBJ 500010a7 (sz=32, trace=300000, class=java.util.Hashtable$Entry@500000c6)
	key		500010ad
	value		500010ac
OBJ 500010a8 (sz=24, trace=300000, class=java.lang.String@50000174)
	value		500010ab
OBJ 500010a9 (sz=24, trace=300000, class=java.lang.String@50000174)
	value		500010aa
ARR 500010aa (sz=42, trace=300000, nelems=21, elem type=char[])
ARR 500010ab (sz=86, trace=300000, nelems=43, elem type=char[])
OBJ 500010ac (sz=24, trace=300000, class=java.lang.String@50000174)
	value		500010af
OBJ 500010ad (sz=24, trace=300000, class=java.lang.String@50000174)
	value		500010ae
ARR 500010ae (sz=30, trace=300000, nelems=15, elem type=char[])
ARR 500010af (sz=20, trace=300000, nelems=10, elem type=char[])
OBJ 500010b0 (sz=32, trace=300000, class=java.util.Hashtable$Entry@500000c6)
	key		500010b6
	value		500010b5
OBJ 500010b1 (sz=24, trace=300000, class=java.lang.String@50000174)
	value		500010b4
OBJ 500010b2 (sz=24, trace=300000, class=java.lang.String@50000174)
	value		500010b3
ARR 500010b3 (sz=28, trace=300000, nelems=14, elem type=char[])
ARR 500010b4 (sz=36, trace=300000, nelems=18, elem type=char[])
OBJ 500010b5 (sz=24, trace=300000, class=java.lang.String@50000174)
	value		500010b8
OBJ 500010b6 (sz=24, trace=300000, class=java.lang.String@50000174)
	value		500010b7
ARR 500010b7 (sz=30, trace=300000, nelems=15, elem type=char[])
ARR 500010b8 (sz=46, trace=300000, nelems=23, elem type=char[])
OBJ 500010b9 (sz=24, trace=300000, class=java.lang.String@50000174)
	value		500010bc
OBJ 500010ba (sz=24, trace=300000, class=java.lang.String@50000174)
	value		500010bb
ARR 500010bb (sz=28, trace=300000, nelems=14, elem type=char[])
ARR 500010bc (sz=2, trace=300000, nelems=1, elem type=char[])
OBJ 500010bd (sz=32, trace=300000, class=java.util.Hashtable$Entry@500000c6)
	key		500010c3
	value		500010c2
OBJ 500010be (sz=24, trace=300000, class=java.lang.String@50000174)
	value		500010c1
OBJ 500010bf (sz=24, trace=300000, class=java.lang.String@50000174)
	value		500010c0
ARR 500010c0 (sz=24, trace=300000, nelems=12, elem type=char[])
ARR 500010c1 (sz=66, trace=300000, nelems=33, elem type=char[])
OBJ 500010c2 (sz=24, trace=300000, class=java.lang.String@50000174)
	value		500010c5
OBJ 500010c3 (sz=24, trace=300000, class=java.lang.String@50000174)
	value		500010c4
ARR 500010c4 (sz=34, trace=300000, nelems=17, elem type=char[])
ARR 500010c5 (sz=12, trace=300000, nelems=6, elem type=char[])
OBJ 500010c6 (sz=32, trace=300000, class=java.util.Hashtable$Entry@500000c6)
	key		500010cd
	value		500010cc
	next		500010cb
OBJ 500010c7 (sz=24, trace=300000, class=java.lang.String@50000174)
	value		500010ca
OBJ 500010c8 (sz=24, trace=300000, class=java.lang.String@50000174)
	value		500010c9
ARR 500010c9 (sz=24, trace=300000, nelems=12, elem type=char[])
ARR 500010ca (sz=4, trace=300000, nelems=2, elem type=char[])
OBJ 500010cb (sz=32, trace=300000, class=java.util.Hashtable$Entry@500000c6)
	key		500010d1
	value		500010d0
OBJ 500010cc (sz=24, trace=300000, class=java.lang.String@50000174)
	value		500010cf
OBJ 500010cd (sz=24, trace=300000, class=java.lang.String@50000174)
	value		500010ce
ARR 500010ce (sz=34, trace=300000, nelems=17, elem type=char[])
ARR 500010cf (sz=24, trace=300000, nelems=12, elem type=char[])
OBJ 500010d0 (sz=24, trace=300000, class=java.lang.String@50000174)
	value		500010d3
OBJ 500010d1 (sz=24, trace=300000, class=java.lang.String@50000174)
	value		500010d2
ARR 500010d2 (sz=36, trace=300000, nelems=18, elem type=char[])
ARR 500010d3 (sz=14, trace=300000, nelems=7, elem type=char[])
OBJ 500010d4 (sz=32, trace=300000, class=java.util.Hashtable$Entry@500000c6)
	key		500010da
	value		500010d9
OBJ 500010d5 (sz=24, trace=300000, class=java.lang.String@50000174)
	value		500010d8
OBJ 500010d6 (sz=24, trace=300000, class=java.lang.String@50000174)
	value		500010d7
ARR 500010d7 (sz=52, trace=300000, nelems=26, elem type=char[])
ARR 500010d8 (sz=68, trace=300000, nelems=34, elem type=char[])
OBJ 500010d9 (sz=24, trace=300000, class=java.lang.String@50000174)
	value		500010dc
OBJ 500010da (sz=24, trace=300000, class=java.lang.String@50000174)
	value		500010db
ARR 500010db (sz=16, trace=300000, nelems=8, elem type=char[])
ARR 500010dc (sz=72, trace=300000, nelems=36, elem type=char[])
OBJ 500010dd (sz=24, trace=300000, class=java.lang.String@50000174)
	value		500010e0
OBJ 500010de (sz=24, trace=300000, class=java.lang.String@50000174)
	value		500010df
ARR 500010df (sz=40, trace=300000, nelems=20, elem type=char[])
ARR 500010e0 (sz=60, trace=300000, nelems=30, elem type=char[])
OBJ 500010e1 (sz=32, trace=300000, class=java.util.Hashtable$Entry@500000c6)
	key		500010e7
	value		500010e6
OBJ 500010e2 (sz=24, trace=300000, class=java.lang.String@50000174)
	value		500010e5
OBJ 500010e3 (sz=24, trace=300000, class=java.lang.String@50000174)
	value		500010e4
ARR 500010e4 (sz=36, trace=300000, nelems=18, elem type=char[])
ARR 500010e5 (sz=92, trace=300000, nelems=46, elem type=char[])
OBJ 500010e6 (sz=24, trace=300000, class=java.lang.String@50000174)
	value		500010e9
OBJ 500010e7 (sz=24, trace=300000, class=java.lang.String@50000174)
	value		500010e8
ARR 500010e8 (sz=14, trace=300000, nelems=7, elem type=char[])
ARR 500010e9 (sz=10, trace=300000, nelems=5, elem type=char[])
OBJ 500010ea (sz=32, trace=300000, class=java.util.Hashtable$Entry@500000c6)
	key		500010ef
	value		50001062
OBJ 500010eb (sz=24, trace=300000, class=java.lang.String@50000174)
	value		500010ee
OBJ 500010ec (sz=24, trace=300000, class=java.lang.String@50000174)
	value		500010ed
ARR 500010ed (sz=28, trace=300000, nelems=14, elem type=char[])
ARR 500010ee (sz=8, trace=300000, nelems=4, elem type=char[])
OBJ 500010ef (sz=24, trace=300000, class=java.lang.String@50000174)
	value		500010f0
ARR 500010f0 (sz=28, trace=300000, nelems=14, elem type=char[])
ARR 500010f1 (sz=2, trace=300000, nelems=1, elem type=char[])
OBJ 500010f2 (sz=24, trace=300000, class=java.lang.String@50000174)
	value		500010f5
OBJ 500010f3 (sz=24, trace=300000, class=java.lang.String@50000174)
	value		500010f4
ARR 500010f4 (sz=56, trace=300000, nelems=28, elem type=char[])
ARR 500010f5 (sz=36, trace=300000, nelems=18, elem type=char[])
OBJ 500010f6 (sz=24, trace=300000, class=java.lang.String@50000174)
	value		500010f9
OBJ 500010f7 (sz=24, trace=300000, class=java.lang.String@50000174)
	value		500010f8
ARR 500010f8 (sz=14, trace=300000, nelems=7, elem type=char[])
ARR 500010f9 (sz=10, trace=300000, nelems=5, elem type=char[])
OBJ 500010fa (sz=24, trace=300000, class=java.lang.String@50000174)
	value		500010fb
ARR 500010fb (sz=32, trace=300000, nelems=16, elem type=char[])
ARR 500010fc (sz=10, trace=300000, nelems=5, elem type=char[])
OBJ 500010fd (sz=24, trace=300000, class=java.lang.String@50000174)
	value		50001100
OBJ 500010fe (sz=24, trace=300000, class=java.lang.String@50000174)
	value		500010ff
ARR 500010ff (sz=34, trace=300000, nelems=17, elem type=char[])
ARR 50001100 (sz=120, trace=300000, nelems=60, elem type=char[])
OBJ 50001101 (sz=32, trace=300000, class=java.util.Hashtable$Entry@500000c6)
	key		50001107
	value		50001106
OBJ 50001102 (sz=24, trace=300000, class=java.lang.String@50000174)
	value		50001105
OBJ 50001103 (sz=24, trace=300000, class=java.lang.String@50000174)
	value		50001104
ARR 50001104 (sz=46, trace=300000, nelems=23, elem type=char[])
ARR 50001105 (sz=62, trace=300000, nelems=31, elem type=char[])
OBJ 50001106 (sz=24, trace=300000, class=java.lang.String@50000174)
	value		50001109
OBJ 50001107 (sz=24, trace=300000, class=java.lang.String@50000174)
	value		50001108
ARR 50001108 (sz=36, trace=300000, nelems=18, elem type=char[])
ARR 50001109 (sz=8, trace=300000, nelems=4, elem type=char[])
OBJ 5000110a (sz=24, trace=300000, class=java.lang.String@50000174)
	value		5000110d
OBJ 5000110b (sz=24, trace=300000, class=java.lang.String@50000174)
	value		5000110c
ARR 5000110c (sz=46, trace=300000, nelems=23, elem type=char[])
ARR 5000110d (sz=62, trace=300000, nelems=31, elem type=char[])
OBJ 5000110e (sz=24, trace=300000, class=java.lang.String@50000174)
	value		50001111
OBJ 5000110f (sz=24, trace=300000, class=java.lang.String@50000174)
	value		50001110
ARR 50001110 (sz=20, trace=300000, nelems=10, elem type=char[])
ARR 50001111 (sz=34, trace=300000, nelems=17, elem type=char[])
OBJ 50001112 (sz=24, trace=300000, class=java.lang.String@50000174)
	value		50001115
OBJ 50001113 (sz=24, trace=300000, class=java.lang.String@50000174)
	value		50001114
ARR 50001114 (sz=18, trace=300000, nelems=9, elem type=char[])
ARR 50001115 (sz=24, trace=300000, nelems=12, elem type=char[])
OBJ 50001116 (sz=24, trace=300000, class=java.lang.String@50000174)
	value		50001119
OBJ 50001117 (sz=24, trace=300000, class=java.lang.String@50000174)
	value		50001118
ARR 50001118 (sz=26, trace=300000, nelems=13, elem type=char[])
ARR 50001119 (sz=0, trace=300000, nelems=0, elem type=char[])
OBJ 5000111a (sz=24, trace=300000, class=java.lang.String@50000174)
	value		5000111d
OBJ 5000111b (sz=24, trace=300000, class=java.lang.String@50000174)
	value		5000111c
ARR 5000111c (sz=38, trace=300000, nelems=19, elem type=char[])
ARR 5000111d (sz=44, trace=300000, nelems=22, elem type=char[])
OBJ 5000111e (sz=32, trace=300000, class=java.util.Hashtable$Entry@500000c6)
	key		50001124
	value		50001123
OBJ 5000111f (sz=24, trace=300000, class=java.lang.String@50000174)
	value		50001122
OBJ 50001120 (sz=24, trace=300000, class=java.lang.String@50000174)
	value		50001121
ARR 50001121 (sz=26, trace=300000, nelems=13, elem type=char[])
ARR 50001122 (sz=10, trace=300000, nelems=5, elem type=char[])
OBJ 50001123 (sz=24, trace=300000, class=java.lang.String@50000174)
	value		50001126
OBJ 50001124 (sz=24, trace=300000, class=java.lang.String@50000174)
	value		50001125
ARR 50001125 (sz=52, trace=300000, nelems=26, elem type=char[])
ARR 50001126 (sz=6, trace=300000, nelems=3, elem type=char[])
OBJ 50001127 (sz=32, trace=300000, class=java.util.Hashtable$Entry@500000c6)
	key		5000112d
	value		5000112c
OBJ 50001128 (sz=24, trace=300000, class=java.lang.String@50000174)
	value		5000112b
OBJ 50001129 (sz=24, trace=300000, class=java.lang.String@50000174)
	value		5000112a
ARR 5000112a (sz=18, trace=300000, nelems=9, elem type=char[])
ARR 5000112b (sz=12, trace=300000, nelems=6, elem type=char[])
OBJ 5000112c (sz=24, trace=300000, class=java.lang.String@50000174)
	value		5000112f
OBJ 5000112d (sz=24, trace=300000, class=java.lang.String@50000174)
	value		5000112e
ARR 5000112e (sz=30, trace=300000, nelems=15, elem type=char[])
ARR 5000112f (sz=176, trace=300000, nelems=88, elem type=char[])
OBJ 50001130 (sz=24, trace=300000, class=java.lang.String@50000174)
	value		50001133
OBJ 50001131 (sz=24, trace=300000, class=java.lang.String@50000174)
	value		50001132
ARR 50001132 (sz=58, trace=300000, nelems=29, elem type=char[])
ARR 50001133 (sz=6, trace=300000, nelems=3, elem type=char[])
OBJ 50001134 (sz=32, trace=300000, class=java.util.Hashtable$Entry@500000c6)
	key		5000113a
	value		50001139
OBJ 50001135 (sz=24, trace=300000, class=java.lang.String@50000174)
	value		50001138
OBJ 50001136 (sz=24, trace=300000, class=java.lang.String@50000174)
	value		50001137
ARR 50001137 (sz=38, trace=300000, nelems=19, elem type=char[])
ARR 50001138 (sz=4, trace=300000, nelems=2, elem type=char[])
OBJ 50001139 (sz=24, trace=300000, class=java.lang.String@50000174)
	value		5000113c
OBJ 5000113a (sz=24, trace=300000, class=java.lang.String@50000174)
	value		5000113b
ARR 5000113b (sz=18, trace=300000, nelems=9, elem type=char[])
ARR 5000113c (sz=66, trace=300000, nelems=33, elem type=char[])
OBJ 5000113d (sz=32, trace=300000, class=java.util.Hashtable$Entry@500000c6)
	key		50001143
	value		50001142
OBJ 5000113e (sz=24, trace=300000, class=java.lang.String@50000174)
	value		50001141
OBJ 5000113f (sz=24, trace=300000, class=java.lang.String@50000174)
	value		50001140
ARR 50001140 (sz=50, trace=300000, nelems=25, elem type=char[])
ARR 50001141 (sz=36, trace=300000, nelems=18, elem type=char[])
OBJ 50001142 (sz=24, trace=300000, class=java.lang.String@50000174)
	value		50001145
OBJ 50001143 (sz=24, trace=300000, class=java.lang.String@50000174)
	value		50001144
ARR 50001144 (sz=26, trace=300000, nelems=13, elem type=char[])
ARR 50001145 (sz=4, trace=300000, nelems=2, elem type=char[])
OBJ 50001146 (sz=24, trace=300000, class=java.lang.String@50000174)
	value		50001149
OBJ 50001147 (sz=24, trace=300000, class=java.lang.String@50000174)
	value		50001148
ARR 50001148 (sz=22, trace=300000, nelems=11, elem type=char[])
ARR 50001149 (sz=40, trace=300000, nelems=20, elem type=char[])
OBJ 5000114a (sz=32, trace=300000, class=java.util.Hashtable$Entry@500000c6)
	key		50001150
	value		5000114f
OBJ 5000114b (sz=24, trace=300000, class=java.lang.String@50000174)
	value		5000114e
OBJ 5000114c (sz=24, trace=300000, class=java.lang.String@50000174)
	value		5000114d
ARR 5000114d (sz=24, trace=300000, nelems=12, elem type=char[])
ARR 5000114e (sz=38, trace=300000, nelems=19, elem type=char[])
OBJ 5000114f (sz=24, trace=300000, class=java.lang.String@50000174)
	value		50001152
OBJ 50001150 (sz=24, trace=300000, class=java.lang.String@50000174)
	value		50001151
ARR 50001151 (sz=54, trace=300000, nelems=27, elem type=char[])
ARR 50001152 (sz=4, trace=300000, nelems=2, elem type=char[])
OBJ 50001153 (sz=24, trace=300000, class=java.lang.String@50000174)
	value		50001156
OBJ 50001154 (sz=24, trace=300000, class=java.lang.String@50000174)
	value		50001155
ARR 50001155 (sz=24, trace=300000, nelems=12, elem type=char[])
ARR 50001156 (sz=18, trace=300000, nelems=9, elem type=char[])
OBJ 50001157 (sz=24, trace=300000, class=java.lang.String@50000174)
	value		5000115a
OBJ 50001158 (sz=24, trace=300000, class=java.lang.String@50000174)
	value		50001159
ARR 50001159 (sz=26, trace=300000, nelems=13, elem type=char[])
ARR 5000115a (sz=136, trace=300000, nelems=68, elem type=char[])
OBJ 5000115b (sz=24, trace=300000, class=java.lang.String@50000174)
	value		5000115e
OBJ 5000115c (sz=24, trace=300000, class=java.lang.String@50000174)
	value		5000115d
ARR 5000115d (sz=38, trace=300000, nelems=19, elem type=char[])
ARR 5000115e (sz=762, trace=300000, nelems=381, elem type=char[])
OBJ 5000115f (sz=24, trace=300000, class=java.lang.String@50000174)
	value		50001162
OBJ 50001160 (sz=24, trace=300000, class=java.lang.String@50000174)
	value		50001161
ARR 50001161 (sz=22, trace=300000, nelems=11, elem type=char[])
ARR 50001162 (sz=36, trace=300000, nelems=18, elem type=char[])
OBJ 50001163 (sz=24, trace=300000, class=java.lang.String@50000174)
	value		50001166
OBJ 50001164 (sz=24, trace=300000, class=java.lang.String@50000174)
	value		50001165
ARR 50001165 (sz=28, trace=300000, nelems=14, elem type=char[])
ARR 50001166 (sz=2, trace=300000, nelems=1, elem type=char[])
OBJ 50001167 (sz=24, trace=300000, class=java.lang.String@50000174)
	value		5000116a
OBJ 50001168 (sz=24, trace=300000, class=java.lang.String@50000174)
	value		50001169
ARR 50001169 (sz=38, trace=300000, nelems=19, elem type=char[])
ARR 5000116a (sz=70, trace=300000, nelems=35, elem type=char[])
OBJ 5000116b (sz=24, trace=300000, class=java.lang.String@50000174)
	value		5000116e
OBJ 5000116c (sz=24, trace=300000, class=java.lang.String@50000174)
	value		5000116d
ARR 5000116d (sz=62, trace=300000, nelems=31, elem type=char[])
ARR 5000116e (sz=10, trace=300000, nelems=5, elem type=char[])
OBJ 5000116f (sz=32, trace=300000, class=java.util.Hashtable$Entry@500000c6)
	key		50001175
	value		50001174
OBJ 50001170 (sz=24, trace=300000, class=java.lang.String@50000174)
	value		50001173
OBJ 50001171 (sz=24, trace=300000, class=java.lang.String@50000174)
	value		50001172
ARR 50001172 (sz=28, trace=300000, nelems=14, elem type=char[])
ARR 50001173 (sz=12, trace=300000, nelems=6, elem type=char[])
OBJ 50001174 (sz=24, trace=300000, class=java.lang.String@50000174)
	value		50001177
OBJ 50001175 (sz=24, trace=300000, class=java.lang.String@50000174)
	value		50001176
ARR 50001176 (sz=46, trace=300000, nelems=23, elem type=char[])
ARR 50001177 (sz=26, trace=300000, nelems=13, elem type=char[])
OBJ 50001178 (sz=24, trace=300000, class=java.lang.String@50000174)
	value		5000117b
OBJ 50001179 (sz=24, trace=300000, class=java.lang.String@50000174)
	value		5000117a
ARR 5000117a (sz=30, trace=300000, nelems=15, elem type=char[])
ARR 5000117b (sz=0, trace=300000, nelems=0, elem type=char[])
ARR 5000117c (sz=32, trace=300000, nelems=16, elem type=char[])
OBJ 5000117d (sz=24, trace=300000, class=java.util.Collections$EmptyMap@500000dc)
OBJ 5000117e (sz=16, trace=300000, class=java.util.Collections$EmptyList@500000de)
OBJ 5000117f (sz=16, trace=300000, class=java.util.Collections$EmptySet@500000df)
OBJ 50001180 (sz=24, trace=300000, class=java.lang.String@50000174)
	value		50001971
OBJ 50001181 (sz=16, trace=300000, class=java.lang.Boolean@50000117)
OBJ 50001182 (sz=16, trace=300000, class=java.lang.Boolean@50000117)
OBJ 50001183 (sz=24, trace=300000, class=java.lang.String@50000174)
	value		500013cd
OBJ 50001184 (sz=16, trace=300000, class=sun.reflect.ReflectionFactory@500000e7)
ARR 50001185 (sz=16, trace=300000, nelems=0, elem type=java.io.ObjectStreamField[]@50000100)
OBJ 50001186 (sz=24, trace=300000, class=java.lang.String@50000174)
	value		50001189
OBJ 50001187 (sz=16, trace=300000, class=java.lang.reflect.ReflectAccess@500000a9)
OBJ 50001188 (sz=24, trace=300000, class=java.lang.RuntimePermission@500000f6)
	name		50001186
	path		50001186
ARR 50001189 (sz=46, trace=300000, nelems=23, elem type=char[])
OBJ 5000118a (sz=24, trace=300000, class=java.lang.String@50000174)
	value		5000118c
OBJ 5000118b (sz=24, trace=300000, class=java.lang.reflect.ReflectPermission@500000f4)
	name		5000118a
	path		5000118a
ARR 5000118c (sz=40, trace=300000, nelems=20, elem type=char[])
OBJ 5000118d (sz=24, trace=300000, class=java.lang.String@50000174)
	value		5000119d
OBJ 5000118e (sz=24, trace=300000, class=java.lang.String@50000174)
	value		5000119c
OBJ 5000118f (sz=24, trace=300000, class=java.lang.String@50000174)
	value		5000119a
OBJ 50001190 (sz=24, trace=300000, class=java.lang.String@50000174)
	value		50001198
OBJ 50001191 (sz=48, trace=300000, class=java.util.HashMap@500000cc)
	table		500011a0
OBJ 50001192 (sz=48, trace=300000, class=java.util.HashMap@500000cc)
	table		50001193
ARR 50001193 (sz=80, trace=300000, nelems=11, elem type=java.util.HashMap$Node[]@500000c8)
	[2]		50001194
	[5]		50001195
	[10]		50001196
OBJ 50001194 (sz=32, trace=300000, class=java.util.HashMap$Node@500000ca)
	key		500000cd
	value		5000119b
OBJ 50001195 (sz=32, trace=300000, class=java.util.HashMap$Node@500000ca)
	key		5000016d
	value		50001199
OBJ 50001196 (sz=32, trace=300000, class=java.util.HashMap$Node@500000ca)
	key		50000170
	value		50001197
ARR 50001197 (sz=24, trace=300000, nelems=1, elem type=java.lang.String[]@500000ce)
	[0]		50001190
ARR 50001198 (sz=22, trace=300000, nelems=11, elem type=char[])
ARR 50001199 (sz=24, trace=300000, nelems=1, elem type=java.lang.String[]@500000ce)
	[0]		5000118f
ARR 5000119a (sz=16, trace=300000, nelems=8, elem type=char[])
ARR 5000119b (sz=24, trace=300000, nelems=2, elem type=java.lang.String[]@500000ce)
	[0]		5000118d
	[1]		5000118e
ARR 5000119c (sz=30, trace=300000, nelems=15, elem type=char[])
ARR 5000119d (sz=28, trace=300000, nelems=14, elem type=char[])
OBJ 5000119e (sz=24, trace=300000, class=java.lang.String@50000174)
	value		5000119f
ARR 5000119f (sz=10, trace=300000, nelems=5, elem type=char[])
ARR 500011a0 (sz=80, trace=300000, nelems=4, elem type=java.util.HashMap$Node[]@500000c8)
	[3]		500011a1
OBJ 500011a1 (sz=32, trace=300000, class=java.util.HashMap$Node@500000ca)
	key		50000126
	value		500011a2
ARR 500011a2 (sz=24, trace=300000, nelems=1, elem type=java.lang.String[]@500000ce)
	[0]		50001078
ARR 500011a3 (sz=18, trace=300000, nelems=9, elem type=char[])
OBJ 500011a4 (sz=24, trace=300000, class=java.lang.String@50000174)
	value		500011a7
OBJ 500011a5 (sz=24, trace=300000, class=java.lang.String@50000174)
	value		500011a6
ARR 500011a6 (sz=60, trace=300000, nelems=30, elem type=char[])
ARR 500011a7 (sz=46, trace=300000, nelems=23, elem type=char[])
OBJ 500011a8 (sz=24, trace=300000, class=java.lang.String@50000174)
	value		50001966
OBJ 500011a9 (sz=24, trace=300000, class=java.lang.String@50000174)
	value		50001965
ARR 500011aa (sz=24, trace=300000, nelems=1, elem type=java.lang.String[]@500000ce)
	[0]		500010a8
ARR 500011ab (sz=40, trace=300000, nelems=5, elem type=java.lang.String[]@500000ce)
	[0]		50001950
	[1]		50001951
	[2]		50001952
	[3]		50001953
	[4]		50001954
OBJ 500011ac (sz=32, trace=300000, class=java.util.Stack@500000e8)
	elementData	5000194f
OBJ 500011ad (sz=32, trace=300000, class=java.util.Vector@500000e9)
	elementData	5000194d
OBJ 500011ae (sz=32, trace=300000, class=java.util.Vector@500000e9)
	elementData	5000194c
ARR 500011af (sz=16, trace=300000, nelems=0, elem type=java.security.cert.Certificate[]@500000f0)
OBJ 500011b0 (sz=48, trace=300000, class=sun.misc.URLClassPath@50000004)
	path		50001937
	urls		50001936
	loaders		50001935
	lmap		50001934
	jarHandler	50001933
	acc		500011b2
OBJ 500011b1 (sz=48, trace=300000, class=java.util.WeakHashMap@500000ad)
	table		5000194a
	queue		50001949
OBJ 500011b2 (sz=40, trace=300000, class=java.security.AccessControlContext@50000165)
OBJ 500011b3 (sz=48, trace=300000, class=java.util.HashMap@500000cc)
OBJ 500011b4 (sz=16, trace=300000, class=java.lang.Object@50000178)
OBJ 500011b5 (sz=32, trace=300000, class=java.util.Vector@500000e9)
	elementData	50001932
OBJ 500011b6 (sz=48, trace=300000, class=java.util.HashMap@500000cc)
OBJ 500011b7 (sz=24, trace=300000, class=java.util.Collections$SynchronizedSet@50000091)
	c		50001930
	mutex		500011b7
OBJ 500011b8 (sz=40, trace=300000, class=java.security.ProtectionDomain@50000166)
	codesource	5000192f
	classloader	50000f56
	principals	5000192e
	key		5000192d
OBJ 500011b9 (sz=32, trace=300000, class=java.util.Vector@500000e9)
	elementData	5000192c
OBJ 500011ba (sz=64, trace=300000, class=java.util.concurrent.ConcurrentHashMap@50000028)
OBJ 500011bb (sz=64, trace=300000, class=java.util.concurrent.ConcurrentHashMap@50000028)
OBJ 500011bc (sz=48, trace=300000, class=java.util.WeakHashMap@500000ad)
	table		5000191d
	queue		5000191c
OBJ 500011bd (sz=40, trace=300000, class=java.security.AccessControlContext@50000165)
OBJ 500011be (sz=48, trace=300000, class=sun.misc.URLClassPath@50000004)
	path		50001399
	urls		50001398
	loaders		50001397
	lmap		50001396
	jarHandler	50001395
	acc		500011bd
OBJ 500011bf (sz=48, trace=300000, class=java.util.HashMap@500000cc)
OBJ 500011c0 (sz=16, trace=300000, class=java.lang.Object@50000178)
OBJ 500011c1 (sz=32, trace=300000, class=java.util.Vector@500000e9)
	elementData	50001394
OBJ 500011c2 (sz=48, trace=300000, class=java.util.HashMap@500000cc)
OBJ 500011c3 (sz=24, trace=300000, class=java.util.Collections$SynchronizedSet@50000091)
	c		50001392
	mutex		500011c3
OBJ 500011c4 (sz=40, trace=300000, class=java.security.ProtectionDomain@50000166)
	codesource	50001388
	classloader	50000f58
	principals	50001387
	key		50001386
OBJ 500011c5 (sz=32, trace=300000, class=java.util.Vector@500000e9)
	elementData	50001385
OBJ 500011c6 (sz=64, trace=300000, class=java.util.concurrent.ConcurrentHashMap@50000028)
OBJ 500011c7 (sz=64, trace=300000, class=java.util.concurrent.ConcurrentHashMap@50000028)
	table		500006c7
OBJ 500011c8 (sz=24, trace=300000, class=java.lang.String@50000174)
	value		500011c9
ARR 500011c9 (sz=62, trace=300000, nelems=31, elem type=char[])
OBJ 500011ca (sz=24, trace=300000, class=java.lang.String@50000174)
	value		500012f6
OBJ 500011cb (sz=24, trace=300000, class=java.lang.String@50000174)
	value		500011d7
OBJ 500011cc (sz=24, trace=300000, class=java.lang.String@50000174)
	value		500012f4
OBJ 500011cd (sz=24, trace=300000, class=java.lang.String@50000174)
	value		50001382
OBJ 500011ce (sz=24, trace=300000, class=java.lang.String@50000174)
	value		50001381
OBJ 500011cf (sz=24, trace=300000, class=java.lang.String@50000174)
	value		50001380
OBJ 500011d0 (sz=24, trace=300000, class=java.lang.String@50000174)
	value		5000137f
OBJ 500011d1 (sz=24, trace=300000, class=java.lang.String@50000174)
	value		5000137e
ARR 500011d2 (sz=32, trace=300000, nelems=3, elem type=java.io.ObjectStreamField[]@50000100)
	[0]		500011d3
	[1]		500011d4
	[2]		500011d5
OBJ 500011d3 (sz=40, trace=300000, class=java.io.ObjectStreamField@50000102)
	name		500011ca
	signature	500012f5
	type		50000022
OBJ 500011d4 (sz=40, trace=300000, class=java.io.ObjectStreamField@50000102)
	name		500011cc
	signature	500011d6
	type		5000102f
OBJ 500011d5 (sz=40, trace=300000, class=java.io.ObjectStreamField@50000102)
	name		500011cb
	signature	500011d6
	type		5000102f
OBJ 500011d6 (sz=24, trace=300000, class=java.lang.String@50000174)
	value		500011d8
ARR 500011d7 (sz=24, trace=300000, nelems=12, elem type=char[])
ARR 500011d8 (sz=2, trace=300000, nelems=1, elem type=char[])
OBJ 500011d9 (sz=24, trace=300000, class=java.lang.String@50000174)
	value		500011da
ARR 500011da (sz=12, trace=300000, nelems=6, elem type=char[])
OBJ 500011db (sz=24, trace=300000, class=java.lang.String@50000174)
	value		500011dc
ARR 500011dc (sz=8, trace=300000, nelems=4, elem type=char[])
OBJ 500011dd (sz=24, trace=300000, class=java.lang.String@50000174)
	value		500011e2
ARR 500011de (sz=40, trace=300000, nelems=10, elem type=int[])
ARR 500011df (sz=200, trace=300000, nelems=100, elem type=char[])
ARR 500011e0 (sz=200, trace=300000, nelems=100, elem type=char[])
ARR 500011e1 (sz=72, trace=300000, nelems=36, elem type=char[])
ARR 500011e2 (sz=6, trace=300000, nelems=3, elem type=char[])
ARR 500011e3 (sz=1040, trace=300000, nelems=256, elem type=java.lang.Integer[]@50000052)
	[0]		500011e4
	[1]		500011e5
	[2]		500011e6
	[3]		500011e7
	[4]		500011e8
	[5]		500011e9
	[6]		500011ea
	[7]		500011eb
	[8]		500011ec
	[9]		500011ed
	[10]		500011ee
	[11]		500011ef
	[12]		500011f0
	[13]		500011f1
	[14]		500011f2
	[15]		500011f3
	[16]		500011f4
	[17]		500011f5
	[18]		500011f6
	[19]		500011f7
	[20]		500011f8
	[21]		500011f9
	[22]		500011fa
	[23]		500011fb
	[24]		500011fc
	[25]		500011fd
	[26]		500011fe
	[27]		500011ff
	[28]		50001200
	[29]		50001201
	[30]		50001202
	[31]		50001203
	[32]		50001204
	[33]		50001205
	[34]		50001206
	[35]		50001207
	[36]		50001208
	[37]		50001209
	[38]		5000120a
	[39]		5000120b
	[40]		5000120c
	[41]		5000120d
	[42]		5000120e
	[43]		5000120f
	[44]		50001210
	[45]		50001211
	[46]		50001212
	[47]		50001213
	[48]		50001214
	[49]		50001215
	[50]		50001216
	[51]		50001217
	[52]		50001218
	[53]		50001219
	[54]		5000121a
	[55]		5000121b
	[56]		5000121c
	[57]		5000121d
	[58]		5000121e
	[59]		5000121f
	[60]		50001220
	[61]		50001221
	[62]		50001222
	[63]		50001223
	[64]		50001224
	[65]		50001225
	[66]		50001226
	[67]		50001227
	[68]		50001228
	[69]		50001229
	[70]		5000122a
	[71]		5000122b
	[72]		5000122c
	[73]		5000122d
	[74]		5000122e
	[75]		5000122f
	[76]		50001230
	[77]		50001231
	[78]		50001232
	[79]		50001233
	[80]		50001234
	[81]		50001235
	[82]		50001236
	[83]		50001237
	[84]		50001238
	[85]		50001239
	[86]		5000123a
	[87]		5000123b
	[88]		5000123c
	[89]		5000123d
	[90]		5000123e
	[91]		5000123f
	[92]		50001240
	[93]		50001241
	[94]		50001242
	[95]		50001243
	[96]		50001244
	[97]		50001245
	[98]		50001246
	[99]		50001247
	[100]		50001248
	[101]		50001249
	[102]		5000124a
	[103]		5000124b
	[104]		5000124c
	[105]		5000124d
	[106]		5000124e
	[107]		5000124f
	[108]		50001250
	[109]		50001251
	[110]		50001252
	[111]		50001253
	[112]		50001254
	[113]		50001255
	[114]		50001256
	[115]		50001257
	[116]		50001258
	[117]		50001259
	[118]		5000125a
	[119]		5000125b
	[120]		5000125c
	[121]		5000125d
	[122]		5000125e
	[123]		5000125f
	[124]		50001260
	[125]		50001261
	[126]		50001262
	[127]		50001263
	[128]		50001264
	[129]		50001265
	[130]		50001266
	[131]		50001267
	[132]		50001268
	[133]		50001269
	[134]		5000126a
	[135]		5000126b
	[136]		5000126c
	[137]		5000126d
	[138]		5000126e
	[139]		5000126f
	[140]		50001270
	[141]		50001271
	[142]		50001272
	[143]		50001273
	[144]		50001274
	[145]		50001275
	[146]		50001276
	[147]		50001277
	[148]		50001278
	[149]		50001279
	[150]		5000127a
	[151]		5000127b
	[152]		5000127c
	[153]		5000127d
	[154]		5000127e
	[155]		5000127f
	[156]		50001280
	[157]		50001281
	[158]		50001282
	[159]		50001283
	[160]		50001284
	[161]		50001285
	[162]		50001286
	[163]		50001287
	[164]		50001288
	[165]		50001289
	[166]		5000128a
	[167]		5000128b
	[168]		5000128c
	[169]		5000128d
	[170]		5000128e
	[171]		5000128f
	[172]		50001290
	[173]		50001291
	[174]		50001292
	[175]		50001293
	[176]		50001294
	[177]		50001295
	[178]		50001296
	[179]		50001297
	[180]		50001298
	[181]		50001299
	[182]		5000129a
	[183]		5000129b
	[184]		5000129c
	[185]		5000129d
	[186]		5000129e
	[187]		5000129f
	[188]		500012a0
	[189]		500012a1
	[190]		500012a2
	[191]		500012a3
	[192]		500012a4
	[193]		500012a5
	[194]		500012a6
	[195]		500012a7
	[196]		500012a8
	[197]		500012a9
	[198]		500012aa
	[199]		500012ab
	[200]		500012ac
	[201]		500012ad
	[202]		500012ae
	[203]		500012af
	[204]		500012b0
	[205]		500012b1
	[206]		500012b2
	[207]		500012b3
	[208]		500012b4
	[209]		500012b5
	[210]		500012b6
	[211]		500012b7
	[212]		500012b8
	[213]		500012b9
	[214]		500012ba
	[215]		500012bb
	[216]		500012bc
	[217]		500012bd
	[218]		500012be
	[219]		500012bf
	[220]		500012c0
	[221]		500012c1
	[222]		500012c2
	[223]		500012c3
	[224]		500012c4
	[225]		500012c5
	[226]		500012c6
	[227]		500012c7
	[228]		500012c8
	[229]		500012c9
	[230]		500012ca
	[231]		500012cb
	[232]		500012cc
	[233]		500012cd
	[234]		500012ce
	[235]		500012cf
	[236]		500012d0
	[237]		500012d1
	[238]		500012d2
	[239]		500012d3
	[240]		500012d4
	[241]		500012d5
	[242]		500012d6
	[243]		500012d7
	[244]		500012d8
	[245]		500012d9
	[246]		500012da
	[247]		500012db
	[248]		500012dc
	[249]		500012dd
	[250]		500012de
	[251]		500012df
	[252]		500012e0
	[253]		500012e1
	[254]		500012e2
	[255]		500012e3
OBJ 500011e4 (sz=16, trace=300000, class=java.lang.Integer@50000110)
OBJ 500011e5 (sz=16, trace=300000, class=java.lang.Integer@50000110)
OBJ 500011e6 (sz=16, trace=300000, class=java.lang.Integer@50000110)
OBJ 500011e7 (sz=16, trace=300000, class=java.lang.Integer@50000110)
OBJ 500011e8 (sz=16, trace=300000, class=java.lang.Integer@50000110)
OBJ 500011e9 (sz=16, trace=300000, class=java.lang.Integer@50000110)
OBJ 500011ea (sz=16, trace=300000, class=java.lang.Integer@50000110)
OBJ 500011eb (sz=16, trace=300000, class=java.lang.Integer@50000110)
OBJ 500011ec (sz=16, trace=300000, class=java.lang.Integer@50000110)
OBJ 500011ed (sz=16, trace=300000, class=java.lang.Integer@50000110)
OBJ 500011ee (sz=16, trace=300000, class=java.lang.Integer@50000110)
OBJ 500011ef (sz=16, trace=300000, class=java.lang.Integer@50000110)
OBJ 500011f0 (sz=16, trace=300000, class=java.lang.Integer@50000110)
OBJ 500011f1 (sz=16, trace=300000, class=java.lang.Integer@50000110)
OBJ 500011f2 (sz=16, trace=300000, class=java.lang.Integer@50000110)
OBJ 500011f3 (sz=16, trace=300000, class=java.lang.Integer@50000110)
OBJ 500011f4 (sz=16, trace=300000, class=java.lang.Integer@50000110)
OBJ 500011f5 (sz=16, trace=300000, class=java.lang.Integer@50000110)
OBJ 500011f6 (sz=16, trace=300000, class=java.lang.Integer@50000110)
OBJ 500011f7 (sz=16, trace=300000, class=java.lang.Integer@50000110)
OBJ 500011f8 (sz=16, trace=300000, class=java.lang.Integer@50000110)
OBJ 500011f9 (sz=16, trace=300000, class=java.lang.Integer@50000110)
OBJ 500011fa (sz=16, trace=300000, class=java.lang.Integer@50000110)
OBJ 500011fb (sz=16, trace=300000, class=java.lang.Integer@50000110)
OBJ 500011fc (sz=16, trace=300000, class=java.lang.Integer@50000110)
OBJ 500011fd (sz=16, trace=300000, class=java.lang.Integer@50000110)
OBJ 500011fe (sz=16, trace=300000, class=java.lang.Integer@50000110)
OBJ 500011ff (sz=16, trace=300000, class=java.lang.Integer@50000110)
OBJ 50001200 (sz=16, trace=300000, class=java.lang.Integer@50000110)
OBJ 50001201 (sz=16, trace=300000, class=java.lang.Integer@50000110)
OBJ 50001202 (sz=16, trace=300000, class=java.lang.Integer@50000110)
OBJ 50001203 (sz=16, trace=300000, class=java.lang.Integer@50000110)
OBJ 50001204 (sz=16, trace=300000, class=java.lang.Integer@50000110)
OBJ 50001205 (sz=16, trace=300000, class=java.lang.Integer@50000110)
OBJ 50001206 (sz=16, trace=300000, class=java.lang.Integer@50000110)
OBJ 50001207 (sz=16, trace=300000, class=java.lang.Integer@50000110)
OBJ 50001208 (sz=16, trace=300000, class=java.lang.Integer@50000110)
OBJ 50001209 (sz=16, trace=300000, class=java.lang.Integer@50000110)
OBJ 5000120a (sz=16, trace=300000, class=java.lang.Integer@50000110)
OBJ 5000120b (sz=16, trace=300000, class=java.lang.Integer@50000110)
OBJ 5000120c (sz=16, trace=300000, class=java.lang.Integer@50000110)
OBJ 5000120d (sz=16, trace=300000, class=java.lang.Integer@50000110)
OBJ 5000120e (sz=16, trace=300000, class=java.lang.Integer@50000110)
OBJ 5000120f (sz=16, trace=300000, class=java.lang.Integer@50000110)
OBJ 50001210 (sz=16, trace=300000, class=java.lang.Integer@50000110)
OBJ 50001211 (sz=16, trace=300000, class=java.lang.Integer@50000110)
OBJ 50001212 (sz=16, trace=300000, class=java.lang.Integer@50000110)
OBJ 50001213 (sz=16, trace=300000, class=java.lang.Integer@50000110)
OBJ 50001214 (sz=16, trace=300000, class=java.lang.Integer@50000110)
OBJ 50001215 (sz=16, trace=300000, class=java.lang.Integer@50000110)
OBJ 50001216 (sz=16, trace=300000, class=java.lang.Integer@50000110)
OBJ 50001217 (sz=16, trace=300000, class=java.lang.Integer@50000110)
OBJ 50001218 (sz=16, trace=300000, class=java.lang.Integer@50000110)
OBJ 50001219 (sz=16, trace=300000, class=java.lang.Integer@50000110)
OBJ 5000121a (sz=16, trace=300000, class=java.lang.Integer@50000110)
OBJ 5000121b (sz=16, trace=300000, class=java.lang.Integer@50000110)
OBJ 5000121c (sz=16, trace=300000, class=java.lang.Integer@50000110)
OBJ 5000121d (sz=16, trace=300000, class=java.lang.Integer@50000110)
OBJ 5000121e (sz=16, trace=300000, class=java.lang.Integer@50000110)
OBJ 5000121f (sz=16, trace=300000, class=java.lang.Integer@50000110)
OBJ 50001220 (sz=16, trace=300000, class=java.lang.Integer@50000110)
OBJ 50001221 (sz=16, trace=300000, class=java.lang.Integer@50000110)
OBJ 50001222 (sz=16, trace=300000, class=java.lang.Integer@50000110)
OBJ 50001223 (sz=16, trace=300000, class=java.lang.Integer@50000110)
OBJ 50001224 (sz=16, trace=300000, class=java.lang.Integer@50000110)
OBJ 50001225 (sz=16, trace=300000, class=java.lang.Integer@50000110)
OBJ 50001226 (sz=16, trace=300000, class=java.lang.Integer@50000110)
OBJ 50001227 (sz=16, trace=300000, class=java.lang.Integer@50000110)
OBJ 50001228 (sz=16, trace=300000, class=java.lang.Integer@50000110)
OBJ 50001229 (sz=16, trace=300000, class=java.lang.Integer@50000110)
OBJ 5000122a (sz=16, trace=300000, class=java.lang.Integer@50000110)
OBJ 5000122b (sz=16, trace=300000, class=java.lang.Integer@50000110)
OBJ 5000122c (sz=16, trace=300000, class=java.lang.Integer@50000110)
OBJ 5000122d (sz=16, trace=300000, class=java.lang.Integer@50000110)
OBJ 5000122e (sz=16, trace=300000, class=java.lang.Integer@50000110)
OBJ 5000122f (sz=16, trace=300000, class=java.lang.Integer@50000110)
OBJ 50001230 (sz=16, trace=300000, class=java.lang.Integer@50000110)
OBJ 50001231 (sz=16, trace=300000, class=java.lang.Integer@50000110)
OBJ 50001232 (sz=16, trace=300000, class=java.lang.Integer@50000110)
OBJ 50001233 (sz=16, trace=300000, class=java.lang.Integer@50000110)
OBJ 50001234 (sz=16, trace=300000, class=java.lang.Integer@50000110)
OBJ 50001235 (sz=16, trace=300000, class=java.lang.Integer@50000110)
OBJ 50001236 (sz=16, trace=300000, class=java.lang.Integer@50000110)
OBJ 50001237 (sz=16, trace=300000, class=java.lang.Integer@50000110)
OBJ 50001238 (sz=16, trace=300000, class=java.lang.Integer@50000110)
OBJ 50001239 (sz=16, trace=300000, class=java.lang.Integer@50000110)
OBJ 5000123a (sz=16, trace=300000, class=java.lang.Integer@50000110)
OBJ 5000123b (sz=16, trace=300000, class=java.lang.Integer@50000110)
OBJ 5000123c (sz=16, trace=300000, class=java.lang.Integer@50000110)
OBJ 5000123d (sz=16, trace=300000, class=java.lang.Integer@50000110)
OBJ 5000123e (sz=16, trace=300000, class=java.lang.Integer@50000110)
OBJ 5000123f (sz=16, trace=300000, class=java.lang.Integer@50000110)
OBJ 50001240 (sz=16, trace=300000, class=java.lang.Integer@50000110)
OBJ 50001241 (sz=16, trace=300000, class=java.lang.Integer@50000110)
OBJ 50001242 (sz=16, trace=300000, class=java.lang.Integer@50000110)
OBJ 50001243 (sz=16, trace=300000, class=java.lang.Integer@50000110)
OBJ 50001244 (sz=16, trace=300000, class=java.lang.Integer@50000110)
OBJ 50001245 (sz=16, trace=300000, class=java.lang.Integer@50000110)
OBJ 50001246 (sz=16, trace=300000, class=java.lang.Integer@50000110)
OBJ 50001247 (sz=16, trace=300000, class=java.lang.Integer@50000110)
OBJ 50001248 (sz=16, trace=300000, class=java.lang.Integer@50000110)
OBJ 50001249 (sz=16, trace=300000, class=java.lang.Integer@50000110)
OBJ 5000124a (sz=16, trace=300000, class=java.lang.Integer@50000110)
OBJ 5000124b (sz=16, trace=300000, class=java.lang.Integer@50000110)
OBJ 5000124c (sz=16, trace=300000, class=java.lang.Integer@50000110)
OBJ 5000124d (sz=16, trace=300000, class=java.lang.Integer@50000110)
OBJ 5000124e (sz=16, trace=300000, class=java.lang.Integer@50000110)
OBJ 5000124f (sz=16, trace=300000, class=java.lang.Integer@50000110)
OBJ 50001250 (sz=16, trace=300000, class=java.lang.Integer@50000110)
OBJ 50001251 (sz=16, trace=300000, class=java.lang.Integer@50000110)
OBJ 50001252 (sz=16, trace=300000, class=java.lang.Integer@50000110)
OBJ 50001253 (sz=16, trace=300000, class=java.lang.Integer@50000110)
OBJ 50001254 (sz=16, trace=300000, class=java.lang.Integer@50000110)
OBJ 50001255 (sz=16, trace=300000, class=java.lang.Integer@50000110)
OBJ 50001256 (sz=16, trace=300000, class=java.lang.Integer@50000110)
OBJ 50001257 (sz=16, trace=300000, class=java.lang.Integer@50000110)
OBJ 50001258 (sz=16, trace=300000, class=java.lang.Integer@50000110)
OBJ 50001259 (sz=16, trace=300000, class=java.lang.Integer@50000110)
OBJ 5000125a (sz=16, trace=300000, class=java.lang.Integer@50000110)
OBJ 5000125b (sz=16, trace=300000, class=java.lang.Integer@50000110)
OBJ 5000125c (sz=16, trace=300000, class=java.lang.Integer@50000110)
OBJ 5000125d (sz=16, trace=300000, class=java.lang.Integer@50000110)
OBJ 5000125e (sz=16, trace=300000, class=java.lang.Integer@50000110)
OBJ 5000125f (sz=16, trace=300000, class=java.lang.Integer@50000110)
OBJ 50001260 (sz=16, trace=300000, class=java.lang.Integer@50000110)
OBJ 50001261 (sz=16, trace=300000, class=java.lang.Integer@50000110)
OBJ 50001262 (sz=16, trace=300000, class=java.lang.Integer@50000110)
OBJ 50001263 (sz=16, trace=300000, class=java.lang.Integer@50000110)
OBJ 50001264 (sz=16, trace=300000, class=java.lang.Integer@50000110)
OBJ 50001265 (sz=16, trace=300000, class=java.lang.Integer@50000110)
OBJ 50001266 (sz=16, trace=300000, class=java.lang.Integer@50000110)
OBJ 50001267 (sz=16, trace=300000, class=java.lang.Integer@50000110)
OBJ 50001268 (sz=16, trace=300000, class=java.lang.Integer@50000110)
OBJ 50001269 (sz=16, trace=300000, class=java.lang.Integer@50000110)
OBJ 5000126a (sz=16, trace=300000, class=java.lang.Integer@50000110)
OBJ 5000126b (sz=16, trace=300000, class=java.lang.Integer@50000110)
OBJ 5000126c (sz=16, trace=300000, class=java.lang.Integer@50000110)
OBJ 5000126d (sz=16, trace=300000, class=java.lang.Integer@50000110)
OBJ 5000126e (sz=16, trace=300000, class=java.lang.Integer@50000110)
OBJ 5000126f (sz=16, trace=300000, class=java.lang.Integer@50000110)
OBJ 50001270 (sz=16, trace=300000, class=java.lang.Integer@50000110)
OBJ 50001271 (sz=16, trace=300000, class=java.lang.Integer@50000110)
OBJ 50001272 (sz=16, trace=300000, class=java.lang.Integer@50000110)
OBJ 50001273 (sz=16, trace=300000, class=java.lang.Integer@50000110)
OBJ 50001274 (sz=16, trace=300000, class=java.lang.Integer@50000110)
OBJ 50001275 (sz=16, trace=300000, class=java.lang.Integer@50000110)
OBJ 50001276 (sz=16, trace=300000, class=java.lang.Integer@50000110)
OBJ 50001277 (sz=16, trace=300000, class=java.lang.Integer@50000110)
OBJ 50001278 (sz=16, trace=300000, class=java.lang.Integer@50000110)
OBJ 50001279 (sz=16, trace=300000, class=java.lang.Integer@50000110)
OBJ 5000127a (sz=16, trace=300000, class=java.lang.Integer@50000110)
OBJ 5000127b (sz=16, trace=300000, class=java.lang.Integer@50000110)
OBJ 5000127c (sz=16, trace=300000, class=java.lang.Integer@50000110)
OBJ 5000127d (sz=16, trace=300000, class=java.lang.Integer@50000110)
OBJ 5000127e (sz=16, trace=300000, class=java.lang.Integer@50000110)
OBJ 5000127f (sz=16, trace=300000, class=java.lang.Integer@50000110)
OBJ 50001280 (sz=16, trace=300000, class=java.lang.Integer@50000110)
OBJ 50001281 (sz=16, trace=300000, class=java.lang.Integer@50000110)
OBJ 50001282 (sz=16, trace=300000, class=java.lang.Integer@50000110)
OBJ 50001283 (sz=16, trace=300000, class=java.lang.Integer@50000110)
OBJ 50001284 (sz=16, trace=300000, class=java.lang.Integer@50000110)
OBJ 50001285 (sz=16, trace=300000, class=java.lang.Integer@50000110)
OBJ 50001286 (sz=16, trace=300000, class=java.lang.Integer@50000110)
OBJ 50001287 (sz=16, trace=300000, class=java.lang.Integer@50000110)
OBJ 50001288 (sz=16, trace=300000, class=java.lang.Integer@50000110)
OBJ 50001289 (sz=16, trace=300000, class=java.lang.Integer@50000110)
OBJ 5000128a (sz=16, trace=300000, class=java.lang.Integer@50000110)
OBJ 5000128b (sz=16, trace=300000, class=java.lang.Integer@50000110)
OBJ 5000128c (sz=16, trace=300000, class=java.lang.Integer@50000110)
OBJ 5000128d (sz=16, trace=300000, class=java.lang.Integer@50000110)
OBJ 5000128e (sz=16, trace=300000, class=java.lang.Integer@50000110)
OBJ 5000128f (sz=16, trace=300000, class=java.lang.Integer@50000110)
OBJ 50001290 (sz=16, trace=300000, class=java.lang.Integer@50000110)
OBJ 50001291 (sz=16, trace=300000, class=java.lang.Integer@50000110)
OBJ 50001292 (sz=16, trace=300000, class=java.lang.Integer@50000110)
OBJ 50001293 (sz=16, trace=300000, class=java.lang.Integer@50000110)
OBJ 50001294 (sz=16, trace=300000, class=java.lang.Integer@50000110)
OBJ 50001295 (sz=16, trace=300000, class=java.lang.Integer@50000110)
OBJ 50001296 (sz=16, trace=300000, class=java.lang.Integer@50000110)
OBJ 50001297 (sz=16, trace=300000, class=java.lang.Integer@50000110)
OBJ 50001298 (sz=16, trace=300000, class=java.lang.Integer@50000110)
OBJ 50001299 (sz=16, trace=300000, class=java.lang.Integer@50000110)
OBJ 5000129a (sz=16, trace=300000, class=java.lang.Integer@50000110)
OBJ 5000129b (sz=16, trace=300000, class=java.lang.Integer@50000110)
OBJ 5000129c (sz=16, trace=300000, class=java.lang.Integer@50000110)
OBJ 5000129d (sz=16, trace=300000, class=java.lang.Integer@50000110)
OBJ 5000129e (sz=16, trace=300000, class=java.lang.Integer@50000110)
OBJ 5000129f (sz=16, trace=300000, class=java.lang.Integer@50000110)
OBJ 500012a0 (sz=16, trace=300000, class=java.lang.Integer@50000110)
OBJ 500012a1 (sz=16, trace=300000, class=java.lang.Integer@50000110)
OBJ 500012a2 (sz=16, trace=300000, class=java.lang.Integer@50000110)
OBJ 500012a3 (sz=16, trace=300000, class=java.lang.Integer@50000110)
OBJ 500012a4 (sz=16, trace=300000, class=java.lang.Integer@50000110)
OBJ 500012a5 (sz=16, trace=300000, class=java.lang.Integer@50000110)
OBJ 500012a6 (sz=16, trace=300000, class=java.lang.Integer@50000110)
OBJ 500012a7 (sz=16, trace=300000, class=java.lang.Integer@50000110)
OBJ 500012a8 (sz=16, trace=300000, class=java.lang.Integer@50000110)
OBJ 500012a9 (sz=16, trace=300000, class=java.lang.Integer@50000110)
OBJ 500012aa (sz=16, trace=300000, class=java.lang.Integer@50000110)
OBJ 500012ab (sz=16, trace=300000, class=java.lang.Integer@50000110)
OBJ 500012ac (sz=16, trace=300000, class=java.lang.Integer@50000110)
OBJ 500012ad (sz=16, trace=300000, class=java.lang.Integer@50000110)
OBJ 500012ae (sz=16, trace=300000, class=java.lang.Integer@50000110)
OBJ 500012af (sz=16, trace=300000, class=java.lang.Integer@50000110)
OBJ 500012b0 (sz=16, trace=300000, class=java.lang.Integer@50000110)
OBJ 500012b1 (sz=16, trace=300000, class=java.lang.Integer@50000110)
OBJ 500012b2 (sz=16, trace=300000, class=java.lang.Integer@50000110)
OBJ 500012b3 (sz=16, trace=300000, class=java.lang.Integer@50000110)
OBJ 500012b4 (sz=16, trace=300000, class=java.lang.Integer@50000110)
OBJ 500012b5 (sz=16, trace=300000, class=java.lang.Integer@50000110)
OBJ 500012b6 (sz=16, trace=300000, class=java.lang.Integer@50000110)
OBJ 500012b7 (sz=16, trace=300000, class=java.lang.Integer@50000110)
OBJ 500012b8 (sz=16, trace=300000, class=java.lang.Integer@50000110)
OBJ 500012b9 (sz=16, trace=300000, class=java.lang.Integer@50000110)
OBJ 500012ba (sz=16, trace=300000, class=java.lang.Integer@50000110)
OBJ 500012bb (sz=16, trace=300000, class=java.lang.Integer@50000110)
OBJ 500012bc (sz=16, trace=300000, class=java.lang.Integer@50000110)
OBJ 500012bd (sz=16, trace=300000, class=java.lang.Integer@50000110)
OBJ 500012be (sz=16, trace=300000, class=java.lang.Integer@50000110)
OBJ 500012bf (sz=16, trace=300000, class=java.lang.Integer@50000110)
OBJ 500012c0 (sz=16, trace=300000, class=java.lang.Integer@50000110)
OBJ 500012c1 (sz=16, trace=300000, class=java.lang.Integer@50000110)
OBJ 500012c2 (sz=16, trace=300000, class=java.lang.Integer@50000110)
OBJ 500012c3 (sz=16, trace=300000, class=java.lang.Integer@50000110)
OBJ 500012c4 (sz=16, trace=300000, class=java.lang.Integer@50000110)
OBJ 500012c5 (sz=16, trace=300000, class=java.lang.Integer@50000110)
OBJ 500012c6 (sz=16, trace=300000, class=java.lang.Integer@50000110)
OBJ 500012c7 (sz=16, trace=300000, class=java.lang.Integer@50000110)
OBJ 500012c8 (sz=16, trace=300000, class=java.lang.Integer@50000110)
OBJ 500012c9 (sz=16, trace=300000, class=java.lang.Integer@50000110)
OBJ 500012ca (sz=16, trace=300000, class=java.lang.Integer@50000110)
OBJ 500012cb (sz=16, trace=300000, class=java.lang.Integer@50000110)
OBJ 500012cc (sz=16, trace=300000, class=java.lang.Integer@50000110)
OBJ 500012cd (sz=16, trace=300000, class=java.lang.Integer@50000110)
OBJ 500012ce (sz=16, trace=300000, class=java.lang.Integer@50000110)
OBJ 500012cf (sz=16, trace=300000, class=java.lang.Integer@50000110)
OBJ 500012d0 (sz=16, trace=300000, class=java.lang.Integer@50000110)
OBJ 500012d1 (sz=16, trace=300000, class=java.lang.Integer@50000110)
OBJ 500012d2 (sz=16, trace=300000, class=java.lang.Integer@50000110)
OBJ 500012d3 (sz=16, trace=300000, class=java.lang.Integer@50000110)
OBJ 500012d4 (sz=16, trace=300000, class=java.lang.Integer@50000110)
OBJ 500012d5 (sz=16, trace=300000, class=java.lang.Integer@50000110)
OBJ 500012d6 (sz=16, trace=300000, class=java.lang.Integer@50000110)
OBJ 500012d7 (sz=16, trace=300000, class=java.lang.Integer@50000110)
OBJ 500012d8 (sz=16, trace=300000, class=java.lang.Integer@50000110)
OBJ 500012d9 (sz=16, trace=300000, class=java.lang.Integer@50000110)
OBJ 500012da (sz=16, trace=300000, class=java.lang.Integer@50000110)
OBJ 500012db (sz=16, trace=300000, class=java.lang.Integer@50000110)
OBJ 500012dc (sz=16, trace=300000, class=java.lang.Integer@50000110)
OBJ 500012dd (sz=16, trace=300000, class=java.lang.Integer@50000110)
OBJ 500012de (sz=16, trace=300000, class=java.lang.Integer@50000110)
OBJ 500012df (sz=16, trace=300000, class=java.lang.Integer@50000110)
OBJ 500012e0 (sz=16, trace=300000, class=java.lang.Integer@50000110)
OBJ 500012e1 (sz=16, trace=300000, class=java.lang.Integer@50000110)
OBJ 500012e2 (sz=16, trace=300000, class=java.lang.Integer@50000110)
OBJ 500012e3 (sz=16, trace=300000, class=java.lang.Integer@50000110)
ARR 500012e4 (sz=70, trace=300000, nelems=35, elem type=char[])
OBJ 500012e5 (sz=24, trace=300000, class=java.lang.String@50000174)
	value		500012ee
OBJ 500012e6 (sz=24, trace=300000, class=java.lang.String@50000174)
	value		500012ed
OBJ 500012e7 (sz=24, trace=300000, class=java.lang.String@50000174)
	value		500012ec
ARR 500012e8 (sz=512, trace=300000, nelems=256, elem type=char[])
ARR 500012e9 (sz=1024, trace=300000, nelems=256, elem type=int[])
OBJ 500012ea (sz=16, trace=300000, class=java.lang.CharacterDataLatin1@50000012)
ARR 500012eb (sz=4, trace=300000, nelems=2, elem type=char[])
ARR 500012ec (sz=1024, trace=300000, nelems=512, elem type=char[])
ARR 500012ed (sz=512, trace=300000, nelems=256, elem type=char[])
ARR 500012ee (sz=8, trace=300000, nelems=4, elem type=char[])
OBJ 500012ef (sz=24, trace=300000, class=java.lang.String@50000174)
	value		500012f0
ARR 500012f0 (sz=10, trace=300000, nelems=5, elem type=char[])
OBJ 500012f1 (sz=24, trace=300000, class=java.lang.String@50000174)
	value		500012f2
ARR 500012f2 (sz=8, trace=300000, nelems=4, elem type=char[])
ARR 500012f3 (sz=6, trace=300000, nelems=3, elem type=char[])
ARR 500012f4 (sz=22, trace=300000, nelems=11, elem type=char[])
OBJ 500012f5 (sz=24, trace=300000, class=java.lang.String@50000174)
	value		500012f7
ARR 500012f6 (sz=16, trace=300000, nelems=8, elem type=char[])
ARR 500012f7 (sz=98, trace=300000, nelems=49, elem type=char[])
OBJ 500012f8 (sz=16, trace=300000, class=java.lang.Runtime@5000008c)
OBJ 500012f9 (sz=24, trace=300000, class=java.lang.String@50000174)
	value		5000137d
OBJ 500012fa (sz=24, trace=300000, class=java.lang.String@50000174)
	value		5000137c
OBJ 500012fb (sz=24, trace=300000, class=java.lang.String@50000174)
	value		50001374
OBJ 500012fc (sz=24, trace=300000, class=java.lang.String@50000174)
	value		50001373
OBJ 500012fd (sz=32, trace=300000, class=java.io.UnixFileSystem@50000068)
	javaHome	50001139
	cache		500012ff
	javaHomePrefixCache	500012fe
OBJ 500012fe (sz=40, trace=300000, class=java.io.ExpiringCache@50000067)
	map		50001356
OBJ 500012ff (sz=40, trace=300000, class=java.io.ExpiringCache@50000067)
	map		50001300
OBJ 50001300 (sz=64, trace=300000, class=java.io.ExpiringCache$1@50000065)
	table		50001302
	head		50001301
	tail		5000046a
	this$0		500012ff
OBJ 50001301 (sz=40, trace=300000, class=java.util.LinkedHashMap$Entry@5000005b)
	key		50001352
	value		50001351
	next		50001312
	after		50001309
ARR 50001302 (sz=144, trace=300000, nelems=32, elem type=java.util.HashMap$Node[]@500000c8)
	[7]		50001303
	[10]		50001304
	[11]		50001305
	[12]		50001306
	[15]		5000023f
	[17]		50001307
	[20]		50001301
	[21]		500003e3
	[25]		500003c6
	[26]		5000039c
	[28]		50001308
	[29]		50001309
	[30]		5000130a
	[31]		5000130b
OBJ 50001303 (sz=40, trace=300000, class=java.util.LinkedHashMap$Entry@5000005b)
	key		5000133e
	value		5000133d
	before		50001305
	after		5000130b
OBJ 50001304 (sz=40, trace=300000, class=java.util.LinkedHashMap$Entry@5000005b)
	key		50001348
	value		50001347
	before		50001309
	after		50001305
OBJ 50001305 (sz=40, trace=300000, class=java.util.LinkedHashMap$Entry@5000005b)
	key		50001343
	value		50001342
	next		5000041d
	before		50001304
	after		50001303
OBJ 50001306 (sz=40, trace=300000, class=java.util.LinkedHashMap$Entry@5000005b)
	key		50001325
	value		50001324
	before		50001323
	after		5000023f
OBJ 50001307 (sz=40, trace=300000, class=java.util.LinkedHashMap$Entry@5000005b)
	key		50001339
	value		50001338
	before		50001312
	after		50001318
OBJ 50001308 (sz=40, trace=300000, class=java.util.LinkedHashMap$Entry@5000005b)
	key		50001334
	value		50001333
	before		50001318
	after		5000130a
OBJ 50001309 (sz=40, trace=300000, class=java.util.LinkedHashMap$Entry@5000005b)
	key		5000134d
	value		5000134c
	next		5000043a
	before		50001301
	after		50001304
OBJ 5000130a (sz=40, trace=300000, class=java.util.LinkedHashMap$Entry@5000005b)
	key		5000132f
	value		5000132e
	next		50001323
	before		50001308
	after		50001323
OBJ 5000130b (sz=40, trace=300000, class=java.util.LinkedHashMap$Entry@5000005b)
	key		5000130e
	value		5000130d
	next		5000130c
	before		50001303
	after		5000130c
OBJ 5000130c (sz=40, trace=300000, class=java.util.LinkedHashMap$Entry@5000005b)
	key		50001314
	value		50001313
	before		5000130b
	after		50001312
OBJ 5000130d (sz=24, trace=300000, class=java.io.ExpiringCache$Entry@5000005c)
	val		50001310
OBJ 5000130e (sz=24, trace=300000, class=java.lang.String@50000174)
	value		5000130f
ARR 5000130f (sz=106, trace=300000, nelems=53, elem type=char[])
OBJ 50001310 (sz=24, trace=300000, class=java.lang.String@50000174)
	value		50001311
ARR 50001311 (sz=106, trace=300000, nelems=53, elem type=char[])
OBJ 50001312 (sz=40, trace=300000, class=java.util.LinkedHashMap$Entry@5000005b)
	key		5000131a
	value		50001319
	next		50001318
	before		5000130c
	after		50001307
OBJ 50001313 (sz=24, trace=300000, class=java.io.ExpiringCache$Entry@5000005c)
	val		50001316
OBJ 50001314 (sz=24, trace=300000, class=java.lang.String@50000174)
	value		50001315
ARR 50001315 (sz=102, trace=300000, nelems=51, elem type=char[])
OBJ 50001316 (sz=24, trace=300000, class=java.lang.String@50000174)
	value		50001317
ARR 50001317 (sz=102, trace=300000, nelems=51, elem type=char[])
OBJ 50001318 (sz=40, trace=300000, class=java.util.LinkedHashMap$Entry@5000005b)
	key		5000131f
	value		5000131e
	next		50000400
	before		50001307
	after		50001308
OBJ 50001319 (sz=24, trace=300000, class=java.io.ExpiringCache$Entry@5000005c)
	val		5000131c
OBJ 5000131a (sz=24, trace=300000, class=java.lang.String@50000174)
	value		5000131b
ARR 5000131b (sz=102, trace=300000, nelems=51, elem type=char[])
OBJ 5000131c (sz=24, trace=300000, class=java.lang.String@50000174)
	value		5000131d
ARR 5000131d (sz=102, trace=300000, nelems=51, elem type=char[])
OBJ 5000131e (sz=24, trace=300000, class=java.io.ExpiringCache$Entry@5000005c)
	val		50001321
OBJ 5000131f (sz=24, trace=300000, class=java.lang.String@50000174)
	value		50001320
ARR 50001320 (sz=102, trace=300000, nelems=51, elem type=char[])
OBJ 50001321 (sz=24, trace=300000, class=java.lang.String@50000174)
	value		50001322
ARR 50001322 (sz=102, trace=300000, nelems=51, elem type=char[])
OBJ 50001323 (sz=40, trace=300000, class=java.util.LinkedHashMap$Entry@5000005b)
	key		5000132a
	value		50001329
	before		5000130a
	after		50001306
OBJ 50001324 (sz=24, trace=300000, class=java.io.ExpiringCache$Entry@5000005c)
	val		50001327
OBJ 50001325 (sz=24, trace=300000, class=java.lang.String@50000174)
	value		50001326
ARR 50001326 (sz=82, trace=300000, nelems=41, elem type=char[])
OBJ 50001327 (sz=24, trace=300000, class=java.lang.String@50000174)
	value		50001328
ARR 50001328 (sz=82, trace=300000, nelems=41, elem type=char[])
OBJ 50001329 (sz=24, trace=300000, class=java.io.ExpiringCache$Entry@5000005c)
	val		5000132c
OBJ 5000132a (sz=24, trace=300000, class=java.lang.String@50000174)
	value		5000132b
ARR 5000132b (sz=76, trace=300000, nelems=38, elem type=char[])
OBJ 5000132c (sz=24, trace=300000, class=java.lang.String@50000174)
	value		5000132d
ARR 5000132d (sz=72, trace=300000, nelems=36, elem type=char[])
OBJ 5000132e (sz=24, trace=300000, class=java.io.ExpiringCache$Entry@5000005c)
	val		50001331
OBJ 5000132f (sz=24, trace=300000, class=java.lang.String@50000174)
	value		50001330
ARR 50001330 (sz=112, trace=300000, nelems=56, elem type=char[])
OBJ 50001331 (sz=24, trace=300000, class=java.lang.String@50000174)
	value		50001332
ARR 50001332 (sz=112, trace=300000, nelems=56, elem type=char[])
OBJ 50001333 (sz=24, trace=300000, class=java.io.ExpiringCache$Entry@5000005c)
	val		50001336
OBJ 50001334 (sz=24, trace=300000, class=java.lang.String@50000174)
	value		50001335
ARR 50001335 (sz=108, trace=300000, nelems=54, elem type=char[])
OBJ 50001336 (sz=24, trace=300000, class=java.lang.String@50000174)
	value		50001337
ARR 50001337 (sz=108, trace=300000, nelems=54, elem type=char[])
OBJ 50001338 (sz=24, trace=300000, class=java.io.ExpiringCache$Entry@5000005c)
	val		5000133b
OBJ 50001339 (sz=24, trace=300000, class=java.lang.String@50000174)
	value		5000133a
ARR 5000133a (sz=122, trace=300000, nelems=61, elem type=char[])
OBJ 5000133b (sz=24, trace=300000, class=java.lang.String@50000174)
	value		5000133c
ARR 5000133c (sz=122, trace=300000, nelems=61, elem type=char[])
OBJ 5000133d (sz=24, trace=300000, class=java.io.ExpiringCache$Entry@5000005c)
	val		50001340
OBJ 5000133e (sz=24, trace=300000, class=java.lang.String@50000174)
	value		5000133f
ARR 5000133f (sz=106, trace=300000, nelems=53, elem type=char[])
OBJ 50001340 (sz=24, trace=300000, class=java.lang.String@50000174)
	value		50001341
ARR 50001341 (sz=106, trace=300000, nelems=53, elem type=char[])
OBJ 50001342 (sz=24, trace=300000, class=java.io.ExpiringCache$Entry@5000005c)
	val		50001345
OBJ 50001343 (sz=24, trace=300000, class=java.lang.String@50000174)
	value		50001344
ARR 50001344 (sz=110, trace=300000, nelems=55, elem type=char[])
OBJ 50001345 (sz=24, trace=300000, class=java.lang.String@50000174)
	value		50001346
ARR 50001346 (sz=110, trace=300000, nelems=55, elem type=char[])
OBJ 50001347 (sz=24, trace=300000, class=java.io.ExpiringCache$Entry@5000005c)
	val		5000134a
OBJ 50001348 (sz=24, trace=300000, class=java.lang.String@50000174)
	value		50001349
ARR 50001349 (sz=102, trace=300000, nelems=51, elem type=char[])
OBJ 5000134a (sz=24, trace=300000, class=java.lang.String@50000174)
	value		5000134b
ARR 5000134b (sz=102, trace=300000, nelems=51, elem type=char[])
OBJ 5000134c (sz=24, trace=300000, class=java.io.ExpiringCache$Entry@5000005c)
	val		5000134f
OBJ 5000134d (sz=24, trace=300000, class=java.lang.String@50000174)
	value		5000134e
ARR 5000134e (sz=82, trace=300000, nelems=41, elem type=char[])
OBJ 5000134f (sz=24, trace=300000, class=java.lang.String@50000174)
	value		50001350
ARR 50001350 (sz=82, trace=300000, nelems=41, elem type=char[])
OBJ 50001351 (sz=24, trace=300000, class=java.io.ExpiringCache$Entry@5000005c)
	val		50001354
OBJ 50001352 (sz=24, trace=300000, class=java.lang.String@50000174)
	value		50001353
ARR 50001353 (sz=106, trace=300000, nelems=53, elem type=char[])
OBJ 50001354 (sz=24, trace=300000, class=java.lang.String@50000174)
	value		50001355
ARR 50001355 (sz=106, trace=300000, nelems=53, elem type=char[])
OBJ 50001356 (sz=64, trace=300000, class=java.io.ExpiringCache$1@50000065)
	table		50001358
	head		50001357
	tail		500003a9
	this$0		500012fe
OBJ 50001357 (sz=40, trace=300000, class=java.util.LinkedHashMap$Entry@5000005b)
	key		50001360
	value		5000135f
	after		50001359
ARR 50001358 (sz=80, trace=300000, nelems=16, elem type=java.util.HashMap$Node[]@500000c8)
	[0]		50001357
	[13]		50001359
	[15]		500003a9
OBJ 50001359 (sz=40, trace=300000, class=java.util.LinkedHashMap$Entry@5000005b)
	key		5000135b
	value		5000135a
	before		50001357
	after		500003a9
OBJ 5000135a (sz=24, trace=300000, class=java.io.ExpiringCache$Entry@5000005c)
	val		5000135d
OBJ 5000135b (sz=24, trace=300000, class=java.lang.String@50000174)
	value		5000135c
ARR 5000135c (sz=82, trace=300000, nelems=41, elem type=char[])
OBJ 5000135d (sz=24, trace=300000, class=java.lang.String@50000174)
	value		5000135e
ARR 5000135e (sz=82, trace=300000, nelems=41, elem type=char[])
OBJ 5000135f (sz=24, trace=300000, class=java.io.ExpiringCache$Entry@5000005c)
	val		50001362
OBJ 50001360 (sz=24, trace=300000, class=java.lang.String@50000174)
	value		50001361
ARR 50001361 (sz=86, trace=300000, nelems=43, elem type=char[])
OBJ 50001362 (sz=24, trace=300000, class=java.lang.String@50000174)
	value		50001363
ARR 50001363 (sz=86, trace=300000, nelems=43, elem type=char[])
OBJ 50001364 (sz=24, trace=300000, class=java.lang.String@50000174)
	value		50001372
OBJ 50001365 (sz=24, trace=300000, class=java.lang.String@50000174)
	value		50001371
OBJ 50001366 (sz=24, trace=300000, class=java.lang.String@50000174)
	value		50001370
OBJ 50001367 (sz=24, trace=300000, class=java.lang.String@50000174)
	value		5000136f
OBJ 50001368 (sz=24, trace=300000, class=java.lang.String@50000174)
	value		5000136d
OBJ 50001369 (sz=24, trace=300000, class=java.lang.String@50000174)
	value		5000136c
OBJ 5000136a (sz=24, trace=300000, class=java.lang.String@50000174)
	value		5000136b
ARR 5000136b (sz=52, trace=300000, nelems=26, elem type=char[])
ARR 5000136c (sz=42, trace=300000, nelems=21, elem type=char[])
ARR 5000136d (sz=16, trace=300000, nelems=8, elem type=char[])
ARR 5000136e (sz=0, trace=300000, nelems=0, elem type=char[])
ARR 5000136f (sz=2, trace=300000, nelems=1, elem type=char[])
ARR 50001370 (sz=18, trace=300000, nelems=9, elem type=char[])
ARR 50001371 (sz=28, trace=300000, nelems=14, elem type=char[])
ARR 50001372 (sz=28, trace=300000, nelems=14, elem type=char[])
ARR 50001373 (sz=2, trace=300000, nelems=1, elem type=char[])
ARR 50001374 (sz=2, trace=300000, nelems=1, elem type=char[])
OBJ 50001375 (sz=24, trace=300000, class=java.lang.String@50000174)
	value		5000137a
OBJ 50001376 (sz=24, trace=300000, class=java.lang.String@50000174)
	value		5000137b
ARR 50001377 (sz=24, trace=300000, nelems=2, elem type=java.io.File$PathStatus[]@5000005d)
	[0]		50001379
	[1]		50001378
OBJ 50001378 (sz=24, trace=300000, class=java.io.File$PathStatus@50000063)
	name		50001376
OBJ 50001379 (sz=24, trace=300000, class=java.io.File$PathStatus@50000063)
	name		50001375
ARR 5000137a (sz=14, trace=300000, nelems=7, elem type=char[])
ARR 5000137b (sz=14, trace=300000, nelems=7, elem type=char[])
ARR 5000137c (sz=24, trace=300000, nelems=12, elem type=char[])
ARR 5000137d (sz=8, trace=300000, nelems=4, elem type=char[])
ARR 5000137e (sz=10, trace=300000, nelems=5, elem type=char[])
ARR 5000137f (sz=18, trace=300000, nelems=9, elem type=char[])
ARR 50001380 (sz=18, trace=300000, nelems=9, elem type=char[])
ARR 50001381 (sz=26, trace=300000, nelems=13, elem type=char[])
ARR 50001382 (sz=14, trace=300000, nelems=7, elem type=char[])
OBJ 50001383 (sz=24, trace=300000, class=java.lang.String@50000174)
	value		50001384
ARR 50001384 (sz=58, trace=300000, nelems=29, elem type=char[])
ARR 50001385 (sz=56, trace=300000, nelems=0, elem type=java.lang.Object[]@5000010e)
OBJ 50001386 (sz=16, trace=300000, class=java.security.ProtectionDomain$Key@50000008)
	this$0		500011c4
ARR 50001387 (sz=16, trace=300000, nelems=0, elem type=java.security.Principal[]@50000006)
OBJ 50001388 (sz=32, trace=300000, class=java.security.CodeSource@5000011a)
OBJ 50001389 (sz=24, trace=300000, class=java.lang.String@50000174)
	value		50001391
OBJ 5000138a (sz=24, trace=300000, class=java.lang.String@50000174)
	value		50001390
OBJ 5000138b (sz=24, trace=300000, class=java.lang.String@50000174)
	value		5000138f
OBJ 5000138c (sz=24, trace=300000, class=java.lang.String@50000174)
	value		5000138e
ARR 5000138d (sz=32, trace=300000, nelems=16, elem type=char[])
ARR 5000138e (sz=32, trace=300000, nelems=16, elem type=char[])
ARR 5000138f (sz=48, trace=300000, nelems=24, elem type=char[])
ARR 50001390 (sz=38, trace=300000, nelems=19, elem type=char[])
ARR 50001391 (sz=12, trace=300000, nelems=6, elem type=char[])
OBJ 50001392 (sz=16, trace=300000, class=java.util.HashSet@50000005)
	map		50001393
OBJ 50001393 (sz=48, trace=300000, class=java.util.HashMap@500000cc)
ARR 50001394 (sz=56, trace=300000, nelems=0, elem type=java.lang.Object[]@5000010e)
OBJ 50001395 (sz=16, trace=300000, class=sun.net.www.protocol.jar.Handler@50000003)
OBJ 50001396 (sz=48, trace=300000, class=java.util.HashMap@500000cc)
	table		500005a1
OBJ 50001397 (sz=24, trace=300000, class=java.util.ArrayList@500000e3)
	elementData	500005a0
OBJ 50001398 (sz=32, trace=300000, class=java.util.Stack@500000e8)
	elementData	500013ea
OBJ 50001399 (sz=24, trace=300000, class=java.util.ArrayList@500000e3)
	elementData	5000139a
ARR 5000139a (sz=56, trace=300000, nelems=10, elem type=java.lang.Object[]@5000010e)
	[0]		5000139b
	[1]		5000139c
	[2]		5000139d
	[3]		5000139e
	[4]		5000139f
	[5]		500013a0
	[6]		500013a1
	[7]		500013a2
	[8]		500013a3
	[9]		500013a4
OBJ 5000139b (sz=64, trace=300000, class=java.net.URL@5000011f)
	protocol	500013a7
	host		5000104b
	file		500013e6
	authority	5000104b
	path		500013e6
	handler		500013a5
OBJ 5000139c (sz=64, trace=300000, class=java.net.URL@5000011f)
	protocol	500013a7
	host		5000104b
	file		500013e4
	authority	5000104b
	path		500013e4
	handler		500013a5
OBJ 5000139d (sz=64, trace=300000, class=java.net.URL@5000011f)
	protocol	500013a7
	host		5000104b
	file		500013e2
	authority	5000104b
	path		500013e2
	handler		500013a5
OBJ 5000139e (sz=64, trace=300000, class=java.net.URL@5000011f)
	protocol	500013a7
	host		5000104b
	file		500013e0
	authority	5000104b
	path		500013e0
	handler		500013a5
OBJ 5000139f (sz=64, trace=300000, class=java.net.URL@5000011f)
	protocol	500013a7
	host		5000104b
	file		500013de
	authority	5000104b
	path		500013de
	handler		500013a5
OBJ 500013a0 (sz=64, trace=300000, class=java.net.URL@5000011f)
	protocol	500013a7
	host		5000104b
	file		500013dc
	authority	5000104b
	path		500013dc
	handler		500013a5
OBJ 500013a1 (sz=64, trace=300000, class=java.net.URL@5000011f)
	protocol	500013a7
	host		5000104b
	file		500013da
	authority	5000104b
	path		500013da
	handler		500013a5
OBJ 500013a2 (sz=64, trace=300000, class=java.net.URL@5000011f)
	protocol	500013a7
	host		5000104b
	file		500013d8
	authority	5000104b
	path		500013d8
	handler		500013a5
OBJ 500013a3 (sz=64, trace=300000, class=java.net.URL@5000011f)
	protocol	500013a7
	host		5000104b
	file		500013d6
	authority	5000104b
	path		500013d6
	handler		500013a5
OBJ 500013a4 (sz=64, trace=300000, class=java.net.URL@5000011f)
	protocol	500013a7
	host		5000104b
	file		500013a6
	authority	5000104b
	path		500013a6
	handler		500013a5
OBJ 500013a5 (sz=16, trace=300000, class=sun.net.www.protocol.file.Handler@5000000f)
OBJ 500013a6 (sz=24, trace=300000, class=java.lang.String@50000174)
	value		500013a9
OBJ 500013a7 (sz=24, trace=300000, class=java.lang.String@50000174)
	value		500013a8
ARR 500013a8 (sz=8, trace=300000, nelems=4, elem type=char[])
ARR 500013a9 (sz=112, trace=300000, nelems=56, elem type=char[])
OBJ 500013aa (sz=24, trace=300000, class=java.lang.String@50000174)
	value		500013d1
OBJ 500013ab (sz=24, trace=300000, class=java.lang.String@50000174)
	value		500013b9
OBJ 500013ac (sz=24, trace=300000, class=java.lang.String@50000174)
	value		500013d0
OBJ 500013ad (sz=24, trace=300000, class=java.lang.String@50000174)
	value		500013b8
OBJ 500013ae (sz=24, trace=300000, class=java.lang.String@50000174)
	value		500013cc
OBJ 500013af (sz=24, trace=300000, class=java.lang.String@50000174)
	value		500013ca
OBJ 500013b0 (sz=24, trace=300000, class=java.lang.String@50000174)
	value		500013c9
OBJ 500013b1 (sz=24, trace=300000, class=java.lang.String@50000174)
	value		500013c8
OBJ 500013b2 (sz=24, trace=300000, class=java.lang.String@50000174)
	value		500013c7
OBJ 500013b3 (sz=24, trace=300000, class=java.lang.String@50000174)
	value		500013c5
OBJ 500013b4 (sz=24, trace=300000, class=java.lang.String@50000174)
	value		500013c3
ARR 500013b5 (sz=48, trace=300000, nelems=7, elem type=java.io.ObjectStreamField[]@50000100)
	[0]		500013bc
	[1]		500013bd
	[2]		500013be
	[3]		500013bf
	[4]		500013c0
	[5]		500013c1
	[6]		500013c2
OBJ 500013b6 (sz=16, trace=300000, class=java.lang.Object@50000178)
OBJ 500013b7 (sz=48, trace=300000, class=java.util.Hashtable@5000014b)
	table		500013ba
ARR 500013b8 (sz=40, trace=300000, nelems=20, elem type=char[])
ARR 500013b9 (sz=52, trace=300000, nelems=26, elem type=char[])
ARR 500013ba (sz=64, trace=300000, nelems=7, elem type=java.util.Hashtable$Entry[]@500000c5)
	[6]		500013bb
OBJ 500013bb (sz=32, trace=300000, class=java.util.Hashtable$Entry@500000c6)
	key		500013a7
	value		500013a5
OBJ 500013bc (sz=40, trace=300000, class=java.io.ObjectStreamField@50000102)
	name		500013af
	signature	500013c4
	type		50000174
OBJ 500013bd (sz=40, trace=300000, class=java.io.ObjectStreamField@50000102)
	name		500013b0
	signature	500013c4
	type		50000174
OBJ 500013be (sz=40, trace=300000, class=java.io.ObjectStreamField@50000102)
	name		500013b1
	signature	500011d6
	type		5000102f
OBJ 500013bf (sz=40, trace=300000, class=java.io.ObjectStreamField@50000102)
	name		500013b2
	signature	500013c4
	type		50000174
OBJ 500013c0 (sz=40, trace=300000, class=java.io.ObjectStreamField@50000102)
	name		500013a7
	signature	500013c4
	type		50000174
OBJ 500013c1 (sz=40, trace=300000, class=java.io.ObjectStreamField@50000102)
	name		500013b3
	signature	500013c4
	type		50000174
OBJ 500013c2 (sz=40, trace=300000, class=java.io.ObjectStreamField@50000102)
	name		500013b4
	signature	500011d6
	type		5000102f
ARR 500013c3 (sz=16, trace=300000, nelems=8, elem type=char[])
OBJ 500013c4 (sz=24, trace=300000, class=java.lang.String@50000174)
	value		500013c6
ARR 500013c5 (sz=6, trace=300000, nelems=3, elem type=char[])
ARR 500013c6 (sz=36, trace=300000, nelems=18, elem type=char[])
ARR 500013c7 (sz=18, trace=300000, nelems=9, elem type=char[])
ARR 500013c8 (sz=8, trace=300000, nelems=4, elem type=char[])
ARR 500013c9 (sz=8, trace=300000, nelems=4, elem type=char[])
ARR 500013ca (sz=16, trace=300000, nelems=8, elem type=char[])
ARR 500013cb (sz=34, trace=300000, nelems=17, elem type=char[])
ARR 500013cc (sz=16, trace=300000, nelems=8, elem type=char[])
ARR 500013cd (sz=2, trace=300000, nelems=1, elem type=char[])
OBJ 500013ce (sz=24, trace=300000, class=java.lang.String@50000174)
	value		500013cf
ARR 500013cf (sz=10, trace=300000, nelems=5, elem type=char[])
ARR 500013d0 (sz=2, trace=300000, nelems=1, elem type=char[])
ARR 500013d1 (sz=2, trace=300000, nelems=1, elem type=char[])
OBJ 500013d2 (sz=24, trace=300000, class=java.lang.String@50000174)
	value		500013d5
OBJ 500013d3 (sz=24, trace=300000, class=java.lang.String@50000174)
	value		500013d4
ARR 500013d4 (sz=12, trace=300000, nelems=6, elem type=char[])
ARR 500013d5 (sz=10, trace=300000, nelems=5, elem type=char[])
OBJ 500013d6 (sz=24, trace=300000, class=java.lang.String@50000174)
	value		500013d7
ARR 500013d7 (sz=108, trace=300000, nelems=54, elem type=char[])
OBJ 500013d8 (sz=24, trace=300000, class=java.lang.String@50000174)
	value		500013d9
ARR 500013d9 (sz=102, trace=300000, nelems=51, elem type=char[])
OBJ 500013da (sz=24, trace=300000, class=java.lang.String@50000174)
	value		500013db
ARR 500013db (sz=122, trace=300000, nelems=61, elem type=char[])
OBJ 500013dc (sz=24, trace=300000, class=java.lang.String@50000174)
	value		500013dd
ARR 500013dd (sz=102, trace=300000, nelems=51, elem type=char[])
OBJ 500013de (sz=24, trace=300000, class=java.lang.String@50000174)
	value		500013df
ARR 500013df (sz=102, trace=300000, nelems=51, elem type=char[])
OBJ 500013e0 (sz=24, trace=300000, class=java.lang.String@50000174)
	value		500013e1
ARR 500013e1 (sz=106, trace=300000, nelems=53, elem type=char[])
OBJ 500013e2 (sz=24, trace=300000, class=java.lang.String@50000174)
	value		500013e3
ARR 500013e3 (sz=106, trace=300000, nelems=53, elem type=char[])
OBJ 500013e4 (sz=24, trace=300000, class=java.lang.String@50000174)
	value		500013e5
ARR 500013e5 (sz=110, trace=300000, nelems=55, elem type=char[])
OBJ 500013e6 (sz=24, trace=300000, class=java.lang.String@50000174)
	value		500013e7
ARR 500013e7 (sz=102, trace=300000, nelems=51, elem type=char[])
ARR 500013e8 (sz=16, trace=300000, nelems=0, elem type=java.lang.Object[]@5000010e)
ARR 500013e9 (sz=16, trace=300000, nelems=0, elem type=java.lang.Object[]@5000010e)
ARR 500013ea (sz=56, trace=300000, nelems=0, elem type=java.lang.Object[]@5000010e)
OBJ 500013eb (sz=24, trace=300000, class=sun.misc.MetaIndex@5000003e)
	contents	500013f0
OBJ 500013ec (sz=24, trace=300000, class=java.lang.String@50000174)
	value		500013ed
ARR 500013ed (sz=6, trace=300000, nelems=3, elem type=char[])
OBJ 500013ee (sz=24, trace=300000, class=java.lang.String@50000174)
	value		500013ef
ARR 500013ef (sz=4, trace=300000, nelems=2, elem type=char[])
ARR 500013f0 (sz=24, trace=300000, nelems=2, elem type=java.lang.String[]@500000ce)
	[0]		500013f1
	[1]		500013f2
OBJ 500013f1 (sz=24, trace=300000, class=java.lang.String@50000174)
	value		500013f4
OBJ 500013f2 (sz=24, trace=300000, class=java.lang.String@50000174)
	value		500013f3
ARR 500013f3 (sz=16, trace=300000, nelems=8, elem type=char[])
ARR 500013f4 (sz=16, trace=300000, nelems=8, elem type=char[])
OBJ 500013f5 (sz=24, trace=300000, class=java.lang.String@50000174)
	value		500018ec
OBJ 500013f6 (sz=24, trace=300000, class=java.lang.String@50000174)
	value		50001498
OBJ 500013f7 (sz=24, trace=300000, class=java.lang.String@50000174)
	value		50001497
OBJ 500013f8 (sz=48, trace=300000, class=java.util.HashMap@500000cc)
	table		50000294
OBJ 500013f9 (sz=32, trace=300000, class=java.util.HashMap$Node@500000ca)
	key		5000148d
	value		5000148c
OBJ 500013fa (sz=32, trace=300000, class=java.util.HashMap$Node@500000ca)
	key		50001480
	value		5000147f
	next		5000027f
OBJ 500013fb (sz=32, trace=300000, class=java.util.HashMap$Node@500000ca)
	key		50001477
	value		50001476
OBJ 500013fc (sz=32, trace=300000, class=java.util.HashMap$Node@500000ca)
	key		5000146c
	value		5000146b
OBJ 500013fd (sz=32, trace=300000, class=java.util.HashMap$Node@500000ca)
	key		50001425
	value		50001424
	next		50001423
OBJ 500013fe (sz=32, trace=300000, class=java.util.HashMap$Node@500000ca)
	key		50001410
	value		5000140f
	next		5000140e
OBJ 500013ff (sz=32, trace=300000, class=java.util.HashMap$Node@500000ca)
	key		5000140b
	value		500013eb
OBJ 50001400 (sz=32, trace=300000, class=java.util.HashMap$Node@500000ca)
	key		50001402
	value		50001401
OBJ 50001401 (sz=24, trace=300000, class=sun.misc.MetaIndex@5000003e)
	contents	50001405
OBJ 50001402 (sz=32, trace=300000, class=java.io.File@50000121)
	path		50001403
OBJ 50001403 (sz=24, trace=300000, class=java.lang.String@50000174)
	value		50001404
ARR 50001404 (sz=108, trace=300000, nelems=54, elem type=char[])
ARR 50001405 (sz=24, trace=300000, nelems=2, elem type=java.lang.String[]@500000ce)
	[0]		50001406
	[1]		50001407
OBJ 50001406 (sz=24, trace=300000, class=java.lang.String@50000174)
	value		50001409
OBJ 50001407 (sz=24, trace=300000, class=java.lang.String@50000174)
	value		50001408
ARR 50001408 (sz=16, trace=300000, nelems=8, elem type=char[])
ARR 50001409 (sz=16, trace=300000, nelems=8, elem type=char[])
ARR 5000140a (sz=24, trace=300000, nelems=2, elem type=java.lang.String[]@500000ce)
	[0]		50000259
	[1]		5000025c
OBJ 5000140b (sz=32, trace=300000, class=java.io.File@50000121)
	path		5000140c
OBJ 5000140c (sz=24, trace=300000, class=java.lang.String@50000174)
	value		5000140d
ARR 5000140d (sz=112, trace=300000, nelems=56, elem type=char[])
OBJ 5000140e (sz=32, trace=300000, class=java.util.HashMap$Node@500000ca)
	key		50001417
	value		50001416
OBJ 5000140f (sz=24, trace=300000, class=sun.misc.MetaIndex@5000003e)
	contents	50001413
OBJ 50001410 (sz=32, trace=300000, class=java.io.File@50000121)
	path		50001411
OBJ 50001411 (sz=24, trace=300000, class=java.lang.String@50000174)
	value		50001412
ARR 50001412 (sz=106, trace=300000, nelems=53, elem type=char[])
ARR 50001413 (sz=24, trace=300000, nelems=1, elem type=java.lang.String[]@500000ce)
	[0]		50001414
OBJ 50001414 (sz=24, trace=300000, class=java.lang.String@50000174)
	value		50001415
ARR 50001415 (sz=54, trace=300000, nelems=27, elem type=char[])
OBJ 50001416 (sz=24, trace=300000, class=sun.misc.MetaIndex@5000003e)
	contents	5000141a
OBJ 50001417 (sz=32, trace=300000, class=java.io.File@50000121)
	path		50001418
OBJ 50001418 (sz=24, trace=300000, class=java.lang.String@50000174)
	value		50001419
ARR 50001419 (sz=102, trace=300000, nelems=51, elem type=char[])
ARR 5000141a (sz=32, trace=300000, nelems=3, elem type=java.lang.String[]@500000ce)
	[0]		5000141b
	[1]		5000141c
	[2]		5000141d
OBJ 5000141b (sz=24, trace=300000, class=java.lang.String@50000174)
	value		50001420
OBJ 5000141c (sz=24, trace=300000, class=java.lang.String@50000174)
	value		5000141f
OBJ 5000141d (sz=24, trace=300000, class=java.lang.String@50000174)
	value		5000141e
ARR 5000141e (sz=40, trace=300000, nelems=20, elem type=char[])
ARR 5000141f (sz=42, trace=300000, nelems=21, elem type=char[])
ARR 50001420 (sz=24, trace=300000, nelems=12, elem type=char[])
ARR 50001421 (sz=168, trace=300000, nelems=37, elem type=java.lang.String[]@500000ce)
	[0]		50000300
	[1]		50000302
	[2]		50000304
	[3]		50000306
	[4]		50000308
	[5]		5000030a
	[6]		5000030c
	[7]		5000030e
	[8]		50000310
	[9]		50000312
	[10]		50000314
	[11]		50000316
	[12]		50000318
	[13]		5000031a
	[14]		5000031c
	[15]		5000031e
	[16]		50000320
	[17]		50000322
	[18]		50000324
	[19]		50000326
	[20]		50000328
	[21]		5000032a
	[22]		5000032c
	[23]		5000032e
	[24]		50000330
	[25]		50000332
	[26]		50000334
	[27]		50000336
	[28]		50000338
	[29]		5000033a
	[30]		5000033c
	[31]		5000033e
	[32]		50000340
	[33]		50000342
	[34]		50000345
	[35]		50000347
	[36]		50000349
ARR 50001422 (sz=152, trace=300000, nelems=33, elem type=java.lang.String[]@500000ce)
	[0]		500002ad
	[1]		500002af
	[2]		500002b1
	[3]		500002b3
	[4]		500002b5
	[5]		500002b7
	[6]		500002b9
	[7]		500002bb
	[8]		500002bd
	[9]		500002bf
	[10]		500002c1
	[11]		500002c4
	[12]		500002c6
	[13]		500002c8
	[14]		500002ca
	[15]		500002cc
	[16]		500002cf
	[17]		500002d1
	[18]		500002d3
	[19]		500002d5
	[20]		500002d7
	[21]		500002d9
	[22]		500002db
	[23]		500002de
	[24]		500002e0
	[25]		500002e2
	[26]		500002e4
	[27]		500002e6
	[28]		500002e8
	[29]		500002ea
	[30]		500002ec
	[31]		500002ee
	[32]		500002f0
OBJ 50001423 (sz=32, trace=300000, class=java.util.HashMap$Node@500000ca)
	key		5000142e
	value		5000142d
	next		500002a6
OBJ 50001424 (sz=24, trace=300000, class=sun.misc.MetaIndex@5000003e)
	contents	50001428
OBJ 50001425 (sz=32, trace=300000, class=java.io.File@50000121)
	path		50001426
OBJ 50001426 (sz=24, trace=300000, class=java.lang.String@50000174)
	value		50001427
ARR 50001427 (sz=102, trace=300000, nelems=51, elem type=char[])
ARR 50001428 (sz=24, trace=300000, nelems=2, elem type=java.lang.String[]@500000ce)
	[0]		50001429
	[1]		5000142a
OBJ 50001429 (sz=24, trace=300000, class=java.lang.String@50000174)
	value		5000142c
OBJ 5000142a (sz=24, trace=300000, class=java.lang.String@50000174)
	value		5000142b
ARR 5000142b (sz=24, trace=300000, nelems=12, elem type=char[])
ARR 5000142c (sz=108, trace=300000, nelems=54, elem type=char[])
OBJ 5000142d (sz=24, trace=300000, class=sun.misc.MetaIndex@5000003e)
	contents	50001431
OBJ 5000142e (sz=32, trace=300000, class=java.io.File@50000121)
	path		5000142f
OBJ 5000142f (sz=24, trace=300000, class=java.lang.String@50000174)
	value		50001430
ARR 50001430 (sz=102, trace=300000, nelems=51, elem type=char[])
ARR 50001431 (sz=128, trace=300000, nelems=28, elem type=java.lang.String[]@500000ce)
	[0]		50001432
	[1]		50001433
	[2]		50001434
	[3]		50001435
	[4]		50001436
	[5]		50001437
	[6]		50001438
	[7]		50001439
	[8]		5000143a
	[9]		5000143b
	[10]		5000143c
	[11]		5000143d
	[12]		5000143e
	[13]		5000143f
	[14]		50001440
	[15]		50001441
	[16]		50001442
	[17]		50001443
	[18]		50001444
	[19]		50001445
	[20]		50001446
	[21]		50001447
	[22]		50001448
	[23]		50001449
	[24]		5000144a
	[25]		5000144b
	[26]		5000144c
	[27]		5000144d
OBJ 50001432 (sz=24, trace=300000, class=java.lang.String@50000174)
	value		50001469
OBJ 50001433 (sz=24, trace=300000, class=java.lang.String@50000174)
	value		50001468
OBJ 50001434 (sz=24, trace=300000, class=java.lang.String@50000174)
	value		50001467
OBJ 50001435 (sz=24, trace=300000, class=java.lang.String@50000174)
	value		50001466
OBJ 50001436 (sz=24, trace=300000, class=java.lang.String@50000174)
	value		50001465
OBJ 50001437 (sz=24, trace=300000, class=java.lang.String@50000174)
	value		50001464
OBJ 50001438 (sz=24, trace=300000, class=java.lang.String@50000174)
	value		50001463
OBJ 50001439 (sz=24, trace=300000, class=java.lang.String@50000174)
	value		50001462
OBJ 5000143a (sz=24, trace=300000, class=java.lang.String@50000174)
	value		50001461
OBJ 5000143b (sz=24, trace=300000, class=java.lang.String@50000174)
	value		50001460
OBJ 5000143c (sz=24, trace=300000, class=java.lang.String@50000174)
	value		5000145f
OBJ 5000143d (sz=24, trace=300000, class=java.lang.String@50000174)
	value		5000145e
OBJ 5000143e (sz=24, trace=300000, class=java.lang.String@50000174)
	value		5000145d
OBJ 5000143f (sz=24, trace=300000, class=java.lang.String@50000174)
	value		5000145c
OBJ 50001440 (sz=24, trace=300000, class=java.lang.String@50000174)
	value		5000145b
OBJ 50001441 (sz=24, trace=300000, class=java.lang.String@50000174)
	value		5000145a
OBJ 50001442 (sz=24, trace=300000, class=java.lang.String@50000174)
	value		50001459
OBJ 50001443 (sz=24, trace=300000, class=java.lang.String@50000174)
	value		50001458
OBJ 50001444 (sz=24, trace=300000, class=java.lang.String@50000174)
	value		50001457
OBJ 50001445 (sz=24, trace=300000, class=java.lang.String@50000174)
	value		50001456
OBJ 50001446 (sz=24, trace=300000, class=java.lang.String@50000174)
	value		50001455
OBJ 50001447 (sz=24, trace=300000, class=java.lang.String@50000174)
	value		50001454
OBJ 50001448 (sz=24, trace=300000, class=java.lang.String@50000174)
	value		50001453
OBJ 50001449 (sz=24, trace=300000, class=java.lang.String@50000174)
	value		50001452
OBJ 5000144a (sz=24, trace=300000, class=java.lang.String@50000174)
	value		50001451
OBJ 5000144b (sz=24, trace=300000, class=java.lang.String@50000174)
	value		50001450
OBJ 5000144c (sz=24, trace=300000, class=java.lang.String@50000174)
	value		5000144f
OBJ 5000144d (sz=24, trace=300000, class=java.lang.String@50000174)
	value		5000144e
ARR 5000144e (sz=40, trace=300000, nelems=20, elem type=char[])
ARR 5000144f (sz=24, trace=300000, nelems=12, elem type=char[])
ARR 50001450 (sz=26, trace=300000, nelems=13, elem type=char[])
ARR 50001451 (sz=26, trace=300000, nelems=13, elem type=char[])
ARR 50001452 (sz=26, trace=300000, nelems=13, elem type=char[])
ARR 50001453 (sz=32, trace=300000, nelems=16, elem type=char[])
ARR 50001454 (sz=24, trace=300000, nelems=12, elem type=char[])
ARR 50001455 (sz=26, trace=300000, nelems=13, elem type=char[])
ARR 50001456 (sz=38, trace=300000, nelems=19, elem type=char[])
ARR 50001457 (sz=22, trace=300000, nelems=11, elem type=char[])
ARR 50001458 (sz=36, trace=300000, nelems=18, elem type=char[])
ARR 50001459 (sz=38, trace=300000, nelems=19, elem type=char[])
ARR 5000145a (sz=26, trace=300000, nelems=13, elem type=char[])
ARR 5000145b (sz=38, trace=300000, nelems=19, elem type=char[])
ARR 5000145c (sz=34, trace=300000, nelems=17, elem type=char[])
ARR 5000145d (sz=30, trace=300000, nelems=15, elem type=char[])
ARR 5000145e (sz=34, trace=300000, nelems=17, elem type=char[])
ARR 5000145f (sz=28, trace=300000, nelems=14, elem type=char[])
ARR 50001460 (sz=30, trace=300000, nelems=15, elem type=char[])
ARR 50001461 (sz=38, trace=300000, nelems=19, elem type=char[])
ARR 50001462 (sz=54, trace=300000, nelems=27, elem type=char[])
ARR 50001463 (sz=46, trace=300000, nelems=23, elem type=char[])
ARR 50001464 (sz=30, trace=300000, nelems=15, elem type=char[])
ARR 50001465 (sz=40, trace=300000, nelems=20, elem type=char[])
ARR 50001466 (sz=34, trace=300000, nelems=17, elem type=char[])
ARR 50001467 (sz=42, trace=300000, nelems=21, elem type=char[])
ARR 50001468 (sz=66, trace=300000, nelems=33, elem type=char[])
ARR 50001469 (sz=38, trace=300000, nelems=19, elem type=char[])
ARR 5000146a (sz=24, trace=300000, nelems=2, elem type=java.lang.String[]@500000ce)
	[0]		50000297
	[1]		50000299
OBJ 5000146b (sz=24, trace=300000, class=sun.misc.MetaIndex@5000003e)
	contents	5000146f
OBJ 5000146c (sz=32, trace=300000, class=java.io.File@50000121)
	path		5000146d
OBJ 5000146d (sz=24, trace=300000, class=java.lang.String@50000174)
	value		5000146e
ARR 5000146e (sz=122, trace=300000, nelems=61, elem type=char[])
ARR 5000146f (sz=32, trace=300000, nelems=3, elem type=java.lang.String[]@500000ce)
	[0]		50001470
	[1]		50001471
	[2]		50001472
OBJ 50001470 (sz=24, trace=300000, class=java.lang.String@50000174)
	value		50001475
OBJ 50001471 (sz=24, trace=300000, class=java.lang.String@50000174)
	value		50001474
OBJ 50001472 (sz=24, trace=300000, class=java.lang.String@50000174)
	value		50001473
ARR 50001473 (sz=40, trace=300000, nelems=20, elem type=char[])
ARR 50001474 (sz=42, trace=300000, nelems=21, elem type=char[])
ARR 50001475 (sz=30, trace=300000, nelems=15, elem type=char[])
OBJ 50001476 (sz=24, trace=300000, class=sun.misc.MetaIndex@5000003e)
	contents	5000147a
OBJ 50001477 (sz=32, trace=300000, class=java.io.File@50000121)
	path		50001478
OBJ 50001478 (sz=24, trace=300000, class=java.lang.String@50000174)
	value		50001479
ARR 50001479 (sz=102, trace=300000, nelems=51, elem type=char[])
ARR 5000147a (sz=24, trace=300000, nelems=2, elem type=java.lang.String[]@500000ce)
	[0]		5000147b
	[1]		5000147c
OBJ 5000147b (sz=24, trace=300000, class=java.lang.String@50000174)
	value		5000147e
OBJ 5000147c (sz=24, trace=300000, class=java.lang.String@50000174)
	value		5000147d
ARR 5000147d (sz=14, trace=300000, nelems=7, elem type=char[])
ARR 5000147e (sz=126, trace=300000, nelems=63, elem type=char[])
OBJ 5000147f (sz=24, trace=300000, class=sun.misc.MetaIndex@5000003e)
	contents	50001483
OBJ 50001480 (sz=32, trace=300000, class=java.io.File@50000121)
	path		50001481
OBJ 50001481 (sz=24, trace=300000, class=java.lang.String@50000174)
	value		50001482
ARR 50001482 (sz=110, trace=300000, nelems=55, elem type=char[])
ARR 50001483 (sz=32, trace=300000, nelems=3, elem type=java.lang.String[]@500000ce)
	[0]		50001484
	[1]		50001485
	[2]		50001486
OBJ 50001484 (sz=24, trace=300000, class=java.lang.String@50000174)
	value		50001489
OBJ 50001485 (sz=24, trace=300000, class=java.lang.String@50000174)
	value		50001488
OBJ 50001486 (sz=24, trace=300000, class=java.lang.String@50000174)
	value		50001487
ARR 50001487 (sz=40, trace=300000, nelems=20, elem type=char[])
ARR 50001488 (sz=42, trace=300000, nelems=21, elem type=char[])
ARR 50001489 (sz=24, trace=300000, nelems=12, elem type=char[])
ARR 5000148a (sz=32, trace=300000, nelems=4, elem type=java.lang.String[]@500000ce)
	[0]		5000026c
	[1]		5000026e
	[2]		50000270
	[3]		50000272
ARR 5000148b (sz=32, trace=300000, nelems=3, elem type=java.lang.String[]@500000ce)
	[0]		50000282
	[1]		50000284
	[2]		50000286
OBJ 5000148c (sz=24, trace=300000, class=sun.misc.MetaIndex@5000003e)
	contents	50001490
OBJ 5000148d (sz=32, trace=300000, class=java.io.File@50000121)
	path		5000148e
OBJ 5000148e (sz=24, trace=300000, class=java.lang.String@50000174)
	value		5000148f
ARR 5000148f (sz=106, trace=300000, nelems=53, elem type=char[])
ARR 50001490 (sz=32, trace=300000, nelems=3, elem type=java.lang.String[]@500000ce)
	[0]		50001491
	[1]		50001492
	[2]		50001493
OBJ 50001491 (sz=24, trace=300000, class=java.lang.String@50000174)
	value		50001496
OBJ 50001492 (sz=24, trace=300000, class=java.lang.String@50000174)
	value		50001495
OBJ 50001493 (sz=24, trace=300000, class=java.lang.String@50000174)
	value		50001494
ARR 50001494 (sz=24, trace=300000, nelems=12, elem type=char[])
ARR 50001495 (sz=100, trace=300000, nelems=50, elem type=char[])
ARR 50001496 (sz=22, trace=300000, nelems=11, elem type=char[])
ARR 50001497 (sz=12, trace=300000, nelems=6, elem type=char[])
ARR 50001498 (sz=22, trace=300000, nelems=11, elem type=char[])
OBJ 50001499 (sz=24, trace=300000, class=java.lang.String@50000174)
	value		500014a5
OBJ 5000149a (sz=24, trace=300000, class=java.lang.String@50000174)
	value		500014a4
OBJ 5000149b (sz=24, trace=300000, class=java.lang.String@50000174)
	value		500014a3
OBJ 5000149c (sz=24, trace=300000, class=java.lang.String@50000174)
	value		500014a2
OBJ 5000149d (sz=16, trace=300000, class=java.nio.charset.CoderResult$2@50000032)
OBJ 5000149e (sz=16, trace=300000, class=java.nio.charset.CoderResult$1@50000033)
OBJ 5000149f (sz=24, trace=300000, class=java.nio.charset.CoderResult@50000035)
OBJ 500014a0 (sz=24, trace=300000, class=java.nio.charset.CoderResult@50000035)
ARR 500014a1 (sz=32, trace=300000, nelems=4, elem type=java.lang.String[]@500000ce)
	[0]		50001499
	[1]		5000149a
	[2]		5000149b
	[3]		5000149c
ARR 500014a2 (sz=20, trace=300000, nelems=10, elem type=char[])
ARR 500014a3 (sz=18, trace=300000, nelems=9, elem type=char[])
ARR 500014a4 (sz=16, trace=300000, nelems=8, elem type=char[])
ARR 500014a5 (sz=18, trace=300000, nelems=9, elem type=char[])
OBJ 500014a6 (sz=24, trace=300000, class=java.lang.String@50000174)
	value		500014aa
OBJ 500014a7 (sz=24, trace=300000, class=java.lang.String@50000174)
	value		500014ab
OBJ 500014a8 (sz=16, trace=300000, class=java.nio.ByteOrder@5000006f)
	name		500014a7
OBJ 500014a9 (sz=16, trace=300000, class=java.nio.ByteOrder@5000006f)
	name		500014a6
ARR 500014aa (sz=20, trace=300000, nelems=10, elem type=char[])
ARR 500014ab (sz=26, trace=300000, nelems=13, elem type=char[])
OBJ 500014ac (sz=24, trace=300000, class=java.util.concurrent.atomic.AtomicLong@5000006e)
OBJ 500014ad (sz=24, trace=300000, class=java.util.concurrent.atomic.AtomicLong@5000006e)
OBJ 500014ae (sz=24, trace=300000, class=java.util.concurrent.atomic.AtomicLong@5000006e)
OBJ 500014af (sz=24, trace=300000, class=java.lang.String@50000174)
	value		500018cb
OBJ 500014b0 (sz=24, trace=300000, class=java.lang.String@50000174)
	value		500018ea
OBJ 500014b1 (sz=24, trace=300000, class=java.lang.String@50000174)
	value		500014b9
OBJ 500014b2 (sz=24, trace=300000, class=java.lang.String@50000174)
	value		500014b8
OBJ 500014b3 (sz=24, trace=300000, class=java.lang.String@50000174)
	value		500014b7
OBJ 500014b4 (sz=24, trace=300000, class=java.lang.String@50000174)
	value		500014b6
ARR 500014b5 (sz=32, trace=300000, nelems=4, elem type=java.lang.String[]@500000ce)
	[0]		500014b1
	[1]		500014b2
	[2]		500014b3
	[3]		500014b4
ARR 500014b6 (sz=14, trace=300000, nelems=7, elem type=char[])
ARR 500014b7 (sz=20, trace=300000, nelems=10, elem type=char[])
ARR 500014b8 (sz=12, trace=300000, nelems=6, elem type=char[])
ARR 500014b9 (sz=10, trace=300000, nelems=5, elem type=char[])
OBJ 500014ba (sz=24, trace=300000, class=java.lang.String@50000174)
	value		500018e9
OBJ 500014bb (sz=24, trace=300000, class=java.lang.String@50000174)
	value		500018e8
OBJ 500014bc (sz=24, trace=300000, class=sun.nio.cs.UTF_8@500000a5)
	name		50001812
	aliases		50001811
OBJ 500014bd (sz=16, trace=300000, class=java.lang.ThreadLocal@500000ba)
ARR 500014be (sz=24, trace=300000, nelems=2, elem type=java.lang.Object[]@5000010e)
	[0]		50000f55
	[1]		500014bc
OBJ 500014bf (sz=32, trace=300000, class=sun.nio.cs.StandardCharsets@500000bf)
	classMap	500014c3
	aliasMap	500014c2
	cache		500014c1
	packagePrefix	500014c0
OBJ 500014c0 (sz=24, trace=300000, class=java.lang.String@50000174)
	value		500018c0
OBJ 500014c1 (sz=40, trace=300000, class=sun.nio.cs.StandardCharsets$Cache@500000bb)
	ht		500017f0
OBJ 500014c2 (sz=40, trace=300000, class=sun.nio.cs.StandardCharsets$Aliases@500000bd)
	ht		50001588
OBJ 500014c3 (sz=40, trace=300000, class=sun.nio.cs.StandardCharsets$Classes@500000bc)
	ht		500014c4
ARR 500014c4 (sz=144, trace=300000, nelems=32, elem type=java.lang.Object[]@5000010e)
	[0]		500014c5
	[2]		500014c6
	[3]		500014c7
	[4]		500014c8
	[5]		500014c9
	[6]		500014ca
	[7]		500014cb
	[8]		500014cc
	[9]		500014cd
	[10]		500014ce
	[11]		500014cf
	[12]		500014d0
	[14]		500014d1
	[15]		500014d2
	[16]		500014d3
	[17]		500014d4
	[18]		500014d5
	[19]		500014d6
	[22]		500014d7
	[23]		500014d8
	[24]		500014d9
	[28]		500014da
	[29]		500014db
	[31]		500014dc
ARR 500014c5 (sz=24, trace=300000, nelems=2, elem type=java.lang.Object[]@5000010e)
	[0]		50001584
	[1]		50001585
ARR 500014c6 (sz=32, trace=300000, nelems=3, elem type=java.lang.Object[]@5000010e)
	[0]		50001576
	[1]		50001577
	[2]		50001578
ARR 500014c7 (sz=32, trace=300000, nelems=3, elem type=java.lang.Object[]@5000010e)
	[0]		5000156d
	[1]		5000156e
	[2]		5000156f
ARR 500014c8 (sz=32, trace=300000, nelems=3, elem type=java.lang.Object[]@5000010e)
	[0]		5000155f
	[1]		50001560
	[2]		50001561
ARR 500014c9 (sz=32, trace=300000, nelems=3, elem type=java.lang.Object[]@5000010e)
	[0]		50001556
	[1]		50001557
	[2]		50001558
ARR 500014ca (sz=24, trace=300000, nelems=2, elem type=java.lang.Object[]@5000010e)
	[0]		50001552
	[1]		50001553
ARR 500014cb (sz=24, trace=300000, nelems=2, elem type=java.lang.Object[]@5000010e)
	[0]		5000154e
	[1]		5000154f
ARR 500014cc (sz=32, trace=300000, nelems=3, elem type=java.lang.Object[]@5000010e)
	[0]		50001545
	[1]		50001546
	[2]		50001547
ARR 500014cd (sz=32, trace=300000, nelems=3, elem type=java.lang.Object[]@5000010e)
	[0]		5000153c
	[1]		5000153d
	[2]		5000153e
ARR 500014ce (sz=24, trace=300000, nelems=2, elem type=java.lang.Object[]@5000010e)
	[0]		50001538
	[1]		50001539
ARR 500014cf (sz=32, trace=300000, nelems=3, elem type=java.lang.Object[]@5000010e)
	[0]		5000152f
	[1]		50001530
	[2]		50001531
ARR 500014d0 (sz=24, trace=300000, nelems=2, elem type=java.lang.Object[]@5000010e)
	[0]		5000152b
	[1]		5000152c
ARR 500014d1 (sz=24, trace=300000, nelems=2, elem type=java.lang.Object[]@5000010e)
	[0]		50001527
	[1]		50001528
ARR 500014d2 (sz=24, trace=300000, nelems=2, elem type=java.lang.Object[]@5000010e)
	[0]		50001523
	[1]		50001524
ARR 500014d3 (sz=32, trace=300000, nelems=3, elem type=java.lang.Object[]@5000010e)
	[0]		5000151a
	[1]		5000151b
	[2]		5000151c
ARR 500014d4 (sz=32, trace=300000, nelems=3, elem type=java.lang.Object[]@5000010e)
	[0]		50001511
	[1]		50001512
	[2]		50001513
ARR 500014d5 (sz=32, trace=300000, nelems=3, elem type=java.lang.Object[]@5000010e)
	[0]		50001503
	[1]		50001504
	[2]		50001505
ARR 500014d6 (sz=32, trace=300000, nelems=3, elem type=java.lang.Object[]@5000010e)
	[0]		500014f5
	[1]		500014f6
	[2]		500014f7
ARR 500014d7 (sz=24, trace=300000, nelems=2, elem type=java.lang.Object[]@5000010e)
	[0]		500014f1
	[1]		500014f2
ARR 500014d8 (sz=24, trace=300000, nelems=2, elem type=java.lang.Object[]@5000010e)
	[0]		500014ed
	[1]		500014ee
ARR 500014d9 (sz=24, trace=300000, nelems=2, elem type=java.lang.Object[]@5000010e)
	[0]		500014e9
	[1]		500014ea
ARR 500014da (sz=24, trace=300000, nelems=2, elem type=java.lang.Object[]@5000010e)
	[0]		500014e5
	[1]		500014e6
ARR 500014db (sz=24, trace=300000, nelems=2, elem type=java.lang.Object[]@5000010e)
	[0]		500014e1
	[1]		500014e2
ARR 500014dc (sz=24, trace=300000, nelems=2, elem type=java.lang.Object[]@5000010e)
	[0]		500014dd
	[1]		500014de
OBJ 500014dd (sz=24, trace=300000, class=java.lang.String@50000174)
	value		500014e0
OBJ 500014de (sz=24, trace=300000, class=java.lang.String@50000174)
	value		500014df
ARR 500014df (sz=16, trace=300000, nelems=8, elem type=char[])
ARR 500014e0 (sz=16, trace=300000, nelems=8, elem type=char[])
OBJ 500014e1 (sz=24, trace=300000, class=java.lang.String@50000174)
	value		500014e4
OBJ 500014e2 (sz=24, trace=300000, class=java.lang.String@50000174)
	value		500014e3
ARR 500014e3 (sz=12, trace=300000, nelems=6, elem type=char[])
ARR 500014e4 (sz=12, trace=300000, nelems=6, elem type=char[])
OBJ 500014e5 (sz=24, trace=300000, class=java.lang.String@50000174)
	value		500014e8
OBJ 500014e6 (sz=24, trace=300000, class=java.lang.String@50000174)
	value		500014e7
ARR 500014e7 (sz=12, trace=300000, nelems=6, elem type=char[])
ARR 500014e8 (sz=12, trace=300000, nelems=6, elem type=char[])
OBJ 500014e9 (sz=24, trace=300000, class=java.lang.String@50000174)
	value		500014ec
OBJ 500014ea (sz=24, trace=300000, class=java.lang.String@50000174)
	value		500014eb
ARR 500014eb (sz=24, trace=300000, nelems=12, elem type=char[])
ARR 500014ec (sz=28, trace=300000, nelems=14, elem type=char[])
OBJ 500014ed (sz=24, trace=300000, class=java.lang.String@50000174)
	value		500014f0
OBJ 500014ee (sz=24, trace=300000, class=java.lang.String@50000174)
	value		500014ef
ARR 500014ef (sz=12, trace=300000, nelems=6, elem type=char[])
ARR 500014f0 (sz=12, trace=300000, nelems=6, elem type=char[])
OBJ 500014f1 (sz=24, trace=300000, class=java.lang.String@50000174)
	value		500014f4
OBJ 500014f2 (sz=24, trace=300000, class=java.lang.String@50000174)
	value		500014f3
ARR 500014f3 (sz=24, trace=300000, nelems=12, elem type=char[])
ARR 500014f4 (sz=28, trace=300000, nelems=14, elem type=char[])
OBJ 500014f5 (sz=24, trace=300000, class=java.lang.String@50000174)
	value		50001502
OBJ 500014f6 (sz=24, trace=300000, class=java.lang.String@50000174)
	value		50001501
ARR 500014f7 (sz=32, trace=300000, nelems=3, elem type=java.lang.Object[]@5000010e)
	[0]		500014f8
	[1]		500014f9
	[2]		500014fa
OBJ 500014f8 (sz=24, trace=300000, class=java.lang.String@50000174)
	value		50001500
OBJ 500014f9 (sz=24, trace=300000, class=java.lang.String@50000174)
	value		500014ff
ARR 500014fa (sz=24, trace=300000, nelems=2, elem type=java.lang.Object[]@5000010e)
	[0]		500014fb
	[1]		500014fc
OBJ 500014fb (sz=24, trace=300000, class=java.lang.String@50000174)
	value		500014fe
OBJ 500014fc (sz=24, trace=300000, class=java.lang.String@50000174)
	value		500014fd
ARR 500014fd (sz=24, trace=300000, nelems=12, elem type=char[])
ARR 500014fe (sz=28, trace=300000, nelems=14, elem type=char[])
ARR 500014ff (sz=12, trace=300000, nelems=6, elem type=char[])
ARR 50001500 (sz=12, trace=300000, nelems=6, elem type=char[])
ARR 50001501 (sz=12, trace=300000, nelems=6, elem type=char[])
ARR 50001502 (sz=16, trace=300000, nelems=8, elem type=char[])
OBJ 50001503 (sz=24, trace=300000, class=java.lang.String@50000174)
	value		50001510
OBJ 50001504 (sz=24, trace=300000, class=java.lang.String@50000174)
	value		5000150f
ARR 50001505 (sz=32, trace=300000, nelems=3, elem type=java.lang.Object[]@5000010e)
	[0]		50001506
	[1]		50001507
	[2]		50001508
OBJ 50001506 (sz=24, trace=300000, class=java.lang.String@50000174)
	value		5000150e
OBJ 50001507 (sz=24, trace=300000, class=java.lang.String@50000174)
	value		5000150d
ARR 50001508 (sz=24, trace=300000, nelems=2, elem type=java.lang.Object[]@5000010e)
	[0]		50001509
	[1]		5000150a
OBJ 50001509 (sz=24, trace=300000, class=java.lang.String@50000174)
	value		5000150c
OBJ 5000150a (sz=24, trace=300000, class=java.lang.String@50000174)
	value		5000150b
ARR 5000150b (sz=22, trace=300000, nelems=11, elem type=char[])
ARR 5000150c (sz=22, trace=300000, nelems=11, elem type=char[])
ARR 5000150d (sz=12, trace=300000, nelems=6, elem type=char[])
ARR 5000150e (sz=12, trace=300000, nelems=6, elem type=char[])
ARR 5000150f (sz=12, trace=300000, nelems=6, elem type=char[])
ARR 50001510 (sz=12, trace=300000, nelems=6, elem type=char[])
OBJ 50001511 (sz=24, trace=300000, class=java.lang.String@50000174)
	value		50001519
OBJ 50001512 (sz=24, trace=300000, class=java.lang.String@50000174)
	value		50001518
ARR 50001513 (sz=24, trace=300000, nelems=2, elem type=java.lang.Object[]@5000010e)
	[0]		50001514
	[1]		50001515
OBJ 50001514 (sz=24, trace=300000, class=java.lang.String@50000174)
	value		50001517
OBJ 50001515 (sz=24, trace=300000, class=java.lang.String@50000174)
	value		50001516
ARR 50001516 (sz=16, trace=300000, nelems=8, elem type=char[])
ARR 50001517 (sz=16, trace=300000, nelems=8, elem type=char[])
ARR 50001518 (sz=22, trace=300000, nelems=11, elem type=char[])
ARR 50001519 (sz=22, trace=300000, nelems=11, elem type=char[])
OBJ 5000151a (sz=24, trace=300000, class=java.lang.String@50000174)
	value		50001522
OBJ 5000151b (sz=24, trace=300000, class=java.lang.String@50000174)
	value		50001521
ARR 5000151c (sz=24, trace=300000, nelems=2, elem type=java.lang.Object[]@5000010e)
	[0]		5000151d
	[1]		5000151e
OBJ 5000151d (sz=24, trace=300000, class=java.lang.String@50000174)
	value		50001520
OBJ 5000151e (sz=24, trace=300000, class=java.lang.String@50000174)
	value		5000151f
ARR 5000151f (sz=12, trace=300000, nelems=6, elem type=char[])
ARR 50001520 (sz=12, trace=300000, nelems=6, elem type=char[])
ARR 50001521 (sz=12, trace=300000, nelems=6, elem type=char[])
ARR 50001522 (sz=12, trace=300000, nelems=6, elem type=char[])
OBJ 50001523 (sz=24, trace=300000, class=java.lang.String@50000174)
	value		50001526
OBJ 50001524 (sz=24, trace=300000, class=java.lang.String@50000174)
	value		50001525
ARR 50001525 (sz=12, trace=300000, nelems=6, elem type=char[])
ARR 50001526 (sz=12, trace=300000, nelems=6, elem type=char[])
OBJ 50001527 (sz=24, trace=300000, class=java.lang.String@50000174)
	value		5000152a
OBJ 50001528 (sz=24, trace=300000, class=java.lang.String@50000174)
	value		50001529
ARR 50001529 (sz=12, trace=300000, nelems=6, elem type=char[])
ARR 5000152a (sz=16, trace=300000, nelems=8, elem type=char[])
OBJ 5000152b (sz=24, trace=300000, class=java.lang.String@50000174)
	value		5000152e
OBJ 5000152c (sz=24, trace=300000, class=java.lang.String@50000174)
	value		5000152d
ARR 5000152d (sz=20, trace=300000, nelems=10, elem type=char[])
ARR 5000152e (sz=20, trace=300000, nelems=10, elem type=char[])
OBJ 5000152f (sz=24, trace=300000, class=java.lang.String@50000174)
	value		50001537
OBJ 50001530 (sz=24, trace=300000, class=java.lang.String@50000174)
	value		50001536
ARR 50001531 (sz=24, trace=300000, nelems=2, elem type=java.lang.Object[]@5000010e)
	[0]		50001532
	[1]		50001533
OBJ 50001532 (sz=24, trace=300000, class=java.lang.String@50000174)
	value		50001535
OBJ 50001533 (sz=24, trace=300000, class=java.lang.String@50000174)
	value		50001534
ARR 50001534 (sz=20, trace=300000, nelems=10, elem type=char[])
ARR 50001535 (sz=20, trace=300000, nelems=10, elem type=char[])
ARR 50001536 (sz=12, trace=300000, nelems=6, elem type=char[])
ARR 50001537 (sz=16, trace=300000, nelems=8, elem type=char[])
OBJ 50001538 (sz=24, trace=300000, class=java.lang.String@50000174)
	value		5000153b
OBJ 50001539 (sz=24, trace=300000, class=java.lang.String@50000174)
	value		5000153a
ARR 5000153a (sz=20, trace=300000, nelems=10, elem type=char[])
ARR 5000153b (sz=20, trace=300000, nelems=10, elem type=char[])
OBJ 5000153c (sz=24, trace=300000, class=java.lang.String@50000174)
	value		50001544
OBJ 5000153d (sz=24, trace=300000, class=java.lang.String@50000174)
	value		50001543
ARR 5000153e (sz=24, trace=300000, nelems=2, elem type=java.lang.Object[]@5000010e)
	[0]		5000153f
	[1]		50001540
OBJ 5000153f (sz=24, trace=300000, class=java.lang.String@50000174)
	value		50001542
OBJ 50001540 (sz=24, trace=300000, class=java.lang.String@50000174)
	value		50001541
ARR 50001541 (sz=10, trace=300000, nelems=5, elem type=char[])
ARR 50001542 (sz=10, trace=300000, nelems=5, elem type=char[])
ARR 50001543 (sz=20, trace=300000, nelems=10, elem type=char[])
ARR 50001544 (sz=20, trace=300000, nelems=10, elem type=char[])
OBJ 50001545 (sz=24, trace=300000, class=java.lang.String@50000174)
	value		5000154d
OBJ 50001546 (sz=24, trace=300000, class=java.lang.String@50000174)
	value		5000154c
ARR 50001547 (sz=24, trace=300000, nelems=2, elem type=java.lang.Object[]@5000010e)
	[0]		50001548
	[1]		50001549
OBJ 50001548 (sz=24, trace=300000, class=java.lang.String@50000174)
	value		5000154b
OBJ 50001549 (sz=24, trace=300000, class=java.lang.String@50000174)
	value		5000154a
ARR 5000154a (sz=20, trace=300000, nelems=10, elem type=char[])
ARR 5000154b (sz=20, trace=300000, nelems=10, elem type=char[])
ARR 5000154c (sz=20, trace=300000, nelems=10, elem type=char[])
ARR 5000154d (sz=20, trace=300000, nelems=10, elem type=char[])
OBJ 5000154e (sz=24, trace=300000, class=java.lang.String@50000174)
	value		50001551
OBJ 5000154f (sz=24, trace=300000, class=java.lang.String@50000174)
	value		50001550
ARR 50001550 (sz=16, trace=300000, nelems=8, elem type=char[])
ARR 50001551 (sz=16, trace=300000, nelems=8, elem type=char[])
OBJ 50001552 (sz=24, trace=300000, class=java.lang.String@50000174)
	value		50001555
OBJ 50001553 (sz=24, trace=300000, class=java.lang.String@50000174)
	value		50001554
ARR 50001554 (sz=12, trace=300000, nelems=6, elem type=char[])
ARR 50001555 (sz=24, trace=300000, nelems=12, elem type=char[])
OBJ 50001556 (sz=24, trace=300000, class=java.lang.String@50000174)
	value		5000155e
OBJ 50001557 (sz=24, trace=300000, class=java.lang.String@50000174)
	value		5000155d
ARR 50001558 (sz=24, trace=300000, nelems=2, elem type=java.lang.Object[]@5000010e)
	[0]		50001559
	[1]		5000155a
OBJ 50001559 (sz=24, trace=300000, class=java.lang.String@50000174)
	value		5000155c
OBJ 5000155a (sz=24, trace=300000, class=java.lang.String@50000174)
	value		5000155b
ARR 5000155b (sz=12, trace=300000, nelems=6, elem type=char[])
ARR 5000155c (sz=12, trace=300000, nelems=6, elem type=char[])
ARR 5000155d (sz=12, trace=300000, nelems=6, elem type=char[])
ARR 5000155e (sz=24, trace=300000, nelems=12, elem type=char[])
OBJ 5000155f (sz=24, trace=300000, class=java.lang.String@50000174)
	value		5000156c
OBJ 50001560 (sz=24, trace=300000, class=java.lang.String@50000174)
	value		5000156b
ARR 50001561 (sz=32, trace=300000, nelems=3, elem type=java.lang.Object[]@5000010e)
	[0]		50001562
	[1]		50001563
	[2]		50001564
OBJ 50001562 (sz=24, trace=300000, class=java.lang.String@50000174)
	value		5000156a
OBJ 50001563 (sz=24, trace=300000, class=java.lang.String@50000174)
	value		50001569
ARR 50001564 (sz=24, trace=300000, nelems=2, elem type=java.lang.Object[]@5000010e)
	[0]		50001565
	[1]		50001566
OBJ 50001565 (sz=24, trace=300000, class=java.lang.String@50000174)
	value		50001568
OBJ 50001566 (sz=24, trace=300000, class=java.lang.String@50000174)
	value		50001567
ARR 50001567 (sz=16, trace=300000, nelems=8, elem type=char[])
ARR 50001568 (sz=16, trace=300000, nelems=8, elem type=char[])
ARR 50001569 (sz=12, trace=300000, nelems=6, elem type=char[])
ARR 5000156a (sz=24, trace=300000, nelems=12, elem type=char[])
ARR 5000156b (sz=12, trace=300000, nelems=6, elem type=char[])
ARR 5000156c (sz=24, trace=300000, nelems=12, elem type=char[])
OBJ 5000156d (sz=24, trace=300000, class=java.lang.String@50000174)
	value		50001575
OBJ 5000156e (sz=24, trace=300000, class=java.lang.String@50000174)
	value		50001574
ARR 5000156f (sz=24, trace=300000, nelems=2, elem type=java.lang.Object[]@5000010e)
	[0]		50001570
	[1]		50001571
OBJ 50001570 (sz=24, trace=300000, class=java.lang.String@50000174)
	value		50001573
OBJ 50001571 (sz=24, trace=300000, class=java.lang.String@50000174)
	value		50001572
ARR 50001572 (sz=12, trace=300000, nelems=6, elem type=char[])
ARR 50001573 (sz=24, trace=300000, nelems=12, elem type=char[])
ARR 50001574 (sz=12, trace=300000, nelems=6, elem type=char[])
ARR 50001575 (sz=24, trace=300000, nelems=12, elem type=char[])
OBJ 50001576 (sz=24, trace=300000, class=java.lang.String@50000174)
	value		50001583
OBJ 50001577 (sz=24, trace=300000, class=java.lang.String@50000174)
	value		50001582
ARR 50001578 (sz=32, trace=300000, nelems=3, elem type=java.lang.Object[]@5000010e)
	[0]		50001579
	[1]		5000157a
	[2]		5000157b
OBJ 50001579 (sz=24, trace=300000, class=java.lang.String@50000174)
	value		50001581
OBJ 5000157a (sz=24, trace=300000, class=java.lang.String@50000174)
	value		50001580
ARR 5000157b (sz=24, trace=300000, nelems=2, elem type=java.lang.Object[]@5000010e)
	[0]		5000157c
	[1]		5000157d
OBJ 5000157c (sz=24, trace=300000, class=java.lang.String@50000174)
	value		5000157f
OBJ 5000157d (sz=24, trace=300000, class=java.lang.String@50000174)
	value		5000157e
ARR 5000157e (sz=16, trace=300000, nelems=8, elem type=char[])
ARR 5000157f (sz=16, trace=300000, nelems=8, elem type=char[])
ARR 50001580 (sz=12, trace=300000, nelems=6, elem type=char[])
ARR 50001581 (sz=12, trace=300000, nelems=6, elem type=char[])
ARR 50001582 (sz=12, trace=300000, nelems=6, elem type=char[])
ARR 50001583 (sz=12, trace=300000, nelems=6, elem type=char[])
OBJ 50001584 (sz=24, trace=300000, class=java.lang.String@50000174)
	value		50001587
OBJ 50001585 (sz=24, trace=300000, class=java.lang.String@50000174)
	value		50001586
ARR 50001586 (sz=12, trace=300000, nelems=6, elem type=char[])
ARR 50001587 (sz=12, trace=300000, nelems=6, elem type=char[])
ARR 50001588 (sz=4112, trace=300000, nelems=1016, elem type=java.lang.Object[]@5000010e)
	[1]		50001589
	[2]		5000158a
	[3]		5000158b
	[5]		5000158c
	[6]		5000158d
	[10]		5000158e
	[19]		5000158f
	[24]		50001590
	[25]		50001591
	[26]		50001592
	[28]		50001593
	[29]		50001594
	[55]		50001595
	[58]		50001596
	[86]		50001597
	[87]		50001598
	[89]		50001599
	[90]		5000159a
	[92]		5000159b
	[94]		5000159c
	[95]		5000159d
	[96]		5000159e
	[106]		5000159f
	[121]		500015a0
	[125]		500015a1
	[134]		500015a2
	[137]		500015a3
	[141]		500015a4
	[143]		500015a5
	[144]		500015a6
	[170]		500015a7
	[173]		500015a8
	[177]		500015a9
	[192]		500015aa
	[199]		500015ab
	[205]		500015ac
	[211]		500015ad
	[213]		500015ae
	[216]		500015af
	[218]		500015b0
	[219]		500015b1
	[225]		500015b2
	[244]		500015b3
	[248]		500015b4
	[253]		500015b5
	[254]		500015b6
	[259]		500015b7
	[269]		500015b8
	[277]		500015b9
	[280]		500015ba
	[283]		500015bb
	[284]		500015bc
	[286]		500015bd
	[287]		500015be
	[289]		500015bf
	[291]		500015c0
	[294]		500015c1
	[296]		500015c2
	[297]		500015c3
	[305]		500015c4
	[307]		500015c5
	[312]		500015c6
	[321]		500015c7
	[323]		500015c8
	[324]		500015c9
	[325]		500015ca
	[326]		500015cb
	[327]		500015cc
	[328]		500015cd
	[329]		500015ce
	[331]		500015cf
	[333]		500015d0
	[334]		500015d1
	[336]		500015d2
	[339]		500015d3
	[341]		500015d4
	[345]		500015d5
	[350]		500015d6
	[353]		500015d7
	[358]		500015d8
	[359]		500015d9
	[363]		500015da
	[364]		500015db
	[378]		500015dc
	[385]		500015dd
	[391]		500015de
	[392]		500015df
	[405]		500015e0
	[406]		500015e1
	[408]		500015e2
	[421]		500015e3
	[428]		500015e4
	[429]		500015e5
	[430]		500015e6
	[432]		500015e7
	[433]		500015e8
	[436]		500015e9
	[437]		500015ea
	[438]		500015eb
	[443]		500015ec
	[456]		500015ed
	[473]		500015ee
	[479]		500015ef
	[481]		500015f0
	[484]		500015f1
	[486]		500015f2
	[487]		500015f3
	[502]		500015f4
	[506]		500015f5
	[508]		500015f6
	[511]		500015f7
	[512]		500015f8
	[513]		500015f9
	[514]		500015fa
	[516]		500015fb
	[520]		500015fc
	[523]		500015fd
	[524]		500015fe
	[533]		500015ff
	[537]		50001600
	[539]		50001601
	[543]		50001602
	[545]		50001603
	[563]		50001604
	[572]		50001605
	[573]		50001606
	[577]		50001607
	[582]		50001608
	[583]		50001609
	[588]		5000160a
	[593]		5000160b
	[598]		5000160c
	[609]		5000160d
	[617]		5000160e
	[618]		5000160f
	[619]		50001610
	[620]		50001611
	[621]		50001612
	[624]		50001613
	[628]		50001614
	[632]		50001615
	[634]		50001616
	[635]		50001617
	[636]		50001618
	[654]		50001619
	[669]		5000161a
	[670]		5000161b
	[671]		5000161c
	[676]		5000161d
	[679]		5000161e
	[686]		5000161f
	[703]		50001620
	[710]		50001621
	[712]		50001622
	[732]		50001623
	[733]		50001624
	[768]		50001625
	[774]		50001626
	[781]		50001627
	[782]		50001628
	[783]		50001629
	[784]		5000162a
	[785]		5000162b
	[787]		5000162c
	[789]		5000162d
	[813]		5000162e
	[818]		5000162f
	[832]		50001630
	[834]		50001631
	[835]		50001632
	[836]		50001633
	[837]		50001634
	[838]		50001635
	[840]		50001636
	[842]		50001637
	[843]		50001638
	[846]		50001639
	[849]		5000163a
	[863]		5000163b
	[881]		5000163c
	[896]		5000163d
	[909]		5000163e
	[910]		5000163f
	[911]		50001640
	[912]		50001641
	[925]		50001642
	[934]		50001643
	[937]		50001644
	[944]		50001645
	[957]		50001646
	[993]		50001647
	[1009]		50001648
	[1015]		50001649
ARR 50001589 (sz=24, trace=300000, nelems=2, elem type=java.lang.Object[]@5000010e)
	[0]		500017ee
	[1]		50001509
ARR 5000158a (sz=24, trace=300000, nelems=2, elem type=java.lang.Object[]@5000010e)
	[0]		500017ec
	[1]		50001548
ARR 5000158b (sz=24, trace=300000, nelems=2, elem type=java.lang.Object[]@5000010e)
	[0]		500017ea
	[1]		50001545
ARR 5000158c (sz=24, trace=300000, nelems=2, elem type=java.lang.Object[]@5000010e)
	[0]		500017e8
	[1]		5000153c
ARR 5000158d (sz=24, trace=300000, nelems=2, elem type=java.lang.Object[]@5000010e)
	[0]		500017e6
	[1]		5000152b
ARR 5000158e (sz=24, trace=300000, nelems=2, elem type=java.lang.Object[]@5000010e)
	[0]		500017e4
	[1]		50001509
ARR 5000158f (sz=24, trace=300000, nelems=2, elem type=java.lang.Object[]@5000010e)
	[0]		500017e2
	[1]		500014f1
ARR 50001590 (sz=24, trace=300000, nelems=2, elem type=java.lang.Object[]@5000010e)
	[0]		500017e0
	[1]		50001514
ARR 50001591 (sz=24, trace=300000, nelems=2, elem type=java.lang.Object[]@5000010e)
	[0]		500017de
	[1]		50001532
ARR 50001592 (sz=24, trace=300000, nelems=2, elem type=java.lang.Object[]@5000010e)
	[0]		500017dc
	[1]		50001545
ARR 50001593 (sz=24, trace=300000, nelems=2, elem type=java.lang.Object[]@5000010e)
	[0]		500017da
	[1]		5000153c
ARR 50001594 (sz=24, trace=300000, nelems=2, elem type=java.lang.Object[]@5000010e)
	[0]		500017d8
	[1]		50001538
ARR 50001595 (sz=24, trace=300000, nelems=2, elem type=java.lang.Object[]@5000010e)
	[0]		500017d6
	[1]		5000152b
ARR 50001596 (sz=24, trace=300000, nelems=2, elem type=java.lang.Object[]@5000010e)
	[0]		500017d4
	[1]		50001509
ARR 50001597 (sz=32, trace=300000, nelems=3, elem type=java.lang.Object[]@5000010e)
	[0]		500017cf
	[1]		50001538
	[2]		500017d0
ARR 50001598 (sz=24, trace=300000, nelems=2, elem type=java.lang.Object[]@5000010e)
	[0]		500017cd
	[1]		50001545
ARR 50001599 (sz=24, trace=300000, nelems=2, elem type=java.lang.Object[]@5000010e)
	[0]		500017cb
	[1]		5000153c
ARR 5000159a (sz=32, trace=300000, nelems=3, elem type=java.lang.Object[]@5000010e)
	[0]		500017c6
	[1]		50001532
	[2]		500017c7
ARR 5000159b (sz=24, trace=300000, nelems=2, elem type=java.lang.Object[]@5000010e)
	[0]		500017c4
	[1]		50001532
ARR 5000159c (sz=24, trace=300000, nelems=2, elem type=java.lang.Object[]@5000010e)
	[0]		500017c2
	[1]		5000152b
ARR 5000159d (sz=24, trace=300000, nelems=2, elem type=java.lang.Object[]@5000010e)
	[0]		500017c0
	[1]		50001548
ARR 5000159e (sz=24, trace=300000, nelems=2, elem type=java.lang.Object[]@5000010e)
	[0]		500017be
	[1]		50001548
ARR 5000159f (sz=24, trace=300000, nelems=2, elem type=java.lang.Object[]@5000010e)
	[0]		500017bc
	[1]		5000153f
ARR 500015a0 (sz=24, trace=300000, nelems=2, elem type=java.lang.Object[]@5000010e)
	[0]		500017ba
	[1]		5000157c
ARR 500015a1 (sz=24, trace=300000, nelems=2, elem type=java.lang.Object[]@5000010e)
	[0]		500017b8
	[1]		50001532
ARR 500015a2 (sz=24, trace=300000, nelems=2, elem type=java.lang.Object[]@5000010e)
	[0]		500017b6
	[1]		500014e5
ARR 500015a3 (sz=24, trace=300000, nelems=2, elem type=java.lang.Object[]@5000010e)
	[0]		500017b4
	[1]		500014e1
ARR 500015a4 (sz=24, trace=300000, nelems=2, elem type=java.lang.Object[]@5000010e)
	[0]		500017b2
	[1]		50001545
ARR 500015a5 (sz=24, trace=300000, nelems=2, elem type=java.lang.Object[]@5000010e)
	[0]		500017b0
	[1]		5000153c
ARR 500015a6 (sz=24, trace=300000, nelems=2, elem type=java.lang.Object[]@5000010e)
	[0]		500017ae
	[1]		50001538
ARR 500015a7 (sz=24, trace=300000, nelems=2, elem type=java.lang.Object[]@5000010e)
	[0]		500017ac
	[1]		5000152b
ARR 500015a8 (sz=24, trace=300000, nelems=2, elem type=java.lang.Object[]@5000010e)
	[0]		500017aa
	[1]		50001509
ARR 500015a9 (sz=24, trace=300000, nelems=2, elem type=java.lang.Object[]@5000010e)
	[0]		500017a8
	[1]		500014fb
ARR 500015aa (sz=24, trace=300000, nelems=2, elem type=java.lang.Object[]@5000010e)
	[0]		500017a6
	[1]		5000154e
ARR 500015ab (sz=32, trace=300000, nelems=3, elem type=java.lang.Object[]@5000010e)
	[0]		500017a1
	[1]		50001506
	[2]		500017a2
ARR 500015ac (sz=24, trace=300000, nelems=2, elem type=java.lang.Object[]@5000010e)
	[0]		5000179f
	[1]		50001532
ARR 500015ad (sz=32, trace=300000, nelems=3, elem type=java.lang.Object[]@5000010e)
	[0]		5000179a
	[1]		50001523
	[2]		5000179b
ARR 500015ae (sz=24, trace=300000, nelems=2, elem type=java.lang.Object[]@5000010e)
	[0]		50001798
	[1]		5000151a
ARR 500015af (sz=24, trace=300000, nelems=2, elem type=java.lang.Object[]@5000010e)
	[0]		50001796
	[1]		50001503
ARR 500015b0 (sz=32, trace=300000, nelems=3, elem type=java.lang.Object[]@5000010e)
	[0]		50001791
	[1]		500014f8
	[2]		50001792
ARR 500015b1 (sz=32, trace=300000, nelems=3, elem type=java.lang.Object[]@5000010e)
	[0]		5000178c
	[1]		500014f5
	[2]		5000178d
ARR 500015b2 (sz=24, trace=300000, nelems=2, elem type=java.lang.Object[]@5000010e)
	[0]		5000178a
	[1]		50001514
ARR 500015b3 (sz=24, trace=300000, nelems=2, elem type=java.lang.Object[]@5000010e)
	[0]		50001788
	[1]		50001584
ARR 500015b4 (sz=24, trace=300000, nelems=2, elem type=java.lang.Object[]@5000010e)
	[0]		50001786
	[1]		50001576
ARR 500015b5 (sz=24, trace=300000, nelems=2, elem type=java.lang.Object[]@5000010e)
	[0]		50001784
	[1]		50001565
ARR 500015b6 (sz=24, trace=300000, nelems=2, elem type=java.lang.Object[]@5000010e)
	[0]		50001782
	[1]		50001545
ARR 500015b7 (sz=24, trace=300000, nelems=2, elem type=java.lang.Object[]@5000010e)
	[0]		50001780
	[1]		50001559
ARR 500015b8 (sz=24, trace=300000, nelems=2, elem type=java.lang.Object[]@5000010e)
	[0]		5000177e
	[1]		50001509
ARR 500015b9 (sz=24, trace=300000, nelems=2, elem type=java.lang.Object[]@5000010e)
	[0]		5000177c
	[1]		5000152f
ARR 500015ba (sz=24, trace=300000, nelems=2, elem type=java.lang.Object[]@5000010e)
	[0]		5000177a
	[1]		5000157c
ARR 500015bb (sz=24, trace=300000, nelems=2, elem type=java.lang.Object[]@5000010e)
	[0]		50001778
	[1]		50001548
ARR 500015bc (sz=24, trace=300000, nelems=2, elem type=java.lang.Object[]@5000010e)
	[0]		50001776
	[1]		50001545
ARR 500015bd (sz=24, trace=300000, nelems=2, elem type=java.lang.Object[]@5000010e)
	[0]		50001774
	[1]		5000153c
ARR 500015be (sz=24, trace=300000, nelems=2, elem type=java.lang.Object[]@5000010e)
	[0]		50001772
	[1]		50001538
ARR 500015bf (sz=24, trace=300000, nelems=2, elem type=java.lang.Object[]@5000010e)
	[0]		50001770
	[1]		50001532
ARR 500015c0 (sz=24, trace=300000, nelems=2, elem type=java.lang.Object[]@5000010e)
	[0]		5000176e
	[1]		5000152b
ARR 500015c1 (sz=24, trace=300000, nelems=2, elem type=java.lang.Object[]@5000010e)
	[0]		5000176c
	[1]		50001545
ARR 500015c2 (sz=24, trace=300000, nelems=2, elem type=java.lang.Object[]@5000010e)
	[0]		5000176a
	[1]		5000153c
ARR 500015c3 (sz=24, trace=300000, nelems=2, elem type=java.lang.Object[]@5000010e)
	[0]		50001768
	[1]		50001538
ARR 500015c4 (sz=24, trace=300000, nelems=2, elem type=java.lang.Object[]@5000010e)
	[0]		50001766
	[1]		50001511
ARR 500015c5 (sz=24, trace=300000, nelems=2, elem type=java.lang.Object[]@5000010e)
	[0]		50001764
	[1]		50001509
ARR 500015c6 (sz=32, trace=300000, nelems=3, elem type=java.lang.Object[]@5000010e)
	[0]		5000175f
	[1]		50001532
	[2]		50001760
ARR 500015c7 (sz=24, trace=300000, nelems=2, elem type=java.lang.Object[]@5000010e)
	[0]		5000175d
	[1]		50001545
ARR 500015c8 (sz=32, trace=300000, nelems=3, elem type=java.lang.Object[]@5000010e)
	[0]		50001758
	[1]		5000152b
	[2]		50001759
ARR 500015c9 (sz=24, trace=300000, nelems=2, elem type=java.lang.Object[]@5000010e)
	[0]		50001756
	[1]		50001538
ARR 500015ca (sz=24, trace=300000, nelems=2, elem type=java.lang.Object[]@5000010e)
	[0]		50001754
	[1]		50001548
ARR 500015cb (sz=32, trace=300000, nelems=3, elem type=java.lang.Object[]@5000010e)
	[0]		5000174c
	[1]		50001523
	[2]		5000174d
ARR 500015cc (sz=24, trace=300000, nelems=2, elem type=java.lang.Object[]@5000010e)
	[0]		5000174a
	[1]		50001538
ARR 500015cd (sz=32, trace=300000, nelems=3, elem type=java.lang.Object[]@5000010e)
	[0]		50001745
	[1]		5000151a
	[2]		50001746
ARR 500015ce (sz=24, trace=300000, nelems=2, elem type=java.lang.Object[]@5000010e)
	[0]		50001743
	[1]		5000152b
ARR 500015cf (sz=24, trace=300000, nelems=2, elem type=java.lang.Object[]@5000010e)
	[0]		50001741
	[1]		50001503
ARR 500015d0 (sz=32, trace=300000, nelems=3, elem type=java.lang.Object[]@5000010e)
	[0]		5000173c
	[1]		500014f8
	[2]		5000173d
ARR 500015d1 (sz=32, trace=300000, nelems=3, elem type=java.lang.Object[]@5000010e)
	[0]		50001737
	[1]		500014f5
	[2]		50001738
ARR 500015d2 (sz=24, trace=300000, nelems=2, elem type=java.lang.Object[]@5000010e)
	[0]		50001735
	[1]		50001548
ARR 500015d3 (sz=24, trace=300000, nelems=2, elem type=java.lang.Object[]@5000010e)
	[0]		50001733
	[1]		500014e5
ARR 500015d4 (sz=24, trace=300000, nelems=2, elem type=java.lang.Object[]@5000010e)
	[0]		50001731
	[1]		5000151d
ARR 500015d5 (sz=24, trace=300000, nelems=2, elem type=java.lang.Object[]@5000010e)
	[0]		5000172f
	[1]		5000152b
ARR 500015d6 (sz=24, trace=300000, nelems=2, elem type=java.lang.Object[]@5000010e)
	[0]		5000172d
	[1]		5000152b
ARR 500015d7 (sz=24, trace=300000, nelems=2, elem type=java.lang.Object[]@5000010e)
	[0]		5000172b
	[1]		50001509
ARR 500015d8 (sz=24, trace=300000, nelems=2, elem type=java.lang.Object[]@5000010e)
	[0]		50001729
	[1]		50001532
ARR 500015d9 (sz=24, trace=300000, nelems=2, elem type=java.lang.Object[]@5000010e)
	[0]		50001727
	[1]		50001584
ARR 500015da (sz=24, trace=300000, nelems=2, elem type=java.lang.Object[]@5000010e)
	[0]		50001725
	[1]		50001576
ARR 500015db (sz=24, trace=300000, nelems=2, elem type=java.lang.Object[]@5000010e)
	[0]		50001723
	[1]		50001548
ARR 500015dc (sz=24, trace=300000, nelems=2, elem type=java.lang.Object[]@5000010e)
	[0]		50001721
	[1]		50001514
ARR 500015dd (sz=24, trace=300000, nelems=2, elem type=java.lang.Object[]@5000010e)
	[0]		5000171f
	[1]		50001532
ARR 500015de (sz=24, trace=300000, nelems=2, elem type=java.lang.Object[]@5000010e)
	[0]		5000171d
	[1]		50001548
ARR 500015df (sz=24, trace=300000, nelems=2, elem type=java.lang.Object[]@5000010e)
	[0]		5000171b
	[1]		5000152f
ARR 500015e0 (sz=24, trace=300000, nelems=2, elem type=java.lang.Object[]@5000010e)
	[0]		50001719
	[1]		50001548
ARR 500015e1 (sz=24, trace=300000, nelems=2, elem type=java.lang.Object[]@5000010e)
	[0]		50001717
	[1]		50001545
ARR 500015e2 (sz=24, trace=300000, nelems=2, elem type=java.lang.Object[]@5000010e)
	[0]		50001715
	[1]		50001506
ARR 500015e3 (sz=24, trace=300000, nelems=2, elem type=java.lang.Object[]@5000010e)
	[0]		50001509
	[1]		50001509
ARR 500015e4 (sz=24, trace=300000, nelems=2, elem type=java.lang.Object[]@5000010e)
	[0]		50001713
	[1]		50001509
ARR 500015e5 (sz=24, trace=300000, nelems=2, elem type=java.lang.Object[]@5000010e)
	[0]		50001711
	[1]		50001548
ARR 500015e6 (sz=24, trace=300000, nelems=2, elem type=java.lang.Object[]@5000010e)
	[0]		5000170f
	[1]		50001545
ARR 500015e7 (sz=24, trace=300000, nelems=2, elem type=java.lang.Object[]@5000010e)
	[0]		5000170d
	[1]		5000153c
ARR 500015e8 (sz=24, trace=300000, nelems=2, elem type=java.lang.Object[]@5000010e)
	[0]		5000170b
	[1]		5000152b
ARR 500015e9 (sz=24, trace=300000, nelems=2, elem type=java.lang.Object[]@5000010e)
	[0]		50001709
	[1]		5000153c
ARR 500015ea (sz=24, trace=300000, nelems=2, elem type=java.lang.Object[]@5000010e)
	[0]		50001707
	[1]		50001509
ARR 500015eb (sz=24, trace=300000, nelems=2, elem type=java.lang.Object[]@5000010e)
	[0]		50001705
	[1]		50001514
ARR 500015ec (sz=24, trace=300000, nelems=2, elem type=java.lang.Object[]@5000010e)
	[0]		50001703
	[1]		500014e9
ARR 500015ed (sz=24, trace=300000, nelems=2, elem type=java.lang.Object[]@5000010e)
	[0]		50001701
	[1]		5000151d
ARR 500015ee (sz=24, trace=300000, nelems=2, elem type=java.lang.Object[]@5000010e)
	[0]		500016ff
	[1]		50001532
ARR 500015ef (sz=24, trace=300000, nelems=2, elem type=java.lang.Object[]@5000010e)
	[0]		50001523
	[1]		50001523
ARR 500015f0 (sz=24, trace=300000, nelems=2, elem type=java.lang.Object[]@5000010e)
	[0]		5000151a
	[1]		5000151a
ARR 500015f1 (sz=24, trace=300000, nelems=2, elem type=java.lang.Object[]@5000010e)
	[0]		50001503
	[1]		50001503
ARR 500015f2 (sz=24, trace=300000, nelems=2, elem type=java.lang.Object[]@5000010e)
	[0]		500014f8
	[1]		500014f8
ARR 500015f3 (sz=24, trace=300000, nelems=2, elem type=java.lang.Object[]@5000010e)
	[0]		500016fd
	[1]		50001527
ARR 500015f4 (sz=24, trace=300000, nelems=2, elem type=java.lang.Object[]@5000010e)
	[0]		500016fb
	[1]		5000157c
ARR 500015f5 (sz=24, trace=300000, nelems=2, elem type=java.lang.Object[]@5000010e)
	[0]		500016f9
	[1]		50001523
ARR 500015f6 (sz=24, trace=300000, nelems=2, elem type=java.lang.Object[]@5000010e)
	[0]		500016f7
	[1]		5000151a
ARR 500015f7 (sz=24, trace=300000, nelems=2, elem type=java.lang.Object[]@5000010e)
	[0]		500016f5
	[1]		50001503
ARR 500015f8 (sz=24, trace=300000, nelems=2, elem type=java.lang.Object[]@5000010e)
	[0]		50001584
	[1]		50001584
ARR 500015f9 (sz=24, trace=300000, nelems=2, elem type=java.lang.Object[]@5000010e)
	[0]		500016f3
	[1]		500014f8
ARR 500015fa (sz=24, trace=300000, nelems=2, elem type=java.lang.Object[]@5000010e)
	[0]		500016f1
	[1]		50001527
ARR 500015fb (sz=24, trace=300000, nelems=2, elem type=java.lang.Object[]@5000010e)
	[0]		50001576
	[1]		50001576
ARR 500015fc (sz=24, trace=300000, nelems=2, elem type=java.lang.Object[]@5000010e)
	[0]		500016ef
	[1]		5000154e
ARR 500015fd (sz=24, trace=300000, nelems=2, elem type=java.lang.Object[]@5000010e)
	[0]		500016ed
	[1]		50001506
ARR 500015fe (sz=24, trace=300000, nelems=2, elem type=java.lang.Object[]@5000010e)
	[0]		500016eb
	[1]		50001559
ARR 500015ff (sz=24, trace=300000, nelems=2, elem type=java.lang.Object[]@5000010e)
	[0]		500016e9
	[1]		50001538
ARR 50001600 (sz=24, trace=300000, nelems=2, elem type=java.lang.Object[]@5000010e)
	[0]		500016e7
	[1]		5000152b
ARR 50001601 (sz=24, trace=300000, nelems=2, elem type=java.lang.Object[]@5000010e)
	[0]		500016e5
	[1]		50001584
ARR 50001602 (sz=24, trace=300000, nelems=2, elem type=java.lang.Object[]@5000010e)
	[0]		500016e3
	[1]		50001576
ARR 50001603 (sz=24, trace=300000, nelems=2, elem type=java.lang.Object[]@5000010e)
	[0]		500016e1
	[1]		5000152f
ARR 50001604 (sz=24, trace=300000, nelems=2, elem type=java.lang.Object[]@5000010e)
	[0]		500016df
	[1]		500014dd
ARR 50001605 (sz=24, trace=300000, nelems=2, elem type=java.lang.Object[]@5000010e)
	[0]		500016dd
	[1]		5000152f
ARR 50001606 (sz=24, trace=300000, nelems=2, elem type=java.lang.Object[]@5000010e)
	[0]		500016db
	[1]		5000153c
ARR 50001607 (sz=24, trace=300000, nelems=2, elem type=java.lang.Object[]@5000010e)
	[0]		500016d9
	[1]		50001514
ARR 50001608 (sz=24, trace=300000, nelems=2, elem type=java.lang.Object[]@5000010e)
	[0]		500016d7
	[1]		50001579
ARR 50001609 (sz=24, trace=300000, nelems=2, elem type=java.lang.Object[]@5000010e)
	[0]		500016d5
	[1]		500014f5
ARR 5000160a (sz=24, trace=300000, nelems=2, elem type=java.lang.Object[]@5000010e)
	[0]		500016d3
	[1]		50001532
ARR 5000160b (sz=24, trace=300000, nelems=2, elem type=java.lang.Object[]@5000010e)
	[0]		500016d1
	[1]		50001532
ARR 5000160c (sz=24, trace=300000, nelems=2, elem type=java.lang.Object[]@5000010e)
	[0]		500016cf
	[1]		500014f8
ARR 5000160d (sz=24, trace=300000, nelems=2, elem type=java.lang.Object[]@5000010e)
	[0]		5000151d
	[1]		5000151d
ARR 5000160e (sz=24, trace=300000, nelems=2, elem type=java.lang.Object[]@5000010e)
	[0]		500016cd
	[1]		50001570
ARR 5000160f (sz=24, trace=300000, nelems=2, elem type=java.lang.Object[]@5000010e)
	[0]		500016cb
	[1]		5000156d
ARR 50001610 (sz=24, trace=300000, nelems=2, elem type=java.lang.Object[]@5000010e)
	[0]		500016c9
	[1]		50001562
ARR 50001611 (sz=24, trace=300000, nelems=2, elem type=java.lang.Object[]@5000010e)
	[0]		500016c7
	[1]		5000155f
ARR 50001612 (sz=24, trace=300000, nelems=2, elem type=java.lang.Object[]@5000010e)
	[0]		500016c5
	[1]		50001556
ARR 50001613 (sz=32, trace=300000, nelems=3, elem type=java.lang.Object[]@5000010e)
	[0]		500016c0
	[1]		50001584
	[2]		500016c1
ARR 50001614 (sz=32, trace=300000, nelems=3, elem type=java.lang.Object[]@5000010e)
	[0]		500016bb
	[1]		50001576
	[2]		500016bc
ARR 50001615 (sz=24, trace=300000, nelems=2, elem type=java.lang.Object[]@5000010e)
	[0]		500016b9
	[1]		50001511
ARR 50001616 (sz=32, trace=300000, nelems=3, elem type=java.lang.Object[]@5000010e)
	[0]		500016b4
	[1]		50001509
	[2]		500016b5
ARR 50001617 (sz=24, trace=300000, nelems=2, elem type=java.lang.Object[]@5000010e)
	[0]		500016b2
	[1]		500014e9
ARR 50001618 (sz=24, trace=300000, nelems=2, elem type=java.lang.Object[]@5000010e)
	[0]		500016b0
	[1]		5000151d
ARR 50001619 (sz=24, trace=300000, nelems=2, elem type=java.lang.Object[]@5000010e)
	[0]		500016ae
	[1]		500014f5
ARR 5000161a (sz=24, trace=300000, nelems=2, elem type=java.lang.Object[]@5000010e)
	[0]		500016ac
	[1]		50001511
ARR 5000161b (sz=24, trace=300000, nelems=2, elem type=java.lang.Object[]@5000010e)
	[0]		500016aa
	[1]		50001514
ARR 5000161c (sz=24, trace=300000, nelems=2, elem type=java.lang.Object[]@5000010e)
	[0]		500016a8
	[1]		50001509
ARR 5000161d (sz=24, trace=300000, nelems=2, elem type=java.lang.Object[]@5000010e)
	[0]		50001506
	[1]		50001506
ARR 5000161e (sz=24, trace=300000, nelems=2, elem type=java.lang.Object[]@5000010e)
	[0]		500016a6
	[1]		50001514
ARR 5000161f (sz=24, trace=300000, nelems=2, elem type=java.lang.Object[]@5000010e)
	[0]		500016a4
	[1]		5000154e
ARR 50001620 (sz=24, trace=300000, nelems=2, elem type=java.lang.Object[]@5000010e)
	[0]		500016a2
	[1]		50001506
ARR 50001621 (sz=24, trace=300000, nelems=2, elem type=java.lang.Object[]@5000010e)
	[0]		500016a0
	[1]		50001511
ARR 50001622 (sz=24, trace=300000, nelems=2, elem type=java.lang.Object[]@5000010e)
	[0]		5000169e
	[1]		50001509
ARR 50001623 (sz=24, trace=300000, nelems=2, elem type=java.lang.Object[]@5000010e)
	[0]		5000169c
	[1]		50001538
ARR 50001624 (sz=24, trace=300000, nelems=2, elem type=java.lang.Object[]@5000010e)
	[0]		5000169a
	[1]		50001559
ARR 50001625 (sz=24, trace=300000, nelems=2, elem type=java.lang.Object[]@5000010e)
	[0]		50001698
	[1]		50001532
ARR 50001626 (sz=24, trace=300000, nelems=2, elem type=java.lang.Object[]@5000010e)
	[0]		50001696
	[1]		50001514
ARR 50001627 (sz=24, trace=300000, nelems=2, elem type=java.lang.Object[]@5000010e)
	[0]		50001694
	[1]		50001548
ARR 50001628 (sz=24, trace=300000, nelems=2, elem type=java.lang.Object[]@5000010e)
	[0]		50001692
	[1]		50001545
ARR 50001629 (sz=24, trace=300000, nelems=2, elem type=java.lang.Object[]@5000010e)
	[0]		50001690
	[1]		500014e5
ARR 5000162a (sz=24, trace=300000, nelems=2, elem type=java.lang.Object[]@5000010e)
	[0]		5000168e
	[1]		5000153c
ARR 5000162b (sz=24, trace=300000, nelems=2, elem type=java.lang.Object[]@5000010e)
	[0]		5000168c
	[1]		50001538
ARR 5000162c (sz=24, trace=300000, nelems=2, elem type=java.lang.Object[]@5000010e)
	[0]		5000168a
	[1]		50001532
ARR 5000162d (sz=24, trace=300000, nelems=2, elem type=java.lang.Object[]@5000010e)
	[0]		50001688
	[1]		5000152b
ARR 5000162e (sz=24, trace=300000, nelems=2, elem type=java.lang.Object[]@5000010e)
	[0]		50001686
	[1]		500014f5
ARR 5000162f (sz=24, trace=300000, nelems=2, elem type=java.lang.Object[]@5000010e)
	[0]		50001684
	[1]		50001584
ARR 50001630 (sz=24, trace=300000, nelems=2, elem type=java.lang.Object[]@5000010e)
	[0]		50001682
	[1]		50001514
ARR 50001631 (sz=24, trace=300000, nelems=2, elem type=java.lang.Object[]@5000010e)
	[0]		50001680
	[1]		50001548
ARR 50001632 (sz=32, trace=300000, nelems=3, elem type=java.lang.Object[]@5000010e)
	[0]		5000167b
	[1]		50001545
	[2]		5000167c
ARR 50001633 (sz=24, trace=300000, nelems=2, elem type=java.lang.Object[]@5000010e)
	[0]		50001679
	[1]		50001532
ARR 50001634 (sz=24, trace=300000, nelems=2, elem type=java.lang.Object[]@5000010e)
	[0]		50001677
	[1]		5000153c
ARR 50001635 (sz=24, trace=300000, nelems=2, elem type=java.lang.Object[]@5000010e)
	[0]		50001675
	[1]		50001538
ARR 50001636 (sz=32, trace=300000, nelems=3, elem type=java.lang.Object[]@5000010e)
	[0]		50001670
	[1]		5000151a
	[2]		50001671
ARR 50001637 (sz=24, trace=300000, nelems=2, elem type=java.lang.Object[]@5000010e)
	[0]		5000166e
	[1]		5000152b
ARR 50001638 (sz=24, trace=300000, nelems=2, elem type=java.lang.Object[]@5000010e)
	[0]		5000166c
	[1]		50001503
ARR 50001639 (sz=24, trace=300000, nelems=2, elem type=java.lang.Object[]@5000010e)
	[0]		5000166a
	[1]		50001506
ARR 5000163a (sz=24, trace=300000, nelems=2, elem type=java.lang.Object[]@5000010e)
	[0]		50001668
	[1]		50001514
ARR 5000163b (sz=24, trace=300000, nelems=2, elem type=java.lang.Object[]@5000010e)
	[0]		50001666
	[1]		500014ed
ARR 5000163c (sz=24, trace=300000, nelems=2, elem type=java.lang.Object[]@5000010e)
	[0]		50001664
	[1]		5000153f
ARR 5000163d (sz=24, trace=300000, nelems=2, elem type=java.lang.Object[]@5000010e)
	[0]		50001662
	[1]		50001514
ARR 5000163e (sz=24, trace=300000, nelems=2, elem type=java.lang.Object[]@5000010e)
	[0]		50001660
	[1]		50001570
ARR 5000163f (sz=24, trace=300000, nelems=2, elem type=java.lang.Object[]@5000010e)
	[0]		5000165e
	[1]		5000156d
ARR 50001640 (sz=24, trace=300000, nelems=2, elem type=java.lang.Object[]@5000010e)
	[0]		5000165c
	[1]		50001562
ARR 50001641 (sz=24, trace=300000, nelems=2, elem type=java.lang.Object[]@5000010e)
	[0]		5000165a
	[1]		5000155f
ARR 50001642 (sz=24, trace=300000, nelems=2, elem type=java.lang.Object[]@5000010e)
	[0]		50001658
	[1]		50001514
ARR 50001643 (sz=24, trace=300000, nelems=2, elem type=java.lang.Object[]@5000010e)
	[0]		50001656
	[1]		50001556
ARR 50001644 (sz=24, trace=300000, nelems=2, elem type=java.lang.Object[]@5000010e)
	[0]		50001654
	[1]		50001552
ARR 50001645 (sz=24, trace=300000, nelems=2, elem type=java.lang.Object[]@5000010e)
	[0]		50001652
	[1]		500014dd
ARR 50001646 (sz=24, trace=300000, nelems=2, elem type=java.lang.Object[]@5000010e)
	[0]		50001650
	[1]		50001559
ARR 50001647 (sz=24, trace=300000, nelems=2, elem type=java.lang.Object[]@5000010e)
	[0]		5000164e
	[1]		50001523
ARR 50001648 (sz=24, trace=300000, nelems=2, elem type=java.lang.Object[]@5000010e)
	[0]		5000164c
	[1]		500014fb
ARR 50001649 (sz=24, trace=300000, nelems=2, elem type=java.lang.Object[]@5000010e)
	[0]		5000164a
	[1]		50001579
OBJ 5000164a (sz=24, trace=300000, class=java.lang.String@50000174)
	value		5000164b
ARR 5000164b (sz=12, trace=300000, nelems=6, elem type=char[])
OBJ 5000164c (sz=24, trace=300000, class=java.lang.String@50000174)
	value		5000164d
ARR 5000164d (sz=24, trace=300000, nelems=12, elem type=char[])
OBJ 5000164e (sz=24, trace=300000, class=java.lang.String@50000174)
	value		5000164f
ARR 5000164f (sz=38, trace=300000, nelems=19, elem type=char[])
OBJ 50001650 (sz=24, trace=300000, class=java.lang.String@50000174)
	value		50001651
ARR 50001651 (sz=12, trace=300000, nelems=6, elem type=char[])
OBJ 50001652 (sz=24, trace=300000, class=java.lang.String@50000174)
	value		50001653
ARR 50001653 (sz=16, trace=300000, nelems=8, elem type=char[])
OBJ 50001654 (sz=24, trace=300000, class=java.lang.String@50000174)
	value		50001655
ARR 50001655 (sz=12, trace=300000, nelems=6, elem type=char[])
OBJ 50001656 (sz=24, trace=300000, class=java.lang.String@50000174)
	value		50001657
ARR 50001657 (sz=12, trace=300000, nelems=6, elem type=char[])
OBJ 50001658 (sz=24, trace=300000, class=java.lang.String@50000174)
	value		50001659
ARR 50001659 (sz=32, trace=300000, nelems=16, elem type=char[])
OBJ 5000165a (sz=24, trace=300000, class=java.lang.String@50000174)
	value		5000165b
ARR 5000165b (sz=12, trace=300000, nelems=6, elem type=char[])
OBJ 5000165c (sz=24, trace=300000, class=java.lang.String@50000174)
	value		5000165d
ARR 5000165d (sz=12, trace=300000, nelems=6, elem type=char[])
OBJ 5000165e (sz=24, trace=300000, class=java.lang.String@50000174)
	value		5000165f
ARR 5000165f (sz=12, trace=300000, nelems=6, elem type=char[])
OBJ 50001660 (sz=24, trace=300000, class=java.lang.String@50000174)
	value		50001661
ARR 50001661 (sz=12, trace=300000, nelems=6, elem type=char[])
OBJ 50001662 (sz=24, trace=300000, class=java.lang.String@50000174)
	value		50001663
ARR 50001663 (sz=32, trace=300000, nelems=16, elem type=char[])
OBJ 50001664 (sz=24, trace=300000, class=java.lang.String@50000174)
	value		50001665
ARR 50001665 (sz=8, trace=300000, nelems=4, elem type=char[])
OBJ 50001666 (sz=24, trace=300000, class=java.lang.String@50000174)
	value		50001667
ARR 50001667 (sz=16, trace=300000, nelems=8, elem type=char[])
OBJ 50001668 (sz=24, trace=300000, class=java.lang.String@50000174)
	value		50001669
ARR 50001669 (sz=10, trace=300000, nelems=5, elem type=char[])
OBJ 5000166a (sz=24, trace=300000, class=java.lang.String@50000174)
	value		5000166b
ARR 5000166b (sz=22, trace=300000, nelems=11, elem type=char[])
OBJ 5000166c (sz=24, trace=300000, class=java.lang.String@50000174)
	value		5000166d
ARR 5000166d (sz=16, trace=300000, nelems=8, elem type=char[])
OBJ 5000166e (sz=24, trace=300000, class=java.lang.String@50000174)
	value		5000166f
ARR 5000166f (sz=20, trace=300000, nelems=10, elem type=char[])
OBJ 50001670 (sz=24, trace=300000, class=java.lang.String@50000174)
	value		50001674
ARR 50001671 (sz=24, trace=300000, nelems=2, elem type=java.lang.Object[]@5000010e)
	[0]		50001672
	[1]		50001532
OBJ 50001672 (sz=24, trace=300000, class=java.lang.String@50000174)
	value		50001673
ARR 50001673 (sz=20, trace=300000, nelems=10, elem type=char[])
ARR 50001674 (sz=16, trace=300000, nelems=8, elem type=char[])
OBJ 50001675 (sz=24, trace=300000, class=java.lang.String@50000174)
	value		50001676
ARR 50001676 (sz=20, trace=300000, nelems=10, elem type=char[])
OBJ 50001677 (sz=24, trace=300000, class=java.lang.String@50000174)
	value		50001678
ARR 50001678 (sz=20, trace=300000, nelems=10, elem type=char[])
OBJ 50001679 (sz=24, trace=300000, class=java.lang.String@50000174)
	value		5000167a
ARR 5000167a (sz=24, trace=300000, nelems=12, elem type=char[])
OBJ 5000167b (sz=24, trace=300000, class=java.lang.String@50000174)
	value		5000167f
ARR 5000167c (sz=24, trace=300000, nelems=2, elem type=java.lang.Object[]@5000010e)
	[0]		5000167d
	[1]		5000154e
OBJ 5000167d (sz=24, trace=300000, class=java.lang.String@50000174)
	value		5000167e
ARR 5000167e (sz=20, trace=300000, nelems=10, elem type=char[])
ARR 5000167f (sz=20, trace=300000, nelems=10, elem type=char[])
OBJ 50001680 (sz=24, trace=300000, class=java.lang.String@50000174)
	value		50001681
ARR 50001681 (sz=20, trace=300000, nelems=10, elem type=char[])
OBJ 50001682 (sz=24, trace=300000, class=java.lang.String@50000174)
	value		50001683
ARR 50001683 (sz=12, trace=300000, nelems=6, elem type=char[])
OBJ 50001684 (sz=24, trace=300000, class=java.lang.String@50000174)
	value		50001685
ARR 50001685 (sz=36, trace=300000, nelems=18, elem type=char[])
OBJ 50001686 (sz=24, trace=300000, class=java.lang.String@50000174)
	value		50001687
ARR 50001687 (sz=20, trace=300000, nelems=10, elem type=char[])
OBJ 50001688 (sz=24, trace=300000, class=java.lang.String@50000174)
	value		50001689
ARR 50001689 (sz=18, trace=300000, nelems=9, elem type=char[])
OBJ 5000168a (sz=24, trace=300000, class=java.lang.String@50000174)
	value		5000168b
ARR 5000168b (sz=18, trace=300000, nelems=9, elem type=char[])
OBJ 5000168c (sz=24, trace=300000, class=java.lang.String@50000174)
	value		5000168d
ARR 5000168d (sz=18, trace=300000, nelems=9, elem type=char[])
OBJ 5000168e (sz=24, trace=300000, class=java.lang.String@50000174)
	value		5000168f
ARR 5000168f (sz=18, trace=300000, nelems=9, elem type=char[])
OBJ 50001690 (sz=24, trace=300000, class=java.lang.String@50000174)
	value		50001691
ARR 50001691 (sz=14, trace=300000, nelems=7, elem type=char[])
OBJ 50001692 (sz=24, trace=300000, class=java.lang.String@50000174)
	value		50001693
ARR 50001693 (sz=18, trace=300000, nelems=9, elem type=char[])
OBJ 50001694 (sz=24, trace=300000, class=java.lang.String@50000174)
	value		50001695
ARR 50001695 (sz=18, trace=300000, nelems=9, elem type=char[])
OBJ 50001696 (sz=24, trace=300000, class=java.lang.String@50000174)
	value		50001697
ARR 50001697 (sz=12, trace=300000, nelems=6, elem type=char[])
OBJ 50001698 (sz=24, trace=300000, class=java.lang.String@50000174)
	value		50001699
ARR 50001699 (sz=10, trace=300000, nelems=5, elem type=char[])
OBJ 5000169a (sz=24, trace=300000, class=java.lang.String@50000174)
	value		5000169b
ARR 5000169b (sz=14, trace=300000, nelems=7, elem type=char[])
OBJ 5000169c (sz=24, trace=300000, class=java.lang.String@50000174)
	value		5000169d
ARR 5000169d (sz=30, trace=300000, nelems=15, elem type=char[])
OBJ 5000169e (sz=24, trace=300000, class=java.lang.String@50000174)
	value		5000169f
ARR 5000169f (sz=20, trace=300000, nelems=10, elem type=char[])
OBJ 500016a0 (sz=24, trace=300000, class=java.lang.String@50000174)
	value		500016a1
ARR 500016a1 (sz=20, trace=300000, nelems=10, elem type=char[])
OBJ 500016a2 (sz=24, trace=300000, class=java.lang.String@50000174)
	value		500016a3
ARR 500016a3 (sz=14, trace=300000, nelems=7, elem type=char[])
OBJ 500016a4 (sz=24, trace=300000, class=java.lang.String@50000174)
	value		500016a5
ARR 500016a5 (sz=30, trace=300000, nelems=15, elem type=char[])
OBJ 500016a6 (sz=24, trace=300000, class=java.lang.String@50000174)
	value		500016a7
ARR 500016a7 (sz=10, trace=300000, nelems=5, elem type=char[])
OBJ 500016a8 (sz=24, trace=300000, class=java.lang.String@50000174)
	value		500016a9
ARR 500016a9 (sz=14, trace=300000, nelems=7, elem type=char[])
OBJ 500016aa (sz=24, trace=300000, class=java.lang.String@50000174)
	value		500016ab
ARR 500016ab (sz=4, trace=300000, nelems=2, elem type=char[])
OBJ 500016ac (sz=24, trace=300000, class=java.lang.String@50000174)
	value		500016ad
ARR 500016ad (sz=14, trace=300000, nelems=7, elem type=char[])
OBJ 500016ae (sz=24, trace=300000, class=java.lang.String@50000174)
	value		500016af
ARR 500016af (sz=14, trace=300000, nelems=7, elem type=char[])
OBJ 500016b0 (sz=24, trace=300000, class=java.lang.String@50000174)
	value		500016b1
ARR 500016b1 (sz=14, trace=300000, nelems=7, elem type=char[])
OBJ 500016b2 (sz=24, trace=300000, class=java.lang.String@50000174)
	value		500016b3
ARR 500016b3 (sz=24, trace=300000, nelems=12, elem type=char[])
OBJ 500016b4 (sz=24, trace=300000, class=java.lang.String@50000174)
	value		500016b8
ARR 500016b5 (sz=24, trace=300000, nelems=2, elem type=java.lang.Object[]@5000010e)
	[0]		500016b6
	[1]		50001565
OBJ 500016b6 (sz=24, trace=300000, class=java.lang.String@50000174)
	value		500016b7
ARR 500016b7 (sz=16, trace=300000, nelems=8, elem type=char[])
ARR 500016b8 (sz=20, trace=300000, nelems=10, elem type=char[])
OBJ 500016b9 (sz=24, trace=300000, class=java.lang.String@50000174)
	value		500016ba
ARR 500016ba (sz=20, trace=300000, nelems=10, elem type=char[])
OBJ 500016bb (sz=24, trace=300000, class=java.lang.String@50000174)
	value		500016bf
ARR 500016bc (sz=24, trace=300000, nelems=2, elem type=java.lang.Object[]@5000010e)
	[0]		500016bd
	[1]		500014ed
OBJ 500016bd (sz=24, trace=300000, class=java.lang.String@50000174)
	value		500016be
ARR 500016be (sz=10, trace=300000, nelems=5, elem type=char[])
ARR 500016bf (sz=16, trace=300000, nelems=8, elem type=char[])
OBJ 500016c0 (sz=24, trace=300000, class=java.lang.String@50000174)
	value		500016c4
ARR 500016c1 (sz=24, trace=300000, nelems=2, elem type=java.lang.Object[]@5000010e)
	[0]		500016c2
	[1]		50001552
OBJ 500016c2 (sz=24, trace=300000, class=java.lang.String@50000174)
	value		500016c3
ARR 500016c3 (sz=12, trace=300000, nelems=6, elem type=char[])
ARR 500016c4 (sz=16, trace=300000, nelems=8, elem type=char[])
OBJ 500016c5 (sz=24, trace=300000, class=java.lang.String@50000174)
	value		500016c6
ARR 500016c6 (sz=12, trace=300000, nelems=6, elem type=char[])
OBJ 500016c7 (sz=24, trace=300000, class=java.lang.String@50000174)
	value		500016c8
ARR 500016c8 (sz=12, trace=300000, nelems=6, elem type=char[])
OBJ 500016c9 (sz=24, trace=300000, class=java.lang.String@50000174)
	value		500016ca
ARR 500016ca (sz=12, trace=300000, nelems=6, elem type=char[])
OBJ 500016cb (sz=24, trace=300000, class=java.lang.String@50000174)
	value		500016cc
ARR 500016cc (sz=12, trace=300000, nelems=6, elem type=char[])
OBJ 500016cd (sz=24, trace=300000, class=java.lang.String@50000174)
	value		500016ce
ARR 500016ce (sz=12, trace=300000, nelems=6, elem type=char[])
OBJ 500016cf (sz=24, trace=300000, class=java.lang.String@50000174)
	value		500016d0
ARR 500016d0 (sz=16, trace=300000, nelems=8, elem type=char[])
OBJ 500016d1 (sz=24, trace=300000, class=java.lang.String@50000174)
	value		500016d2
ARR 500016d2 (sz=30, trace=300000, nelems=15, elem type=char[])
OBJ 500016d3 (sz=24, trace=300000, class=java.lang.String@50000174)
	value		500016d4
ARR 500016d4 (sz=16, trace=300000, nelems=8, elem type=char[])
OBJ 500016d5 (sz=24, trace=300000, class=java.lang.String@50000174)
	value		500016d6
ARR 500016d6 (sz=48, trace=300000, nelems=24, elem type=char[])
OBJ 500016d7 (sz=24, trace=300000, class=java.lang.String@50000174)
	value		500016d8
ARR 500016d8 (sz=10, trace=300000, nelems=5, elem type=char[])
OBJ 500016d9 (sz=24, trace=300000, class=java.lang.String@50000174)
	value		500016da
ARR 500016da (sz=14, trace=300000, nelems=7, elem type=char[])
OBJ 500016db (sz=24, trace=300000, class=java.lang.String@50000174)
	value		500016dc
ARR 500016dc (sz=30, trace=300000, nelems=15, elem type=char[])
OBJ 500016dd (sz=24, trace=300000, class=java.lang.String@50000174)
	value		500016de
ARR 500016de (sz=14, trace=300000, nelems=7, elem type=char[])
OBJ 500016df (sz=24, trace=300000, class=java.lang.String@50000174)
	value		500016e0
ARR 500016e0 (sz=20, trace=300000, nelems=10, elem type=char[])
OBJ 500016e1 (sz=24, trace=300000, class=java.lang.String@50000174)
	value		500016e2
ARR 500016e2 (sz=12, trace=300000, nelems=6, elem type=char[])
OBJ 500016e3 (sz=24, trace=300000, class=java.lang.String@50000174)
	value		500016e4
ARR 500016e4 (sz=14, trace=300000, nelems=7, elem type=char[])
OBJ 500016e5 (sz=24, trace=300000, class=java.lang.String@50000174)
	value		500016e6
ARR 500016e6 (sz=14, trace=300000, nelems=7, elem type=char[])
OBJ 500016e7 (sz=24, trace=300000, class=java.lang.String@50000174)
	value		500016e8
ARR 500016e8 (sz=20, trace=300000, nelems=10, elem type=char[])
OBJ 500016e9 (sz=24, trace=300000, class=java.lang.String@50000174)
	value		500016ea
ARR 500016ea (sz=20, trace=300000, nelems=10, elem type=char[])
OBJ 500016eb (sz=24, trace=300000, class=java.lang.String@50000174)
	value		500016ec
ARR 500016ec (sz=10, trace=300000, nelems=5, elem type=char[])
OBJ 500016ed (sz=24, trace=300000, class=java.lang.String@50000174)
	value		500016ee
ARR 500016ee (sz=10, trace=300000, nelems=5, elem type=char[])
OBJ 500016ef (sz=24, trace=300000, class=java.lang.String@50000174)
	value		500016f0
ARR 500016f0 (sz=36, trace=300000, nelems=18, elem type=char[])
OBJ 500016f1 (sz=24, trace=300000, class=java.lang.String@50000174)
	value		500016f2
ARR 500016f2 (sz=14, trace=300000, nelems=7, elem type=char[])
OBJ 500016f3 (sz=24, trace=300000, class=java.lang.String@50000174)
	value		500016f4
ARR 500016f4 (sz=14, trace=300000, nelems=7, elem type=char[])
OBJ 500016f5 (sz=24, trace=300000, class=java.lang.String@50000174)
	value		500016f6
ARR 500016f6 (sz=14, trace=300000, nelems=7, elem type=char[])
OBJ 500016f7 (sz=24, trace=300000, class=java.lang.String@50000174)
	value		500016f8
ARR 500016f8 (sz=14, trace=300000, nelems=7, elem type=char[])
OBJ 500016f9 (sz=24, trace=300000, class=java.lang.String@50000174)
	value		500016fa
ARR 500016fa (sz=14, trace=300000, nelems=7, elem type=char[])
OBJ 500016fb (sz=24, trace=300000, class=java.lang.String@50000174)
	value		500016fc
ARR 500016fc (sz=16, trace=300000, nelems=8, elem type=char[])
OBJ 500016fd (sz=24, trace=300000, class=java.lang.String@50000174)
	value		500016fe
ARR 500016fe (sz=12, trace=300000, nelems=6, elem type=char[])
OBJ 500016ff (sz=24, trace=300000, class=java.lang.String@50000174)
	value		50001700
ARR 50001700 (sz=20, trace=300000, nelems=10, elem type=char[])
OBJ 50001701 (sz=24, trace=300000, class=java.lang.String@50000174)
	value		50001702
ARR 50001702 (sz=10, trace=300000, nelems=5, elem type=char[])
OBJ 50001703 (sz=24, trace=300000, class=java.lang.String@50000174)
	value		50001704
ARR 50001704 (sz=24, trace=300000, nelems=12, elem type=char[])
OBJ 50001705 (sz=24, trace=300000, class=java.lang.String@50000174)
	value		50001706
ARR 50001706 (sz=28, trace=300000, nelems=14, elem type=char[])
OBJ 50001707 (sz=24, trace=300000, class=java.lang.String@50000174)
	value		50001708
ARR 50001708 (sz=12, trace=300000, nelems=6, elem type=char[])
OBJ 50001709 (sz=24, trace=300000, class=java.lang.String@50000174)
	value		5000170a
ARR 5000170a (sz=20, trace=300000, nelems=10, elem type=char[])
OBJ 5000170b (sz=24, trace=300000, class=java.lang.String@50000174)
	value		5000170c
ARR 5000170c (sz=12, trace=300000, nelems=6, elem type=char[])
OBJ 5000170d (sz=24, trace=300000, class=java.lang.String@50000174)
	value		5000170e
ARR 5000170e (sz=12, trace=300000, nelems=6, elem type=char[])
OBJ 5000170f (sz=24, trace=300000, class=java.lang.String@50000174)
	value		50001710
ARR 50001710 (sz=12, trace=300000, nelems=6, elem type=char[])
OBJ 50001711 (sz=24, trace=300000, class=java.lang.String@50000174)
	value		50001712
ARR 50001712 (sz=12, trace=300000, nelems=6, elem type=char[])
OBJ 50001713 (sz=24, trace=300000, class=java.lang.String@50000174)
	value		50001714
ARR 50001714 (sz=12, trace=300000, nelems=6, elem type=char[])
OBJ 50001715 (sz=24, trace=300000, class=java.lang.String@50000174)
	value		50001716
ARR 50001716 (sz=6, trace=300000, nelems=3, elem type=char[])
OBJ 50001717 (sz=24, trace=300000, class=java.lang.String@50000174)
	value		50001718
ARR 50001718 (sz=20, trace=300000, nelems=10, elem type=char[])
OBJ 50001719 (sz=24, trace=300000, class=java.lang.String@50000174)
	value		5000171a
ARR 5000171a (sz=20, trace=300000, nelems=10, elem type=char[])
OBJ 5000171b (sz=24, trace=300000, class=java.lang.String@50000174)
	value		5000171c
ARR 5000171c (sz=10, trace=300000, nelems=5, elem type=char[])
OBJ 5000171d (sz=24, trace=300000, class=java.lang.String@50000174)
	value		5000171e
ARR 5000171e (sz=14, trace=300000, nelems=7, elem type=char[])
OBJ 5000171f (sz=24, trace=300000, class=java.lang.String@50000174)
	value		50001720
ARR 50001720 (sz=14, trace=300000, nelems=7, elem type=char[])
OBJ 50001721 (sz=24, trace=300000, class=java.lang.String@50000174)
	value		50001722
ARR 50001722 (sz=28, trace=300000, nelems=14, elem type=char[])
OBJ 50001723 (sz=24, trace=300000, class=java.lang.String@50000174)
	value		50001724
ARR 50001724 (sz=12, trace=300000, nelems=6, elem type=char[])
OBJ 50001725 (sz=24, trace=300000, class=java.lang.String@50000174)
	value		50001726
ARR 50001726 (sz=10, trace=300000, nelems=5, elem type=char[])
OBJ 50001727 (sz=24, trace=300000, class=java.lang.String@50000174)
	value		50001728
ARR 50001728 (sz=10, trace=300000, nelems=5, elem type=char[])
OBJ 50001729 (sz=24, trace=300000, class=java.lang.String@50000174)
	value		5000172a
ARR 5000172a (sz=12, trace=300000, nelems=6, elem type=char[])
OBJ 5000172b (sz=24, trace=300000, class=java.lang.String@50000174)
	value		5000172c
ARR 5000172c (sz=14, trace=300000, nelems=7, elem type=char[])
OBJ 5000172d (sz=24, trace=300000, class=java.lang.String@50000174)
	value		5000172e
ARR 5000172e (sz=14, trace=300000, nelems=7, elem type=char[])
OBJ 5000172f (sz=24, trace=300000, class=java.lang.String@50000174)
	value		50001730
ARR 50001730 (sz=30, trace=300000, nelems=15, elem type=char[])
OBJ 50001731 (sz=24, trace=300000, class=java.lang.String@50000174)
	value		50001732
ARR 50001732 (sz=6, trace=300000, nelems=3, elem type=char[])
OBJ 50001733 (sz=24, trace=300000, class=java.lang.String@50000174)
	value		50001734
ARR 50001734 (sz=8, trace=300000, nelems=4, elem type=char[])
OBJ 50001735 (sz=24, trace=300000, class=java.lang.String@50000174)
	value		50001736
ARR 50001736 (sz=20, trace=300000, nelems=10, elem type=char[])
OBJ 50001737 (sz=24, trace=300000, class=java.lang.String@50000174)
	value		5000173b
ARR 50001738 (sz=24, trace=300000, nelems=2, elem type=java.lang.Object[]@5000010e)
	[0]		50001739
	[1]		50001527
OBJ 50001739 (sz=24, trace=300000, class=java.lang.String@50000174)
	value		5000173a
ARR 5000173a (sz=10, trace=300000, nelems=5, elem type=char[])
ARR 5000173b (sz=10, trace=300000, nelems=5, elem type=char[])
OBJ 5000173c (sz=24, trace=300000, class=java.lang.String@50000174)
	value		50001740
ARR 5000173d (sz=24, trace=300000, nelems=2, elem type=java.lang.Object[]@5000010e)
	[0]		5000173e
	[1]		50001509
OBJ 5000173e (sz=24, trace=300000, class=java.lang.String@50000174)
	value		5000173f
ARR 5000173f (sz=4, trace=300000, nelems=2, elem type=char[])
ARR 50001740 (sz=10, trace=300000, nelems=5, elem type=char[])
OBJ 50001741 (sz=24, trace=300000, class=java.lang.String@50000174)
	value		50001742
ARR 50001742 (sz=10, trace=300000, nelems=5, elem type=char[])
OBJ 50001743 (sz=24, trace=300000, class=java.lang.String@50000174)
	value		50001744
ARR 50001744 (sz=4, trace=300000, nelems=2, elem type=char[])
OBJ 50001745 (sz=24, trace=300000, class=java.lang.String@50000174)
	value		50001749
ARR 50001746 (sz=24, trace=300000, nelems=2, elem type=java.lang.Object[]@5000010e)
	[0]		50001747
	[1]		5000153c
OBJ 50001747 (sz=24, trace=300000, class=java.lang.String@50000174)
	value		50001748
ARR 50001748 (sz=4, trace=300000, nelems=2, elem type=char[])
ARR 50001749 (sz=10, trace=300000, nelems=5, elem type=char[])
OBJ 5000174a (sz=24, trace=300000, class=java.lang.String@50000174)
	value		5000174b
ARR 5000174b (sz=16, trace=300000, nelems=8, elem type=char[])
OBJ 5000174c (sz=24, trace=300000, class=java.lang.String@50000174)
	value		50001753
ARR 5000174d (sz=32, trace=300000, nelems=3, elem type=java.lang.Object[]@5000010e)
	[0]		5000174e
	[1]		50001509
	[2]		5000174f
OBJ 5000174e (sz=24, trace=300000, class=java.lang.String@50000174)
	value		50001752
ARR 5000174f (sz=24, trace=300000, nelems=2, elem type=java.lang.Object[]@5000010e)
	[0]		50001750
	[1]		50001545
OBJ 50001750 (sz=24, trace=300000, class=java.lang.String@50000174)
	value		50001751
ARR 50001751 (sz=4, trace=300000, nelems=2, elem type=char[])
ARR 50001752 (sz=12, trace=300000, nelems=6, elem type=char[])
ARR 50001753 (sz=10, trace=300000, nelems=5, elem type=char[])
OBJ 50001754 (sz=24, trace=300000, class=java.lang.String@50000174)
	value		50001755
ARR 50001755 (sz=4, trace=300000, nelems=2, elem type=char[])
OBJ 50001756 (sz=24, trace=300000, class=java.lang.String@50000174)
	value		50001757
ARR 50001757 (sz=14, trace=300000, nelems=7, elem type=char[])
OBJ 50001758 (sz=24, trace=300000, class=java.lang.String@50000174)
	value		5000175c
ARR 50001759 (sz=24, trace=300000, nelems=2, elem type=java.lang.Object[]@5000010e)
	[0]		5000175a
	[1]		5000153c
OBJ 5000175a (sz=24, trace=300000, class=java.lang.String@50000174)
	value		5000175b
ARR 5000175b (sz=14, trace=300000, nelems=7, elem type=char[])
ARR 5000175c (sz=12, trace=300000, nelems=6, elem type=char[])
OBJ 5000175d (sz=24, trace=300000, class=java.lang.String@50000174)
	value		5000175e
ARR 5000175e (sz=14, trace=300000, nelems=7, elem type=char[])
OBJ 5000175f (sz=24, trace=300000, class=java.lang.String@50000174)
	value		50001763
ARR 50001760 (sz=24, trace=300000, nelems=2, elem type=java.lang.Object[]@5000010e)
	[0]		50001761
	[1]		50001514
OBJ 50001761 (sz=24, trace=300000, class=java.lang.String@50000174)
	value		50001762
ARR 50001762 (sz=6, trace=300000, nelems=3, elem type=char[])
ARR 50001763 (sz=12, trace=300000, nelems=6, elem type=char[])
OBJ 50001764 (sz=24, trace=300000, class=java.lang.String@50000174)
	value		50001765
ARR 50001765 (sz=22, trace=300000, nelems=11, elem type=char[])
OBJ 50001766 (sz=24, trace=300000, class=java.lang.String@50000174)
	value		50001767
ARR 50001767 (sz=22, trace=300000, nelems=11, elem type=char[])
OBJ 50001768 (sz=24, trace=300000, class=java.lang.String@50000174)
	value		50001769
ARR 50001769 (sz=12, trace=300000, nelems=6, elem type=char[])
OBJ 5000176a (sz=24, trace=300000, class=java.lang.String@50000174)
	value		5000176b
ARR 5000176b (sz=12, trace=300000, nelems=6, elem type=char[])
OBJ 5000176c (sz=24, trace=300000, class=java.lang.String@50000174)
	value		5000176d
ARR 5000176d (sz=12, trace=300000, nelems=6, elem type=char[])
OBJ 5000176e (sz=24, trace=300000, class=java.lang.String@50000174)
	value		5000176f
ARR 5000176f (sz=18, trace=300000, nelems=9, elem type=char[])
OBJ 50001770 (sz=24, trace=300000, class=java.lang.String@50000174)
	value		50001771
ARR 50001771 (sz=18, trace=300000, nelems=9, elem type=char[])
OBJ 50001772 (sz=24, trace=300000, class=java.lang.String@50000174)
	value		50001773
ARR 50001773 (sz=18, trace=300000, nelems=9, elem type=char[])
OBJ 50001774 (sz=24, trace=300000, class=java.lang.String@50000174)
	value		50001775
ARR 50001775 (sz=18, trace=300000, nelems=9, elem type=char[])
OBJ 50001776 (sz=24, trace=300000, class=java.lang.String@50000174)
	value		50001777
ARR 50001777 (sz=18, trace=300000, nelems=9, elem type=char[])
OBJ 50001778 (sz=24, trace=300000, class=java.lang.String@50000174)
	value		50001779
ARR 50001779 (sz=18, trace=300000, nelems=9, elem type=char[])
OBJ 5000177a (sz=24, trace=300000, class=java.lang.String@50000174)
	value		5000177b
ARR 5000177b (sz=42, trace=300000, nelems=21, elem type=char[])
OBJ 5000177c (sz=24, trace=300000, class=java.lang.String@50000174)
	value		5000177d
ARR 5000177d (sz=6, trace=300000, nelems=3, elem type=char[])
OBJ 5000177e (sz=24, trace=300000, class=java.lang.String@50000174)
	value		5000177f
ARR 5000177f (sz=30, trace=300000, nelems=15, elem type=char[])
OBJ 50001780 (sz=24, trace=300000, class=java.lang.String@50000174)
	value		50001781
ARR 50001781 (sz=20, trace=300000, nelems=10, elem type=char[])
OBJ 50001782 (sz=24, trace=300000, class=java.lang.String@50000174)
	value		50001783
ARR 50001783 (sz=30, trace=300000, nelems=15, elem type=char[])
OBJ 50001784 (sz=24, trace=300000, class=java.lang.String@50000174)
	value		50001785
ARR 50001785 (sz=20, trace=300000, nelems=10, elem type=char[])
OBJ 50001786 (sz=24, trace=300000, class=java.lang.String@50000174)
	value		50001787
ARR 50001787 (sz=6, trace=300000, nelems=3, elem type=char[])
OBJ 50001788 (sz=24, trace=300000, class=java.lang.String@50000174)
	value		50001789
ARR 50001789 (sz=6, trace=300000, nelems=3, elem type=char[])
OBJ 5000178a (sz=24, trace=300000, class=java.lang.String@50000174)
	value		5000178b
ARR 5000178b (sz=14, trace=300000, nelems=7, elem type=char[])
OBJ 5000178c (sz=24, trace=300000, class=java.lang.String@50000174)
	value		50001790
ARR 5000178d (sz=24, trace=300000, nelems=2, elem type=java.lang.Object[]@5000010e)
	[0]		5000178e
	[1]		50001527
OBJ 5000178e (sz=24, trace=300000, class=java.lang.String@50000174)
	value		5000178f
ARR 5000178f (sz=6, trace=300000, nelems=3, elem type=char[])
ARR 50001790 (sz=6, trace=300000, nelems=3, elem type=char[])
OBJ 50001791 (sz=24, trace=300000, class=java.lang.String@50000174)
	value		50001795
ARR 50001792 (sz=24, trace=300000, nelems=2, elem type=java.lang.Object[]@5000010e)
	[0]		50001793
	[1]		50001514
OBJ 50001793 (sz=24, trace=300000, class=java.lang.String@50000174)
	value		50001794
ARR 50001794 (sz=16, trace=300000, nelems=8, elem type=char[])
ARR 50001795 (sz=6, trace=300000, nelems=3, elem type=char[])
OBJ 50001796 (sz=24, trace=300000, class=java.lang.String@50000174)
	value		50001797
ARR 50001797 (sz=6, trace=300000, nelems=3, elem type=char[])
OBJ 50001798 (sz=24, trace=300000, class=java.lang.String@50000174)
	value		50001799
ARR 50001799 (sz=6, trace=300000, nelems=3, elem type=char[])
OBJ 5000179a (sz=24, trace=300000, class=java.lang.String@50000174)
	value		5000179e
ARR 5000179b (sz=24, trace=300000, nelems=2, elem type=java.lang.Object[]@5000010e)
	[0]		5000179c
	[1]		50001548
OBJ 5000179c (sz=24, trace=300000, class=java.lang.String@50000174)
	value		5000179d
ARR 5000179d (sz=10, trace=300000, nelems=5, elem type=char[])
ARR 5000179e (sz=6, trace=300000, nelems=3, elem type=char[])
OBJ 5000179f (sz=24, trace=300000, class=java.lang.String@50000174)
	value		500017a0
ARR 500017a0 (sz=10, trace=300000, nelems=5, elem type=char[])
OBJ 500017a1 (sz=24, trace=300000, class=java.lang.String@50000174)
	value		500017a5
ARR 500017a2 (sz=24, trace=300000, nelems=2, elem type=java.lang.Object[]@5000010e)
	[0]		500017a3
	[1]		5000156d
OBJ 500017a3 (sz=24, trace=300000, class=java.lang.String@50000174)
	value		500017a4
ARR 500017a4 (sz=18, trace=300000, nelems=9, elem type=char[])
ARR 500017a5 (sz=32, trace=300000, nelems=16, elem type=char[])
OBJ 500017a6 (sz=24, trace=300000, class=java.lang.String@50000174)
	value		500017a7
ARR 500017a7 (sz=16, trace=300000, nelems=8, elem type=char[])
OBJ 500017a8 (sz=24, trace=300000, class=java.lang.String@50000174)
	value		500017a9
ARR 500017a9 (sz=24, trace=300000, nelems=12, elem type=char[])
OBJ 500017aa (sz=24, trace=300000, class=java.lang.String@50000174)
	value		500017ab
ARR 500017ab (sz=10, trace=300000, nelems=5, elem type=char[])
OBJ 500017ac (sz=24, trace=300000, class=java.lang.String@50000174)
	value		500017ad
ARR 500017ad (sz=10, trace=300000, nelems=5, elem type=char[])
OBJ 500017ae (sz=24, trace=300000, class=java.lang.String@50000174)
	value		500017af
ARR 500017af (sz=10, trace=300000, nelems=5, elem type=char[])
OBJ 500017b0 (sz=24, trace=300000, class=java.lang.String@50000174)
	value		500017b1
ARR 500017b1 (sz=10, trace=300000, nelems=5, elem type=char[])
OBJ 500017b2 (sz=24, trace=300000, class=java.lang.String@50000174)
	value		500017b3
ARR 500017b3 (sz=10, trace=300000, nelems=5, elem type=char[])
OBJ 500017b4 (sz=24, trace=300000, class=java.lang.String@50000174)
	value		500017b5
ARR 500017b5 (sz=12, trace=300000, nelems=6, elem type=char[])
OBJ 500017b6 (sz=24, trace=300000, class=java.lang.String@50000174)
	value		500017b7
ARR 500017b7 (sz=12, trace=300000, nelems=6, elem type=char[])
OBJ 500017b8 (sz=24, trace=300000, class=java.lang.String@50000174)
	value		500017b9
ARR 500017b9 (sz=16, trace=300000, nelems=8, elem type=char[])
OBJ 500017ba (sz=24, trace=300000, class=java.lang.String@50000174)
	value		500017bb
ARR 500017bb (sz=20, trace=300000, nelems=10, elem type=char[])
OBJ 500017bc (sz=24, trace=300000, class=java.lang.String@50000174)
	value		500017bd
ARR 500017bd (sz=34, trace=300000, nelems=17, elem type=char[])
OBJ 500017be (sz=24, trace=300000, class=java.lang.String@50000174)
	value		500017bf
ARR 500017bf (sz=6, trace=300000, nelems=3, elem type=char[])
OBJ 500017c0 (sz=24, trace=300000, class=java.lang.String@50000174)
	value		500017c1
ARR 500017c1 (sz=30, trace=300000, nelems=15, elem type=char[])
OBJ 500017c2 (sz=24, trace=300000, class=java.lang.String@50000174)
	value		500017c3
ARR 500017c3 (sz=12, trace=300000, nelems=6, elem type=char[])
OBJ 500017c4 (sz=24, trace=300000, class=java.lang.String@50000174)
	value		500017c5
ARR 500017c5 (sz=12, trace=300000, nelems=6, elem type=char[])
OBJ 500017c6 (sz=24, trace=300000, class=java.lang.String@50000174)
	value		500017ca
ARR 500017c7 (sz=24, trace=300000, nelems=2, elem type=java.lang.Object[]@5000010e)
	[0]		500017c8
	[1]		50001538
OBJ 500017c8 (sz=24, trace=300000, class=java.lang.String@50000174)
	value		500017c9
ARR 500017c9 (sz=12, trace=300000, nelems=6, elem type=char[])
ARR 500017ca (sz=6, trace=300000, nelems=3, elem type=char[])
OBJ 500017cb (sz=24, trace=300000, class=java.lang.String@50000174)
	value		500017cc
ARR 500017cc (sz=12, trace=300000, nelems=6, elem type=char[])
OBJ 500017cd (sz=24, trace=300000, class=java.lang.String@50000174)
	value		500017ce
ARR 500017ce (sz=12, trace=300000, nelems=6, elem type=char[])
OBJ 500017cf (sz=24, trace=300000, class=java.lang.String@50000174)
	value		500017d3
ARR 500017d0 (sz=24, trace=300000, nelems=2, elem type=java.lang.Object[]@5000010e)
	[0]		500017d1
	[1]		50001548
OBJ 500017d1 (sz=24, trace=300000, class=java.lang.String@50000174)
	value		500017d2
ARR 500017d2 (sz=12, trace=300000, nelems=6, elem type=char[])
ARR 500017d3 (sz=36, trace=300000, nelems=18, elem type=char[])
OBJ 500017d4 (sz=24, trace=300000, class=java.lang.String@50000174)
	value		500017d5
ARR 500017d5 (sz=6, trace=300000, nelems=3, elem type=char[])
OBJ 500017d6 (sz=24, trace=300000, class=java.lang.String@50000174)
	value		500017d7
ARR 500017d7 (sz=6, trace=300000, nelems=3, elem type=char[])
OBJ 500017d8 (sz=24, trace=300000, class=java.lang.String@50000174)
	value		500017d9
ARR 500017d9 (sz=6, trace=300000, nelems=3, elem type=char[])
OBJ 500017da (sz=24, trace=300000, class=java.lang.String@50000174)
	value		500017db
ARR 500017db (sz=6, trace=300000, nelems=3, elem type=char[])
OBJ 500017dc (sz=24, trace=300000, class=java.lang.String@50000174)
	value		500017dd
ARR 500017dd (sz=6, trace=300000, nelems=3, elem type=char[])
OBJ 500017de (sz=24, trace=300000, class=java.lang.String@50000174)
	value		500017df
ARR 500017df (sz=30, trace=300000, nelems=15, elem type=char[])
OBJ 500017e0 (sz=24, trace=300000, class=java.lang.String@50000174)
	value		500017e1
ARR 500017e1 (sz=18, trace=300000, nelems=9, elem type=char[])
OBJ 500017e2 (sz=24, trace=300000, class=java.lang.String@50000174)
	value		500017e3
ARR 500017e3 (sz=26, trace=300000, nelems=13, elem type=char[])
OBJ 500017e4 (sz=24, trace=300000, class=java.lang.String@50000174)
	value		500017e5
ARR 500017e5 (sz=22, trace=300000, nelems=11, elem type=char[])
OBJ 500017e6 (sz=24, trace=300000, class=java.lang.String@50000174)
	value		500017e7
ARR 500017e7 (sz=22, trace=300000, nelems=11, elem type=char[])
OBJ 500017e8 (sz=24, trace=300000, class=java.lang.String@50000174)
	value		500017e9
ARR 500017e9 (sz=22, trace=300000, nelems=11, elem type=char[])
OBJ 500017ea (sz=24, trace=300000, class=java.lang.String@50000174)
	value		500017eb
ARR 500017eb (sz=22, trace=300000, nelems=11, elem type=char[])
OBJ 500017ec (sz=24, trace=300000, class=java.lang.String@50000174)
	value		500017ed
ARR 500017ed (sz=22, trace=300000, nelems=11, elem type=char[])
OBJ 500017ee (sz=24, trace=300000, class=java.lang.String@50000174)
	value		500017ef
ARR 500017ef (sz=22, trace=300000, nelems=11, elem type=char[])
ARR 500017f0 (sz=144, trace=300000, nelems=32, elem type=java.lang.Object[]@5000010e)
	[0]		500017f1
	[2]		500017f2
	[3]		500017f3
	[4]		500017f4
	[5]		500017f5
	[6]		500017f6
	[7]		500017f7
	[8]		500017f8
	[9]		500017f9
	[10]		500017fa
	[11]		500017fb
	[12]		500017fc
	[14]		500017fd
	[15]		500017fe
	[16]		500017ff
	[17]		50001800
	[18]		50001801
	[19]		50001802
	[22]		50001803
	[23]		50001804
	[24]		50001805
	[28]		50001806
	[29]		50001807
	[31]		50001808
ARR 500017f1 (sz=24, trace=300000, nelems=1, elem type=java.lang.Object[]@5000010e)
	[0]		50001584
ARR 500017f2 (sz=32, trace=300000, nelems=3, elem type=java.lang.Object[]@5000010e)
	[0]		50001576
	[2]		500018d1
ARR 500017f3 (sz=32, trace=300000, nelems=3, elem type=java.lang.Object[]@5000010e)
	[0]		5000156d
	[2]		500018d0
ARR 500017f4 (sz=32, trace=300000, nelems=3, elem type=java.lang.Object[]@5000010e)
	[0]		5000155f
	[2]		500018ce
ARR 500017f5 (sz=32, trace=300000, nelems=3, elem type=java.lang.Object[]@5000010e)
	[0]		50001556
	[2]		500018cd
ARR 500017f6 (sz=24, trace=300000, nelems=1, elem type=java.lang.Object[]@5000010e)
	[0]		50001552
ARR 500017f7 (sz=24, trace=300000, nelems=1, elem type=java.lang.Object[]@5000010e)
	[0]		5000154e
ARR 500017f8 (sz=32, trace=300000, nelems=3, elem type=java.lang.Object[]@5000010e)
	[0]		50001545
	[2]		500018cc
ARR 500017f9 (sz=32, trace=300000, nelems=3, elem type=java.lang.Object[]@5000010e)
	[0]		5000153c
	[2]		50001810
ARR 500017fa (sz=24, trace=300000, nelems=1, elem type=java.lang.Object[]@5000010e)
	[0]		50001538
ARR 500017fb (sz=32, trace=300000, nelems=3, elem type=java.lang.Object[]@5000010e)
	[0]		5000152f
	[2]		5000180f
ARR 500017fc (sz=24, trace=300000, nelems=1, elem type=java.lang.Object[]@5000010e)
	[0]		5000152b
ARR 500017fd (sz=24, trace=300000, nelems=1, elem type=java.lang.Object[]@5000010e)
	[0]		50001527
ARR 500017fe (sz=24, trace=300000, nelems=1, elem type=java.lang.Object[]@5000010e)
	[0]		50001523
ARR 500017ff (sz=32, trace=300000, nelems=3, elem type=java.lang.Object[]@5000010e)
	[0]		5000151a
	[2]		5000180e
ARR 50001800 (sz=32, trace=300000, nelems=3, elem type=java.lang.Object[]@5000010e)
	[0]		50001511
	[2]		5000180d
ARR 50001801 (sz=32, trace=300000, nelems=3, elem type=java.lang.Object[]@5000010e)
	[0]		50001503
	[2]		5000180b
ARR 50001802 (sz=32, trace=300000, nelems=3, elem type=java.lang.Object[]@5000010e)
	[0]		500014f5
	[2]		50001809
ARR 50001803 (sz=24, trace=300000, nelems=1, elem type=java.lang.Object[]@5000010e)
	[0]		500014f1
ARR 50001804 (sz=24, trace=300000, nelems=1, elem type=java.lang.Object[]@5000010e)
	[0]		500014ed
ARR 50001805 (sz=24, trace=300000, nelems=1, elem type=java.lang.Object[]@5000010e)
	[0]		500014e9
ARR 50001806 (sz=24, trace=300000, nelems=1, elem type=java.lang.Object[]@5000010e)
	[0]		500014e5
ARR 50001807 (sz=24, trace=300000, nelems=1, elem type=java.lang.Object[]@5000010e)
	[0]		500014e1
ARR 50001808 (sz=24, trace=300000, nelems=1, elem type=java.lang.Object[]@5000010e)
	[0]		500014dd
ARR 50001809 (sz=32, trace=300000, nelems=3, elem type=java.lang.Object[]@5000010e)
	[0]		500014f8
	[2]		5000180a
ARR 5000180a (sz=24, trace=300000, nelems=1, elem type=java.lang.Object[]@5000010e)
	[0]		500014fb
ARR 5000180b (sz=32, trace=300000, nelems=3, elem type=java.lang.Object[]@5000010e)
	[0]		50001506
	[2]		5000180c
ARR 5000180c (sz=24, trace=300000, nelems=1, elem type=java.lang.Object[]@5000010e)
	[0]		50001509
ARR 5000180d (sz=24, trace=300000, nelems=1, elem type=java.lang.Object[]@5000010e)
	[0]		50001514
ARR 5000180e (sz=24, trace=300000, nelems=1, elem type=java.lang.Object[]@5000010e)
	[0]		5000151d
ARR 5000180f (sz=24, trace=300000, nelems=1, elem type=java.lang.Object[]@5000010e)
	[0]		50001532
ARR 50001810 (sz=24, trace=300000, nelems=2, elem type=java.lang.Object[]@5000010e)
	[0]		5000153f
	[1]		500014bc
ARR 50001811 (sz=24, trace=300000, nelems=2, elem type=java.lang.String[]@500000ce)
	[0]		50001814
	[1]		500017bc
OBJ 50001812 (sz=24, trace=300000, class=java.lang.String@50000174)
	value		50001813
ARR 50001813 (sz=10, trace=300000, nelems=5, elem type=char[])
OBJ 50001814 (sz=24, trace=300000, class=java.lang.String@50000174)
	value		50001815
ARR 50001815 (sz=8, trace=300000, nelems=4, elem type=char[])
OBJ 50001816 (sz=24, trace=300000, class=java.lang.String@50000174)
	value		50001884
OBJ 50001817 (sz=24, trace=300000, class=java.lang.String@50000174)
	value		50001883
OBJ 50001818 (sz=24, trace=300000, class=java.lang.String@50000174)
	value		50001882
OBJ 50001819 (sz=24, trace=300000, class=java.lang.String@50000174)
	value		50001881
OBJ 5000181a (sz=24, trace=300000, class=java.lang.String@50000174)
	value		50001880
OBJ 5000181b (sz=24, trace=300000, class=java.lang.String@50000174)
	value		5000187f
OBJ 5000181c (sz=24, trace=300000, class=java.lang.String@50000174)
	value		5000187e
OBJ 5000181d (sz=24, trace=300000, class=java.lang.String@50000174)
	value		50001886
OBJ 5000181e (sz=24, trace=300000, class=java.lang.String@50000174)
	value		50001885
OBJ 5000181f (sz=24, trace=300000, class=java.lang.String@50000174)
	value		50001887
OBJ 50001820 (sz=24, trace=300000, class=java.lang.String@50000174)
	value		5000188a
OBJ 50001821 (sz=24, trace=300000, class=java.lang.String@50000174)
	value		50001889
OBJ 50001822 (sz=24, trace=300000, class=java.lang.String@50000174)
	value		50001888
OBJ 50001823 (sz=24, trace=300000, class=java.lang.String@50000174)
	value		5000188c
OBJ 50001824 (sz=24, trace=300000, class=java.lang.String@50000174)
	value		5000188b
OBJ 50001825 (sz=24, trace=300000, class=java.lang.String@50000174)
	value		5000188d
OBJ 50001826 (sz=24, trace=300000, class=java.lang.String@50000174)
	value		5000188e
OBJ 50001827 (sz=24, trace=300000, class=java.lang.String@50000174)
	value		5000188f
OBJ 50001828 (sz=24, trace=300000, class=java.lang.String@50000174)
	value		50001890
OBJ 50001829 (sz=24, trace=300000, class=java.lang.String@50000174)
	value		50001891
OBJ 5000182a (sz=24, trace=300000, class=java.lang.String@50000174)
	value		50001892
OBJ 5000182b (sz=24, trace=300000, class=java.lang.String@50000174)
	value		50001899
OBJ 5000182c (sz=24, trace=300000, class=java.lang.String@50000174)
	value		50001898
OBJ 5000182d (sz=24, trace=300000, class=java.lang.String@50000174)
	value		50001897
OBJ 5000182e (sz=24, trace=300000, class=java.lang.String@50000174)
	value		50001896
OBJ 5000182f (sz=24, trace=300000, class=java.lang.String@50000174)
	value		50001895
OBJ 50001830 (sz=24, trace=300000, class=java.lang.String@50000174)
	value		50001894
OBJ 50001831 (sz=24, trace=300000, class=java.lang.String@50000174)
	value		50001893
OBJ 50001832 (sz=24, trace=300000, class=java.lang.String@50000174)
	value		5000189d
OBJ 50001833 (sz=24, trace=300000, class=java.lang.String@50000174)
	value		5000189c
OBJ 50001834 (sz=24, trace=300000, class=java.lang.String@50000174)
	value		5000189b
OBJ 50001835 (sz=24, trace=300000, class=java.lang.String@50000174)
	value		5000189a
OBJ 50001836 (sz=24, trace=300000, class=java.lang.String@50000174)
	value		500018a0
OBJ 50001837 (sz=24, trace=300000, class=java.lang.String@50000174)
	value		5000189f
OBJ 50001838 (sz=24, trace=300000, class=java.lang.String@50000174)
	value		5000189e
OBJ 50001839 (sz=24, trace=300000, class=java.lang.String@50000174)
	value		500018a4
OBJ 5000183a (sz=24, trace=300000, class=java.lang.String@50000174)
	value		500018a3
OBJ 5000183b (sz=24, trace=300000, class=java.lang.String@50000174)
	value		500018a2
OBJ 5000183c (sz=24, trace=300000, class=java.lang.String@50000174)
	value		500018a1
OBJ 5000183d (sz=24, trace=300000, class=java.lang.String@50000174)
	value		500018a9
OBJ 5000183e (sz=24, trace=300000, class=java.lang.String@50000174)
	value		500018a8
OBJ 5000183f (sz=24, trace=300000, class=java.lang.String@50000174)
	value		500018a7
OBJ 50001840 (sz=24, trace=300000, class=java.lang.String@50000174)
	value		500018a6
OBJ 50001841 (sz=24, trace=300000, class=java.lang.String@50000174)
	value		500018a5
OBJ 50001842 (sz=24, trace=300000, class=java.lang.String@50000174)
	value		500018ad
OBJ 50001843 (sz=24, trace=300000, class=java.lang.String@50000174)
	value		500018ac
OBJ 50001844 (sz=24, trace=300000, class=java.lang.String@50000174)
	value		500018ab
OBJ 50001845 (sz=24, trace=300000, class=java.lang.String@50000174)
	value		500018aa
OBJ 50001846 (sz=24, trace=300000, class=java.lang.String@50000174)
	value		500018ae
OBJ 50001847 (sz=24, trace=300000, class=java.lang.String@50000174)
	value		500018ba
OBJ 50001848 (sz=24, trace=300000, class=java.lang.String@50000174)
	value		500018b9
OBJ 50001849 (sz=24, trace=300000, class=java.lang.String@50000174)
	value		500018b8
OBJ 5000184a (sz=24, trace=300000, class=java.lang.String@50000174)
	value		500018b7
OBJ 5000184b (sz=24, trace=300000, class=java.lang.String@50000174)
	value		500018b6
OBJ 5000184c (sz=24, trace=300000, class=java.lang.String@50000174)
	value		500018b5
OBJ 5000184d (sz=24, trace=300000, class=java.lang.String@50000174)
	value		500018b4
OBJ 5000184e (sz=24, trace=300000, class=java.lang.String@50000174)
	value		500018b3
OBJ 5000184f (sz=24, trace=300000, class=java.lang.String@50000174)
	value		500018b2
OBJ 50001850 (sz=24, trace=300000, class=java.lang.String@50000174)
	value		500018b1
OBJ 50001851 (sz=24, trace=300000, class=java.lang.String@50000174)
	value		500018b0
OBJ 50001852 (sz=24, trace=300000, class=java.lang.String@50000174)
	value		500018af
OBJ 50001853 (sz=24, trace=300000, class=java.lang.String@50000174)
	value		500018bb
OBJ 50001854 (sz=24, trace=300000, class=java.lang.String@50000174)
	value		500018bc
OBJ 50001855 (sz=24, trace=300000, class=java.lang.String@50000174)
	value		500018bd
OBJ 50001856 (sz=24, trace=300000, class=java.lang.String@50000174)
	value		500018be
OBJ 50001857 (sz=24, trace=300000, class=java.lang.String@50000174)
	value		500018bf
ARR 50001858 (sz=32, trace=300000, nelems=4, elem type=java.lang.String[]@500000ce)
	[0]		5000171b
	[1]		500016e1
	[2]		500016dd
	[3]		5000177c
ARR 50001859 (sz=40, trace=300000, nelems=5, elem type=java.lang.String[]@500000ce)
	[0]		50001725
	[1]		50001576
	[2]		500016e3
	[3]		50001786
	[4]		50001857
ARR 5000185a (sz=40, trace=300000, nelems=6, elem type=java.lang.String[]@500000ce)
	[0]		50001727
	[1]		50001584
	[2]		500016e5
	[3]		50001788
	[4]		50001856
	[5]		50001684
ARR 5000185b (sz=40, trace=300000, nelems=5, elem type=java.lang.String[]@500000ce)
	[0]		50001737
	[1]		50001686
	[2]		500016ae
	[3]		5000178c
	[4]		50001855
ARR 5000185c (sz=40, trace=300000, nelems=5, elem type=java.lang.String[]@500000ce)
	[0]		5000173c
	[1]		500014f8
	[2]		500016f3
	[3]		50001791
	[4]		50001854
ARR 5000185d (sz=40, trace=300000, nelems=5, elem type=java.lang.String[]@500000ce)
	[0]		50001741
	[1]		500016f5
	[2]		50001503
	[3]		50001796
	[4]		5000166c
ARR 5000185e (sz=40, trace=300000, nelems=5, elem type=java.lang.String[]@500000ce)
	[0]		50001745
	[1]		5000151a
	[2]		500016f7
	[3]		50001798
	[4]		50001853
ARR 5000185f (sz=40, trace=300000, nelems=5, elem type=java.lang.String[]@500000ce)
	[0]		5000174c
	[1]		500016f9
	[2]		50001523
	[3]		5000179a
	[4]		5000164e
ARR 50001860 (sz=32, trace=300000, nelems=4, elem type=java.lang.String[]@500000ce)
	[0]		50001701
	[1]		5000151d
	[2]		500016b0
	[3]		50001731
ARR 50001861 (sz=32, trace=300000, nelems=4, elem type=java.lang.String[]@500000ce)
	[0]		50001739
	[1]		500016fd
	[2]		500016f1
	[3]		5000178e
ARR 50001862 (sz=40, trace=300000, nelems=6, elem type=java.lang.String[]@500000ce)
	[0]		500016ed
	[1]		50001506
	[2]		500016a2
	[3]		50001715
	[4]		500017a1
	[5]		5000166a
ARR 50001863 (sz=24, trace=300000, nelems=2, elem type=java.lang.String[]@500000ce)
	[0]		500016c2
	[1]		50001654
ARR 50001864 (sz=24, trace=300000, nelems=2, elem type=java.lang.String[]@500000ce)
	[0]		500016c5
	[1]		50001656
ARR 50001865 (sz=24, trace=300000, nelems=2, elem type=java.lang.String[]@500000ce)
	[0]		500016c7
	[1]		5000165a
ARR 50001866 (sz=24, trace=300000, nelems=2, elem type=java.lang.String[]@500000ce)
	[0]		500016c9
	[1]		5000165c
ARR 50001867 (sz=32, trace=300000, nelems=3, elem type=java.lang.String[]@500000ce)
	[0]		500016cb
	[1]		5000165e
	[2]		500017a3
ARR 50001868 (sz=24, trace=300000, nelems=2, elem type=java.lang.String[]@500000ce)
	[0]		500016cd
	[1]		50001660
ARR 50001869 (sz=24, trace=300000, nelems=1, elem type=java.lang.String[]@500000ce)
	[0]		500017b4
ARR 5000186a (sz=32, trace=300000, nelems=3, elem type=java.lang.String[]@500000ce)
	[0]		500017b6
	[1]		50001733
	[2]		50001690
ARR 5000186b (sz=80, trace=300000, nelems=15, elem type=java.lang.String[]@500000ce)
	[0]		50001847
	[1]		500016a8
	[2]		50001848
	[3]		50001849
	[4]		5000184a
	[5]		5000184b
	[6]		5000184c
	[7]		500017aa
	[8]		500017d4
	[9]		5000184d
	[10]		5000184e
	[11]		5000184f
	[12]		50001850
	[13]		50001851
	[14]		50001852
ARR 5000186c (sz=32, trace=300000, nelems=4, elem type=java.lang.String[]@500000ce)
	[0]		500016b9
	[1]		500016ac
	[2]		50001766
	[3]		50001846
ARR 5000186d (sz=72, trace=300000, nelems=13, elem type=java.lang.String[]@500000ce)
	[0]		5000176e
	[1]		500017c2
	[2]		500016e7
	[3]		50001842
	[4]		50001843
	[5]		50001844
	[6]		5000170b
	[7]		50001743
	[8]		50001758
	[9]		5000172d
	[10]		500017d6
	[11]		500017ac
	[12]		50001845
ARR 5000186e (sz=80, trace=300000, nelems=16, elem type=java.lang.String[]@500000ce)
	[0]		50001770
	[1]		500017c4
	[2]		500016ff
	[3]		5000183d
	[4]		5000183e
	[5]		5000183f
	[6]		50001840
	[7]		50001698
	[8]		5000175f
	[9]		50001841
	[10]		50001679
	[11]		50001729
	[12]		5000171f
	[13]		500017c6
	[14]		5000179f
	[15]		5000168a
ARR 5000186f (sz=64, trace=300000, nelems=12, elem type=java.lang.String[]@500000ce)
	[0]		50001772
	[1]		500017c8
	[2]		500016e9
	[3]		50001839
	[4]		5000183a
	[5]		5000183b
	[6]		5000174a
	[7]		50001768
	[8]		50001756
	[9]		500017ae
	[10]		500017d8
	[11]		5000183c
ARR 50001870 (sz=72, trace=300000, nelems=13, elem type=java.lang.String[]@500000ce)
	[0]		50001774
	[1]		5000168e
	[2]		500017cb
	[3]		50001709
	[4]		50001836
	[5]		50001837
	[6]		5000170d
	[7]		50001747
	[8]		5000176a
	[9]		5000175a
	[10]		500017b0
	[11]		500017da
	[12]		50001838
ARR 50001871 (sz=72, trace=300000, nelems=13, elem type=java.lang.String[]@500000ce)
	[0]		50001776
	[1]		500017cd
	[2]		50001717
	[3]		50001832
	[4]		50001833
	[5]		50001834
	[6]		5000170f
	[7]		50001750
	[8]		5000176c
	[9]		5000175d
	[10]		500017b2
	[11]		500017dc
	[12]		50001835
ARR 50001872 (sz=72, trace=300000, nelems=14, elem type=java.lang.String[]@500000ce)
	[0]		50001719
	[1]		5000182b
	[2]		50001711
	[3]		50001754
	[4]		5000182c
	[5]		5000179c
	[6]		5000182d
	[7]		500017be
	[8]		5000182e
	[9]		5000182f
	[10]		50001830
	[11]		50001549
	[12]		500017d1
	[13]		50001831
ARR 50001873 (sz=24, trace=300000, nelems=2, elem type=java.lang.String[]@500000ce)
	[0]		500014ea
	[1]		5000182a
ARR 50001874 (sz=24, trace=300000, nelems=2, elem type=java.lang.String[]@500000ce)
	[0]		500014fc
	[1]		50001829
ARR 50001875 (sz=24, trace=300000, nelems=2, elem type=java.lang.String[]@500000ce)
	[0]		50001566
	[1]		50001828
ARR 50001876 (sz=24, trace=300000, nelems=2, elem type=java.lang.String[]@500000ce)
	[0]		500014de
	[1]		50001827
ARR 50001877 (sz=24, trace=300000, nelems=2, elem type=java.lang.String[]@500000ce)
	[0]		5000157a
	[1]		50001826
ARR 50001878 (sz=24, trace=300000, nelems=1, elem type=java.lang.String[]@500000ce)
	[0]		50001825
ARR 50001879 (sz=32, trace=300000, nelems=3, elem type=java.lang.String[]@500000ce)
	[0]		5000157d
	[1]		50001823
	[2]		50001824
ARR 5000187a (sz=32, trace=300000, nelems=4, elem type=java.lang.String[]@500000ce)
	[0]		5000154f
	[1]		50001820
	[2]		50001821
	[3]		50001822
ARR 5000187b (sz=32, trace=300000, nelems=4, elem type=java.lang.String[]@500000ce)
	[0]		5000155a
	[1]		500016eb
	[2]		5000169a
	[3]		5000181f
ARR 5000187c (sz=24, trace=300000, nelems=2, elem type=java.lang.String[]@500000ce)
	[0]		5000181d
	[1]		5000181e
ARR 5000187d (sz=72, trace=300000, nelems=14, elem type=java.lang.String[]@500000ce)
	[0]		50001793
	[1]		50001816
	[2]		50001817
	[3]		50001818
	[4]		50001819
	[5]		500016aa
	[6]		5000181a
	[7]		500016a6
	[8]		5000181b
	[9]		500016d9
	[10]		50001761
	[11]		50001662
	[12]		5000181c
	[13]		50001696
ARR 5000187e (sz=28, trace=300000, nelems=14, elem type=char[])
ARR 5000187f (sz=14, trace=300000, nelems=7, elem type=char[])
ARR 50001880 (sz=12, trace=300000, nelems=6, elem type=char[])
ARR 50001881 (sz=18, trace=300000, nelems=9, elem type=char[])
ARR 50001882 (sz=10, trace=300000, nelems=5, elem type=char[])
ARR 50001883 (sz=32, trace=300000, nelems=16, elem type=char[])
ARR 50001884 (sz=28, trace=300000, nelems=14, elem type=char[])
ARR 50001885 (sz=16, trace=300000, nelems=8, elem type=char[])
ARR 50001886 (sz=10, trace=300000, nelems=5, elem type=char[])
ARR 50001887 (sz=20, trace=300000, nelems=10, elem type=char[])
ARR 50001888 (sz=36, trace=300000, nelems=18, elem type=char[])
ARR 50001889 (sz=20, trace=300000, nelems=10, elem type=char[])
ARR 5000188a (sz=30, trace=300000, nelems=15, elem type=char[])
ARR 5000188b (sz=42, trace=300000, nelems=21, elem type=char[])
ARR 5000188c (sz=20, trace=300000, nelems=10, elem type=char[])
ARR 5000188d (sz=26, trace=300000, nelems=13, elem type=char[])
ARR 5000188e (sz=10, trace=300000, nelems=5, elem type=char[])
ARR 5000188f (sz=20, trace=300000, nelems=10, elem type=char[])
ARR 50001890 (sz=20, trace=300000, nelems=10, elem type=char[])
ARR 50001891 (sz=24, trace=300000, nelems=12, elem type=char[])
ARR 50001892 (sz=24, trace=300000, nelems=12, elem type=char[])
ARR 50001893 (sz=18, trace=300000, nelems=9, elem type=char[])
ARR 50001894 (sz=30, trace=300000, nelems=15, elem type=char[])
ARR 50001895 (sz=18, trace=300000, nelems=9, elem type=char[])
ARR 50001896 (sz=14, trace=300000, nelems=7, elem type=char[])
ARR 50001897 (sz=22, trace=300000, nelems=11, elem type=char[])
ARR 50001898 (sz=12, trace=300000, nelems=6, elem type=char[])
ARR 50001899 (sz=20, trace=300000, nelems=10, elem type=char[])
ARR 5000189a (sz=22, trace=300000, nelems=11, elem type=char[])
ARR 5000189b (sz=18, trace=300000, nelems=9, elem type=char[])
ARR 5000189c (sz=30, trace=300000, nelems=15, elem type=char[])
ARR 5000189d (sz=20, trace=300000, nelems=10, elem type=char[])
ARR 5000189e (sz=22, trace=300000, nelems=11, elem type=char[])
ARR 5000189f (sz=30, trace=300000, nelems=15, elem type=char[])
ARR 500018a0 (sz=20, trace=300000, nelems=10, elem type=char[])
ARR 500018a1 (sz=36, trace=300000, nelems=18, elem type=char[])
ARR 500018a2 (sz=18, trace=300000, nelems=9, elem type=char[])
ARR 500018a3 (sz=30, trace=300000, nelems=15, elem type=char[])
ARR 500018a4 (sz=20, trace=300000, nelems=10, elem type=char[])
ARR 500018a5 (sz=30, trace=300000, nelems=15, elem type=char[])
ARR 500018a6 (sz=16, trace=300000, nelems=8, elem type=char[])
ARR 500018a7 (sz=16, trace=300000, nelems=8, elem type=char[])
ARR 500018a8 (sz=30, trace=300000, nelems=15, elem type=char[])
ARR 500018a9 (sz=20, trace=300000, nelems=10, elem type=char[])
ARR 500018aa (sz=22, trace=300000, nelems=11, elem type=char[])
ARR 500018ab (sz=18, trace=300000, nelems=9, elem type=char[])
ARR 500018ac (sz=30, trace=300000, nelems=15, elem type=char[])
ARR 500018ad (sz=20, trace=300000, nelems=10, elem type=char[])
ARR 500018ae (sz=20, trace=300000, nelems=10, elem type=char[])
ARR 500018af (sz=30, trace=300000, nelems=15, elem type=char[])
ARR 500018b0 (sz=22, trace=300000, nelems=11, elem type=char[])
ARR 500018b1 (sz=22, trace=300000, nelems=11, elem type=char[])
ARR 500018b2 (sz=4, trace=300000, nelems=2, elem type=char[])
ARR 500018b3 (sz=12, trace=300000, nelems=6, elem type=char[])
ARR 500018b4 (sz=12, trace=300000, nelems=6, elem type=char[])
ARR 500018b5 (sz=14, trace=300000, nelems=7, elem type=char[])
ARR 500018b6 (sz=12, trace=300000, nelems=6, elem type=char[])
ARR 500018b7 (sz=20, trace=300000, nelems=10, elem type=char[])
ARR 500018b8 (sz=20, trace=300000, nelems=10, elem type=char[])
ARR 500018b9 (sz=22, trace=300000, nelems=11, elem type=char[])
ARR 500018ba (sz=22, trace=300000, nelems=11, elem type=char[])
ARR 500018bb (sz=16, trace=300000, nelems=8, elem type=char[])
ARR 500018bc (sz=16, trace=300000, nelems=8, elem type=char[])
ARR 500018bd (sz=48, trace=300000, nelems=24, elem type=char[])
ARR 500018be (sz=16, trace=300000, nelems=8, elem type=char[])
ARR 500018bf (sz=16, trace=300000, nelems=8, elem type=char[])
ARR 500018c0 (sz=20, trace=300000, nelems=10, elem type=char[])
ARR 500018c1 (sz=32, trace=300000, nelems=4, elem type=java.lang.String[]@500000ce)
	[0]		500014b1
	[1]		500014b2
	[2]		500014b3
	[3]		500014b4
OBJ 500018c2 (sz=24, trace=300000, class=java.lang.String@50000174)
	value		500018c8
OBJ 500018c3 (sz=24, trace=300000, class=java.lang.String@50000174)
	value		500018c9
OBJ 500018c4 (sz=24, trace=300000, class=java.lang.String@50000174)
	value		500018ca
OBJ 500018c5 (sz=16, trace=300000, class=java.nio.charset.CodingErrorAction@50000094)
	name		500018c4
OBJ 500018c6 (sz=16, trace=300000, class=java.nio.charset.CodingErrorAction@50000094)
	name		500018c3
OBJ 500018c7 (sz=16, trace=300000, class=java.nio.charset.CodingErrorAction@50000094)
	name		500018c2
ARR 500018c8 (sz=12, trace=300000, nelems=6, elem type=char[])
ARR 500018c9 (sz=14, trace=300000, nelems=7, elem type=char[])
ARR 500018ca (sz=12, trace=300000, nelems=6, elem type=char[])
ARR 500018cb (sz=6, trace=300000, nelems=3, elem type=char[])
ARR 500018cc (sz=24, trace=300000, nelems=1, elem type=java.lang.Object[]@5000010e)
	[0]		50001548
ARR 500018cd (sz=24, trace=300000, nelems=1, elem type=java.lang.Object[]@5000010e)
	[0]		50001559
ARR 500018ce (sz=32, trace=300000, nelems=3, elem type=java.lang.Object[]@5000010e)
	[0]		50001562
	[2]		500018cf
ARR 500018cf (sz=24, trace=300000, nelems=1, elem type=java.lang.Object[]@5000010e)
	[0]		50001565
ARR 500018d0 (sz=24, trace=300000, nelems=1, elem type=java.lang.Object[]@5000010e)
	[0]		50001570
ARR 500018d1 (sz=32, trace=300000, nelems=3, elem type=java.lang.Object[]@5000010e)
	[0]		50001579
	[2]		500018d2
ARR 500018d2 (sz=24, trace=300000, nelems=1, elem type=java.lang.Object[]@5000010e)
	[0]		5000157c
OBJ 500018d3 (sz=16, trace=300000, class=java.util.concurrent.atomic.AtomicInteger@500000b9)
OBJ 500018d4 (sz=24, trace=300000, class=java.lang.String@50000174)
	value		500018d9
OBJ 500018d5 (sz=32, trace=300000, class=java.lang.ref.ReferenceQueue$Null@500000d8)
	lock		500018d8
OBJ 500018d6 (sz=32, trace=300000, class=java.lang.ref.ReferenceQueue$Null@500000d8)
	lock		500018d7
OBJ 500018d7 (sz=16, trace=300000, class=java.lang.ref.ReferenceQueue$Lock@500000d7)
OBJ 500018d8 (sz=16, trace=300000, class=java.lang.ref.ReferenceQueue$Lock@500000d7)
ARR 500018d9 (sz=34, trace=300000, nelems=17, elem type=char[])
OBJ 500018da (sz=32, trace=300000, class=java.lang.ref.ReferenceQueue@50000152)
	lock		500018db
OBJ 500018db (sz=16, trace=300000, class=java.lang.ref.ReferenceQueue$Lock@500000d7)
ARR 500018dc (sz=16, trace=300000, nelems=0, elem type=java.lang.Throwable[]@50000106)
OBJ 500018dd (sz=24, trace=300000, class=java.lang.String@50000174)
	value		500018e7
OBJ 500018de (sz=24, trace=300000, class=java.lang.String@50000174)
	value		500018e6
OBJ 500018df (sz=24, trace=300000, class=java.lang.String@50000174)
	value		500018e5
OBJ 500018e0 (sz=24, trace=300000, class=java.lang.String@50000174)
	value		500018e4
OBJ 500018e1 (sz=24, trace=300000, class=java.util.Collections$UnmodifiableRandomAccessList@500000d9)
	c		500018e3
	list		500018e3
ARR 500018e2 (sz=16, trace=300000, nelems=0, elem type=java.lang.StackTraceElement[]@500000fa)
OBJ 500018e3 (sz=24, trace=300000, class=java.util.ArrayList@500000e3)
	elementData	500013e9
ARR 500018e4 (sz=66, trace=300000, nelems=33, elem type=char[])
ARR 500018e5 (sz=60, trace=300000, nelems=30, elem type=char[])
ARR 500018e6 (sz=22, trace=300000, nelems=11, elem type=char[])
ARR 500018e7 (sz=24, trace=300000, nelems=12, elem type=char[])
ARR 500018e8 (sz=26, trace=300000, nelems=13, elem type=char[])
ARR 500018e9 (sz=38, trace=300000, nelems=19, elem type=char[])
ARR 500018ea (sz=2, trace=300000, nelems=1, elem type=char[])
ARR 500018eb (sz=26, trace=300000, nelems=13, elem type=char[])
ARR 500018ec (sz=20, trace=300000, nelems=10, elem type=char[])
OBJ 500018ed (sz=24, trace=300000, class=java.lang.String@50000174)
	value		50001905
OBJ 500018ee (sz=24, trace=300000, class=java.lang.String@50000174)
	value		50001904
OBJ 500018ef (sz=24, trace=300000, class=java.lang.String@50000174)
	value		50001903
OBJ 500018f0 (sz=24, trace=300000, class=java.lang.String@50000174)
	value		50001902
OBJ 500018f1 (sz=24, trace=300000, class=java.lang.String@50000174)
	value		50001901
OBJ 500018f2 (sz=24, trace=300000, class=java.lang.String@50000174)
	value		50001900
OBJ 500018f3 (sz=24, trace=300000, class=java.lang.String@50000174)
	value		500018ff
OBJ 500018f4 (sz=24, trace=300000, class=java.lang.String@50000174)
	value		500018fe
ARR 500018f5 (sz=32, trace=300000, nelems=16, elem type=char[])
OBJ 500018f6 (sz=24, trace=300000, class=java.util.BitSet@5000002d)
	words		500018f7
ARR 500018f7 (sz=32, trace=300000, nelems=4, elem type=long[])
OBJ 500018f8 (sz=24, trace=300000, class=java.lang.String@50000174)
	value		500018fc
ARR 500018f9 (sz=24, trace=300000, nelems=1, elem type=java.io.ObjectStreamField[]@50000100)
	[0]		500018fa
OBJ 500018fa (sz=40, trace=300000, class=java.io.ObjectStreamField@50000102)
	name		500018f8
	signature	500018fb
	type		50000179
OBJ 500018fb (sz=24, trace=300000, class=java.lang.String@50000174)
	value		500018fd
ARR 500018fc (sz=8, trace=300000, nelems=4, elem type=char[])
ARR 500018fd (sz=4, trace=300000, nelems=2, elem type=char[])
ARR 500018fe (sz=10, trace=300000, nelems=5, elem type=char[])
ARR 500018ff (sz=16, trace=300000, nelems=8, elem type=char[])
ARR 50001900 (sz=14, trace=300000, nelems=7, elem type=char[])
ARR 50001901 (sz=4, trace=300000, nelems=2, elem type=char[])
ARR 50001902 (sz=14, trace=300000, nelems=7, elem type=char[])
ARR 50001903 (sz=2, trace=300000, nelems=1, elem type=char[])
ARR 50001904 (sz=24, trace=300000, nelems=12, elem type=char[])
ARR 50001905 (sz=18, trace=300000, nelems=9, elem type=char[])
OBJ 50001906 (sz=24, trace=300000, class=java.lang.String@50000174)
	value		5000191b
OBJ 50001907 (sz=24, trace=300000, class=java.lang.String@50000174)
	value		5000191a
OBJ 50001908 (sz=24, trace=300000, class=java.lang.String@50000174)
	value		50001919
OBJ 50001909 (sz=24, trace=300000, class=java.lang.String@50000174)
	value		50001918
OBJ 5000190a (sz=24, trace=300000, class=java.lang.String@50000174)
	value		50001916
OBJ 5000190b (sz=24, trace=300000, class=java.lang.String@50000174)
	value		50001915
OBJ 5000190c (sz=24, trace=300000, class=java.lang.String@50000174)
	value		50001914
OBJ 5000190d (sz=24, trace=300000, class=java.lang.String@50000174)
	value		50001910
OBJ 5000190e (sz=24, trace=300000, class=java.lang.String@50000174)
	value		5000190f
ARR 5000190f (sz=30, trace=300000, nelems=15, elem type=char[])
ARR 50001910 (sz=18, trace=300000, nelems=9, elem type=char[])
OBJ 50001911 (sz=24, trace=300000, class=java.lang.String@50000174)
	value		50001912
ARR 50001912 (sz=6, trace=300000, nelems=3, elem type=char[])
ARR 50001913 (sz=62, trace=300000, nelems=31, elem type=char[])
ARR 50001914 (sz=10, trace=300000, nelems=5, elem type=char[])
ARR 50001915 (sz=90, trace=300000, nelems=45, elem type=char[])
ARR 50001916 (sz=98, trace=300000, nelems=49, elem type=char[])
ARR 50001917 (sz=8, trace=300000, nelems=4, elem type=char[])
ARR 50001918 (sz=80, trace=300000, nelems=40, elem type=char[])
ARR 50001919 (sz=76, trace=300000, nelems=38, elem type=char[])
ARR 5000191a (sz=54, trace=300000, nelems=27, elem type=char[])
ARR 5000191b (sz=24, trace=300000, nelems=12, elem type=char[])
OBJ 5000191c (sz=32, trace=300000, class=java.lang.ref.ReferenceQueue@50000152)
	lock		5000191e
ARR 5000191d (sz=80, trace=300000, nelems=0, elem type=java.util.WeakHashMap$Entry[]@50000046)
OBJ 5000191e (sz=16, trace=300000, class=java.lang.ref.ReferenceQueue$Lock@500000d7)
OBJ 5000191f (sz=16, trace=300000, class=java.lang.Object@50000178)
OBJ 50001920 (sz=24, trace=300000, class=java.lang.String@50000174)
	value		5000192b
OBJ 50001921 (sz=24, trace=300000, class=java.lang.String@50000174)
	value		5000192a
OBJ 50001922 (sz=24, trace=300000, class=java.lang.String@50000174)
	value		50001929
OBJ 50001923 (sz=16, trace=300000, class=sun.misc.Launcher@5000011d)
	loader		50000f56
OBJ 50001924 (sz=16, trace=300000, class=sun.misc.Launcher$Factory@5000004a)
OBJ 50001925 (sz=24, trace=300000, class=java.lang.String@50000174)
	value		50001928
OBJ 50001926 (sz=24, trace=300000, class=java.lang.String@50000174)
	value		50001927
ARR 50001927 (sz=6, trace=300000, nelems=3, elem type=char[])
ARR 50001928 (sz=30, trace=300000, nelems=15, elem type=char[])
ARR 50001929 (sz=38, trace=300000, nelems=19, elem type=char[])
ARR 5000192a (sz=42, trace=300000, nelems=21, elem type=char[])
ARR 5000192b (sz=26, trace=300000, nelems=13, elem type=char[])
ARR 5000192c (sz=56, trace=300000, nelems=0, elem type=java.lang.Object[]@5000010e)
OBJ 5000192d (sz=16, trace=300000, class=java.security.ProtectionDomain$Key@50000008)
	this$0		500011b8
ARR 5000192e (sz=16, trace=300000, nelems=0, elem type=java.security.Principal[]@50000006)
OBJ 5000192f (sz=32, trace=300000, class=java.security.CodeSource@5000011a)
OBJ 50001930 (sz=16, trace=300000, class=java.util.HashSet@50000005)
	map		50001931
OBJ 50001931 (sz=48, trace=300000, class=java.util.HashMap@500000cc)
ARR 50001932 (sz=56, trace=300000, nelems=0, elem type=java.lang.Object[]@5000010e)
OBJ 50001933 (sz=16, trace=300000, class=sun.net.www.protocol.jar.Handler@50000003)
OBJ 50001934 (sz=48, trace=300000, class=java.util.HashMap@500000cc)
OBJ 50001935 (sz=24, trace=300000, class=java.util.ArrayList@500000e3)
	elementData	500013e8
OBJ 50001936 (sz=32, trace=300000, class=java.util.Stack@500000e8)
	elementData	50001948
OBJ 50001937 (sz=24, trace=300000, class=java.util.ArrayList@500000e3)
	elementData	50001938
ARR 50001938 (sz=56, trace=300000, nelems=5, elem type=java.lang.Object[]@5000010e)
	[0]		50001939
	[1]		5000193a
	[2]		5000193b
	[3]		5000193c
	[4]		5000193d
OBJ 50001939 (sz=64, trace=300000, class=java.net.URL@5000011f)
	protocol	500013a7
	host		5000104b
	file		50001946
	authority	5000104b
	path		50001946
	handler		500013a5
OBJ 5000193a (sz=64, trace=300000, class=java.net.URL@5000011f)
	protocol	500013a7
	host		5000104b
	file		50001944
	authority	5000104b
	path		50001944
	handler		500013a5
OBJ 5000193b (sz=64, trace=300000, class=java.net.URL@5000011f)
	protocol	500013a7
	host		5000104b
	file		50001942
	authority	5000104b
	path		50001942
	handler		500013a5
OBJ 5000193c (sz=64, trace=300000, class=java.net.URL@5000011f)
	protocol	500013a7
	host		5000104b
	file		50001940
	authority	5000104b
	path		50001940
	handler		500013a5
OBJ 5000193d (sz=64, trace=300000, class=java.net.URL@5000011f)
	protocol	500013a7
	host		5000104b
	file		5000193e
	authority	5000104b
	path		5000193e
	handler		500013a5
OBJ 5000193e (sz=24, trace=300000, class=java.lang.String@50000174)
	value		5000193f
ARR 5000193f (sz=74, trace=300000, nelems=37, elem type=char[])
OBJ 50001940 (sz=24, trace=300000, class=java.lang.String@50000174)
	value		50001941
ARR 50001941 (sz=82, trace=300000, nelems=41, elem type=char[])
OBJ 50001942 (sz=24, trace=300000, class=java.lang.String@50000174)
	value		50001943
ARR 50001943 (sz=74, trace=300000, nelems=37, elem type=char[])
OBJ 50001944 (sz=24, trace=300000, class=java.lang.String@50000174)
	value		50001945
ARR 50001945 (sz=82, trace=300000, nelems=41, elem type=char[])
OBJ 50001946 (sz=24, trace=300000, class=java.lang.String@50000174)
	value		50001947
ARR 50001947 (sz=74, trace=300000, nelems=37, elem type=char[])
ARR 50001948 (sz=56, trace=300000, nelems=5, elem type=java.lang.Object[]@5000010e)
	[0]		5000193d
	[1]		5000193c
	[2]		5000193b
	[3]		5000193a
	[4]		50001939
OBJ 50001949 (sz=32, trace=300000, class=java.lang.ref.ReferenceQueue@50000152)
	lock		5000194b
ARR 5000194a (sz=80, trace=300000, nelems=0, elem type=java.util.WeakHashMap$Entry[]@50000046)
OBJ 5000194b (sz=16, trace=300000, class=java.lang.ref.ReferenceQueue$Lock@500000d7)
ARR 5000194c (sz=56, trace=300000, nelems=1, elem type=java.lang.Object[]@5000010e)
	[0]		50001354
ARR 5000194d (sz=56, trace=300000, nelems=1, elem type=java.lang.Object[]@5000010e)
	[0]		5000194e
OBJ 5000194e (sz=40, trace=300000, class=java.lang.ClassLoader$NativeLibrary@5000005a)
	fromClass	5000016d
	name		50001354
ARR 5000194f (sz=56, trace=300000, nelems=0, elem type=java.lang.Object[]@5000010e)
OBJ 50001950 (sz=24, trace=300000, class=java.lang.String@50000174)
	value		50001959
OBJ 50001951 (sz=24, trace=300000, class=java.lang.String@50000174)
	value		50001958
OBJ 50001952 (sz=24, trace=300000, class=java.lang.String@50000174)
	value		50001957
OBJ 50001953 (sz=24, trace=300000, class=java.lang.String@50000174)
	value		50001956
OBJ 50001954 (sz=24, trace=300000, class=java.lang.String@50000174)
	value		50001955
ARR 50001955 (sz=16, trace=300000, nelems=8, elem type=char[])
ARR 50001956 (sz=8, trace=300000, nelems=4, elem type=char[])
ARR 50001957 (sz=12, trace=300000, nelems=6, elem type=char[])
ARR 50001958 (sz=20, trace=300000, nelems=10, elem type=char[])
ARR 50001959 (sz=56, trace=300000, nelems=28, elem type=char[])
OBJ 5000195a (sz=24, trace=300000, class=java.util.Collections$SetFromMap@50000045)
	m		5000195c
	s		5000195b
OBJ 5000195b (sz=16, trace=300000, class=java.util.WeakHashMap$KeySet@50000044)
	this$0		5000195c
OBJ 5000195c (sz=48, trace=300000, class=java.util.WeakHashMap@500000ad)
	keySet		5000195b
	table		5000195e
	queue		5000195d
OBJ 5000195d (sz=32, trace=300000, class=java.lang.ref.ReferenceQueue@50000152)
	lock		50001963
ARR 5000195e (sz=80, trace=300000, nelems=14, elem type=java.util.WeakHashMap$Entry[]@50000046)
	[4]		5000195f
	[6]		50001960
	[13]		50001961
OBJ 5000195f (sz=40, trace=300000, class=java.util.WeakHashMap$Entry@50000047)
	referent	50000120
	queue		5000195d
	value		50001182
OBJ 50001960 (sz=40, trace=300000, class=java.util.WeakHashMap$Entry@50000047)
	referent	50000164
	queue		5000195d
	value		50001182
	next		50001964
OBJ 50001961 (sz=40, trace=300000, class=java.util.WeakHashMap$Entry@50000047)
	referent	5000011c
	queue		5000195d
	value		50001182
	next		50001962
OBJ 50001962 (sz=40, trace=300000, class=java.util.WeakHashMap$Entry@50000047)
	referent	5000011b
	queue		5000195d
	value		50001182
OBJ 50001963 (sz=16, trace=300000, class=java.lang.ref.ReferenceQueue$Lock@500000d7)
OBJ 50001964 (sz=40, trace=300000, class=java.util.WeakHashMap$Entry@50000047)
	referent	5000016e
	queue		5000195d
	value		50001182
ARR 50001965 (sz=42, trace=300000, nelems=21, elem type=char[])
ARR 50001966 (sz=34, trace=300000, nelems=17, elem type=char[])
OBJ 50001967 (sz=24, trace=300000, class=java.lang.String@50000174)
	value		50001968
ARR 50001968 (sz=48, trace=300000, nelems=24, elem type=char[])
OBJ 50001969 (sz=24, trace=300000, class=java.lang.String@50000174)
	value		5000196e
OBJ 5000196a (sz=24, trace=300000, class=java.lang.String@50000174)
	value		5000196d
OBJ 5000196b (sz=24, trace=300000, class=java.lang.String@50000174)
	value		5000196c
ARR 5000196c (sz=28, trace=300000, nelems=14, elem type=char[])
ARR 5000196d (sz=28, trace=300000, nelems=14, elem type=char[])
ARR 5000196e (sz=28, trace=300000, nelems=14, elem type=char[])
OBJ 5000196f (sz=24, trace=300000, class=java.lang.String@50000174)
	value		50001970
ARR 50001970 (sz=40, trace=300000, nelems=20, elem type=char[])
ARR 50001971 (sz=14, trace=300000, nelems=7, elem type=char[])
ARR 50001972 (sz=44, trace=300000, nelems=22, elem type=char[])
ARR 50001973 (sz=56, trace=300000, nelems=28, elem type=char[])
ARR 50001974 (sz=74, trace=300000, nelems=37, elem type=char[])
ARR 50001975 (sz=58, trace=300000, nelems=29, elem type=char[])
ARR 50001976 (sz=4, trace=300000, nelems=2, elem type=char[])
ARR 50001977 (sz=54, trace=300000, nelems=27, elem type=char[])
OBJ 50001978 (sz=24, trace=300000, class=java.lang.String@50000174)
	value		50001979
ARR 50001979 (sz=64, trace=300000, nelems=32, elem type=char[])
OBJ 5000197a (sz=24, trace=300000, class=java.lang.String@50000174)
	value		5000197e
OBJ 5000197b (sz=32, trace=300000, class=java.util.concurrent.atomic.AtomicReferenceFieldUpdater$AtomicReferenceFieldUpdaterImpl@50000080)
	cclass		50000082
	tclass		50000082
	vclass		5000017c
OBJ 5000197c (sz=24, trace=300000, class=java.lang.String@50000174)
	value		5000197d
ARR 5000197d (sz=26, trace=300000, nelems=13, elem type=char[])
ARR 5000197e (sz=6, trace=300000, nelems=3, elem type=char[])
OBJ 5000197f (sz=24, trace=300000, class=java.io.OutputStreamWriter@50000078)
	lock		50001065
	se		50001984
OBJ 50001980 (sz=40, trace=300000, class=java.io.BufferedWriter@5000006b)
	lock		5000197f
	out		5000197f
	cb		50001983
	lineSeparator	50001062
OBJ 50001981 (sz=24, trace=300000, class=java.io.BufferedOutputStream@5000007a)
	out		5000106d
	buf		50001982
ARR 50001982 (sz=128, trace=300000, nelems=128, elem type=byte[])
ARR 50001983 (sz=16384, trace=300000, nelems=8192, elem type=char[])
OBJ 50001984 (sz=48, trace=300000, class=sun.nio.cs.StreamEncoder@50000077)
	lock		5000197f
	cs		500014bc
	encoder		50001986
	bb		50001985
	out		50001065
OBJ 50001985 (sz=48, trace=300000, class=java.nio.HeapByteBuffer@50000071)
	hb		50001988
OBJ 50001986 (sz=56, trace=300000, class=sun.nio.cs.UTF_8$Encoder@50000073)
	charset		500014bc
	replacement	50001987
	malformedInputAction	500018c6
	unmappableCharacterAction	500018c6
ARR 50001987 (sz=1, trace=300000, nelems=1, elem type=byte[])
ARR 50001988 (sz=8192, trace=300000, nelems=8192, elem type=byte[])
ARR 50001989 (sz=28, trace=300000, nelems=14, elem type=char[])
OBJ 5000198a (sz=24, trace=300000, class=java.lang.String@50000174)
	value		5000198b
ARR 5000198b (sz=36, trace=300000, nelems=18, elem type=char[])
OBJ 5000198c (sz=24, trace=300000, class=java.io.OutputStreamWriter@50000078)
	lock		50001064
	se		50001991
OBJ 5000198d (sz=40, trace=300000, class=java.io.BufferedWriter@5000006b)
	lock		5000198c
	out		5000198c
	cb		50001990
	lineSeparator	50001062
OBJ 5000198e (sz=24, trace=300000, class=java.io.BufferedOutputStream@5000007a)
	out		5000106f
	buf		5000198f
ARR 5000198f (sz=128, trace=300000, nelems=128, elem type=byte[])
ARR 50001990 (sz=16384, trace=300000, nelems=8192, elem type=char[])
OBJ 50001991 (sz=48, trace=300000, class=sun.nio.cs.StreamEncoder@50000077)
	lock		5000198c
	cs		500014bc
	encoder		50001993
	bb		50001992
	out		50001064
OBJ 50001992 (sz=48, trace=300000, class=java.nio.HeapByteBuffer@50000071)
	hb		50001995
OBJ 50001993 (sz=56, trace=300000, class=sun.nio.cs.UTF_8$Encoder@50000073)
	charset		500014bc
	replacement	50001994
	malformedInputAction	500018c6
	unmappableCharacterAction	500018c6
ARR 50001994 (sz=1, trace=300000, nelems=1, elem type=byte[])
ARR 50001995 (sz=8192, trace=300000, nelems=8192, elem type=byte[])
OBJ 50001996 (sz=24, trace=300000, class=java.util.Collections$SynchronizedSet@50000091)
	c		500019d4
	mutex		50001063
ARR 50001997 (sz=400, trace=300000, nelems=92, elem type=java.util.Hashtable$Entry[]@500000c5)
	[0]		50001998
	[9]		50001999
	[11]		5000199a
	[13]		5000199b
	[16]		5000199c
	[17]		5000199d
	[18]		5000199e
	[19]		5000199f
	[21]		500019a0
	[22]		500019a1
	[24]		500019a2
	[26]		500019a3
	[27]		500019a4
	[33]		500019a5
	[38]		500019a6
	[39]		500019a7
	[40]		500019a8
	[41]		500019a9
	[44]		500019aa
	[47]		500019ab
	[49]		500019ac
	[54]		500019ad
	[57]		500019ae
	[63]		500019af
	[65]		500019b0
	[67]		500019b1
	[70]		500019b2
	[72]		500019b3
	[74]		500019b4
	[76]		500019b5
	[79]		500019b6
	[80]		500019b7
	[81]		500019b8
	[82]		500019b9
	[88]		500019ba
	[91]		500019bb
OBJ 50001998 (sz=32, trace=300000, class=java.util.Hashtable$Entry@500000c6)
	key		50001179
	value		50001178
OBJ 50001999 (sz=32, trace=300000, class=java.util.Hashtable$Entry@500000c6)
	key		50001175
	value		50001174
	next		500019d3
OBJ 5000199a (sz=32, trace=300000, class=java.util.Hashtable$Entry@500000c6)
	key		50001168
	value		50001167
OBJ 5000199b (sz=32, trace=300000, class=java.util.Hashtable$Entry@500000c6)
	key		50001164
	value		50001163
OBJ 5000199c (sz=32, trace=300000, class=java.util.Hashtable$Entry@500000c6)
	key		50001160
	value		5000115f
OBJ 5000199d (sz=32, trace=300000, class=java.util.Hashtable$Entry@500000c6)
	key		5000115c
	value		5000115b
OBJ 5000199e (sz=32, trace=300000, class=java.util.Hashtable$Entry@500000c6)
	key		50001158
	value		50001157
OBJ 5000199f (sz=32, trace=300000, class=java.util.Hashtable$Entry@500000c6)
	key		50001154
	value		5000190d
OBJ 500019a0 (sz=32, trace=300000, class=java.util.Hashtable$Entry@500000c6)
	key		5000114c
	value		500019d1
OBJ 500019a1 (sz=32, trace=300000, class=java.util.Hashtable$Entry@500000c6)
	key		50001147
	value		50001146
OBJ 500019a2 (sz=32, trace=300000, class=java.util.Hashtable$Entry@500000c6)
	key		50001143
	value		50001142
	next		500019d0
OBJ 500019a3 (sz=32, trace=300000, class=java.util.Hashtable$Entry@500000c6)
	key		5000113a
	value		50001139
	next		500019cf
OBJ 500019a4 (sz=32, trace=300000, class=java.util.Hashtable$Entry@500000c6)
	key		50001131
	value		50001130
OBJ 500019a5 (sz=32, trace=300000, class=java.util.Hashtable$Entry@500000c6)
	key		5000112d
	value		5000112c
	next		500019ce
OBJ 500019a6 (sz=32, trace=300000, class=java.util.Hashtable$Entry@500000c6)
	key		50001120
	value		5000111f
	next		500019cd
OBJ 500019a7 (sz=32, trace=300000, class=java.util.Hashtable$Entry@500000c6)
	key		5000111b
	value		5000111a
OBJ 500019a8 (sz=32, trace=300000, class=java.util.Hashtable$Entry@500000c6)
	key		50001117
	value		50001116
OBJ 500019a9 (sz=32, trace=300000, class=java.util.Hashtable$Entry@500000c6)
	key		50001113
	value		50001112
OBJ 500019aa (sz=32, trace=300000, class=java.util.Hashtable$Entry@500000c6)
	key		5000110f
	value		5000110e
OBJ 500019ab (sz=32, trace=300000, class=java.util.Hashtable$Entry@500000c6)
	key		5000110b
	value		5000110a
OBJ 500019ac (sz=32, trace=300000, class=java.util.Hashtable$Entry@500000c6)
	key		50001103
	value		50001102
	next		500019cc
OBJ 500019ad (sz=32, trace=300000, class=java.util.Hashtable$Entry@500000c6)
	key		500010fe
	value		500010fd
OBJ 500019ae (sz=32, trace=300000, class=java.util.Hashtable$Entry@500000c6)
	key		500010fa
	value		50000f55
OBJ 500019af (sz=32, trace=300000, class=java.util.Hashtable$Entry@500000c6)
	key		500010f7
	value		500010f6
OBJ 500019b0 (sz=32, trace=300000, class=java.util.Hashtable$Entry@500000c6)
	key		500010f3
	value		500010f2
OBJ 500019b1 (sz=32, trace=300000, class=java.util.Hashtable$Entry@500000c6)
	key		500010ec
	value		500010eb
	next		500019cb
OBJ 500019b2 (sz=32, trace=300000, class=java.util.Hashtable$Entry@500000c6)
	key		500010e3
	value		500010e2
	next		500019ca
OBJ 500019b3 (sz=32, trace=300000, class=java.util.Hashtable$Entry@500000c6)
	key		500010de
	value		500010dd
OBJ 500019b4 (sz=32, trace=300000, class=java.util.Hashtable$Entry@500000c6)
	key		500019c7
	value		500019c6
OBJ 500019b5 (sz=32, trace=300000, class=java.util.Hashtable$Entry@500000c6)
	key		500010d6
	value		500010d5
	next		500019c5
OBJ 500019b6 (sz=32, trace=300000, class=java.util.Hashtable$Entry@500000c6)
	key		500010c8
	value		500010c7
	next		500019c3
OBJ 500019b7 (sz=32, trace=300000, class=java.util.Hashtable$Entry@500000c6)
	key		500010bf
	value		500010be
	next		500019c2
OBJ 500019b8 (sz=32, trace=300000, class=java.util.Hashtable$Entry@500000c6)
	key		500010ba
	value		500010b9
OBJ 500019b9 (sz=32, trace=300000, class=java.util.Hashtable$Entry@500000c6)
	key		500010b2
	value		500010b1
	next		500019c1
OBJ 500019ba (sz=32, trace=300000, class=java.util.Hashtable$Entry@500000c6)
	key		500010a9
	value		500010a8
	next		500019c0
OBJ 500019bb (sz=32, trace=300000, class=java.util.Hashtable$Entry@500000c6)
	key		500019bd
	value		500019bc
OBJ 500019bc (sz=24, trace=300000, class=java.lang.String@50000174)
	value		500019bf
OBJ 500019bd (sz=24, trace=300000, class=java.lang.String@50000174)
	value		500019be
ARR 500019be (sz=34, trace=300000, nelems=17, elem type=char[])
ARR 500019bf (sz=62, trace=300000, nelems=31, elem type=char[])
OBJ 500019c0 (sz=32, trace=300000, class=java.util.Hashtable$Entry@500000c6)
	key		500010ad
	value		500010ac
OBJ 500019c1 (sz=32, trace=300000, class=java.util.Hashtable$Entry@500000c6)
	key		500010b6
	value		500010b5
OBJ 500019c2 (sz=32, trace=300000, class=java.util.Hashtable$Entry@500000c6)
	key		500010c3
	value		500010c2
OBJ 500019c3 (sz=32, trace=300000, class=java.util.Hashtable$Entry@500000c6)
	key		500010cd
	value		500010cc
	next		500019c4
OBJ 500019c4 (sz=32, trace=300000, class=java.util.Hashtable$Entry@500000c6)
	key		500010d1
	value		500010d0
OBJ 500019c5 (sz=32, trace=300000, class=java.util.Hashtable$Entry@500000c6)
	key		500010da
	value		500010d9
OBJ 500019c6 (sz=24, trace=300000, class=java.lang.String@50000174)
	value		500019c9
OBJ 500019c7 (sz=24, trace=300000, class=java.lang.String@50000174)
	value		500019c8
ARR 500019c8 (sz=40, trace=300000, nelems=20, elem type=char[])
ARR 500019c9 (sz=26, trace=300000, nelems=13, elem type=char[])
OBJ 500019ca (sz=32, trace=300000, class=java.util.Hashtable$Entry@500000c6)
	key		500010e7
	value		500010e6
OBJ 500019cb (sz=32, trace=300000, class=java.util.Hashtable$Entry@500000c6)
	key		500010ef
	value		50001062
OBJ 500019cc (sz=32, trace=300000, class=java.util.Hashtable$Entry@500000c6)
	key		50001107
	value		50001106
OBJ 500019cd (sz=32, trace=300000, class=java.util.Hashtable$Entry@500000c6)
	key		50001124
	value		50001123
OBJ 500019ce (sz=32, trace=300000, class=java.util.Hashtable$Entry@500000c6)
	key		50001129
	value		50001128
OBJ 500019cf (sz=32, trace=300000, class=java.util.Hashtable$Entry@500000c6)
	key		50001136
	value		50001135
OBJ 500019d0 (sz=32, trace=300000, class=java.util.Hashtable$Entry@500000c6)
	key		5000113f
	value		5000113e
OBJ 500019d1 (sz=24, trace=300000, class=java.lang.String@50000174)
	value		500019d2
ARR 500019d2 (sz=20, trace=300000, nelems=10, elem type=char[])
OBJ 500019d3 (sz=32, trace=300000, class=java.util.Hashtable$Entry@500000c6)
	key		50001171
	value		50001170
OBJ 500019d4 (sz=16, trace=300000, class=java.util.Hashtable$EntrySet@50000093)
	this$0		50001063
OBJ 500019d5 (sz=24, trace=300000, class=java.lang.String@50000174)
	value		500019dd
OBJ 500019d6 (sz=24, trace=300000, class=java.lang.String@50000174)
	value		500019dc
OBJ 500019d7 (sz=24, trace=300000, class=java.lang.String@50000174)
	value		500019db
OBJ 500019d8 (sz=16, trace=300000, class=java.lang.Terminator$1@50000057)
OBJ 500019d9 (sz=24, trace=300000, class=sun.misc.NativeSignalHandler@50000055)
OBJ 500019da (sz=24, trace=300000, class=sun.misc.NativeSignalHandler@50000055)
ARR 500019db (sz=8, trace=300000, nelems=4, elem type=char[])
ARR 500019dc (sz=6, trace=300000, nelems=3, elem type=char[])
ARR 500019dd (sz=6, trace=300000, nelems=3, elem type=char[])
OBJ 500019de (sz=48, trace=300000, class=java.util.Hashtable@5000014b)
	table		500019e7
OBJ 500019df (sz=48, trace=300000, class=java.util.Hashtable@5000014b)
	table		500019e0
ARR 500019e0 (sz=32, trace=300000, nelems=4, elem type=java.util.Hashtable$Entry[]@500000c5)
	[1]		500019e1
	[2]		500019e2
	[3]		500019e3
OBJ 500019e1 (sz=32, trace=300000, class=java.util.Hashtable$Entry@500000c6)
	key		500019e6
	value		500019d8
OBJ 500019e2 (sz=32, trace=300000, class=java.util.Hashtable$Entry@500000c6)
	key		500019e5
	value		500019d8
OBJ 500019e3 (sz=32, trace=300000, class=java.util.Hashtable$Entry@500000c6)
	key		500019e4
	value		500019d8
OBJ 500019e4 (sz=24, trace=300000, class=sun.misc.Signal@50000056)
	name		500019d7
OBJ 500019e5 (sz=24, trace=300000, class=sun.misc.Signal@50000056)
	name		500019d6
OBJ 500019e6 (sz=24, trace=300000, class=sun.misc.Signal@50000056)
	name		500019d5
ARR 500019e7 (sz=32, trace=300000, nelems=4, elem type=java.util.Hashtable$Entry[]@500000c5)
	[1]		500019e8
	[2]		500019e9
	[3]		500019ea
OBJ 500019e8 (sz=32, trace=300000, class=java.util.Hashtable$Entry@500000c6)
	key		50001265
	value		500019e6
OBJ 500019e9 (sz=32, trace=300000, class=java.util.Hashtable$Entry@500000c6)
	key		50001266
	value		500019e5
OBJ 500019ea (sz=32, trace=300000, class=java.util.Hashtable$Entry@500000c6)
	key		50001273
	value		500019e4
OBJ 500019eb (sz=24, trace=300000, class=java.lang.String@50000174)
	value		500019ec
ARR 500019ec (sz=8, trace=300000, nelems=4, elem type=char[])
ARR 500019ed (sz=6, trace=300000, nelems=3, elem type=char[])
ARR 500019ee (sz=38, trace=300000, nelems=19, elem type=char[])
ARR 500019ef (sz=38, trace=300000, nelems=19, elem type=char[])
ARR 500019f0 (sz=12, trace=300000, nelems=6, elem type=char[])
OBJ 500019f1 (sz=24, trace=300000, class=java.lang.String@50000174)
	value		50001baf
OBJ 500019f2 (sz=24, trace=300000, class=java.lang.String@50000174)
	value		50001a39
OBJ 500019f3 (sz=24, trace=300000, class=java.lang.String@50000174)
	value		50001bae
OBJ 500019f4 (sz=24, trace=300000, class=java.lang.String@50000174)
	value		50001bad
OBJ 500019f5 (sz=24, trace=300000, class=java.lang.String@50000174)
	value		50001bac
OBJ 500019f6 (sz=24, trace=300000, class=java.lang.String@50000174)
	value		50001bab
OBJ 500019f7 (sz=24, trace=300000, class=java.lang.String@50000174)
	value		50001b21
OBJ 500019f8 (sz=24, trace=300000, class=java.lang.String@50000174)
	value		50001b1d
OBJ 500019f9 (sz=24, trace=300000, class=java.lang.String@50000174)
	value		50001b20
OBJ 500019fa (sz=24, trace=300000, class=java.lang.String@50000174)
	value		50001b1f
OBJ 500019fb (sz=24, trace=300000, class=java.lang.String@50000174)
	value		50001b1c
OBJ 500019fc (sz=24, trace=300000, class=java.lang.String@50000174)
	value		50001b1e
OBJ 500019fd (sz=24, trace=300000, class=java.lang.String@50000174)
	value		50001a69
OBJ 500019fe (sz=24, trace=300000, class=java.lang.String@50000174)
	value		50001a8b
OBJ 500019ff (sz=24, trace=300000, class=java.lang.String@50000174)
	value		50001b36
OBJ 50001a00 (sz=24, trace=300000, class=java.lang.String@50000174)
	value		50001a56
OBJ 50001a01 (sz=24, trace=300000, class=java.lang.String@50000174)
	value		50001a82
OBJ 50001a02 (sz=24, trace=300000, class=java.lang.String@50000174)
	value		50001a94
OBJ 50001a03 (sz=24, trace=300000, class=java.lang.String@50000174)
	value		50001a60
OBJ 50001a04 (sz=24, trace=300000, class=java.lang.String@50000174)
	value		50001a71
OBJ 50001a05 (sz=24, trace=300000, class=java.lang.String@50000174)
	value		50001ae2
OBJ 50001a06 (sz=24, trace=300000, class=java.lang.String@50000174)
	value		50001aaa
OBJ 50001a07 (sz=24, trace=300000, class=java.lang.String@50000174)
	value		50001ab3
OBJ 50001a08 (sz=24, trace=300000, class=java.lang.String@50000174)
	value		50001a83
OBJ 50001a09 (sz=24, trace=300000, class=java.lang.String@50000174)
	value		50001acb
OBJ 50001a0a (sz=24, trace=300000, class=java.lang.String@50000174)
	value		50001a61
OBJ 50001a0b (sz=24, trace=300000, class=java.lang.String@50000174)
	value		50001a3a
OBJ 50001a0c (sz=24, trace=300000, class=java.lang.String@50000174)
	value		50001abc
OBJ 50001a0d (sz=24, trace=300000, class=java.lang.String@50000174)
	value		50001a57
ARR 50001a0e (sz=40, trace=300000, nelems=6, elem type=java.io.ObjectStreamField[]@50000100)
	[0]		50001b16
	[1]		50001b17
	[2]		50001b18
	[3]		50001b19
	[4]		50001b1a
	[5]		50001b1b
OBJ 50001a0f (sz=32, trace=300000, class=java.util.Locale@5000002c)
	baseLocale	50001abd
	languageTag	500009e5
OBJ 50001a10 (sz=32, trace=300000, class=java.util.Locale@5000002c)
	baseLocale	50001aea
OBJ 50001a11 (sz=32, trace=300000, class=java.util.Locale@5000002c)
	baseLocale	50001a58
OBJ 50001a12 (sz=32, trace=300000, class=java.util.Locale@5000002c)
	baseLocale	50001ac4
OBJ 50001a13 (sz=32, trace=300000, class=java.util.Locale@5000002c)
	baseLocale	50001a38
OBJ 50001a14 (sz=32, trace=300000, class=java.util.Locale@5000002c)
	baseLocale	50001aab
OBJ 50001a15 (sz=32, trace=300000, class=java.util.Locale@5000002c)
	baseLocale	50001ae3
OBJ 50001a16 (sz=32, trace=300000, class=java.util.Locale@5000002c)
	baseLocale	50001a62
OBJ 50001a17 (sz=32, trace=300000, class=java.util.Locale@5000002c)
	baseLocale	50001a8c
OBJ 50001a18 (sz=32, trace=300000, class=java.util.Locale@5000002c)
	baseLocale	50001acc
OBJ 50001a19 (sz=32, trace=300000, class=java.util.Locale@5000002c)
	baseLocale	50001a84
OBJ 50001a1a (sz=32, trace=300000, class=java.util.Locale@5000002c)
	baseLocale	50001ab4
OBJ 50001a1b (sz=32, trace=300000, class=java.util.Locale@5000002c)
	baseLocale	50001a72
OBJ 50001a1c (sz=32, trace=300000, class=java.util.Locale@5000002c)
	baseLocale	50001ad3
OBJ 50001a1d (sz=32, trace=300000, class=java.util.Locale@5000002c)
	baseLocale	50001a6a
OBJ 50001a1e (sz=32, trace=300000, class=java.util.Locale@5000002c)
	baseLocale	50001a95
OBJ 50001a1f (sz=32, trace=300000, class=java.util.Locale@5000002c)
	baseLocale	50001ada
OBJ 50001a20 (sz=32, trace=300000, class=java.util.Locale@5000002c)
	baseLocale	50001a7a
OBJ 50001a21 (sz=32, trace=300000, class=java.util.Locale@5000002c)
	baseLocale	50001aa2
	languageTag	50000a07
OBJ 50001a22 (sz=24, trace=300000, class=java.util.Locale$Cache@5000002a)
	map		50001a24
	queue		50001a23
OBJ 50001a23 (sz=32, trace=300000, class=java.lang.ref.ReferenceQueue@50000152)
	lock		50001aee
OBJ 50001a24 (sz=64, trace=300000, class=java.util.concurrent.ConcurrentHashMap@50000028)
	table		50001a25
ARR 50001a25 (sz=144, trace=300000, nelems=31, elem type=java.util.concurrent.ConcurrentHashMap$Node[]@50000020)
	[0]		50001a26
	[1]		50001a27
	[2]		50001a28
	[4]		50001a29
	[5]		50001a2a
	[8]		50001a2b
	[9]		50001a2c
	[10]		50001a2d
	[14]		50001a2e
	[16]		50001a2f
	[20]		50001a30
	[22]		50001a31
	[23]		50001a32
	[26]		50001a33
	[27]		50001a34
	[30]		50001a35
OBJ 50001a26 (sz=32, trace=300000, class=java.util.concurrent.ConcurrentHashMap$Node@50000021)
	key		50001b13
	val		50001b12
	next		50001b11
OBJ 50001a27 (sz=32, trace=300000, class=java.util.concurrent.ConcurrentHashMap$Node@50000021)
	key		50001b10
	val		50001b0f
OBJ 50001a28 (sz=32, trace=300000, class=java.util.concurrent.ConcurrentHashMap$Node@50000021)
	key		50001b0e
	val		50001b0d
OBJ 50001a29 (sz=32, trace=300000, class=java.util.concurrent.ConcurrentHashMap$Node@50000021)
	key		50001b0c
	val		50001b0b
OBJ 50001a2a (sz=32, trace=300000, class=java.util.concurrent.ConcurrentHashMap$Node@50000021)
	key		50001b0a
	val		50001b09
OBJ 50001a2b (sz=32, trace=300000, class=java.util.concurrent.ConcurrentHashMap$Node@50000021)
	key		50001b06
	val		50001b05
	next		50001b04
OBJ 50001a2c (sz=32, trace=300000, class=java.util.concurrent.ConcurrentHashMap$Node@50000021)
	key		50001b03
	val		50001b02
OBJ 50001a2d (sz=32, trace=300000, class=java.util.concurrent.ConcurrentHashMap$Node@50000021)
	key		50001b01
	val		50001b00
OBJ 50001a2e (sz=32, trace=300000, class=java.util.concurrent.ConcurrentHashMap$Node@50000021)
	key		50001aff
	val		50001afe
OBJ 50001a2f (sz=32, trace=300000, class=java.util.concurrent.ConcurrentHashMap$Node@50000021)
	key		50001afd
	val		50001afc
OBJ 50001a30 (sz=32, trace=300000, class=java.util.concurrent.ConcurrentHashMap$Node@50000021)
	key		50001afb
	val		50001afa
OBJ 50001a31 (sz=32, trace=300000, class=java.util.concurrent.ConcurrentHashMap$Node@50000021)
	key		50001af9
	val		50001af8
OBJ 50001a32 (sz=32, trace=300000, class=java.util.concurrent.ConcurrentHashMap$Node@50000021)
	key		50001af7
	val		50001af6
OBJ 50001a33 (sz=32, trace=300000, class=java.util.concurrent.ConcurrentHashMap$Node@50000021)
	key		50001af5
	val		50001af4
OBJ 50001a34 (sz=32, trace=300000, class=java.util.concurrent.ConcurrentHashMap$Node@50000021)
	key		50001af1
	val		50001af0
	next		50001aef
OBJ 50001a35 (sz=32, trace=300000, class=java.util.concurrent.ConcurrentHashMap$Node@50000021)
	key		50001a37
	val		50001a36
OBJ 50001a36 (sz=48, trace=300000, class=sun.util.locale.LocaleObjectCache$CacheEntry@50000016)
	referent	50001a13
	queue		50001a23
	key		50001a37
OBJ 50001a37 (sz=24, trace=300000, class=java.util.Locale$LocaleKey@50000015)
	base		50001a38
OBJ 50001a38 (sz=32, trace=300000, class=sun.util.locale.BaseLocale@50000019)
	language	500019f2
	script		5000104b
	region		50001a0b
	variant		5000104b
ARR 50001a39 (sz=4, trace=300000, nelems=2, elem type=char[])
ARR 50001a3a (sz=4, trace=300000, nelems=2, elem type=char[])
OBJ 50001a3b (sz=24, trace=300000, class=java.lang.String@50000174)
	value		50001aed
OBJ 50001a3c (sz=24, trace=300000, class=java.lang.String@50000174)
	value		50001aec
OBJ 50001a3d (sz=24, trace=300000, class=java.lang.String@50000174)
	value		50001aeb
OBJ 50001a3e (sz=24, trace=300000, class=sun.util.locale.BaseLocale$Cache@50000018)
	map		50001a42
	queue		50001a41
OBJ 50001a3f (sz=24, trace=300000, class=java.lang.String@50000174)
	value		50001a40
ARR 50001a40 (sz=2, trace=300000, nelems=1, elem type=char[])
OBJ 50001a41 (sz=32, trace=300000, class=java.lang.ref.ReferenceQueue@50000152)
	lock		50001a59
OBJ 50001a42 (sz=64, trace=300000, class=java.util.concurrent.ConcurrentHashMap@50000028)
	table		50001a43
ARR 50001a43 (sz=144, trace=300000, nelems=27, elem type=java.util.concurrent.ConcurrentHashMap$Node[]@50000020)
	[0]		50001a44
	[1]		50001a45
	[4]		50001a46
	[7]		50001a47
	[8]		50001a48
	[9]		50001a49
	[11]		50001a4a
	[12]		50001a4b
	[14]		50001a4c
	[23]		50001a4d
	[25]		50001a4e
	[26]		50001a4f
OBJ 50001a44 (sz=32, trace=300000, class=java.util.concurrent.ConcurrentHashMap$Node@50000021)
	key		50001add
	val		50001adc
	next		50001adb
OBJ 50001a45 (sz=32, trace=300000, class=java.util.concurrent.ConcurrentHashMap$Node@50000021)
	key		50001ad5
	val		50001ad4
OBJ 50001a46 (sz=32, trace=300000, class=java.util.concurrent.ConcurrentHashMap$Node@50000021)
	key		50001ace
	val		50001acd
OBJ 50001a47 (sz=32, trace=300000, class=java.util.concurrent.ConcurrentHashMap$Node@50000021)
	key		50001ac6
	val		50001ac5
OBJ 50001a48 (sz=32, trace=300000, class=java.util.concurrent.ConcurrentHashMap$Node@50000021)
	key		50001aa5
	val		50001aa4
	next		50001aa3
OBJ 50001a49 (sz=32, trace=300000, class=java.util.concurrent.ConcurrentHashMap$Node@50000021)
	key		50001a9d
	val		50001a9c
OBJ 50001a4a (sz=32, trace=300000, class=java.util.concurrent.ConcurrentHashMap$Node@50000021)
	key		50001a8f
	val		50001a8e
	next		50001a8d
OBJ 50001a4b (sz=32, trace=300000, class=java.util.concurrent.ConcurrentHashMap$Node@50000021)
	key		50001a75
	val		50001a74
	next		50001a73
OBJ 50001a4c (sz=32, trace=300000, class=java.util.concurrent.ConcurrentHashMap$Node@50000021)
	key		50001a6c
	val		50001a6b
OBJ 50001a4d (sz=32, trace=300000, class=java.util.concurrent.ConcurrentHashMap$Node@50000021)
	key		50001a64
	val		50001a63
OBJ 50001a4e (sz=32, trace=300000, class=java.util.concurrent.ConcurrentHashMap$Node@50000021)
	key		50001a5b
	val		50001a5a
OBJ 50001a4f (sz=32, trace=300000, class=java.util.concurrent.ConcurrentHashMap$Node@50000021)
	key		50001a51
	val		50001a50
OBJ 50001a50 (sz=48, trace=300000, class=sun.util.locale.LocaleObjectCache$CacheEntry@50000016)
	referent	50001a58
	queue		50001a41
	key		50001a51
OBJ 50001a51 (sz=40, trace=300000, class=sun.util.locale.BaseLocale$Key@50000017)
	lang		50001a55
	scrt		50001a54
	regn		50001a53
	vart		50001a52
OBJ 50001a52 (sz=40, trace=300000, class=java.lang.ref.SoftReference@50000158)
	referent	5000104b
	queue		500018d6
OBJ 50001a53 (sz=40, trace=300000, class=java.lang.ref.SoftReference@50000158)
	referent	50001a0d
	queue		500018d6
OBJ 50001a54 (sz=40, trace=300000, class=java.lang.ref.SoftReference@50000158)
	referent	5000104b
	queue		500018d6
OBJ 50001a55 (sz=40, trace=300000, class=java.lang.ref.SoftReference@50000158)
	referent	50001a00
	queue		500018d6
ARR 50001a56 (sz=4, trace=300000, nelems=2, elem type=char[])
ARR 50001a57 (sz=4, trace=300000, nelems=2, elem type=char[])
OBJ 50001a58 (sz=32, trace=300000, class=sun.util.locale.BaseLocale@50000019)
	language	50001a00
	script		5000104b
	region		50001a0d
	variant		5000104b
OBJ 50001a59 (sz=16, trace=300000, class=java.lang.ref.ReferenceQueue$Lock@500000d7)
OBJ 50001a5a (sz=48, trace=300000, class=sun.util.locale.LocaleObjectCache$CacheEntry@50000016)
	referent	50001a62
	queue		50001a41
	key		50001a5b
OBJ 50001a5b (sz=40, trace=300000, class=sun.util.locale.BaseLocale$Key@50000017)
	lang		50001a5f
	scrt		50001a5e
	regn		50001a5d
	vart		50001a5c
OBJ 50001a5c (sz=40, trace=300000, class=java.lang.ref.SoftReference@50000158)
	referent	5000104b
	queue		500018d6
OBJ 50001a5d (sz=40, trace=300000, class=java.lang.ref.SoftReference@50000158)
	referent	50001a0a
	queue		500018d6
OBJ 50001a5e (sz=40, trace=300000, class=java.lang.ref.SoftReference@50000158)
	referent	5000104b
	queue		500018d6
OBJ 50001a5f (sz=40, trace=300000, class=java.lang.ref.SoftReference@50000158)
	referent	50001a03
	queue		500018d6
ARR 50001a60 (sz=4, trace=300000, nelems=2, elem type=char[])
ARR 50001a61 (sz=4, trace=300000, nelems=2, elem type=char[])
OBJ 50001a62 (sz=32, trace=300000, class=sun.util.locale.BaseLocale@50000019)
	language	50001a03
	script		5000104b
	region		50001a0a
	variant		5000104b
OBJ 50001a63 (sz=48, trace=300000, class=sun.util.locale.LocaleObjectCache$CacheEntry@50000016)
	referent	50001a6a
	queue		50001a41
	key		50001a64
OBJ 50001a64 (sz=40, trace=300000, class=sun.util.locale.BaseLocale$Key@50000017)
	lang		50001a68
	scrt		50001a67
	regn		50001a66
	vart		50001a65
OBJ 50001a65 (sz=40, trace=300000, class=java.lang.ref.SoftReference@50000158)
	referent	5000104b
	queue		500018d6
OBJ 50001a66 (sz=40, trace=300000, class=java.lang.ref.SoftReference@50000158)
	referent	5000104b
	queue		500018d6
OBJ 50001a67 (sz=40, trace=300000, class=java.lang.ref.SoftReference@50000158)
	referent	5000104b
	queue		500018d6
OBJ 50001a68 (sz=40, trace=300000, class=java.lang.ref.SoftReference@50000158)
	referent	500019fd
	queue		500018d6
ARR 50001a69 (sz=4, trace=300000, nelems=2, elem type=char[])
OBJ 50001a6a (sz=32, trace=300000, class=sun.util.locale.BaseLocale@50000019)
	language	500019fd
	script		5000104b
	region		5000104b
	variant		5000104b
OBJ 50001a6b (sz=48, trace=300000, class=sun.util.locale.LocaleObjectCache$CacheEntry@50000016)
	referent	50001a72
	queue		50001a41
	key		50001a6c
OBJ 50001a6c (sz=40, trace=300000, class=sun.util.locale.BaseLocale$Key@50000017)
	lang		50001a70
	scrt		50001a6f
	regn		50001a6e
	vart		50001a6d
OBJ 50001a6d (sz=40, trace=300000, class=java.lang.ref.SoftReference@50000158)
	referent	5000104b
	queue		500018d6
OBJ 50001a6e (sz=40, trace=300000, class=java.lang.ref.SoftReference@50000158)
	referent	5000104b
	queue		500018d6
OBJ 50001a6f (sz=40, trace=300000, class=java.lang.ref.SoftReference@50000158)
	referent	5000104b
	queue		500018d6
OBJ 50001a70 (sz=40, trace=300000, class=java.lang.ref.SoftReference@50000158)
	referent	50001a04
	queue		500018d6
ARR 50001a71 (sz=4, trace=300000, nelems=2, elem type=char[])
OBJ 50001a72 (sz=32, trace=300000, class=sun.util.locale.BaseLocale@50000019)
	language	50001a04
	script		5000104b
	region		5000104b
	variant		5000104b
OBJ 50001a73 (sz=32, trace=300000, class=java.util.concurrent.ConcurrentHashMap$Node@50000021)
	key		50001a7d
	val		50001a7c
	next		50001a7b
OBJ 50001a74 (sz=48, trace=300000, class=sun.util.locale.LocaleObjectCache$CacheEntry@50000016)
	referent	50001a7a
	queue		50001a41
	key		50001a75
OBJ 50001a75 (sz=40, trace=300000, class=sun.util.locale.BaseLocale$Key@50000017)
	lang		50001a79
	scrt		50001a78
	regn		50001a77
	vart		50001a76
OBJ 50001a76 (sz=40, trace=300000, class=java.lang.ref.SoftReference@50000158)
	referent	5000104b
	queue		500018d6
OBJ 50001a77 (sz=40, trace=300000, class=java.lang.ref.SoftReference@50000158)
	referent	5000104b
	queue		500018d6
OBJ 50001a78 (sz=40, trace=300000, class=java.lang.ref.SoftReference@50000158)
	referent	5000104b
	queue		500018d6
OBJ 50001a79 (sz=40, trace=300000, class=java.lang.ref.SoftReference@50000158)
	referent	50001a00
	queue		500018d6
OBJ 50001a7a (sz=32, trace=300000, class=sun.util.locale.BaseLocale@50000019)
	language	50001a00
	script		5000104b
	region		5000104b
	variant		5000104b
OBJ 50001a7b (sz=32, trace=300000, class=java.util.concurrent.ConcurrentHashMap$Node@50000021)
	key		50001a86
	val		50001a85
OBJ 50001a7c (sz=48, trace=300000, class=sun.util.locale.LocaleObjectCache$CacheEntry@50000016)
	referent	50001a84
	queue		50001a41
	key		50001a7d
OBJ 50001a7d (sz=40, trace=300000, class=sun.util.locale.BaseLocale$Key@50000017)
	lang		50001a81
	scrt		50001a80
	regn		50001a7f
	vart		50001a7e
OBJ 50001a7e (sz=40, trace=300000, class=java.lang.ref.SoftReference@50000158)
	referent	5000104b
	queue		500018d6
OBJ 50001a7f (sz=40, trace=300000, class=java.lang.ref.SoftReference@50000158)
	referent	50001a08
	queue		500018d6
OBJ 50001a80 (sz=40, trace=300000, class=java.lang.ref.SoftReference@50000158)
	referent	5000104b
	queue		500018d6
OBJ 50001a81 (sz=40, trace=300000, class=java.lang.ref.SoftReference@50000158)
	referent	50001a01
	queue		500018d6
ARR 50001a82 (sz=4, trace=300000, nelems=2, elem type=char[])
ARR 50001a83 (sz=4, trace=300000, nelems=2, elem type=char[])
OBJ 50001a84 (sz=32, trace=300000, class=sun.util.locale.BaseLocale@50000019)
	language	50001a01
	script		5000104b
	region		50001a08
	variant		5000104b
OBJ 50001a85 (sz=48, trace=300000, class=sun.util.locale.LocaleObjectCache$CacheEntry@50000016)
	referent	50001a8c
	queue		50001a41
	key		50001a86
OBJ 50001a86 (sz=40, trace=300000, class=sun.util.locale.BaseLocale$Key@50000017)
	lang		50001a8a
	scrt		50001a89
	regn		50001a88
	vart		50001a87
OBJ 50001a87 (sz=40, trace=300000, class=java.lang.ref.SoftReference@50000158)
	referent	5000104b
	queue		500018d6
OBJ 50001a88 (sz=40, trace=300000, class=java.lang.ref.SoftReference@50000158)
	referent	500019fe
	queue		500018d6
OBJ 50001a89 (sz=40, trace=300000, class=java.lang.ref.SoftReference@50000158)
	referent	5000104b
	queue		500018d6
OBJ 50001a8a (sz=40, trace=300000, class=java.lang.ref.SoftReference@50000158)
	referent	500019fd
	queue		500018d6
ARR 50001a8b (sz=4, trace=300000, nelems=2, elem type=char[])
OBJ 50001a8c (sz=32, trace=300000, class=sun.util.locale.BaseLocale@50000019)
	language	500019fd
	script		5000104b
	region		500019fe
	variant		5000104b
OBJ 50001a8d (sz=32, trace=300000, class=java.util.concurrent.ConcurrentHashMap$Node@50000021)
	key		50001a97
	val		50001a96
OBJ 50001a8e (sz=48, trace=300000, class=sun.util.locale.LocaleObjectCache$CacheEntry@50000016)
	referent	50001a95
	queue		50001a41
	key		50001a8f
OBJ 50001a8f (sz=40, trace=300000, class=sun.util.locale.BaseLocale$Key@50000017)
	lang		50001a93
	scrt		50001a92
	regn		50001a91
	vart		50001a90
OBJ 50001a90 (sz=40, trace=300000, class=java.lang.ref.SoftReference@50000158)
	referent	5000104b
	queue		500018d6
OBJ 50001a91 (sz=40, trace=300000, class=java.lang.ref.SoftReference@50000158)
	referent	5000104b
	queue		500018d6
OBJ 50001a92 (sz=40, trace=300000, class=java.lang.ref.SoftReference@50000158)
	referent	5000104b
	queue		500018d6
OBJ 50001a93 (sz=40, trace=300000, class=java.lang.ref.SoftReference@50000158)
	referent	50001a02
	queue		500018d6
ARR 50001a94 (sz=4, trace=300000, nelems=2, elem type=char[])
OBJ 50001a95 (sz=32, trace=300000, class=sun.util.locale.BaseLocale@50000019)
	language	50001a02
	script		5000104b
	region		5000104b
	variant		5000104b
OBJ 50001a96 (sz=48, trace=300000, class=sun.util.locale.LocaleObjectCache$CacheEntry@50000016)
	referent	50001a38
	queue		50001a41
	key		50001a97
OBJ 50001a97 (sz=40, trace=300000, class=sun.util.locale.BaseLocale$Key@50000017)
	lang		50001a9b
	scrt		50001a9a
	regn		50001a99
	vart		50001a98
OBJ 50001a98 (sz=40, trace=300000, class=java.lang.ref.SoftReference@50000158)
	referent	5000104b
	queue		500018d6
OBJ 50001a99 (sz=40, trace=300000, class=java.lang.ref.SoftReference@50000158)
	referent	50001a0b
	queue		500018d6
OBJ 50001a9a (sz=40, trace=300000, class=java.lang.ref.SoftReference@50000158)
	referent	5000104b
	queue		500018d6
OBJ 50001a9b (sz=40, trace=300000, class=java.lang.ref.SoftReference@50000158)
	referent	500019f2
	queue		500018d6
OBJ 50001a9c (sz=48, trace=300000, class=sun.util.locale.LocaleObjectCache$CacheEntry@50000016)
	referent	50001aa2
	queue		50001a41
	key		50001a9d
OBJ 50001a9d (sz=40, trace=300000, class=sun.util.locale.BaseLocale$Key@50000017)
	lang		50001aa1
	scrt		50001aa0
	regn		50001a9f
	vart		50001a9e
OBJ 50001a9e (sz=40, trace=300000, class=java.lang.ref.SoftReference@50000158)
	referent	5000104b
	queue		500018d6
OBJ 50001a9f (sz=40, trace=300000, class=java.lang.ref.SoftReference@50000158)
	referent	5000104b
	queue		500018d6
OBJ 50001aa0 (sz=40, trace=300000, class=java.lang.ref.SoftReference@50000158)
	referent	5000104b
	queue		500018d6
OBJ 50001aa1 (sz=40, trace=300000, class=java.lang.ref.SoftReference@50000158)
	referent	500019f2
	queue		500018d6
OBJ 50001aa2 (sz=32, trace=300000, class=sun.util.locale.BaseLocale@50000019)
	language	500019f2
	script		5000104b
	region		5000104b
	variant		5000104b
OBJ 50001aa3 (sz=32, trace=300000, class=java.util.concurrent.ConcurrentHashMap$Node@50000021)
	key		50001aae
	val		50001aad
	next		50001aac
OBJ 50001aa4 (sz=48, trace=300000, class=sun.util.locale.LocaleObjectCache$CacheEntry@50000016)
	referent	50001aab
	queue		50001a41
	key		50001aa5
OBJ 50001aa5 (sz=40, trace=300000, class=sun.util.locale.BaseLocale$Key@50000017)
	lang		50001aa9
	scrt		50001aa8
	regn		50001aa7
	vart		50001aa6
OBJ 50001aa6 (sz=40, trace=300000, class=java.lang.ref.SoftReference@50000158)
	referent	5000104b
	queue		500018d6
OBJ 50001aa7 (sz=40, trace=300000, class=java.lang.ref.SoftReference@50000158)
	referent	50001a06
	queue		500018d6
OBJ 50001aa8 (sz=40, trace=300000, class=java.lang.ref.SoftReference@50000158)
	referent	5000104b
	queue		500018d6
OBJ 50001aa9 (sz=40, trace=300000, class=java.lang.ref.SoftReference@50000158)
	referent	50001a04
	queue		500018d6
ARR 50001aaa (sz=4, trace=300000, nelems=2, elem type=char[])
OBJ 50001aab (sz=32, trace=300000, class=sun.util.locale.BaseLocale@50000019)
	language	50001a04
	script		5000104b
	region		50001a06
	variant		5000104b
OBJ 50001aac (sz=32, trace=300000, class=java.util.concurrent.ConcurrentHashMap$Node@50000021)
	key		50001ab7
	val		50001ab6
	next		50001ab5
OBJ 50001aad (sz=48, trace=300000, class=sun.util.locale.LocaleObjectCache$CacheEntry@50000016)
	referent	50001ab4
	queue		50001a41
	key		50001aae
OBJ 50001aae (sz=40, trace=300000, class=sun.util.locale.BaseLocale$Key@50000017)
	lang		50001ab2
	scrt		50001ab1
	regn		50001ab0
	vart		50001aaf
OBJ 50001aaf (sz=40, trace=300000, class=java.lang.ref.SoftReference@50000158)
	referent	5000104b
	queue		500018d6
OBJ 50001ab0 (sz=40, trace=300000, class=java.lang.ref.SoftReference@50000158)
	referent	50001a07
	queue		500018d6
OBJ 50001ab1 (sz=40, trace=300000, class=java.lang.ref.SoftReference@50000158)
	referent	5000104b
	queue		500018d6
OBJ 50001ab2 (sz=40, trace=300000, class=java.lang.ref.SoftReference@50000158)
	referent	50001a00
	queue		500018d6
ARR 50001ab3 (sz=4, trace=300000, nelems=2, elem type=char[])
OBJ 50001ab4 (sz=32, trace=300000, class=sun.util.locale.BaseLocale@50000019)
	language	50001a00
	script		5000104b
	region		50001a07
	variant		5000104b
OBJ 50001ab5 (sz=32, trace=300000, class=java.util.concurrent.ConcurrentHashMap$Node@50000021)
	key		50001abf
	val		50001abe
OBJ 50001ab6 (sz=48, trace=300000, class=sun.util.locale.LocaleObjectCache$CacheEntry@50000016)
	referent	50001abd
	queue		50001a41
	key		50001ab7
OBJ 50001ab7 (sz=40, trace=300000, class=sun.util.locale.BaseLocale$Key@50000017)
	lang		50001abb
	scrt		50001aba
	regn		50001ab9
	vart		50001ab8
OBJ 50001ab8 (sz=40, trace=300000, class=java.lang.ref.SoftReference@50000158)
	referent	5000104b
	queue		500018d6
OBJ 50001ab9 (sz=40, trace=300000, class=java.lang.ref.SoftReference@50000158)
	referent	50001a0c
	queue		500018d6
OBJ 50001aba (sz=40, trace=300000, class=java.lang.ref.SoftReference@50000158)
	referent	5000104b
	queue		500018d6
OBJ 50001abb (sz=40, trace=300000, class=java.lang.ref.SoftReference@50000158)
	referent	500019f2
	queue		500018d6
ARR 50001abc (sz=4, trace=300000, nelems=2, elem type=char[])
OBJ 50001abd (sz=32, trace=300000, class=sun.util.locale.BaseLocale@50000019)
	language	500019f2
	script		5000104b
	region		50001a0c
	variant		5000104b
OBJ 50001abe (sz=48, trace=300000, class=sun.util.locale.LocaleObjectCache$CacheEntry@50000016)
	referent	50001ac4
	queue		50001a41
	key		50001abf
OBJ 50001abf (sz=40, trace=300000, class=sun.util.locale.BaseLocale$Key@50000017)
	lang		50001ac3
	scrt		50001ac2
	regn		50001ac1
	vart		50001ac0
OBJ 50001ac0 (sz=40, trace=300000, class=java.lang.ref.SoftReference@50000158)
	referent	5000104b
	queue		500018d6
OBJ 50001ac1 (sz=40, trace=300000, class=java.lang.ref.SoftReference@50000158)
	referent	50001a0d
	queue		500018d6
OBJ 50001ac2 (sz=40, trace=300000, class=java.lang.ref.SoftReference@50000158)
	referent	5000104b
	queue		500018d6
OBJ 50001ac3 (sz=40, trace=300000, class=java.lang.ref.SoftReference@50000158)
	referent	500019f2
	queue		500018d6
OBJ 50001ac4 (sz=32, trace=300000, class=sun.util.locale.BaseLocale@50000019)
	language	500019f2
	script		5000104b
	region		50001a0d
	variant		5000104b
OBJ 50001ac5 (sz=48, trace=300000, class=sun.util.locale.LocaleObjectCache$CacheEntry@50000016)
	referent	50001acc
	queue		50001a41
	key		50001ac6
OBJ 50001ac6 (sz=40, trace=300000, class=sun.util.locale.BaseLocale$Key@50000017)
	lang		50001aca
	scrt		50001ac9
	regn		50001ac8
	vart		50001ac7
OBJ 50001ac7 (sz=40, trace=300000, class=java.lang.ref.SoftReference@50000158)
	referent	5000104b
	queue		500018d6
OBJ 50001ac8 (sz=40, trace=300000, class=java.lang.ref.SoftReference@50000158)
	referent	50001a09
	queue		500018d6
OBJ 50001ac9 (sz=40, trace=300000, class=java.lang.ref.SoftReference@50000158)
	referent	5000104b
	queue		500018d6
OBJ 50001aca (sz=40, trace=300000, class=java.lang.ref.SoftReference@50000158)
	referent	50001a02
	queue		500018d6
ARR 50001acb (sz=4, trace=300000, nelems=2, elem type=char[])
OBJ 50001acc (sz=32, trace=300000, class=sun.util.locale.BaseLocale@50000019)
	language	50001a02
	script		5000104b
	region		50001a09
	variant		5000104b
OBJ 50001acd (sz=48, trace=300000, class=sun.util.locale.LocaleObjectCache$CacheEntry@50000016)
	referent	50001ad3
	queue		50001a41
	key		50001ace
OBJ 50001ace (sz=40, trace=300000, class=sun.util.locale.BaseLocale$Key@50000017)
	lang		50001ad2
	scrt		50001ad1
	regn		50001ad0
	vart		50001acf
OBJ 50001acf (sz=40, trace=300000, class=java.lang.ref.SoftReference@50000158)
	referent	5000104b
	queue		500018d6
OBJ 50001ad0 (sz=40, trace=300000, class=java.lang.ref.SoftReference@50000158)
	referent	5000104b
	queue		500018d6
OBJ 50001ad1 (sz=40, trace=300000, class=java.lang.ref.SoftReference@50000158)
	referent	5000104b
	queue		500018d6
OBJ 50001ad2 (sz=40, trace=300000, class=java.lang.ref.SoftReference@50000158)
	referent	50001a03
	queue		500018d6
OBJ 50001ad3 (sz=32, trace=300000, class=sun.util.locale.BaseLocale@50000019)
	language	50001a03
	script		5000104b
	region		5000104b
	variant		5000104b
OBJ 50001ad4 (sz=48, trace=300000, class=sun.util.locale.LocaleObjectCache$CacheEntry@50000016)
	referent	50001ada
	queue		50001a41
	key		50001ad5
OBJ 50001ad5 (sz=40, trace=300000, class=sun.util.locale.BaseLocale$Key@50000017)
	lang		50001ad9
	scrt		50001ad8
	regn		50001ad7
	vart		50001ad6
OBJ 50001ad6 (sz=40, trace=300000, class=java.lang.ref.SoftReference@50000158)
	referent	5000104b
	queue		500018d6
OBJ 50001ad7 (sz=40, trace=300000, class=java.lang.ref.SoftReference@50000158)
	referent	5000104b
	queue		500018d6
OBJ 50001ad8 (sz=40, trace=300000, class=java.lang.ref.SoftReference@50000158)
	referent	5000104b
	queue		500018d6
OBJ 50001ad9 (sz=40, trace=300000, class=java.lang.ref.SoftReference@50000158)
	referent	50001a01
	queue		500018d6
OBJ 50001ada (sz=32, trace=300000, class=sun.util.locale.BaseLocale@50000019)
	language	50001a01
	script		5000104b
	region		5000104b
	variant		5000104b
OBJ 50001adb (sz=32, trace=300000, class=java.util.concurrent.ConcurrentHashMap$Node@50000021)
	key		50001ae5
	val		50001ae4
OBJ 50001adc (sz=48, trace=300000, class=sun.util.locale.LocaleObjectCache$CacheEntry@50000016)
	referent	50001ae3
	queue		50001a41
	key		50001add
OBJ 50001add (sz=40, trace=300000, class=sun.util.locale.BaseLocale$Key@50000017)
	lang		50001ae1
	scrt		50001ae0
	regn		50001adf
	vart		50001ade
OBJ 50001ade (sz=40, trace=300000, class=java.lang.ref.SoftReference@50000158)
	referent	5000104b
	queue		500018d6
OBJ 50001adf (sz=40, trace=300000, class=java.lang.ref.SoftReference@50000158)
	referent	50001a05
	queue		500018d6
OBJ 50001ae0 (sz=40, trace=300000, class=java.lang.ref.SoftReference@50000158)
	referent	5000104b
	queue		500018d6
OBJ 50001ae1 (sz=40, trace=300000, class=java.lang.ref.SoftReference@50000158)
	referent	50001a04
	queue		500018d6
ARR 50001ae2 (sz=4, trace=300000, nelems=2, elem type=char[])
OBJ 50001ae3 (sz=32, trace=300000, class=sun.util.locale.BaseLocale@50000019)
	language	50001a04
	script		5000104b
	region		50001a05
	variant		5000104b
OBJ 50001ae4 (sz=48, trace=300000, class=sun.util.locale.LocaleObjectCache$CacheEntry@50000016)
	referent	50001aea
	queue		50001a41
	key		50001ae5
OBJ 50001ae5 (sz=40, trace=300000, class=sun.util.locale.BaseLocale$Key@50000017)
	lang		50001ae9
	scrt		50001ae8
	regn		50001ae7
	vart		50001ae6
OBJ 50001ae6 (sz=40, trace=300000, class=java.lang.ref.SoftReference@50000158)
	referent	5000104b
	queue		500018d6
OBJ 50001ae7 (sz=40, trace=300000, class=java.lang.ref.SoftReference@50000158)
	referent	5000104b
	queue		500018d6
OBJ 50001ae8 (sz=40, trace=300000, class=java.lang.ref.SoftReference@50000158)
	referent	5000104b
	queue		500018d6
OBJ 50001ae9 (sz=40, trace=300000, class=java.lang.ref.SoftReference@50000158)
	referent	5000104b
	queue		500018d6
OBJ 50001aea (sz=32, trace=300000, class=sun.util.locale.BaseLocale@50000019)
	language	5000104b
	script		5000104b
	region		5000104b
	variant		5000104b
ARR 50001aeb (sz=4, trace=300000, nelems=2, elem type=char[])
ARR 50001aec (sz=4, trace=300000, nelems=2, elem type=char[])
ARR 50001aed (sz=4, trace=300000, nelems=2, elem type=char[])
OBJ 50001aee (sz=16, trace=300000, class=java.lang.ref.ReferenceQueue$Lock@500000d7)
OBJ 50001aef (sz=32, trace=300000, class=java.util.concurrent.ConcurrentHashMap$Node@50000021)
	key		50001af3
	val		50001af2
OBJ 50001af0 (sz=48, trace=300000, class=sun.util.locale.LocaleObjectCache$CacheEntry@50000016)
	referent	50001a0f
	queue		50001a23
	key		50001af1
OBJ 50001af1 (sz=24, trace=300000, class=java.util.Locale$LocaleKey@50000015)
	base		50001abd
OBJ 50001af2 (sz=48, trace=300000, class=sun.util.locale.LocaleObjectCache$CacheEntry@50000016)
	referent	50001a12
	queue		50001a23
	key		50001af3
OBJ 50001af3 (sz=24, trace=300000, class=java.util.Locale$LocaleKey@50000015)
	base		50001ac4
OBJ 50001af4 (sz=48, trace=300000, class=sun.util.locale.LocaleObjectCache$CacheEntry@50000016)
	referent	50001a1a
	queue		50001a23
	key		50001af5
OBJ 50001af5 (sz=24, trace=300000, class=java.util.Locale$LocaleKey@50000015)
	base		50001ab4
OBJ 50001af6 (sz=48, trace=300000, class=sun.util.locale.LocaleObjectCache$CacheEntry@50000016)
	referent	50001a18
	queue		50001a23
	key		50001af7
OBJ 50001af7 (sz=24, trace=300000, class=java.util.Locale$LocaleKey@50000015)
	base		50001acc
OBJ 50001af8 (sz=48, trace=300000, class=sun.util.locale.LocaleObjectCache$CacheEntry@50000016)
	referent	50001a21
	queue		50001a23
	key		50001af9
OBJ 50001af9 (sz=24, trace=300000, class=java.util.Locale$LocaleKey@50000015)
	base		50001aa2
OBJ 50001afa (sz=48, trace=300000, class=sun.util.locale.LocaleObjectCache$CacheEntry@50000016)
	referent	50001a1b
	queue		50001a23
	key		50001afb
OBJ 50001afb (sz=24, trace=300000, class=java.util.Locale$LocaleKey@50000015)
	base		50001a72
OBJ 50001afc (sz=48, trace=300000, class=sun.util.locale.LocaleObjectCache$CacheEntry@50000016)
	referent	50001a1f
	queue		50001a23
	key		50001afd
OBJ 50001afd (sz=24, trace=300000, class=java.util.Locale$LocaleKey@50000015)
	base		50001ada
OBJ 50001afe (sz=48, trace=300000, class=sun.util.locale.LocaleObjectCache$CacheEntry@50000016)
	referent	50001a19
	queue		50001a23
	key		50001aff
OBJ 50001aff (sz=24, trace=300000, class=java.util.Locale$LocaleKey@50000015)
	base		50001a84
OBJ 50001b00 (sz=48, trace=300000, class=sun.util.locale.LocaleObjectCache$CacheEntry@50000016)
	referent	50001a1c
	queue		50001a23
	key		50001b01
OBJ 50001b01 (sz=24, trace=300000, class=java.util.Locale$LocaleKey@50000015)
	base		50001ad3
OBJ 50001b02 (sz=48, trace=300000, class=sun.util.locale.LocaleObjectCache$CacheEntry@50000016)
	referent	50001a1e
	queue		50001a23
	key		50001b03
OBJ 50001b03 (sz=24, trace=300000, class=java.util.Locale$LocaleKey@50000015)
	base		50001a95
OBJ 50001b04 (sz=32, trace=300000, class=java.util.concurrent.ConcurrentHashMap$Node@50000021)
	key		50001b08
	val		50001b07
OBJ 50001b05 (sz=48, trace=300000, class=sun.util.locale.LocaleObjectCache$CacheEntry@50000016)
	referent	50001a1d
	queue		50001a23
	key		50001b06
OBJ 50001b06 (sz=24, trace=300000, class=java.util.Locale$LocaleKey@50000015)
	base		50001a6a
OBJ 50001b07 (sz=48, trace=300000, class=sun.util.locale.LocaleObjectCache$CacheEntry@50000016)
	referent	50001a14
	queue		50001a23
	key		50001b08
OBJ 50001b08 (sz=24, trace=300000, class=java.util.Locale$LocaleKey@50000015)
	base		50001aab
OBJ 50001b09 (sz=48, trace=300000, class=sun.util.locale.LocaleObjectCache$CacheEntry@50000016)
	referent	50001a20
	queue		50001a23
	key		50001b0a
OBJ 50001b0a (sz=24, trace=300000, class=java.util.Locale$LocaleKey@50000015)
	base		50001a7a
OBJ 50001b0b (sz=48, trace=300000, class=sun.util.locale.LocaleObjectCache$CacheEntry@50000016)
	referent	50001a11
	queue		50001a23
	key		50001b0c
OBJ 50001b0c (sz=24, trace=300000, class=java.util.Locale$LocaleKey@50000015)
	base		50001a58
OBJ 50001b0d (sz=48, trace=300000, class=sun.util.locale.LocaleObjectCache$CacheEntry@50000016)
	referent	50001a16
	queue		50001a23
	key		50001b0e
OBJ 50001b0e (sz=24, trace=300000, class=java.util.Locale$LocaleKey@50000015)
	base		50001a62
OBJ 50001b0f (sz=48, trace=300000, class=sun.util.locale.LocaleObjectCache$CacheEntry@50000016)
	referent	50001a17
	queue		50001a23
	key		50001b10
OBJ 50001b10 (sz=24, trace=300000, class=java.util.Locale$LocaleKey@50000015)
	base		50001a8c
OBJ 50001b11 (sz=32, trace=300000, class=java.util.concurrent.ConcurrentHashMap$Node@50000021)
	key		50001b15
	val		50001b14
OBJ 50001b12 (sz=48, trace=300000, class=sun.util.locale.LocaleObjectCache$CacheEntry@50000016)
	referent	50001a15
	queue		50001a23
	key		50001b13
OBJ 50001b13 (sz=24, trace=300000, class=java.util.Locale$LocaleKey@50000015)
	base		50001ae3
OBJ 50001b14 (sz=48, trace=300000, class=sun.util.locale.LocaleObjectCache$CacheEntry@50000016)
	referent	50001a10
	queue		50001a23
	key		50001b15
OBJ 50001b15 (sz=24, trace=300000, class=java.util.Locale$LocaleKey@50000015)
	base		50001aea
OBJ 50001b16 (sz=40, trace=300000, class=java.io.ObjectStreamField@50000102)
	name		500019f7
	signature	500013c4
	type		50000174
OBJ 50001b17 (sz=40, trace=300000, class=java.io.ObjectStreamField@50000102)
	name		500019f9
	signature	500013c4
	type		50000174
OBJ 50001b18 (sz=40, trace=300000, class=java.io.ObjectStreamField@50000102)
	name		500019fa
	signature	500013c4
	type		50000174
OBJ 50001b19 (sz=40, trace=300000, class=java.io.ObjectStreamField@50000102)
	name		500019fc
	signature	500011d6
	type		5000102f
OBJ 50001b1a (sz=40, trace=300000, class=java.io.ObjectStreamField@50000102)
	name		500019f8
	signature	500013c4
	type		50000174
OBJ 50001b1b (sz=40, trace=300000, class=java.io.ObjectStreamField@50000102)
	name		500019fb
	signature	500013c4
	type		50000174
ARR 50001b1c (sz=20, trace=300000, nelems=10, elem type=char[])
ARR 50001b1d (sz=12, trace=300000, nelems=6, elem type=char[])
ARR 50001b1e (sz=16, trace=300000, nelems=8, elem type=char[])
ARR 50001b1f (sz=14, trace=300000, nelems=7, elem type=char[])
ARR 50001b20 (sz=14, trace=300000, nelems=7, elem type=char[])
ARR 50001b21 (sz=16, trace=300000, nelems=8, elem type=char[])
OBJ 50001b22 (sz=24, trace=300000, class=java.lang.String@50000174)
	value		50001b2c
OBJ 50001b23 (sz=24, trace=300000, class=java.lang.String@50000174)
	value		50001b2d
OBJ 50001b24 (sz=24, trace=300000, class=java.lang.String@50000174)
	value		50001b2e
OBJ 50001b25 (sz=24, trace=300000, class=java.lang.String@50000174)
	value		50001b2f
OBJ 50001b26 (sz=24, trace=300000, class=java.lang.String@50000174)
	value		50001b30
OBJ 50001b27 (sz=24, trace=300000, class=java.lang.String@50000174)
	value		50001b31
OBJ 50001b28 (sz=24, trace=300000, class=java.lang.String@50000174)
	value		50001b32
OBJ 50001b29 (sz=24, trace=300000, class=java.lang.String@50000174)
	value		50001b33
OBJ 50001b2a (sz=24, trace=300000, class=java.lang.String@50000174)
	value		50001b34
OBJ 50001b2b (sz=24, trace=300000, class=java.lang.String@50000174)
	value		50001b35
ARR 50001b2c (sz=14, trace=300000, nelems=7, elem type=char[])
ARR 50001b2d (sz=42, trace=300000, nelems=21, elem type=char[])
ARR 50001b2e (sz=38, trace=300000, nelems=19, elem type=char[])
ARR 50001b2f (sz=40, trace=300000, nelems=20, elem type=char[])
ARR 50001b30 (sz=40, trace=300000, nelems=20, elem type=char[])
ARR 50001b31 (sz=12, trace=300000, nelems=6, elem type=char[])
ARR 50001b32 (sz=40, trace=300000, nelems=20, elem type=char[])
ARR 50001b33 (sz=36, trace=300000, nelems=18, elem type=char[])
ARR 50001b34 (sz=38, trace=300000, nelems=19, elem type=char[])
ARR 50001b35 (sz=38, trace=300000, nelems=19, elem type=char[])
ARR 50001b36 (sz=4, trace=300000, nelems=2, elem type=char[])
OBJ 50001b37 (sz=24, trace=300000, class=java.lang.String@50000174)
	value		50001baa
OBJ 50001b38 (sz=24, trace=300000, class=java.lang.String@50000174)
	value		50001ba9
OBJ 50001b39 (sz=24, trace=300000, class=java.lang.String@50000174)
	value		50001ba8
OBJ 50001b3a (sz=24, trace=300000, class=java.lang.String@50000174)
	value		50001ba7
OBJ 50001b3b (sz=24, trace=300000, class=java.lang.String@50000174)
	value		50001b99
OBJ 50001b3c (sz=24, trace=300000, class=java.lang.String@50000174)
	value		50001b86
OBJ 50001b3d (sz=24, trace=300000, class=java.lang.String@50000174)
	value		50001b87
OBJ 50001b3e (sz=24, trace=300000, class=java.lang.String@50000174)
	value		50001ba2
OBJ 50001b3f (sz=24, trace=300000, class=java.lang.String@50000174)
	value		50001ba3
OBJ 50001b40 (sz=24, trace=300000, class=java.lang.String@50000174)
	value		50001b7f
OBJ 50001b41 (sz=24, trace=300000, class=java.lang.String@50000174)
	value		50001b7e
OBJ 50001b42 (sz=24, trace=300000, class=java.lang.String@50000174)
	value		50001ba0
OBJ 50001b43 (sz=24, trace=300000, class=java.lang.String@50000174)
	value		50001ba1
OBJ 50001b44 (sz=24, trace=300000, class=java.lang.String@50000174)
	value		50001b8e
OBJ 50001b45 (sz=24, trace=300000, class=java.lang.String@50000174)
	value		50001b8f
OBJ 50001b46 (sz=24, trace=300000, class=java.lang.String@50000174)
	value		50001b8c
OBJ 50001b47 (sz=24, trace=300000, class=java.lang.String@50000174)
	value		50001b8d
OBJ 50001b48 (sz=24, trace=300000, class=java.lang.String@50000174)
	value		50001b80
OBJ 50001b49 (sz=24, trace=300000, class=java.lang.String@50000174)
	value		50001b81
OBJ 50001b4a (sz=24, trace=300000, class=java.lang.String@50000174)
	value		50001b88
OBJ 50001b4b (sz=24, trace=300000, class=java.lang.String@50000174)
	value		50001b89
OBJ 50001b4c (sz=24, trace=300000, class=java.lang.String@50000174)
	value		50001b7a
OBJ 50001b4d (sz=24, trace=300000, class=java.lang.String@50000174)
	value		50001b7b
OBJ 50001b4e (sz=24, trace=300000, class=java.lang.String@50000174)
	value		50001b84
OBJ 50001b4f (sz=24, trace=300000, class=java.lang.String@50000174)
	value		50001b85
OBJ 50001b50 (sz=24, trace=300000, class=java.lang.String@50000174)
	value		50001b74
OBJ 50001b51 (sz=24, trace=300000, class=java.lang.String@50000174)
	value		50001b75
OBJ 50001b52 (sz=24, trace=300000, class=java.lang.String@50000174)
	value		50001b96
OBJ 50001b53 (sz=24, trace=300000, class=java.lang.String@50000174)
	value		50001b97
OBJ 50001b54 (sz=24, trace=300000, class=java.lang.String@50000174)
	value		50001b76
OBJ 50001b55 (sz=24, trace=300000, class=java.lang.String@50000174)
	value		50001b77
OBJ 50001b56 (sz=24, trace=300000, class=java.lang.String@50000174)
	value		50001b90
OBJ 50001b57 (sz=24, trace=300000, class=java.lang.String@50000174)
	value		50001b91
OBJ 50001b58 (sz=24, trace=300000, class=java.lang.String@50000174)
	value		50001b92
OBJ 50001b59 (sz=24, trace=300000, class=java.lang.String@50000174)
	value		50001b93
OBJ 50001b5a (sz=24, trace=300000, class=java.lang.String@50000174)
	value		50001b8a
OBJ 50001b5b (sz=24, trace=300000, class=java.lang.String@50000174)
	value		50001b8b
OBJ 50001b5c (sz=24, trace=300000, class=java.lang.String@50000174)
	value		50001b94
OBJ 50001b5d (sz=24, trace=300000, class=java.lang.String@50000174)
	value		50001b95
OBJ 50001b5e (sz=24, trace=300000, class=java.lang.String@50000174)
	value		50001b98
OBJ 50001b5f (sz=24, trace=300000, class=java.lang.String@50000174)
	value		50001ba5
OBJ 50001b60 (sz=24, trace=300000, class=java.lang.String@50000174)
	value		50001ba4
OBJ 50001b61 (sz=24, trace=300000, class=java.lang.String@50000174)
	value		50001b83
OBJ 50001b62 (sz=24, trace=300000, class=java.lang.String@50000174)
	value		50001b82
OBJ 50001b63 (sz=24, trace=300000, class=java.lang.String@50000174)
	value		50001b9d
OBJ 50001b64 (sz=24, trace=300000, class=java.lang.String@50000174)
	value		50001b9c
OBJ 50001b65 (sz=24, trace=300000, class=java.lang.String@50000174)
	value		50001b78
OBJ 50001b66 (sz=24, trace=300000, class=java.lang.String@50000174)
	value		50001b79
OBJ 50001b67 (sz=24, trace=300000, class=java.lang.String@50000174)
	value		50001ba6
OBJ 50001b68 (sz=24, trace=300000, class=java.lang.String@50000174)
	value		50001b9a
OBJ 50001b69 (sz=24, trace=300000, class=java.lang.String@50000174)
	value		50001b9b
OBJ 50001b6a (sz=24, trace=300000, class=java.lang.String@50000174)
	value		50001b7c
OBJ 50001b6b (sz=24, trace=300000, class=java.lang.String@50000174)
	value		50001b7d
OBJ 50001b6c (sz=24, trace=300000, class=java.lang.String@50000174)
	value		50001b9e
OBJ 50001b6d (sz=24, trace=300000, class=java.lang.String@50000174)
	value		50001b9f
OBJ 50001b6e (sz=24, trace=300000, class=java.lang.String@50000174)
	value		50001b73
OBJ 50001b6f (sz=24, trace=300000, class=java.lang.String@50000174)
	value		50001b72
OBJ 50001b70 (sz=24, trace=300000, class=java.lang.String@50000174)
	value		50001b71
ARR 50001b71 (sz=2, trace=300000, nelems=1, elem type=char[])
ARR 50001b72 (sz=6, trace=300000, nelems=3, elem type=char[])
ARR 50001b73 (sz=16, trace=300000, nelems=8, elem type=char[])
ARR 50001b74 (sz=14, trace=300000, nelems=7, elem type=char[])
ARR 50001b75 (sz=26, trace=300000, nelems=13, elem type=char[])
ARR 50001b76 (sz=10, trace=300000, nelems=5, elem type=char[])
ARR 50001b77 (sz=6, trace=300000, nelems=3, elem type=char[])
ARR 50001b78 (sz=16, trace=300000, nelems=8, elem type=char[])
ARR 50001b79 (sz=6, trace=300000, nelems=3, elem type=char[])
ARR 50001b7a (sz=18, trace=300000, nelems=9, elem type=char[])
ARR 50001b7b (sz=6, trace=300000, nelems=3, elem type=char[])
ARR 50001b7c (sz=20, trace=300000, nelems=10, elem type=char[])
ARR 50001b7d (sz=6, trace=300000, nelems=3, elem type=char[])
ARR 50001b7e (sz=22, trace=300000, nelems=11, elem type=char[])
ARR 50001b7f (sz=18, trace=300000, nelems=9, elem type=char[])
ARR 50001b80 (sz=20, trace=300000, nelems=10, elem type=char[])
ARR 50001b81 (sz=32, trace=300000, nelems=16, elem type=char[])
ARR 50001b82 (sz=6, trace=300000, nelems=3, elem type=char[])
ARR 50001b83 (sz=18, trace=300000, nelems=9, elem type=char[])
ARR 50001b84 (sz=10, trace=300000, nelems=5, elem type=char[])
ARR 50001b85 (sz=4, trace=300000, nelems=2, elem type=char[])
ARR 50001b86 (sz=20, trace=300000, nelems=10, elem type=char[])
ARR 50001b87 (sz=6, trace=300000, nelems=3, elem type=char[])
ARR 50001b88 (sz=10, trace=300000, nelems=5, elem type=char[])
ARR 50001b89 (sz=6, trace=300000, nelems=3, elem type=char[])
ARR 50001b8a (sz=10, trace=300000, nelems=5, elem type=char[])
ARR 50001b8b (sz=6, trace=300000, nelems=3, elem type=char[])
ARR 50001b8c (sz=18, trace=300000, nelems=9, elem type=char[])
ARR 50001b8d (sz=28, trace=300000, nelems=14, elem type=char[])
ARR 50001b8e (sz=10, trace=300000, nelems=5, elem type=char[])
ARR 50001b8f (sz=6, trace=300000, nelems=3, elem type=char[])
ARR 50001b90 (sz=10, trace=300000, nelems=5, elem type=char[])
ARR 50001b91 (sz=6, trace=300000, nelems=3, elem type=char[])
ARR 50001b92 (sz=10, trace=300000, nelems=5, elem type=char[])
ARR 50001b93 (sz=6, trace=300000, nelems=3, elem type=char[])
ARR 50001b94 (sz=12, trace=300000, nelems=6, elem type=char[])
ARR 50001b95 (sz=4, trace=300000, nelems=2, elem type=char[])
ARR 50001b96 (sz=16, trace=300000, nelems=8, elem type=char[])
ARR 50001b97 (sz=4, trace=300000, nelems=2, elem type=char[])
ARR 50001b98 (sz=12, trace=300000, nelems=6, elem type=char[])
ARR 50001b99 (sz=4, trace=300000, nelems=2, elem type=char[])
ARR 50001b9a (sz=12, trace=300000, nelems=6, elem type=char[])
ARR 50001b9b (sz=24, trace=300000, nelems=12, elem type=char[])
ARR 50001b9c (sz=6, trace=300000, nelems=3, elem type=char[])
ARR 50001b9d (sz=18, trace=300000, nelems=9, elem type=char[])
ARR 50001b9e (sz=16, trace=300000, nelems=8, elem type=char[])
ARR 50001b9f (sz=6, trace=300000, nelems=3, elem type=char[])
ARR 50001ba0 (sz=10, trace=300000, nelems=5, elem type=char[])
ARR 50001ba1 (sz=6, trace=300000, nelems=3, elem type=char[])
ARR 50001ba2 (sz=22, trace=300000, nelems=11, elem type=char[])
ARR 50001ba3 (sz=34, trace=300000, nelems=17, elem type=char[])
ARR 50001ba4 (sz=6, trace=300000, nelems=3, elem type=char[])
ARR 50001ba5 (sz=18, trace=300000, nelems=9, elem type=char[])
ARR 50001ba6 (sz=16, trace=300000, nelems=8, elem type=char[])
ARR 50001ba7 (sz=4, trace=300000, nelems=2, elem type=char[])
ARR 50001ba8 (sz=4, trace=300000, nelems=2, elem type=char[])
ARR 50001ba9 (sz=4, trace=300000, nelems=2, elem type=char[])
ARR 50001baa (sz=4, trace=300000, nelems=2, elem type=char[])
ARR 50001bab (sz=24, trace=300000, nelems=12, elem type=char[])
ARR 50001bac (sz=24, trace=300000, nelems=12, elem type=char[])
ARR 50001bad (sz=22, trace=300000, nelems=11, elem type=char[])
ARR 50001bae (sz=22, trace=300000, nelems=11, elem type=char[])
ARR 50001baf (sz=26, trace=300000, nelems=13, elem type=char[])
OBJ 50001bb0 (sz=16, trace=300000, class=java.lang.ThreadLocal@500000ba)
OBJ 50001bb1 (sz=16, trace=300000, class=java.lang.ThreadLocal@500000ba)
ARR 50001bb2 (sz=10, trace=300000, nelems=5, elem type=char[])
ARR 50001bb3 (sz=8, trace=300000, nelems=4, elem type=char[])
ARR 50001bb4 (sz=4, trace=300000, nelems=2, elem type=char[])
ARR 50001bb5 (sz=4, trace=300000, nelems=2, elem type=char[])
ARR 50001bb6 (sz=4, trace=300000, nelems=2, elem type=char[])
ARR 50001bb7 (sz=24, trace=300000, nelems=12, elem type=char[])
ARR 50001bb8 (sz=14, trace=300000, nelems=7, elem type=char[])
ARR 50001bb9 (sz=22, trace=300000, nelems=11, elem type=char[])
ARR 50001bba (sz=32, trace=300000, nelems=1, elem type=java.lang.ThreadGroup[]@500000fb)
	[0]		50001044
ARR 50001bbb (sz=32, trace=300000, nelems=3, elem type=java.lang.Thread[]@500000d5)
	[0]		50000f53
	[1]		50000f4f
	[2]		50000f4e
OBJ 50001bbc (sz=16, trace=300000, class=java.lang.Object@50000178)
OBJ 50001bbd (sz=40, trace=300000, class=java.security.AccessControlContext@50000165)
OBJ 50001bbe (sz=24, trace=300000, class=java.lang.String@50000174)
	value		50001bbf
ARR 50001bbf (sz=34, trace=300000, nelems=17, elem type=char[])
OBJ 50001bc0 (sz=16, trace=300000, class=java.lang.Object@50000178)
OBJ 50001bc1 (sz=40, trace=300000, class=java.security.AccessControlContext@50000165)
OBJ 50001bc2 (sz=24, trace=300000, class=java.lang.String@50000174)
	value		50001bc3
ARR 50001bc3 (sz=18, trace=300000, nelems=9, elem type=char[])
OBJ 50001bc4 (sz=16, trace=300000, class=java.lang.Object@50000178)
OBJ 50001bc5 (sz=40, trace=300000, class=java.lang.ref.Finalizer@50000153)
	referent	50001bc7
	queue		50000f50
	next		50001bc6
	prev		5000022b
OBJ 50001bc6 (sz=40, trace=300000, class=java.lang.ref.Finalizer@50000153)
	referent	5000194e
	queue		50000f50
	next		50001bcc
	prev		50001bc5
OBJ 50001bc7 (sz=32, trace=300000, class=java.io.FileInputStream@5000008a)
	fd		50001bca
	path		50001bc9
	closeLock	50001bc8
OBJ 50001bc8 (sz=16, trace=300000, class=java.lang.Object@50000178)
OBJ 50001bc9 (sz=24, trace=300000, class=java.lang.String@50000174)
	value		50001bcb
OBJ 50001bca (sz=32, trace=300000, class=java.io.FileDescriptor@50000089)
	parent		50001bc7
ARR 50001bcb (sz=104, trace=300000, nelems=52, elem type=char[])
OBJ 50001bcc (sz=40, trace=300000, class=java.lang.ref.Finalizer@50000153)
	referent	5000106f
	queue		50000f50
	next		50001bcd
	prev		50001bc6
OBJ 50001bcd (sz=40, trace=300000, class=java.lang.ref.Finalizer@50000153)
	referent	5000106d
	queue		50000f50
	next		50001bce
	prev		50001bcc
OBJ 50001bce (sz=40, trace=300000, class=java.lang.ref.Finalizer@50000153)
	referent	50001068
	queue		50000f50
	prev		50001bcd
OBJ 50001bcf (sz=16, trace=300000, class=java.lang.Object@50000178)
OBJ 50001bd0 (sz=40, trace=300000, class=java.security.AccessControlContext@50000165)
ARR 50001bd1 (sz=32, trace=300000, nelems=1, elem type=java.lang.Thread[]@500000d5)
	[0]		50000f40
OBJ 50001bd2 (sz=24, trace=300000, class=java.lang.String@50000174)
	value		50001bd3
ARR 50001bd3 (sz=8, trace=300000, nelems=4, elem type=char[])
OBJ 50001bd4 (sz=40, trace=300000, class=java.security.AccessControlContext@50000165)
OBJ 50001bd5 (sz=24, trace=300000, class=java.lang.String@50000174)
	value		50001bd6
ARR 50001bd6 (sz=26, trace=300000, nelems=13, elem type=char[])
OBJ 50001bd7 (sz=24, trace=300000, class=java.lang.String@50000174)
	value		50001bd8
ARR 50001bd8 (sz=18, trace=300000, nelems=9, elem type=char[])
OBJ 50001bd9 (sz=32, trace=300000, class=java.lang.OutOfMemoryError@5000015c)
OBJ 50001bda (sz=32, trace=300000, class=java.lang.OutOfMemoryError@5000015c)
OBJ 50001bdb (sz=32, trace=300000, class=java.lang.OutOfMemoryError@5000015c)
OBJ 50001bdc (sz=32, trace=300000, class=java.lang.OutOfMemoryError@5000015c)
OBJ 50001bdd (sz=24, trace=300000, class=java.lang.String@50000174)
	value		50001bde
ARR 50001bde (sz=126, trace=300000, nelems=63, elem type=char[])
OBJ 50001bdf (sz=24, trace=300000, class=java.lang.String@50000174)
	value		50001be0
ARR 50001be0 (sz=52, trace=300000, nelems=26, elem type=char[])
OBJ 50001be1 (sz=24, trace=300000, class=java.lang.String@50000174)
	value		50001be2
ARR 50001be2 (sz=74, trace=300000, nelems=37, elem type=char[])
OBJ 50001be3 (sz=24, trace=300000, class=java.lang.String@50000174)
	value		50001be4
ARR 50001be4 (sz=44, trace=300000, nelems=22, elem type=char[])
OBJ 50001be5 (sz=24, trace=300000, class=java.lang.String@50000174)
	value		50001be6
ARR 50001be6 (sz=18, trace=300000, nelems=9, elem type=char[])
OBJ 50001be7 (sz=24, trace=300000, class=java.lang.String@50000174)
	value		50001be8
ARR 50001be8 (sz=30, trace=300000, nelems=15, elem type=char[])
ARR 50001be9 (sz=22, trace=300000, nelems=11, elem type=char[])
OBJ 50001bea (sz=24, trace=300000, class=java.lang.String@50000174)
	value		50001c01
OBJ 50001beb (sz=24, trace=300000, class=java.lang.String@50000174)
	value		50001bfc
OBJ 50001bec (sz=24, trace=300000, class=java.lang.String@50000174)
	value		50001bfb
OBJ 50001bed (sz=24, trace=300000, class=java.lang.String@50000174)
	value		50001bfa
OBJ 50001bee (sz=24, trace=300000, class=java.lang.String@50000174)
	value		50001bf9
OBJ 50001bef (sz=24, trace=300000, class=java.lang.String@50000174)
	value		50001bf8
OBJ 50001bf0 (sz=24, trace=300000, class=java.lang.String@50000174)
	value		50001bf7
OBJ 50001bf1 (sz=24, trace=300000, class=java.lang.String@50000174)
	value		50001bf6
OBJ 50001bf2 (sz=24, trace=300000, class=java.lang.String@50000174)
	value		50001bf5
OBJ 50001bf3 (sz=24, trace=300000, class=java.lang.String@50000174)
	value		50001bf4
ARR 50001bf4 (sz=98, trace=300000, nelems=49, elem type=char[])
ARR 50001bf5 (sz=82, trace=300000, nelems=41, elem type=char[])
ARR 50001bf6 (sz=86, trace=300000, nelems=43, elem type=char[])
ARR 50001bf7 (sz=102, trace=300000, nelems=51, elem type=char[])
ARR 50001bf8 (sz=94, trace=300000, nelems=47, elem type=char[])
ARR 50001bf9 (sz=100, trace=300000, nelems=50, elem type=char[])
ARR 50001bfa (sz=94, trace=300000, nelems=47, elem type=char[])
ARR 50001bfb (sz=92, trace=300000, nelems=46, elem type=char[])
ARR 50001bfc (sz=82, trace=300000, nelems=41, elem type=char[])
OBJ 50001bfd (sz=24, trace=300000, class=java.lang.String@50000174)
	value		50001bfe
ARR 50001bfe (sz=12, trace=300000, nelems=6, elem type=char[])
OBJ 50001bff (sz=24, trace=300000, class=java.lang.String@50000174)
	value		50001c00
ARR 50001c00 (sz=20, trace=300000, nelems=10, elem type=char[])
ARR 50001c01 (sz=8, trace=300000, nelems=4, elem type=char[])
OBJ 50001c02 (sz=24, trace=300000, class=java.lang.String@50000174)
	value		50001c07
OBJ 50001c03 (sz=24, trace=300000, class=java.lang.String@50000174)
	value		50001c06
OBJ 50001c04 (sz=24, trace=300000, class=java.lang.String@50000174)
	value		50001c05
ARR 50001c05 (sz=14, trace=300000, nelems=7, elem type=char[])
ARR 50001c06 (sz=24, trace=300000, nelems=12, elem type=char[])
ARR 50001c07 (sz=26, trace=300000, nelems=13, elem type=char[])
OBJ 50001c08 (sz=24, trace=300000, class=java.lang.String@50000174)
	value		50001c1d
OBJ 50001c09 (sz=24, trace=300000, class=java.lang.String@50000174)
	value		50001c1c
OBJ 50001c0a (sz=24, trace=300000, class=java.lang.String@50000174)
	value		50001c1b
OBJ 50001c0b (sz=24, trace=300000, class=java.lang.String@50000174)
	value		50001c1a
OBJ 50001c0c (sz=24, trace=300000, class=java.lang.String@50000174)
	value		50001c19
OBJ 50001c0d (sz=24, trace=300000, class=java.lang.String@50000174)
	value		50001c18
OBJ 50001c0e (sz=24, trace=300000, class=java.lang.String@50000174)
	value		50001c13
OBJ 50001c0f (sz=24, trace=300000, class=java.lang.String@50000174)
	value		50001c17
OBJ 50001c10 (sz=24, trace=300000, class=java.lang.String@50000174)
	value		50001c16
OBJ 50001c11 (sz=24, trace=300000, class=java.lang.String@50000174)
	value		50001c15
OBJ 50001c12 (sz=24, trace=300000, class=java.lang.String@50000174)
	value		50001c14
ARR 50001c13 (sz=46, trace=300000, nelems=23, elem type=char[])
ARR 50001c14 (sz=10, trace=300000, nelems=5, elem type=char[])
ARR 50001c15 (sz=6, trace=300000, nelems=3, elem type=char[])
ARR 50001c16 (sz=80, trace=300000, nelems=40, elem type=char[])
ARR 50001c17 (sz=10, trace=300000, nelems=5, elem type=char[])
ARR 50001c18 (sz=20, trace=300000, nelems=10, elem type=char[])
ARR 50001c19 (sz=8, trace=300000, nelems=4, elem type=char[])
ARR 50001c1a (sz=70, trace=300000, nelems=35, elem type=char[])
ARR 50001c1b (sz=8, trace=300000, nelems=4, elem type=char[])
ARR 50001c1c (sz=6, trace=300000, nelems=3, elem type=char[])
ARR 50001c1d (sz=14, trace=300000, nelems=7, elem type=char[])
OBJ 50001c1e (sz=24, trace=300000, class=java.lang.String@50000174)
	value		50001c84
OBJ 50001c1f (sz=24, trace=300000, class=java.lang.String@50000174)
	value		50001c81
OBJ 50001c20 (sz=24, trace=300000, class=java.lang.String@50000174)
	value		50001c8b
OBJ 50001c21 (sz=24, trace=300000, class=java.lang.String@50000174)
	value		50001c95
OBJ 50001c22 (sz=24, trace=300000, class=java.lang.String@50000174)
	value		50001ef1
OBJ 50001c23 (sz=24, trace=300000, class=java.lang.String@50000174)
	value		50001c8e
OBJ 50001c24 (sz=24, trace=300000, class=java.lang.String@50000174)
	value		50001ef0
OBJ 50001c25 (sz=24, trace=300000, class=java.lang.String@50000174)
	value		50001ca4
OBJ 50001c26 (sz=24, trace=300000, class=java.lang.String@50000174)
	value		50001c2d
OBJ 50001c27 (sz=24, trace=300000, class=java.lang.String@50000174)
	value		50001c33
OBJ 50001c28 (sz=24, trace=300000, class=java.lang.String@50000174)
	value		50001c32
OBJ 50001c29 (sz=24, trace=300000, class=java.lang.String@50000174)
	value		50001c31
OBJ 50001c2a (sz=24, trace=300000, class=java.lang.String@50000174)
	value		50001c30
OBJ 50001c2b (sz=24, trace=300000, class=java.lang.String@50000174)
	value		50001c2f
OBJ 50001c2c (sz=24, trace=300000, class=java.lang.String@50000174)
	value		50001c2e
ARR 50001c2d (sz=16, trace=300000, nelems=8, elem type=char[])
ARR 50001c2e (sz=20, trace=300000, nelems=10, elem type=char[])
ARR 50001c2f (sz=8, trace=300000, nelems=4, elem type=char[])
ARR 50001c30 (sz=24, trace=300000, nelems=12, elem type=char[])
ARR 50001c31 (sz=36, trace=300000, nelems=18, elem type=char[])
ARR 50001c32 (sz=32, trace=300000, nelems=16, elem type=char[])
ARR 50001c33 (sz=32, trace=300000, nelems=16, elem type=char[])
OBJ 50001c34 (sz=24, trace=300000, class=java.lang.String@50000174)
	value		50001c40
OBJ 50001c35 (sz=24, trace=300000, class=java.lang.String@50000174)
	value		50001c3f
OBJ 50001c36 (sz=24, trace=300000, class=java.lang.String@50000174)
	value		50001c3e
OBJ 50001c37 (sz=24, trace=300000, class=java.lang.String@50000174)
	value		50001c3d
OBJ 50001c38 (sz=24, trace=300000, class=java.lang.String@50000174)
	value		50001c43
OBJ 50001c39 (sz=24, trace=300000, class=java.lang.String@50000174)
	value		50001c42
OBJ 50001c3a (sz=24, trace=300000, class=java.lang.String@50000174)
	value		50001c41
OBJ 50001c3b (sz=24, trace=300000, class=java.lang.String@50000174)
	value		50001c45
OBJ 50001c3c (sz=24, trace=300000, class=java.lang.String@50000174)
	value		50001c44
ARR 50001c3d (sz=12, trace=300000, nelems=6, elem type=char[])
ARR 50001c3e (sz=8, trace=300000, nelems=4, elem type=char[])
ARR 50001c3f (sz=8, trace=300000, nelems=4, elem type=char[])
ARR 50001c40 (sz=12, trace=300000, nelems=6, elem type=char[])
ARR 50001c41 (sz=14, trace=300000, nelems=7, elem type=char[])
ARR 50001c42 (sz=14, trace=300000, nelems=7, elem type=char[])
ARR 50001c43 (sz=16, trace=300000, nelems=8, elem type=char[])
ARR 50001c44 (sz=8, trace=300000, nelems=4, elem type=char[])
ARR 50001c45 (sz=12, trace=300000, nelems=6, elem type=char[])
OBJ 50001c46 (sz=24, trace=300000, class=java.lang.String@50000174)
	value		50001c47
ARR 50001c47 (sz=44, trace=300000, nelems=22, elem type=char[])
OBJ 50001c48 (sz=24, trace=300000, class=java.lang.String@50000174)
	value		50001c4b
OBJ 50001c49 (sz=24, trace=300000, class=java.lang.String@50000174)
	value		50001c4a
ARR 50001c4a (sz=40, trace=300000, nelems=20, elem type=char[])
ARR 50001c4b (sz=14, trace=300000, nelems=7, elem type=char[])
OBJ 50001c4c (sz=24, trace=300000, class=java.lang.String@50000174)
	value		50001eef
OBJ 50001c4d (sz=24, trace=300000, class=java.lang.String@50000174)
	value		50001eee
OBJ 50001c4e (sz=24, trace=300000, class=java.lang.String@50000174)
	value		50001eed
OBJ 50001c4f (sz=24, trace=300000, class=java.lang.String@50000174)
	value		50001eec
OBJ 50001c50 (sz=24, trace=300000, class=java.lang.String@50000174)
	value		50001c51
ARR 50001c51 (sz=6, trace=300000, nelems=3, elem type=char[])
OBJ 50001c52 (sz=24, trace=300000, class=java.lang.String@50000174)
	value		50001c5a
OBJ 50001c53 (sz=24, trace=300000, class=java.lang.String@50000174)
	value		50001c5b
OBJ 50001c54 (sz=24, trace=300000, class=java.lang.String@50000174)
	value		50001c5c
OBJ 50001c55 (sz=24, trace=300000, class=java.lang.String@50000174)
	value		50001c5d
OBJ 50001c56 (sz=24, trace=300000, class=java.lang.String@50000174)
	value		50001c5e
OBJ 50001c57 (sz=24, trace=300000, class=java.lang.String@50000174)
	value		50001c5f
OBJ 50001c58 (sz=24, trace=300000, class=java.lang.String@50000174)
	value		50001c60
OBJ 50001c59 (sz=24, trace=300000, class=java.lang.String@50000174)
	value		50001c61
ARR 50001c5a (sz=6, trace=300000, nelems=3, elem type=char[])
ARR 50001c5b (sz=36, trace=300000, nelems=18, elem type=char[])
ARR 50001c5c (sz=36, trace=300000, nelems=18, elem type=char[])
ARR 50001c5d (sz=8, trace=300000, nelems=4, elem type=char[])
ARR 50001c5e (sz=46, trace=300000, nelems=23, elem type=char[])
ARR 50001c5f (sz=46, trace=300000, nelems=23, elem type=char[])
ARR 50001c60 (sz=8, trace=300000, nelems=4, elem type=char[])
ARR 50001c61 (sz=16, trace=300000, nelems=8, elem type=char[])
OBJ 50001c62 (sz=24, trace=300000, class=java.lang.String@50000174)
	value		50001c63
ARR 50001c63 (sz=20, trace=300000, nelems=10, elem type=char[])
OBJ 50001c64 (sz=24, trace=300000, class=java.lang.String@50000174)
	value		50001c65
ARR 50001c65 (sz=26, trace=300000, nelems=13, elem type=char[])
OBJ 50001c66 (sz=24, trace=300000, class=java.lang.String@50000174)
	value		50001eeb
OBJ 50001c67 (sz=24, trace=300000, class=java.lang.String@50000174)
	value		50001eea
OBJ 50001c68 (sz=56, trace=300000, class=java.util.ResourceBundle$CacheKey@500006a6)
	name		500011c8
	locale		50001a0f
	loaderRef	50000710
	format		50001c69
OBJ 50001c69 (sz=24, trace=300000, class=java.lang.String@50000174)
	value		50001c6a
ARR 50001c6a (sz=20, trace=300000, nelems=10, elem type=char[])
OBJ 50001c6b (sz=56, trace=300000, class=java.util.ResourceBundle$CacheKey@500006a6)
	name		500011c8
	locale		50001a10
	loaderRef	500006d3
	format		50001c69
OBJ 50001c6c (sz=24, trace=300000, class=java.lang.String@50000174)
	value		50001c6f
OBJ 50001c6d (sz=24, trace=300000, class=java.lang.String@50000174)
	value		50001c6e
ARR 50001c6e (sz=48, trace=300000, nelems=24, elem type=char[])
ARR 50001c6f (sz=238, trace=300000, nelems=119, elem type=char[])
OBJ 50001c70 (sz=24, trace=300000, class=java.lang.String@50000174)
	value		50001c73
OBJ 50001c71 (sz=24, trace=300000, class=java.lang.String@50000174)
	value		50001c72
ARR 50001c72 (sz=48, trace=300000, nelems=24, elem type=char[])
ARR 50001c73 (sz=68, trace=300000, nelems=34, elem type=char[])
OBJ 50001c74 (sz=24, trace=300000, class=java.lang.String@50000174)
	value		50001c77
OBJ 50001c75 (sz=24, trace=300000, class=java.lang.String@50000174)
	value		50001c76
ARR 50001c76 (sz=48, trace=300000, nelems=24, elem type=char[])
ARR 50001c77 (sz=284, trace=300000, nelems=142, elem type=char[])
OBJ 50001c78 (sz=24, trace=300000, class=java.lang.String@50000174)
	value		50001c7b
OBJ 50001c79 (sz=24, trace=300000, class=java.lang.String@50000174)
	value		50001c7a
ARR 50001c7a (sz=48, trace=300000, nelems=24, elem type=char[])
ARR 50001c7b (sz=328, trace=300000, nelems=164, elem type=char[])
OBJ 50001c7c (sz=24, trace=300000, class=java.lang.String@50000174)
	value		50001c7f
OBJ 50001c7d (sz=24, trace=300000, class=java.lang.String@50000174)
	value		50001c7e
ARR 50001c7e (sz=48, trace=300000, nelems=24, elem type=char[])
ARR 50001c7f (sz=172, trace=300000, nelems=86, elem type=char[])
OBJ 50001c80 (sz=24, trace=300000, class=java.lang.String@50000174)
	value		50001c82
ARR 50001c81 (sz=54, trace=300000, nelems=27, elem type=char[])
ARR 50001c82 (sz=100, trace=300000, nelems=50, elem type=char[])
OBJ 50001c83 (sz=24, trace=300000, class=java.lang.String@50000174)
	value		50001c85
ARR 50001c84 (sz=48, trace=300000, nelems=24, elem type=char[])
ARR 50001c85 (sz=346, trace=300000, nelems=173, elem type=char[])
OBJ 50001c86 (sz=24, trace=300000, class=java.lang.String@50000174)
	value		50001c89
OBJ 50001c87 (sz=24, trace=300000, class=java.lang.String@50000174)
	value		50001c88
ARR 50001c88 (sz=54, trace=300000, nelems=27, elem type=char[])
ARR 50001c89 (sz=252, trace=300000, nelems=126, elem type=char[])
OBJ 50001c8a (sz=24, trace=300000, class=java.lang.String@50000174)
	value		50001c8c
ARR 50001c8b (sz=52, trace=300000, nelems=26, elem type=char[])
ARR 50001c8c (sz=66, trace=300000, nelems=33, elem type=char[])
OBJ 50001c8d (sz=24, trace=300000, class=java.lang.String@50000174)
	value		50001c8f
ARR 50001c8e (sz=54, trace=300000, nelems=27, elem type=char[])
ARR 50001c8f (sz=138, trace=300000, nelems=69, elem type=char[])
OBJ 50001c90 (sz=24, trace=300000, class=java.lang.String@50000174)
	value		50001c93
OBJ 50001c91 (sz=24, trace=300000, class=java.lang.String@50000174)
	value		50001c92
ARR 50001c92 (sz=56, trace=300000, nelems=28, elem type=char[])
ARR 50001c93 (sz=706, trace=300000, nelems=353, elem type=char[])
OBJ 50001c94 (sz=24, trace=300000, class=java.lang.String@50000174)
	value		50001c96
ARR 50001c95 (sz=54, trace=300000, nelems=27, elem type=char[])
ARR 50001c96 (sz=78, trace=300000, nelems=39, elem type=char[])
OBJ 50001c97 (sz=24, trace=300000, class=java.lang.String@50000174)
	value		50001c9a
OBJ 50001c98 (sz=24, trace=300000, class=java.lang.String@50000174)
	value		50001c99
ARR 50001c99 (sz=42, trace=300000, nelems=21, elem type=char[])
ARR 50001c9a (sz=3734, trace=300000, nelems=1867, elem type=char[])
OBJ 50001c9b (sz=24, trace=300000, class=java.lang.String@50000174)
	value		50001c9e
OBJ 50001c9c (sz=24, trace=300000, class=java.lang.String@50000174)
	value		50001c9d
ARR 50001c9d (sz=48, trace=300000, nelems=24, elem type=char[])
ARR 50001c9e (sz=40, trace=300000, nelems=20, elem type=char[])
OBJ 50001c9f (sz=24, trace=300000, class=java.lang.String@50000174)
	value		50001ca2
OBJ 50001ca0 (sz=24, trace=300000, class=java.lang.String@50000174)
	value		50001ca1
ARR 50001ca1 (sz=50, trace=300000, nelems=25, elem type=char[])
ARR 50001ca2 (sz=108, trace=300000, nelems=54, elem type=char[])
OBJ 50001ca3 (sz=24, trace=300000, class=java.lang.String@50000174)
	value		50001ca5
ARR 50001ca4 (sz=48, trace=300000, nelems=24, elem type=char[])
ARR 50001ca5 (sz=4126, trace=300000, nelems=2063, elem type=char[])
OBJ 50001ca6 (sz=24, trace=300000, class=java.lang.String@50000174)
	value		50001ca9
OBJ 50001ca7 (sz=24, trace=300000, class=java.lang.String@50000174)
	value		50001ca8
ARR 50001ca8 (sz=48, trace=300000, nelems=24, elem type=char[])
ARR 50001ca9 (sz=130, trace=300000, nelems=65, elem type=char[])
OBJ 50001caa (sz=24, trace=300000, class=java.lang.String@50000174)
	value		50001cad
OBJ 50001cab (sz=24, trace=300000, class=java.lang.String@50000174)
	value		50001cac
ARR 50001cac (sz=48, trace=300000, nelems=24, elem type=char[])
ARR 50001cad (sz=88, trace=300000, nelems=44, elem type=char[])
OBJ 50001cae (sz=24, trace=300000, class=java.lang.String@50000174)
	value		50001cb1
OBJ 50001caf (sz=24, trace=300000, class=java.lang.String@50000174)
	value		50001cb0
ARR 50001cb0 (sz=48, trace=300000, nelems=24, elem type=char[])
ARR 50001cb1 (sz=50, trace=300000, nelems=25, elem type=char[])
OBJ 50001cb2 (sz=56, trace=300000, class=java.util.ResourceBundle$CacheKey@500006a6)
	name		500009f6
	locale		50001a21
	loaderRef	50000a3b
	format		50001c69
OBJ 50001cb3 (sz=56, trace=300000, class=java.util.ResourceBundle$CacheKey@500006a6)
	name		500009f6
	locale		50001a10
	loaderRef	50000a1d
	format		50001c69
OBJ 50001cb4 (sz=24, trace=300000, class=java.lang.String@50000174)
	value		50001cb5
ARR 50001cb5 (sz=20, trace=300000, nelems=10, elem type=char[])
OBJ 50001cb6 (sz=24, trace=300000, class=java.lang.String@50000174)
	value		50001cb9
OBJ 50001cb7 (sz=24, trace=300000, class=java.lang.String@50000174)
	value		50001cb8
ARR 50001cb8 (sz=4, trace=300000, nelems=2, elem type=char[])
ARR 50001cb9 (sz=4, trace=300000, nelems=2, elem type=char[])
OBJ 50001cba (sz=24, trace=300000, class=java.lang.String@50000174)
	value		50001cbb
ARR 50001cbb (sz=38, trace=300000, nelems=19, elem type=char[])
OBJ 50001cbc (sz=24, trace=300000, class=java.lang.String@50000174)
	value		50001ccd
OBJ 50001cbd (sz=24, trace=300000, class=java.lang.String@50000174)
	value		50001ccc
OBJ 50001cbe (sz=24, trace=300000, class=java.lang.String@50000174)
	value		50001ccb
OBJ 50001cbf (sz=24, trace=300000, class=java.lang.String@50000174)
	value		50001cca
OBJ 50001cc0 (sz=24, trace=300000, class=java.lang.String@50000174)
	value		50001cc9
OBJ 50001cc1 (sz=24, trace=300000, class=java.lang.String@50000174)
	value		50001cc8
OBJ 50001cc2 (sz=24, trace=300000, class=java.lang.String@50000174)
	value		50001cc7
OBJ 50001cc3 (sz=24, trace=300000, class=java.lang.String@50000174)
	value		50001cc6
OBJ 50001cc4 (sz=24, trace=300000, class=java.lang.String@50000174)
	value		50001cc5
ARR 50001cc5 (sz=6, trace=300000, nelems=3, elem type=char[])
ARR 50001cc6 (sz=2, trace=300000, nelems=1, elem type=char[])
ARR 50001cc7 (sz=2, trace=300000, nelems=1, elem type=char[])
ARR 50001cc8 (sz=2, trace=300000, nelems=1, elem type=char[])
ARR 50001cc9 (sz=2, trace=300000, nelems=1, elem type=char[])
ARR 50001cca (sz=2, trace=300000, nelems=1, elem type=char[])
ARR 50001ccb (sz=2, trace=300000, nelems=1, elem type=char[])
ARR 50001ccc (sz=2, trace=300000, nelems=1, elem type=char[])
ARR 50001ccd (sz=2, trace=300000, nelems=1, elem type=char[])
OBJ 50001cce (sz=24, trace=300000, class=java.lang.String@50000174)
	value		50001ccf
ARR 50001ccf (sz=26, trace=300000, nelems=13, elem type=char[])
OBJ 50001cd0 (sz=24, trace=300000, class=java.lang.String@50000174)
	value		50001cd9
OBJ 50001cd1 (sz=24, trace=300000, class=java.lang.String@50000174)
	value		50001cd8
OBJ 50001cd2 (sz=24, trace=300000, class=java.lang.String@50000174)
	value		50001cd7
OBJ 50001cd3 (sz=24, trace=300000, class=java.lang.String@50000174)
	value		50001cd6
OBJ 50001cd4 (sz=24, trace=300000, class=java.lang.String@50000174)
	value		50001cd5
ARR 50001cd5 (sz=10, trace=300000, nelems=5, elem type=char[])
ARR 50001cd6 (sz=12, trace=300000, nelems=6, elem type=char[])
ARR 50001cd7 (sz=10, trace=300000, nelems=5, elem type=char[])
ARR 50001cd8 (sz=12, trace=300000, nelems=6, elem type=char[])
ARR 50001cd9 (sz=10, trace=300000, nelems=5, elem type=char[])
OBJ 50001cda (sz=24, trace=300000, class=java.lang.String@50000174)
	value		50001cdb
ARR 50001cdb (sz=42, trace=300000, nelems=21, elem type=char[])
OBJ 50001cdc (sz=24, trace=300000, class=java.lang.String@50000174)
	value		50001ce1
OBJ 50001cdd (sz=24, trace=300000, class=java.lang.String@50000174)
	value		50001ce0
OBJ 50001cde (sz=24, trace=300000, class=java.lang.String@50000174)
	value		50001cdf
ARR 50001cdf (sz=8, trace=300000, nelems=4, elem type=char[])
ARR 50001ce0 (sz=14, trace=300000, nelems=7, elem type=char[])
ARR 50001ce1 (sz=18, trace=300000, nelems=9, elem type=char[])
OBJ 50001ce2 (sz=24, trace=300000, class=java.lang.String@50000174)
	value		50001ce3
ARR 50001ce3 (sz=28, trace=300000, nelems=14, elem type=char[])
OBJ 50001ce4 (sz=24, trace=300000, class=java.lang.String@50000174)
	value		50001ce5
ARR 50001ce5 (sz=2, trace=300000, nelems=1, elem type=char[])
OBJ 50001ce6 (sz=24, trace=300000, class=java.lang.String@50000174)
	value		50001ce7
ARR 50001ce7 (sz=38, trace=300000, nelems=19, elem type=char[])
OBJ 50001ce8 (sz=24, trace=300000, class=java.lang.String@50000174)
	value		50001ce9
ARR 50001ce9 (sz=2, trace=300000, nelems=1, elem type=char[])
OBJ 50001cea (sz=24, trace=300000, class=java.lang.String@50000174)
	value		50001ceb
ARR 50001ceb (sz=36, trace=300000, nelems=18, elem type=char[])
OBJ 50001cec (sz=24, trace=300000, class=java.lang.String@50000174)
	value		50001d03
OBJ 50001ced (sz=24, trace=300000, class=java.lang.String@50000174)
	value		50001d02
OBJ 50001cee (sz=24, trace=300000, class=java.lang.String@50000174)
	value		50001d01
OBJ 50001cef (sz=24, trace=300000, class=java.lang.String@50000174)
	value		50001d00
OBJ 50001cf0 (sz=24, trace=300000, class=java.lang.String@50000174)
	value		50001cff
OBJ 50001cf1 (sz=24, trace=300000, class=java.lang.String@50000174)
	value		50001cfe
OBJ 50001cf2 (sz=24, trace=300000, class=java.lang.String@50000174)
	value		50001cfd
OBJ 50001cf3 (sz=24, trace=300000, class=java.lang.String@50000174)
	value		50001cfc
OBJ 50001cf4 (sz=24, trace=300000, class=java.lang.String@50000174)
	value		50001cfb
OBJ 50001cf5 (sz=24, trace=300000, class=java.lang.String@50000174)
	value		50001cfa
OBJ 50001cf6 (sz=24, trace=300000, class=java.lang.String@50000174)
	value		50001cf9
OBJ 50001cf7 (sz=24, trace=300000, class=java.lang.String@50000174)
	value		50001cf8
ARR 50001cf8 (sz=6, trace=300000, nelems=3, elem type=char[])
ARR 50001cf9 (sz=6, trace=300000, nelems=3, elem type=char[])
ARR 50001cfa (sz=6, trace=300000, nelems=3, elem type=char[])
ARR 50001cfb (sz=6, trace=300000, nelems=3, elem type=char[])
ARR 50001cfc (sz=6, trace=300000, nelems=3, elem type=char[])
ARR 50001cfd (sz=6, trace=300000, nelems=3, elem type=char[])
ARR 50001cfe (sz=6, trace=300000, nelems=3, elem type=char[])
ARR 50001cff (sz=6, trace=300000, nelems=3, elem type=char[])
ARR 50001d00 (sz=6, trace=300000, nelems=3, elem type=char[])
ARR 50001d01 (sz=6, trace=300000, nelems=3, elem type=char[])
ARR 50001d02 (sz=6, trace=300000, nelems=3, elem type=char[])
ARR 50001d03 (sz=6, trace=300000, nelems=3, elem type=char[])
OBJ 50001d04 (sz=24, trace=300000, class=java.lang.String@50000174)
	value		50001d05
ARR 50001d05 (sz=50, trace=300000, nelems=25, elem type=char[])
OBJ 50001d06 (sz=24, trace=300000, class=java.lang.String@50000174)
	value		50001d07
ARR 50001d07 (sz=14, trace=300000, nelems=7, elem type=char[])
OBJ 50001d08 (sz=24, trace=300000, class=java.lang.String@50000174)
	value		50001d09
ARR 50001d09 (sz=38, trace=300000, nelems=19, elem type=char[])
OBJ 50001d0a (sz=24, trace=300000, class=java.lang.String@50000174)
	value		50001d0b
ARR 50001d0b (sz=2, trace=300000, nelems=1, elem type=char[])
OBJ 50001d0c (sz=24, trace=300000, class=java.lang.String@50000174)
	value		50001d0d
ARR 50001d0d (sz=24, trace=300000, nelems=12, elem type=char[])
OBJ 50001d0e (sz=24, trace=300000, class=java.lang.String@50000174)
	value		50001d15
OBJ 50001d0f (sz=24, trace=300000, class=java.lang.String@50000174)
	value		50001d14
OBJ 50001d10 (sz=24, trace=300000, class=java.lang.String@50000174)
	value		50001d13
OBJ 50001d11 (sz=24, trace=300000, class=java.lang.String@50000174)
	value		50001d12
ARR 50001d12 (sz=12, trace=300000, nelems=6, elem type=char[])
ARR 50001d13 (sz=22, trace=300000, nelems=11, elem type=char[])
ARR 50001d14 (sz=24, trace=300000, nelems=12, elem type=char[])
ARR 50001d15 (sz=36, trace=300000, nelems=18, elem type=char[])
OBJ 50001d16 (sz=24, trace=300000, class=java.lang.String@50000174)
	value		50001d17
ARR 50001d17 (sz=38, trace=300000, nelems=19, elem type=char[])
OBJ 50001d18 (sz=24, trace=300000, class=java.lang.String@50000174)
	value		50001d19
ARR 50001d19 (sz=2, trace=300000, nelems=1, elem type=char[])
OBJ 50001d1a (sz=24, trace=300000, class=java.lang.String@50000174)
	value		50001d1b
ARR 50001d1b (sz=38, trace=300000, nelems=19, elem type=char[])
OBJ 50001d1c (sz=24, trace=300000, class=java.lang.String@50000174)
	value		50001d1d
ARR 50001d1d (sz=2, trace=300000, nelems=1, elem type=char[])
OBJ 50001d1e (sz=24, trace=300000, class=java.lang.String@50000174)
	value		50001d1f
ARR 50001d1f (sz=38, trace=300000, nelems=19, elem type=char[])
OBJ 50001d20 (sz=24, trace=300000, class=java.lang.String@50000174)
	value		50001d21
ARR 50001d21 (sz=2, trace=300000, nelems=1, elem type=char[])
OBJ 50001d22 (sz=24, trace=300000, class=java.lang.String@50000174)
	value		50001d23
ARR 50001d23 (sz=38, trace=300000, nelems=19, elem type=char[])
OBJ 50001d24 (sz=24, trace=300000, class=java.lang.String@50000174)
	value		50001d25
ARR 50001d25 (sz=2, trace=300000, nelems=1, elem type=char[])
OBJ 50001d26 (sz=24, trace=300000, class=java.lang.String@50000174)
	value		50001d27
ARR 50001d27 (sz=28, trace=300000, nelems=14, elem type=char[])
OBJ 50001d28 (sz=24, trace=300000, class=java.lang.String@50000174)
	value		50001d2d
OBJ 50001d29 (sz=24, trace=300000, class=java.lang.String@50000174)
	value		50001d2c
OBJ 50001d2a (sz=24, trace=300000, class=java.lang.String@50000174)
	value		50001d2b
ARR 50001d2b (sz=12, trace=300000, nelems=6, elem type=char[])
ARR 50001d2c (sz=44, trace=300000, nelems=22, elem type=char[])
ARR 50001d2d (sz=40, trace=300000, nelems=20, elem type=char[])
OBJ 50001d2e (sz=24, trace=300000, class=java.lang.String@50000174)
	value		50001d2f
ARR 50001d2f (sz=20, trace=300000, nelems=10, elem type=char[])
OBJ 50001d30 (sz=24, trace=300000, class=java.lang.String@50000174)
	value		50001d35
OBJ 50001d31 (sz=24, trace=300000, class=java.lang.String@50000174)
	value		50001d39
OBJ 50001d32 (sz=24, trace=300000, class=java.lang.String@50000174)
	value		50001d37
OBJ 50001d33 (sz=24, trace=300000, class=java.lang.String@50000174)
	value		50001d38
OBJ 50001d34 (sz=24, trace=300000, class=java.lang.String@50000174)
	value		50001d36
ARR 50001d35 (sz=2, trace=300000, nelems=1, elem type=char[])
ARR 50001d36 (sz=2, trace=300000, nelems=1, elem type=char[])
ARR 50001d37 (sz=2, trace=300000, nelems=1, elem type=char[])
ARR 50001d38 (sz=2, trace=300000, nelems=1, elem type=char[])
ARR 50001d39 (sz=2, trace=300000, nelems=1, elem type=char[])
OBJ 50001d3a (sz=24, trace=300000, class=java.lang.String@50000174)
	value		50001d3b
ARR 50001d3b (sz=32, trace=300000, nelems=16, elem type=char[])
OBJ 50001d3c (sz=24, trace=300000, class=java.lang.String@50000174)
	value		50001d49
OBJ 50001d3d (sz=24, trace=300000, class=java.lang.String@50000174)
	value		50001d48
OBJ 50001d3e (sz=24, trace=300000, class=java.lang.String@50000174)
	value		50001d47
OBJ 50001d3f (sz=24, trace=300000, class=java.lang.String@50000174)
	value		50001d46
OBJ 50001d40 (sz=24, trace=300000, class=java.lang.String@50000174)
	value		50001d45
OBJ 50001d41 (sz=24, trace=300000, class=java.lang.String@50000174)
	value		50001d44
OBJ 50001d42 (sz=24, trace=300000, class=java.lang.String@50000174)
	value		50001d43
ARR 50001d43 (sz=6, trace=300000, nelems=3, elem type=char[])
ARR 50001d44 (sz=6, trace=300000, nelems=3, elem type=char[])
ARR 50001d45 (sz=6, trace=300000, nelems=3, elem type=char[])
ARR 50001d46 (sz=6, trace=300000, nelems=3, elem type=char[])
ARR 50001d47 (sz=6, trace=300000, nelems=3, elem type=char[])
ARR 50001d48 (sz=6, trace=300000, nelems=3, elem type=char[])
ARR 50001d49 (sz=6, trace=300000, nelems=3, elem type=char[])
OBJ 50001d4a (sz=24, trace=300000, class=java.lang.String@50000174)
	value		50001d4b
ARR 50001d4b (sz=50, trace=300000, nelems=25, elem type=char[])
OBJ 50001d4c (sz=24, trace=300000, class=java.lang.String@50000174)
	value		50001d4d
ARR 50001d4d (sz=16, trace=300000, nelems=8, elem type=char[])
OBJ 50001d4e (sz=24, trace=300000, class=java.lang.String@50000174)
	value		50001d4f
ARR 50001d4f (sz=26, trace=300000, nelems=13, elem type=char[])
OBJ 50001d50 (sz=24, trace=300000, class=java.lang.String@50000174)
	value		50001d51
ARR 50001d51 (sz=8, trace=300000, nelems=4, elem type=char[])
OBJ 50001d52 (sz=24, trace=300000, class=java.lang.String@50000174)
	value		50001d53
ARR 50001d53 (sz=42, trace=300000, nelems=21, elem type=char[])
OBJ 50001d54 (sz=24, trace=300000, class=java.lang.String@50000174)
	value		50001d5b
OBJ 50001d55 (sz=24, trace=300000, class=java.lang.String@50000174)
	value		50001d5a
OBJ 50001d56 (sz=24, trace=300000, class=java.lang.String@50000174)
	value		50001d59
OBJ 50001d57 (sz=24, trace=300000, class=java.lang.String@50000174)
	value		50001d58
ARR 50001d58 (sz=16, trace=300000, nelems=8, elem type=char[])
ARR 50001d59 (sz=20, trace=300000, nelems=10, elem type=char[])
ARR 50001d5a (sz=22, trace=300000, nelems=11, elem type=char[])
ARR 50001d5b (sz=36, trace=300000, nelems=18, elem type=char[])
OBJ 50001d5c (sz=24, trace=300000, class=java.lang.String@50000174)
	value		50001d5d
ARR 50001d5d (sz=16, trace=300000, nelems=8, elem type=char[])
OBJ 50001d5e (sz=24, trace=300000, class=java.lang.String@50000174)
	value		50001d6b
OBJ 50001d5f (sz=24, trace=300000, class=java.lang.String@50000174)
	value		50001d6a
OBJ 50001d60 (sz=24, trace=300000, class=java.lang.String@50000174)
	value		50001d69
OBJ 50001d61 (sz=24, trace=300000, class=java.lang.String@50000174)
	value		50001d68
OBJ 50001d62 (sz=24, trace=300000, class=java.lang.String@50000174)
	value		50001d67
OBJ 50001d63 (sz=24, trace=300000, class=java.lang.String@50000174)
	value		50001d66
OBJ 50001d64 (sz=24, trace=300000, class=java.lang.String@50000174)
	value		50001d65
ARR 50001d65 (sz=16, trace=300000, nelems=8, elem type=char[])
ARR 50001d66 (sz=12, trace=300000, nelems=6, elem type=char[])
ARR 50001d67 (sz=16, trace=300000, nelems=8, elem type=char[])
ARR 50001d68 (sz=18, trace=300000, nelems=9, elem type=char[])
ARR 50001d69 (sz=14, trace=300000, nelems=7, elem type=char[])
ARR 50001d6a (sz=12, trace=300000, nelems=6, elem type=char[])
ARR 50001d6b (sz=12, trace=300000, nelems=6, elem type=char[])
OBJ 50001d6c (sz=24, trace=300000, class=java.lang.String@50000174)
	value		50001d6d
ARR 50001d6d (sz=46, trace=300000, nelems=23, elem type=char[])
OBJ 50001d6e (sz=24, trace=300000, class=java.lang.String@50000174)
	value		50001d6f
ARR 50001d6f (sz=2, trace=300000, nelems=1, elem type=char[])
OBJ 50001d70 (sz=24, trace=300000, class=java.lang.String@50000174)
	value		50001d71
ARR 50001d71 (sz=38, trace=300000, nelems=19, elem type=char[])
OBJ 50001d72 (sz=24, trace=300000, class=java.lang.String@50000174)
	value		50001d73
ARR 50001d73 (sz=2, trace=300000, nelems=1, elem type=char[])
OBJ 50001d74 (sz=24, trace=300000, class=java.lang.String@50000174)
	value		50001d75
ARR 50001d75 (sz=38, trace=300000, nelems=19, elem type=char[])
OBJ 50001d76 (sz=24, trace=300000, class=java.lang.String@50000174)
	value		50001d77
ARR 50001d77 (sz=2, trace=300000, nelems=1, elem type=char[])
OBJ 50001d78 (sz=24, trace=300000, class=java.lang.String@50000174)
	value		50001d79
ARR 50001d79 (sz=38, trace=300000, nelems=19, elem type=char[])
OBJ 50001d7a (sz=24, trace=300000, class=java.lang.String@50000174)
	value		50001d7b
ARR 50001d7b (sz=2, trace=300000, nelems=1, elem type=char[])
OBJ 50001d7c (sz=24, trace=300000, class=java.lang.String@50000174)
	value		50001d7d
ARR 50001d7d (sz=38, trace=300000, nelems=19, elem type=char[])
OBJ 50001d7e (sz=24, trace=300000, class=java.lang.String@50000174)
	value		50001d8b
OBJ 50001d7f (sz=24, trace=300000, class=java.lang.String@50000174)
	value		50001d8a
OBJ 50001d80 (sz=24, trace=300000, class=java.lang.String@50000174)
	value		50001d89
OBJ 50001d81 (sz=24, trace=300000, class=java.lang.String@50000174)
	value		50001d88
OBJ 50001d82 (sz=24, trace=300000, class=java.lang.String@50000174)
	value		50001d87
OBJ 50001d83 (sz=24, trace=300000, class=java.lang.String@50000174)
	value		50001d86
OBJ 50001d84 (sz=24, trace=300000, class=java.lang.String@50000174)
	value		50001d85
ARR 50001d85 (sz=2, trace=300000, nelems=1, elem type=char[])
ARR 50001d86 (sz=4, trace=300000, nelems=2, elem type=char[])
ARR 50001d87 (sz=2, trace=300000, nelems=1, elem type=char[])
ARR 50001d88 (sz=2, trace=300000, nelems=1, elem type=char[])
ARR 50001d89 (sz=2, trace=300000, nelems=1, elem type=char[])
ARR 50001d8a (sz=2, trace=300000, nelems=1, elem type=char[])
ARR 50001d8b (sz=2, trace=300000, nelems=1, elem type=char[])
OBJ 50001d8c (sz=24, trace=300000, class=java.lang.String@50000174)
	value		50001d8d
ARR 50001d8d (sz=38, trace=300000, nelems=19, elem type=char[])
OBJ 50001d8e (sz=24, trace=300000, class=java.lang.String@50000174)
	value		50001d8f
ARR 50001d8f (sz=2, trace=300000, nelems=1, elem type=char[])
OBJ 50001d90 (sz=24, trace=300000, class=java.lang.String@50000174)
	value		50001d91
ARR 50001d91 (sz=38, trace=300000, nelems=19, elem type=char[])
OBJ 50001d92 (sz=24, trace=300000, class=java.lang.String@50000174)
	value		50001d93
ARR 50001d93 (sz=2, trace=300000, nelems=1, elem type=char[])
OBJ 50001d94 (sz=24, trace=300000, class=java.lang.String@50000174)
	value		50001d95
ARR 50001d95 (sz=38, trace=300000, nelems=19, elem type=char[])
OBJ 50001d96 (sz=24, trace=300000, class=java.lang.String@50000174)
	value		50001d97
ARR 50001d97 (sz=2, trace=300000, nelems=1, elem type=char[])
OBJ 50001d98 (sz=24, trace=300000, class=java.lang.String@50000174)
	value		50001d99
ARR 50001d99 (sz=24, trace=300000, nelems=12, elem type=char[])
OBJ 50001d9a (sz=24, trace=300000, class=java.lang.String@50000174)
	value		50001db1
OBJ 50001d9b (sz=24, trace=300000, class=java.lang.String@50000174)
	value		50001db0
OBJ 50001d9c (sz=24, trace=300000, class=java.lang.String@50000174)
	value		50001daf
OBJ 50001d9d (sz=24, trace=300000, class=java.lang.String@50000174)
	value		50001dae
OBJ 50001d9e (sz=24, trace=300000, class=java.lang.String@50000174)
	value		50001dad
OBJ 50001d9f (sz=24, trace=300000, class=java.lang.String@50000174)
	value		50001dac
OBJ 50001da0 (sz=24, trace=300000, class=java.lang.String@50000174)
	value		50001dab
OBJ 50001da1 (sz=24, trace=300000, class=java.lang.String@50000174)
	value		50001daa
OBJ 50001da2 (sz=24, trace=300000, class=java.lang.String@50000174)
	value		50001da9
OBJ 50001da3 (sz=24, trace=300000, class=java.lang.String@50000174)
	value		50001da8
OBJ 50001da4 (sz=24, trace=300000, class=java.lang.String@50000174)
	value		50001da7
OBJ 50001da5 (sz=24, trace=300000, class=java.lang.String@50000174)
	value		50001da6
ARR 50001da6 (sz=4, trace=300000, nelems=2, elem type=char[])
ARR 50001da7 (sz=4, trace=300000, nelems=2, elem type=char[])
ARR 50001da8 (sz=4, trace=300000, nelems=2, elem type=char[])
ARR 50001da9 (sz=2, trace=300000, nelems=1, elem type=char[])
ARR 50001daa (sz=2, trace=300000, nelems=1, elem type=char[])
ARR 50001dab (sz=2, trace=300000, nelems=1, elem type=char[])
ARR 50001dac (sz=2, trace=300000, nelems=1, elem type=char[])
ARR 50001dad (sz=2, trace=300000, nelems=1, elem type=char[])
ARR 50001dae (sz=2, trace=300000, nelems=1, elem type=char[])
ARR 50001daf (sz=2, trace=300000, nelems=1, elem type=char[])
ARR 50001db0 (sz=2, trace=300000, nelems=1, elem type=char[])
ARR 50001db1 (sz=2, trace=300000, nelems=1, elem type=char[])
OBJ 50001db2 (sz=24, trace=300000, class=java.lang.String@50000174)
	value		50001db3
ARR 50001db3 (sz=42, trace=300000, nelems=21, elem type=char[])
OBJ 50001db4 (sz=24, trace=300000, class=java.lang.String@50000174)
	value		50001dbb
OBJ 50001db5 (sz=24, trace=300000, class=java.lang.String@50000174)
	value		50001dba
OBJ 50001db6 (sz=24, trace=300000, class=java.lang.String@50000174)
	value		50001db9
OBJ 50001db7 (sz=24, trace=300000, class=java.lang.String@50000174)
	value		50001db8
ARR 50001db8 (sz=16, trace=300000, nelems=8, elem type=char[])
ARR 50001db9 (sz=30, trace=300000, nelems=15, elem type=char[])
ARR 50001dba (sz=32, trace=300000, nelems=16, elem type=char[])
ARR 50001dbb (sz=46, trace=300000, nelems=23, elem type=char[])
OBJ 50001dbc (sz=24, trace=300000, class=java.lang.String@50000174)
	value		50001dbd
ARR 50001dbd (sz=36, trace=300000, nelems=18, elem type=char[])
OBJ 50001dbe (sz=24, trace=300000, class=java.lang.String@50000174)
	value		50001dc1
OBJ 50001dbf (sz=24, trace=300000, class=java.lang.String@50000174)
	value		50001dc0
ARR 50001dc0 (sz=2, trace=300000, nelems=1, elem type=char[])
ARR 50001dc1 (sz=2, trace=300000, nelems=1, elem type=char[])
OBJ 50001dc2 (sz=24, trace=300000, class=java.lang.String@50000174)
	value		50001dc3
ARR 50001dc3 (sz=38, trace=300000, nelems=19, elem type=char[])
OBJ 50001dc4 (sz=24, trace=300000, class=java.lang.String@50000174)
	value		50001dc5
ARR 50001dc5 (sz=32, trace=300000, nelems=16, elem type=char[])
OBJ 50001dc6 (sz=24, trace=300000, class=java.lang.String@50000174)
	value		50001dc7
ARR 50001dc7 (sz=38, trace=300000, nelems=19, elem type=char[])
OBJ 50001dc8 (sz=24, trace=300000, class=java.lang.String@50000174)
	value		50001dc9
ARR 50001dc9 (sz=2, trace=300000, nelems=1, elem type=char[])
OBJ 50001dca (sz=24, trace=300000, class=java.lang.String@50000174)
	value		50001dcb
ARR 50001dcb (sz=38, trace=300000, nelems=19, elem type=char[])
OBJ 50001dcc (sz=24, trace=300000, class=java.lang.String@50000174)
	value		50001dcd
ARR 50001dcd (sz=2, trace=300000, nelems=1, elem type=char[])
OBJ 50001dce (sz=24, trace=300000, class=java.lang.String@50000174)
	value		50001dcf
ARR 50001dcf (sz=38, trace=300000, nelems=19, elem type=char[])
OBJ 50001dd0 (sz=24, trace=300000, class=java.lang.String@50000174)
	value		50001dd1
ARR 50001dd1 (sz=2, trace=300000, nelems=1, elem type=char[])
OBJ 50001dd2 (sz=24, trace=300000, class=java.lang.String@50000174)
	value		50001dd3
ARR 50001dd3 (sz=36, trace=300000, nelems=18, elem type=char[])
OBJ 50001dd4 (sz=24, trace=300000, class=java.lang.String@50000174)
	value		50001dd5
ARR 50001dd5 (sz=38, trace=300000, nelems=19, elem type=char[])
OBJ 50001dd6 (sz=24, trace=300000, class=java.lang.String@50000174)
	value		50001dd7
ARR 50001dd7 (sz=2, trace=300000, nelems=1, elem type=char[])
OBJ 50001dd8 (sz=24, trace=300000, class=java.lang.String@50000174)
	value		50001dd9
ARR 50001dd9 (sz=8, trace=300000, nelems=4, elem type=char[])
OBJ 50001dda (sz=24, trace=300000, class=java.lang.String@50000174)
	value		50001ddb
ARR 50001ddb (sz=38, trace=300000, nelems=19, elem type=char[])
OBJ 50001ddc (sz=24, trace=300000, class=java.lang.String@50000174)
	value		50001ddd
ARR 50001ddd (sz=2, trace=300000, nelems=1, elem type=char[])
OBJ 50001dde (sz=24, trace=300000, class=java.lang.String@50000174)
	value		50001ddf
ARR 50001ddf (sz=38, trace=300000, nelems=19, elem type=char[])
OBJ 50001de0 (sz=24, trace=300000, class=java.lang.String@50000174)
	value		50001de1
ARR 50001de1 (sz=2, trace=300000, nelems=1, elem type=char[])
OBJ 50001de2 (sz=24, trace=300000, class=java.lang.String@50000174)
	value		50001de3
ARR 50001de3 (sz=44, trace=300000, nelems=22, elem type=char[])
OBJ 50001de4 (sz=24, trace=300000, class=java.lang.String@50000174)
	value		50001de5
ARR 50001de5 (sz=44, trace=300000, nelems=22, elem type=char[])
OBJ 50001de6 (sz=24, trace=300000, class=java.lang.String@50000174)
	value		50001de7
ARR 50001de7 (sz=2, trace=300000, nelems=1, elem type=char[])
OBJ 50001de8 (sz=24, trace=300000, class=java.lang.String@50000174)
	value		50001de9
ARR 50001de9 (sz=38, trace=300000, nelems=19, elem type=char[])
OBJ 50001dea (sz=24, trace=300000, class=java.lang.String@50000174)
	value		50001deb
ARR 50001deb (sz=2, trace=300000, nelems=1, elem type=char[])
OBJ 50001dec (sz=24, trace=300000, class=java.lang.String@50000174)
	value		50001ded
ARR 50001ded (sz=22, trace=300000, nelems=11, elem type=char[])
OBJ 50001dee (sz=24, trace=300000, class=java.lang.String@50000174)
	value		50001df1
OBJ 50001def (sz=24, trace=300000, class=java.lang.String@50000174)
	value		50001df0
ARR 50001df0 (sz=2, trace=300000, nelems=1, elem type=char[])
ARR 50001df1 (sz=2, trace=300000, nelems=1, elem type=char[])
OBJ 50001df2 (sz=24, trace=300000, class=java.lang.String@50000174)
	value		50001df3
ARR 50001df3 (sz=38, trace=300000, nelems=19, elem type=char[])
OBJ 50001df4 (sz=24, trace=300000, class=java.lang.String@50000174)
	value		50001df5
ARR 50001df5 (sz=2, trace=300000, nelems=1, elem type=char[])
OBJ 50001df6 (sz=24, trace=300000, class=java.lang.String@50000174)
	value		50001df7
ARR 50001df7 (sz=38, trace=300000, nelems=19, elem type=char[])
OBJ 50001df8 (sz=24, trace=300000, class=java.lang.String@50000174)
	value		50001df9
ARR 50001df9 (sz=2, trace=300000, nelems=1, elem type=char[])
OBJ 50001dfa (sz=24, trace=300000, class=java.lang.String@50000174)
	value		50001dfb
ARR 50001dfb (sz=42, trace=300000, nelems=21, elem type=char[])
OBJ 50001dfc (sz=24, trace=300000, class=java.lang.String@50000174)
	value		50001e01
OBJ 50001dfd (sz=24, trace=300000, class=java.lang.String@50000174)
	value		50001e00
OBJ 50001dfe (sz=24, trace=300000, class=java.lang.String@50000174)
	value		50001dff
ARR 50001dff (sz=12, trace=300000, nelems=6, elem type=char[])
ARR 50001e00 (sz=18, trace=300000, nelems=9, elem type=char[])
ARR 50001e01 (sz=22, trace=300000, nelems=11, elem type=char[])
OBJ 50001e02 (sz=24, trace=300000, class=java.lang.String@50000174)
	value		50001e03
ARR 50001e03 (sz=38, trace=300000, nelems=19, elem type=char[])
OBJ 50001e04 (sz=24, trace=300000, class=java.lang.String@50000174)
	value		50001e05
ARR 50001e05 (sz=2, trace=300000, nelems=1, elem type=char[])
OBJ 50001e06 (sz=24, trace=300000, class=java.lang.String@50000174)
	value		50001e07
ARR 50001e07 (sz=38, trace=300000, nelems=19, elem type=char[])
OBJ 50001e08 (sz=24, trace=300000, class=java.lang.String@50000174)
	value		50001e09
ARR 50001e09 (sz=40, trace=300000, nelems=20, elem type=char[])
OBJ 50001e0a (sz=24, trace=300000, class=java.lang.String@50000174)
	value		50001e0d
OBJ 50001e0b (sz=24, trace=300000, class=java.lang.String@50000174)
	value		50001e0c
ARR 50001e0c (sz=2, trace=300000, nelems=1, elem type=char[])
ARR 50001e0d (sz=2, trace=300000, nelems=1, elem type=char[])
OBJ 50001e0e (sz=24, trace=300000, class=java.lang.String@50000174)
	value		50001e0f
ARR 50001e0f (sz=38, trace=300000, nelems=19, elem type=char[])
OBJ 50001e10 (sz=24, trace=300000, class=java.lang.String@50000174)
	value		50001e11
ARR 50001e11 (sz=2, trace=300000, nelems=1, elem type=char[])
OBJ 50001e12 (sz=24, trace=300000, class=java.lang.String@50000174)
	value		50001e13
ARR 50001e13 (sz=46, trace=300000, nelems=23, elem type=char[])
OBJ 50001e14 (sz=24, trace=300000, class=java.lang.String@50000174)
	value		50001e15
ARR 50001e15 (sz=2, trace=300000, nelems=1, elem type=char[])
OBJ 50001e16 (sz=24, trace=300000, class=java.lang.String@50000174)
	value		50001e17
ARR 50001e17 (sz=38, trace=300000, nelems=19, elem type=char[])
OBJ 50001e18 (sz=24, trace=300000, class=java.lang.String@50000174)
	value		50001e19
ARR 50001e19 (sz=2, trace=300000, nelems=1, elem type=char[])
OBJ 50001e1a (sz=24, trace=300000, class=java.lang.String@50000174)
	value		50001e1b
ARR 50001e1b (sz=38, trace=300000, nelems=19, elem type=char[])
OBJ 50001e1c (sz=24, trace=300000, class=java.lang.String@50000174)
	value		50001e1d
ARR 50001e1d (sz=2, trace=300000, nelems=1, elem type=char[])
OBJ 50001e1e (sz=24, trace=300000, class=java.lang.String@50000174)
	value		50001e1f
ARR 50001e1f (sz=24, trace=300000, nelems=12, elem type=char[])
OBJ 50001e20 (sz=24, trace=300000, class=java.lang.String@50000174)
	value		50001e21
ARR 50001e21 (sz=38, trace=300000, nelems=19, elem type=char[])
OBJ 50001e22 (sz=24, trace=300000, class=java.lang.String@50000174)
	value		50001e23
ARR 50001e23 (sz=2, trace=300000, nelems=1, elem type=char[])
OBJ 50001e24 (sz=24, trace=300000, class=java.lang.String@50000174)
	value		50001e25
ARR 50001e25 (sz=38, trace=300000, nelems=19, elem type=char[])
OBJ 50001e26 (sz=24, trace=300000, class=java.lang.String@50000174)
	value		50001e27
ARR 50001e27 (sz=2, trace=300000, nelems=1, elem type=char[])
OBJ 50001e28 (sz=24, trace=300000, class=java.lang.String@50000174)
	value		50001e29
ARR 50001e29 (sz=22, trace=300000, nelems=11, elem type=char[])
OBJ 50001e2a (sz=24, trace=300000, class=java.lang.String@50000174)
	value		50001e2d
OBJ 50001e2b (sz=24, trace=300000, class=java.lang.String@50000174)
	value		50001e2c
ARR 50001e2c (sz=4, trace=300000, nelems=2, elem type=char[])
ARR 50001e2d (sz=4, trace=300000, nelems=2, elem type=char[])
OBJ 50001e2e (sz=24, trace=300000, class=java.lang.String@50000174)
	value		50001e31
OBJ 50001e2f (sz=24, trace=300000, class=java.lang.String@50000174)
	value		50001e30
ARR 50001e30 (sz=40, trace=300000, nelems=20, elem type=char[])
ARR 50001e31 (sz=38, trace=300000, nelems=19, elem type=char[])
OBJ 50001e32 (sz=24, trace=300000, class=java.lang.String@50000174)
	value		50001e33
ARR 50001e33 (sz=40, trace=300000, nelems=20, elem type=char[])
OBJ 50001e34 (sz=24, trace=300000, class=java.lang.String@50000174)
	value		50001e35
ARR 50001e35 (sz=38, trace=300000, nelems=19, elem type=char[])
OBJ 50001e36 (sz=24, trace=300000, class=java.lang.String@50000174)
	value		50001e37
ARR 50001e37 (sz=46, trace=300000, nelems=23, elem type=char[])
OBJ 50001e38 (sz=24, trace=300000, class=java.lang.String@50000174)
	value		50001e39
ARR 50001e39 (sz=2, trace=300000, nelems=1, elem type=char[])
OBJ 50001e3a (sz=24, trace=300000, class=java.lang.String@50000174)
	value		50001e3b
ARR 50001e3b (sz=44, trace=300000, nelems=22, elem type=char[])
OBJ 50001e3c (sz=24, trace=300000, class=java.lang.String@50000174)
	value		50001e3f
OBJ 50001e3d (sz=24, trace=300000, class=java.lang.String@50000174)
	value		50001e3e
ARR 50001e3e (sz=8, trace=300000, nelems=4, elem type=char[])
ARR 50001e3f (sz=2, trace=300000, nelems=1, elem type=char[])
OBJ 50001e40 (sz=24, trace=300000, class=java.lang.String@50000174)
	value		50001e43
OBJ 50001e41 (sz=24, trace=300000, class=java.lang.String@50000174)
	value		50001e42
ARR 50001e42 (sz=58, trace=300000, nelems=29, elem type=char[])
ARR 50001e43 (sz=56, trace=300000, nelems=28, elem type=char[])
OBJ 50001e44 (sz=24, trace=300000, class=java.lang.String@50000174)
	value		50001e45
ARR 50001e45 (sz=20, trace=300000, nelems=10, elem type=char[])
OBJ 50001e46 (sz=24, trace=300000, class=java.lang.String@50000174)
	value		50001e5b
OBJ 50001e47 (sz=24, trace=300000, class=java.lang.String@50000174)
	value		50001e5a
OBJ 50001e48 (sz=24, trace=300000, class=java.lang.String@50000174)
	value		50001e59
OBJ 50001e49 (sz=24, trace=300000, class=java.lang.String@50000174)
	value		50001e58
OBJ 50001e4a (sz=24, trace=300000, class=java.lang.String@50000174)
	value		50001e57
OBJ 50001e4b (sz=24, trace=300000, class=java.lang.String@50000174)
	value		50001e56
OBJ 50001e4c (sz=24, trace=300000, class=java.lang.String@50000174)
	value		50001e55
OBJ 50001e4d (sz=24, trace=300000, class=java.lang.String@50000174)
	value		50001e54
OBJ 50001e4e (sz=24, trace=300000, class=java.lang.String@50000174)
	value		50001e53
OBJ 50001e4f (sz=24, trace=300000, class=java.lang.String@50000174)
	value		50001e52
OBJ 50001e50 (sz=24, trace=300000, class=java.lang.String@50000174)
	value		50001e51
ARR 50001e51 (sz=16, trace=300000, nelems=8, elem type=char[])
ARR 50001e52 (sz=16, trace=300000, nelems=8, elem type=char[])
ARR 50001e53 (sz=14, trace=300000, nelems=7, elem type=char[])
ARR 50001e54 (sz=18, trace=300000, nelems=9, elem type=char[])
ARR 50001e55 (sz=12, trace=300000, nelems=6, elem type=char[])
ARR 50001e56 (sz=8, trace=300000, nelems=4, elem type=char[])
ARR 50001e57 (sz=8, trace=300000, nelems=4, elem type=char[])
ARR 50001e58 (sz=10, trace=300000, nelems=5, elem type=char[])
ARR 50001e59 (sz=10, trace=300000, nelems=5, elem type=char[])
ARR 50001e5a (sz=16, trace=300000, nelems=8, elem type=char[])
ARR 50001e5b (sz=14, trace=300000, nelems=7, elem type=char[])
OBJ 50001e5c (sz=24, trace=300000, class=java.lang.String@50000174)
	value		50001e5d
ARR 50001e5d (sz=8, trace=300000, nelems=4, elem type=char[])
OBJ 50001e5e (sz=24, trace=300000, class=java.lang.String@50000174)
	value		50001e5f
ARR 50001e5f (sz=40, trace=300000, nelems=20, elem type=char[])
OBJ 50001e60 (sz=24, trace=300000, class=java.lang.String@50000174)
	value		50001e67
OBJ 50001e61 (sz=24, trace=300000, class=java.lang.String@50000174)
	value		50001e66
OBJ 50001e62 (sz=24, trace=300000, class=java.lang.String@50000174)
	value		50001e65
OBJ 50001e63 (sz=24, trace=300000, class=java.lang.String@50000174)
	value		50001e64
ARR 50001e64 (sz=2, trace=300000, nelems=1, elem type=char[])
ARR 50001e65 (sz=2, trace=300000, nelems=1, elem type=char[])
ARR 50001e66 (sz=2, trace=300000, nelems=1, elem type=char[])
ARR 50001e67 (sz=2, trace=300000, nelems=1, elem type=char[])
OBJ 50001e68 (sz=56, trace=300000, class=java.util.ResourceBundle$CacheKey@500006a6)
	name		500009f6
	locale		50001a0f
	loaderRef	50000a59
	format		50001c69
OBJ 50001e69 (sz=24, trace=300000, class=java.lang.String@50000174)
	value		50001e6a
ARR 50001e6a (sz=42, trace=300000, nelems=21, elem type=char[])
OBJ 50001e6b (sz=56, trace=300000, class=java.util.ResourceBundle$CacheKey@500006a6)
	name		50000d81
	locale		50001a10
	loaderRef	50000d9d
	format		50001c69
OBJ 50001e6c (sz=56, trace=300000, class=java.util.ResourceBundle$CacheKey@500006a6)
	name		50000d81
	locale		50001a0f
	loaderRef	50000dba
	format		50001c69
OBJ 50001e6d (sz=24, trace=300000, class=java.lang.String@50000174)
	value		50001e70
OBJ 50001e6e (sz=24, trace=300000, class=java.lang.String@50000174)
	value		50001e6f
ARR 50001e6f (sz=6, trace=300000, nelems=3, elem type=char[])
ARR 50001e70 (sz=2, trace=300000, nelems=1, elem type=char[])
OBJ 50001e71 (sz=56, trace=300000, class=java.util.ResourceBundle$CacheKey@500006a6)
	name		500011c8
	locale		50001a21
	loaderRef	500006f4
	format		50001c69
OBJ 50001e72 (sz=24, trace=300000, class=java.lang.String@50000174)
	value		50001e75
OBJ 50001e73 (sz=24, trace=300000, class=java.lang.String@50000174)
	value		50001e74
ARR 50001e74 (sz=36, trace=300000, nelems=18, elem type=char[])
ARR 50001e75 (sz=64, trace=300000, nelems=32, elem type=char[])
OBJ 50001e76 (sz=24, trace=300000, class=java.lang.String@50000174)
	value		50001e78
OBJ 50001e77 (sz=24, trace=300000, class=java.lang.String@50000174)
	value		50001e79
ARR 50001e78 (sz=30, trace=300000, nelems=15, elem type=char[])
ARR 50001e79 (sz=20, trace=300000, nelems=10, elem type=char[])
OBJ 50001e7a (sz=24, trace=300000, class=java.lang.String@50000174)
	value		50001e7b
ARR 50001e7b (sz=10, trace=300000, nelems=5, elem type=char[])
OBJ 50001e7c (sz=24, trace=300000, class=java.lang.String@50000174)
	value		50001ee9
OBJ 50001e7d (sz=24, trace=300000, class=java.lang.String@50000174)
	value		50001ee8
OBJ 50001e7e (sz=24, trace=300000, class=java.lang.String@50000174)
	value		50001ee7
OBJ 50001e7f (sz=24, trace=300000, class=java.lang.String@50000174)
	value		50001ea2
OBJ 50001e80 (sz=24, trace=300000, class=java.lang.String@50000174)
	value		50001ea1
OBJ 50001e81 (sz=24, trace=300000, class=java.lang.String@50000174)
	value		50001e82
ARR 50001e82 (sz=28, trace=300000, nelems=14, elem type=char[])
OBJ 50001e83 (sz=24, trace=300000, class=java.lang.String@50000174)
	value		50001e98
OBJ 50001e84 (sz=24, trace=300000, class=java.lang.String@50000174)
	value		50001e99
OBJ 50001e85 (sz=24, trace=300000, class=java.lang.String@50000174)
	value		50001e9a
OBJ 50001e86 (sz=24, trace=300000, class=java.lang.String@50000174)
	value		50001e92
OBJ 50001e87 (sz=24, trace=300000, class=java.lang.String@50000174)
	value		50001e93
OBJ 50001e88 (sz=24, trace=300000, class=java.lang.String@50000174)
	value		50001ea0
OBJ 50001e89 (sz=24, trace=300000, class=java.lang.String@50000174)
	value		50001e94
OBJ 50001e8a (sz=24, trace=300000, class=java.lang.String@50000174)
	value		50001e95
OBJ 50001e8b (sz=24, trace=300000, class=java.lang.String@50000174)
	value		50001e96
OBJ 50001e8c (sz=24, trace=300000, class=java.lang.String@50000174)
	value		50001e97
OBJ 50001e8d (sz=24, trace=300000, class=java.lang.String@50000174)
	value		50001e9f
OBJ 50001e8e (sz=24, trace=300000, class=java.lang.String@50000174)
	value		50001e9b
OBJ 50001e8f (sz=24, trace=300000, class=java.lang.String@50000174)
	value		50001e9c
OBJ 50001e90 (sz=24, trace=300000, class=java.lang.String@50000174)
	value		50001e9d
OBJ 50001e91 (sz=24, trace=300000, class=java.lang.String@50000174)
	value		50001e9e
ARR 50001e92 (sz=34, trace=300000, nelems=17, elem type=char[])
ARR 50001e93 (sz=16, trace=300000, nelems=8, elem type=char[])
ARR 50001e94 (sz=26, trace=300000, nelems=13, elem type=char[])
ARR 50001e95 (sz=148, trace=300000, nelems=74, elem type=char[])
ARR 50001e96 (sz=22, trace=300000, nelems=11, elem type=char[])
ARR 50001e97 (sz=416, trace=300000, nelems=208, elem type=char[])
ARR 50001e98 (sz=1416, trace=300000, nelems=708, elem type=char[])
ARR 50001e99 (sz=26, trace=300000, nelems=13, elem type=char[])
ARR 50001e9a (sz=260, trace=300000, nelems=130, elem type=char[])
ARR 50001e9b (sz=24, trace=300000, nelems=12, elem type=char[])
ARR 50001e9c (sz=466, trace=300000, nelems=233, elem type=char[])
ARR 50001e9d (sz=32, trace=300000, nelems=16, elem type=char[])
ARR 50001e9e (sz=1702, trace=300000, nelems=851, elem type=char[])
ARR 50001e9f (sz=1420, trace=300000, nelems=710, elem type=char[])
ARR 50001ea0 (sz=36, trace=300000, nelems=18, elem type=char[])
ARR 50001ea1 (sz=6, trace=300000, nelems=3, elem type=char[])
ARR 50001ea2 (sz=6, trace=300000, nelems=3, elem type=char[])
OBJ 50001ea3 (sz=24, trace=300000, class=java.lang.String@50000174)
	value		50001eb3
OBJ 50001ea4 (sz=24, trace=300000, class=java.lang.String@50000174)
	value		50001ebc
OBJ 50001ea5 (sz=24, trace=300000, class=java.lang.String@50000174)
	value		50001ebb
OBJ 50001ea6 (sz=24, trace=300000, class=java.lang.String@50000174)
	value		50001eb4
OBJ 50001ea7 (sz=24, trace=300000, class=java.lang.String@50000174)
	value		50001eb9
OBJ 50001ea8 (sz=24, trace=300000, class=java.lang.String@50000174)
	value		50001eba
OBJ 50001ea9 (sz=24, trace=300000, class=java.lang.String@50000174)
	value		50001eb8
OBJ 50001eaa (sz=24, trace=300000, class=java.lang.String@50000174)
	value		50001eb7
OBJ 50001eab (sz=24, trace=300000, class=java.lang.String@50000174)
	value		50001eb6
OBJ 50001eac (sz=24, trace=300000, class=java.lang.String@50000174)
	value		50001eb5
OBJ 50001ead (sz=24, trace=300000, class=java.lang.String@50000174)
	value		50001eb2
OBJ 50001eae (sz=24, trace=300000, class=java.lang.String@50000174)
	value		50001eb1
OBJ 50001eaf (sz=24, trace=300000, class=java.lang.String@50000174)
	value		50001eb0
ARR 50001eb0 (sz=8, trace=300000, nelems=4, elem type=char[])
ARR 50001eb1 (sz=10, trace=300000, nelems=5, elem type=char[])
ARR 50001eb2 (sz=8, trace=300000, nelems=4, elem type=char[])
ARR 50001eb3 (sz=8, trace=300000, nelems=4, elem type=char[])
ARR 50001eb4 (sz=6, trace=300000, nelems=3, elem type=char[])
ARR 50001eb5 (sz=6, trace=300000, nelems=3, elem type=char[])
ARR 50001eb6 (sz=8, trace=300000, nelems=4, elem type=char[])
ARR 50001eb7 (sz=6, trace=300000, nelems=3, elem type=char[])
ARR 50001eb8 (sz=10, trace=300000, nelems=5, elem type=char[])
ARR 50001eb9 (sz=4, trace=300000, nelems=2, elem type=char[])
ARR 50001eba (sz=8, trace=300000, nelems=4, elem type=char[])
ARR 50001ebb (sz=30, trace=300000, nelems=15, elem type=char[])
ARR 50001ebc (sz=4, trace=300000, nelems=2, elem type=char[])
OBJ 50001ebd (sz=24, trace=300000, class=java.lang.String@50000174)
	value		50001ec2
OBJ 50001ebe (sz=24, trace=300000, class=java.lang.String@50000174)
	value		50001ec1
OBJ 50001ebf (sz=24, trace=300000, class=java.lang.String@50000174)
	value		50001ec0
ARR 50001ec0 (sz=38, trace=300000, nelems=19, elem type=char[])
ARR 50001ec1 (sz=46, trace=300000, nelems=23, elem type=char[])
ARR 50001ec2 (sz=26, trace=300000, nelems=13, elem type=char[])
OBJ 50001ec3 (sz=24, trace=300000, class=java.lang.String@50000174)
	value		50001ee4
OBJ 50001ec4 (sz=24, trace=300000, class=java.lang.String@50000174)
	value		50001ecc
OBJ 50001ec5 (sz=24, trace=300000, class=java.lang.String@50000174)
	value		50001ecd
OBJ 50001ec6 (sz=24, trace=300000, class=java.lang.String@50000174)
	value		50001ed3
OBJ 50001ec7 (sz=24, trace=300000, class=java.lang.String@50000174)
	value		50001ed2
OBJ 50001ec8 (sz=24, trace=300000, class=java.lang.String@50000174)
	value		50001ecf
OBJ 50001ec9 (sz=24, trace=300000, class=java.lang.String@50000174)
	value		50001ed1
OBJ 50001eca (sz=24, trace=300000, class=java.lang.String@50000174)
	value		50001ece
OBJ 50001ecb (sz=24, trace=300000, class=java.lang.String@50000174)
	value		50001ed0
ARR 50001ecc (sz=16, trace=300000, nelems=8, elem type=char[])
ARR 50001ecd (sz=16, trace=300000, nelems=8, elem type=char[])
ARR 50001ece (sz=18, trace=300000, nelems=9, elem type=char[])
ARR 50001ecf (sz=36, trace=300000, nelems=18, elem type=char[])
ARR 50001ed0 (sz=26, trace=300000, nelems=13, elem type=char[])
ARR 50001ed1 (sz=30, trace=300000, nelems=15, elem type=char[])
ARR 50001ed2 (sz=8, trace=300000, nelems=4, elem type=char[])
ARR 50001ed3 (sz=34, trace=300000, nelems=17, elem type=char[])
OBJ 50001ed4 (sz=24, trace=300000, class=java.lang.String@50000174)
	value		50001edc
OBJ 50001ed5 (sz=24, trace=300000, class=java.lang.String@50000174)
	value		50001edd
OBJ 50001ed6 (sz=24, trace=300000, class=java.lang.String@50000174)
	value		50001ede
OBJ 50001ed7 (sz=24, trace=300000, class=java.lang.String@50000174)
	value		50001edf
OBJ 50001ed8 (sz=24, trace=300000, class=java.lang.String@50000174)
	value		50001ee0
OBJ 50001ed9 (sz=24, trace=300000, class=java.lang.String@50000174)
	value		50001ee1
OBJ 50001eda (sz=24, trace=300000, class=java.lang.String@50000174)
	value		50001ee2
OBJ 50001edb (sz=24, trace=300000, class=java.lang.String@50000174)
	value		50001ee3
ARR 50001edc (sz=4, trace=300000, nelems=2, elem type=char[])
ARR 50001edd (sz=8, trace=300000, nelems=4, elem type=char[])
ARR 50001ede (sz=14, trace=300000, nelems=7, elem type=char[])
ARR 50001edf (sz=10, trace=300000, nelems=5, elem type=char[])
ARR 50001ee0 (sz=14, trace=300000, nelems=7, elem type=char[])
ARR 50001ee1 (sz=18, trace=300000, nelems=9, elem type=char[])
ARR 50001ee2 (sz=18, trace=300000, nelems=9, elem type=char[])
ARR 50001ee3 (sz=22, trace=300000, nelems=11, elem type=char[])
ARR 50001ee4 (sz=4, trace=300000, nelems=2, elem type=char[])
OBJ 50001ee5 (sz=24, trace=300000, class=java.lang.String@50000174)
	value		50001ee6
ARR 50001ee6 (sz=38, trace=300000, nelems=19, elem type=char[])
ARR 50001ee7 (sz=40, trace=300000, nelems=20, elem type=char[])
ARR 50001ee8 (sz=40, trace=300000, nelems=20, elem type=char[])
ARR 50001ee9 (sz=56, trace=300000, nelems=28, elem type=char[])
ARR 50001eea (sz=22, trace=300000, nelems=11, elem type=char[])
ARR 50001eeb (sz=28, trace=300000, nelems=14, elem type=char[])
ARR 50001eec (sz=42, trace=300000, nelems=21, elem type=char[])
ARR 50001eed (sz=16, trace=300000, nelems=8, elem type=char[])
ARR 50001eee (sz=16, trace=300000, nelems=8, elem type=char[])
ARR 50001eef (sz=16, trace=300000, nelems=8, elem type=char[])
ARR 50001ef0 (sz=4, trace=300000, nelems=2, elem type=char[])
ARR 50001ef1 (sz=4, trace=300000, nelems=2, elem type=char[])
OBJ 50001ef2 (sz=16, trace=300000, class=java.lang.Object@50000178)
OBJ 50001ef3 (sz=24, trace=300000, class=java.lang.String@50000174)
	value		50001ef4
ARR 50001ef4 (sz=46, trace=300000, nelems=23, elem type=char[])
CLS 50000178 (name=java.lang.Object, trace=300000)
	constant pool entry 79	500000fd
	constant pool entry 17	50000178
CLS 50000001 (name=java.lang.SystemClassLoaderAction, trace=300000)
	super		50000178
	constant pool entry 36	5000016d
	constant pool entry 14	50000001
	constant pool entry 9	50000178
	constant pool entry 3	50001967
CLS 50000002 (name=sun.misc.Launcher$AppClassLoader$1, trace=300000)
	super		50000178
	constant pool entry 41	5000011d
	constant pool entry 11	50000178
	constant pool entry 10	50000002
	constant pool entry 7	5000011c
CLS 50000010 (name=java.net.URLStreamHandler, trace=300000)
	super		50000178
	constant pool entry 128	50000174
	constant pool entry 119	5000011f
	constant pool entry 75	50000178
	constant pool entry 64	500013aa
	constant pool entry 61	50000128
CLS 50000003 (name=sun.net.www.protocol.jar.Handler, trace=300000)
	super		50000010
	static separator	500013ee
	constant pool entry 50	50000010
CLS 50000004 (name=sun.misc.URLClassPath, trace=300000)
	super		50000178
	static USER_AGENT_JAVA_VERSION	5000190e
	static JAVA_VERSION	5000190d
	constant pool entry 429	500000c7
	constant pool entry 375	500000f5
	constant pool entry 353	50000494
	constant pool entry 302	5000004b
	constant pool entry 149	50000178
	constant pool entry 148	50000004
	constant pool entry 146	50001080
	constant pool entry 145	5000190c
	constant pool entry 142	5000190b
	constant pool entry 141	5000190a
	constant pool entry 139	50001053
	constant pool entry 138	50001909
	constant pool entry 137	50001908
	constant pool entry 136	50001907
	constant pool entry 134	50000174
	constant pool entry 131	50001906
	constant pool entry 130	50000076
	constant pool entry 97	50000501
	constant pool entry 94	5000049a
	constant pool entry 58	5000048a
	constant pool entry 55	5000048e
	constant pool entry 42	5000011f
	constant pool entry 35	500004fe
	constant pool entry 33	5000049c
	constant pool entry 23	500013ec
	constant pool entry 17	500000cc
	constant pool entry 13	500000e8
	constant pool entry 10	500000e3
CLS 500000eb (name=java.util.AbstractCollection, trace=300000)
	super		50000178
	constant pool entry 16	500000eb
	constant pool entry 8	50000178
CLS 500000e0 (name=java.util.AbstractSet, trace=300000)
	super		500000eb
	constant pool entry 19	500000eb
CLS 50000005 (name=java.util.HashSet, trace=300000)
	super		500000e0
	static PRESENT	50001048
	constant pool entry 64	500000e0
	constant pool entry 62	50000178
	constant pool entry 23	50000005
	constant pool entry 2	500000cc
CLS 50000006 (name=java.security.Principal[], trace=300000)
	super		50000178
CLS 50000007 (name=java.security.Principal, trace=300000)
CLS 50000008 (name=java.security.ProtectionDomain$Key, trace=300000)
	super		50000178
	constant pool entry 4	50000178
	constant pool entry 3	50000008
CLS 50000009 (name=java.security.ProtectionDomain$2, trace=300000)
	super		50000178
	constant pool entry 6	50000178
CLS 5000000a (name=sun.misc.JavaSecurityProtectionDomainAccess, trace=300000)
CLS 5000000b (name=java.security.ProtectionDomain$JavaSecurityAccessImpl, trace=300000)
	super		50000178
	constant pool entry 16	50000178
	constant pool entry 15	5000000b
CLS 5000000c (name=sun.misc.JavaSecurityAccess, trace=300000)
CLS 5000000d (name=java.net.URL[], trace=300000)
	super		50000178
CLS 5000000e (name=sun.net.util.IPAddressUtil, trace=300000)
	super		50000178
	static OTHERS	500013cb
	constant pool entry 255	500000fd
	constant pool entry 207	5000011f
	constant pool entry 163	50000174
	constant pool entry 2	5000000e
CLS 5000000f (name=sun.net.www.protocol.file.Handler, trace=300000)
	super		50000010
	constant pool entry 37	50000010
CLS 50000011 (name=java.net.Parts, trace=300000)
	super		50000178
	constant pool entry 29	50000174
	constant pool entry 10	50000178
	constant pool entry 9	50000011
CLS 50000013 (name=java.lang.CharacterData, trace=300000)
	super		50000178
	constant pool entry 49	50000012
	constant pool entry 11	50000178
CLS 50000012 (name=java.lang.CharacterDataLatin1, trace=300000)
	super		50000013
	static sharpsMap	500012eb
	static instance	500012ea
	static A	500012e9
	static A_DATA	500012e7
	static B	500012e8
	constant pool entry 99	500000fd
	constant pool entry 87	50000174
	constant pool entry 82	50000170
	constant pool entry 24	50000013
	constant pool entry 21	500012e7
	constant pool entry 19	500012e6
	constant pool entry 14	50000012
CLS 50000014 (name=sun.util.locale.LocaleUtils, trace=300000)
	super		50000178
	constant pool entry 91	500000fd
	constant pool entry 18	50000014
	constant pool entry 9	50000174
CLS 50000015 (name=java.util.Locale$LocaleKey, trace=300000)
	super		50000178
	constant pool entry 44	50000019
	constant pool entry 11	50000178
	constant pool entry 8	50000015
CLS 50000159 (name=java.lang.ref.Reference, trace=300000)
	super		50000178
	static lock	50000f54
	constant pool entry 113	500000d2
	constant pool entry 103	5000014e
	constant pool entry 92	50000152
	constant pool entry 33	50000178
	constant pool entry 32	50000159
	constant pool entry 29	500000d3
	constant pool entry 25	50000150
	constant pool entry 23	500018d4
	constant pool entry 22	500000e5
	constant pool entry 17	500000e6
CLS 50000158 (name=java.lang.ref.SoftReference, trace=300000)
	super		50000159
	constant pool entry 7	50000159
	constant pool entry 6	50000158
CLS 50000016 (name=sun.util.locale.LocaleObjectCache$CacheEntry, trace=300000)
	super		50000158
	constant pool entry 4	50000158
	constant pool entry 3	50000016
CLS 50000017 (name=sun.util.locale.BaseLocale$Key, trace=300000)
	super		50000178
	constant pool entry 102	50000170
	constant pool entry 89	50000014
	constant pool entry 31	50000178
	constant pool entry 29	50000019
	constant pool entry 23	50000174
	constant pool entry 21	50000017
	constant pool entry 13	5000104b
	constant pool entry 11	50000158
CLS 5000002b (name=sun.util.locale.LocaleObjectCache, trace=300000)
	super		50000178
	constant pool entry 61	50000029
	constant pool entry 23	50000178
	constant pool entry 22	5000002b
	constant pool entry 12	50000016
	constant pool entry 7	50000028
	constant pool entry 4	50000152
CLS 50000018 (name=sun.util.locale.BaseLocale$Cache, trace=300000)
	super		5000002b
	constant pool entry 55	50000170
	constant pool entry 19	5000002b
	constant pool entry 18	50000018
	constant pool entry 11	50000019
CLS 50000019 (name=sun.util.locale.BaseLocale, trace=300000)
	super		50000178
	static SEP	50001a3f
	static CACHE	50001a3e
	constant pool entry 97	50000174
	constant pool entry 95	50000014
	constant pool entry 42	50000178
	constant pool entry 40	50000018
	constant pool entry 24	50001a3d
	constant pool entry 22	50001a3c
	constant pool entry 19	50001a3b
	constant pool entry 16	50000017
	constant pool entry 13	50000019
	constant pool entry 5	5000104b
CLS 5000001d (name=java.util.concurrent.ConcurrentHashMap$CollectionView, trace=300000)
	super		50000178
	static oomeMsg	50001383
	constant pool entry 14	50000178
	constant pool entry 11	5000001d
CLS 5000001a (name=java.util.concurrent.ConcurrentHashMap$EntrySetView, trace=300000)
	super		5000001d
CLS 5000001b (name=java.util.concurrent.ConcurrentHashMap$ValuesView, trace=300000)
	super		5000001d
CLS 5000001c (name=java.util.concurrent.ConcurrentHashMap$KeySetView, trace=300000)
	super		5000001d
	constant pool entry 89	50000028
	constant pool entry 32	5000001d
	constant pool entry 31	5000001c
CLS 5000001e (name=java.util.concurrent.ConcurrentHashMap$CounterCell[], trace=300000)
	super		50000178
CLS 5000001f (name=java.util.concurrent.ConcurrentHashMap$CounterCell, trace=300000)
	super		50000178
CLS 50000020 (name=java.util.concurrent.ConcurrentHashMap$Node[], trace=300000)
	super		50000178
CLS 50000021 (name=java.util.concurrent.ConcurrentHashMap$Node, trace=300000)
	super		50000178
	constant pool entry 20	50000178
	constant pool entry 19	50000021
CLS 50000022 (name=java.util.concurrent.ConcurrentHashMap$Segment[], trace=300000)
	super		50000178
CLS 50000023 (name=java.util.concurrent.locks.ReentrantLock[], trace=300000)
	super		50000178
CLS 50000024 (name=java.util.concurrent.locks.Lock[], trace=300000)
	super		50000178
CLS 50000026 (name=java.util.concurrent.locks.ReentrantLock, trace=300000)
	super		50000178
CLS 50000025 (name=java.util.concurrent.ConcurrentHashMap$Segment, trace=300000)
	super		50000026
CLS 50000027 (name=java.util.concurrent.locks.Lock, trace=300000)
CLS 500000dd (name=java.util.AbstractMap, trace=300000)
	super		50000178
	constant pool entry 41	50000178
CLS 50000028 (name=java.util.concurrent.ConcurrentHashMap, trace=300000)
	super		500000dd
	static serialPersistentFields	500011d2
	static U	50001077
	constant pool entry 1037	500000fd
	constant pool entry 861	5000008c
	constant pool entry 660	50000126
	constant pool entry 651	50000170
	constant pool entry 648	50000178
	constant pool entry 286	500000dd
	constant pool entry 278	500011d1
	constant pool entry 277	500011d0
	constant pool entry 276	500011cf
	constant pool entry 275	500011ce
	constant pool entry 272	500011cd
	constant pool entry 267	50000102
	constant pool entry 156	5000001f
	constant pool entry 148	50000b1b
	constant pool entry 110	50000020
	constant pool entry 103	500011cc
	constant pool entry 101	500011cb
	constant pool entry 99	500011ca
	constant pool entry 95	50000022
	constant pool entry 78	5000001c
	constant pool entry 17	50000021
	constant pool entry 2	50000028
	constant pool entry 1	50000110
CLS 50000029 (name=java.util.concurrent.ConcurrentMap, trace=300000)
CLS 5000002a (name=java.util.Locale$Cache, trace=300000)
	super		5000002b
	constant pool entry 10	5000002b
	constant pool entry 9	5000002a
	constant pool entry 7	50000015
	constant pool entry 3	5000002c
CLS 5000002c (name=java.util.Locale, trace=300000)
	super		50000178
	static LOCALECACHE	50001a22
	static ENGLISH	50001a21
	static FRENCH	50001a20
	static GERMAN	50001a1f
	static ITALIAN	50001a1e
	static JAPANESE	50001a1d
	static KOREAN	50001a1c
	static CHINESE	50001a1b
	static SIMPLIFIED_CHINESE	50001a15
	static TRADITIONAL_CHINESE	50001a14
	static FRANCE	50001a1a
	static GERMANY	50001a19
	static ITALY	50001a18
	static JAPAN	50001a17
	static KOREA	50001a16
	static CHINA	50001a15
	static PRC	50001a15
	static TAIWAN	50001a14
	static UK	50001a13
	static US	50001a0f
	static CANADA	50001a12
	static CANADA_FRENCH	50001a11
	static ROOT	50001a10
	static defaultLocale	50001a0f
	static defaultFormatLocale	50001a0f
	static serialPersistentFields	50001a0e
	constant pool entry 915	500000fd
	constant pool entry 712	50000170
	constant pool entry 668	50000014
	constant pool entry 599	5000008e
	constant pool entry 597	500000ed
	constant pool entry 526	500000f5
	constant pool entry 500	50000019
	constant pool entry 284	50000748
	constant pool entry 276	5000074d
	constant pool entry 270	50000102
	constant pool entry 265	50001a0d
	constant pool entry 263	50001a0c
	constant pool entry 261	50001a0b
	constant pool entry 256	50001a0a
	constant pool entry 253	50001a09
	constant pool entry 251	50001a08
	constant pool entry 249	50001a07
	constant pool entry 247	50001a06
	constant pool entry 245	50001a05
	constant pool entry 243	50001a04
	constant pool entry 241	50001a03
	constant pool entry 238	50001a02
	constant pool entry 236	50001a01
	constant pool entry 234	50001a00
	constant pool entry 230	5000002a
	constant pool entry 219	500019ff
	constant pool entry 216	500019fe
	constant pool entry 213	500019fd
	constant pool entry 195	500019fc
	constant pool entry 194	500019fb
	constant pool entry 193	500019fa
	constant pool entry 192	500019f9
	constant pool entry 191	500019f8
	constant pool entry 189	500019f7
	constant pool entry 167	50000110
	constant pool entry 144	50000178
	constant pool entry 106	500018ef
	constant pool entry 105	50000999
	constant pool entry 81	50000127
	constant pool entry 45	500019f6
	constant pool entry 44	500019f5
	constant pool entry 43	500019f4
	constant pool entry 38	500019f3
	constant pool entry 37	50000174
	constant pool entry 34	500019f2
	constant pool entry 33	500019f1
	constant pool entry 32	50000076
	constant pool entry 20	5000002c
	constant pool entry 16	50000015
	constant pool entry 10	5000104b
CLS 5000002d (name=java.util.BitSet, trace=300000)
	super		50000178
	static serialPersistentFields	500018f9
	constant pool entry 401	500000fd
	constant pool entry 302	50000170
	constant pool entry 97	50000178
	constant pool entry 94	50000102
	constant pool entry 76	500018f8
	constant pool entry 71	50000179
	constant pool entry 1	5000002d
CLS 5000002e (name=sun.net.www.ParseUtil, trace=300000)
	super		50000178
	static encodedInPath	500018f6
	static hexDigits	500018f5
	constant pool entry 520	500000fd
	constant pool entry 391	50000170
	constant pool entry 388	500000c4
	constant pool entry 271	50000121
	constant pool entry 156	500018f4
	constant pool entry 155	500018f3
	constant pool entry 154	500018f2
	constant pool entry 153	500018f1
	constant pool entry 150	500018f0
	constant pool entry 147	500018ef
	constant pool entry 144	500018ee
	constant pool entry 137	500018ed
	constant pool entry 126	5000002d
	constant pool entry 67	5000104b
	constant pool entry 66	500013a7
	constant pool entry 65	5000011f
	constant pool entry 62	50001367
	constant pool entry 19	50000127
	constant pool entry 13	50000174
	constant pool entry 1	5000002e
CLS 5000002f (name=java.io.FileInputStream$1, trace=300000)
	super		50000178
	constant pool entry 20	5000008a
	constant pool entry 5	50000178
	constant pool entry 4	5000002f
CLS 500000ca (name=java.util.HashMap$Node, trace=300000)
	super		50000178
	constant pool entry 18	50000178
	constant pool entry 17	500000ca
CLS 5000005b (name=java.util.LinkedHashMap$Entry, trace=300000)
	super		500000ca
	constant pool entry 3	500000ca
CLS 50000030 (name=java.util.HashMap$TreeNode, trace=300000)
	super		5000005b
CLS 50000031 (name=java.lang.reflect.Array, trace=300000)
	super		50000178
	constant pool entry 4	50000031
CLS 50000034 (name=java.nio.charset.CoderResult$Cache, trace=300000)
	super		50000178
	constant pool entry 20	50000178
	constant pool entry 19	50000034
CLS 50000032 (name=java.nio.charset.CoderResult$2, trace=300000)
	super		50000034
	constant pool entry 5	50000034
CLS 50000033 (name=java.nio.charset.CoderResult$1, trace=300000)
	super		50000034
	constant pool entry 5	50000034
CLS 50000035 (name=java.nio.charset.CoderResult, trace=300000)
	super		50000178
	static names	500014a1
	static UNDERFLOW	500014a0
	static OVERFLOW	5000149f
	static malformedCache	5000149e
	static unmappableCache	5000149d
	constant pool entry 141	500000fd
	constant pool entry 120	50000170
	constant pool entry 43	50000178
	constant pool entry 41	50000032
	constant pool entry 39	50000033
	constant pool entry 36	5000149c
	constant pool entry 35	5000149b
	constant pool entry 34	5000149a
	constant pool entry 33	50001499
	constant pool entry 32	50000174
	constant pool entry 14	50000035
CLS 50000118 (name=java.nio.Buffer, trace=300000)
	super		50000178
	constant pool entry 30	50000178
	constant pool entry 29	50000118
CLS 50000037 (name=java.nio.CharBuffer, trace=300000)
	super		50000118
	constant pool entry 53	50000118
	constant pool entry 42	50000037
	constant pool entry 7	50000036
CLS 50000036 (name=java.nio.HeapCharBuffer, trace=300000)
	super		50000037
	constant pool entry 40	50000037
CLS 5000003c (name=java.io.Reader, trace=300000)
	super		50000178
	constant pool entry 20	50000178
	constant pool entry 12	5000003c
CLS 50000038 (name=sun.nio.cs.StreamDecoder, trace=300000)
	super		5000003c
	constant pool entry 246	50000170
	constant pool entry 233	50000035
	constant pool entry 229	50000037
	constant pool entry 218	50000123
	constant pool entry 207	50000072
	constant pool entry 198	50000096
	constant pool entry 196	50000094
	constant pool entry 164	500000c2
	constant pool entry 87	5000003c
	constant pool entry 8	50000038
CLS 5000003a (name=java.io.InputStreamReader, trace=300000)
	super		5000003c
	constant pool entry 53	50000038
	constant pool entry 21	5000003c
	constant pool entry 20	5000003a
CLS 50000039 (name=java.io.FileReader, trace=300000)
	super		5000003a
	constant pool entry 7	5000003a
	constant pool entry 1	5000008a
CLS 5000003b (name=java.io.BufferedReader, trace=300000)
	super		5000003c
	constant pool entry 185	500000fd
	constant pool entry 48	5000003c
	constant pool entry 31	50000174
	constant pool entry 17	50001049
	constant pool entry 2	5000003b
CLS 5000003d (name=java.lang.Readable, trace=300000)
CLS 5000003e (name=sun.misc.MetaIndex, trace=300000)
	super		50000178
	static jarMap	500013f8
	constant pool entry 160	500000fd
	constant pool entry 124	50000170
	constant pool entry 104	500000ed
	constant pool entry 85	5000014d
	constant pool entry 45	50000178
	constant pool entry 39	500000cc
	constant pool entry 37	500000ce
	constant pool entry 35	50000174
	constant pool entry 28	500013f7
	constant pool entry 16	500013f6
	constant pool entry 12	500000e3
	constant pool entry 9	50000039
	constant pool entry 8	5000003b
	constant pool entry 5	500013f5
	constant pool entry 4	50000121
	constant pool entry 3	5000003e
CLS 5000003f (name=java.io.File[], trace=300000)
	super		50000178
CLS 50000040 (name=java.util.StringTokenizer, trace=300000)
	super		50000178
	constant pool entry 81	50000174
	constant pool entry 34	50000178
	constant pool entry 33	50000040
	constant pool entry 21	500013ce
	constant pool entry 5	50000116
CLS 50000041 (name=sun.misc.Launcher$ExtClassLoader$1, trace=300000)
	super		50000178
	constant pool entry 32	5000003e
	constant pool entry 8	50000178
	constant pool entry 7	50000041
	constant pool entry 4	5000011b
CLS 50000042 (name=java.net.URLClassLoader$7, trace=300000)
	super		50000178
	constant pool entry 19	50000120
	constant pool entry 6	50000178
CLS 50000043 (name=sun.misc.JavaNetAccess, trace=300000)
CLS 50000044 (name=java.util.WeakHashMap$KeySet, trace=300000)
	super		500000e0
	constant pool entry 13	500000e0
	constant pool entry 12	50000044
CLS 50000045 (name=java.util.Collections$SetFromMap, trace=300000)
	super		500000e0
	constant pool entry 115	50000117
	constant pool entry 103	5000014d
	constant pool entry 31	500000e0
	constant pool entry 30	50000045
CLS 50000046 (name=java.util.WeakHashMap$Entry[], trace=300000)
	super		50000178
CLS 50000157 (name=java.lang.ref.WeakReference, trace=300000)
	super		50000159
	constant pool entry 4	50000159
CLS 50000047 (name=java.util.WeakHashMap$Entry, trace=300000)
	super		50000157
	constant pool entry 21	50000157
	constant pool entry 20	50000047
CLS 50000048 (name=java.lang.ClassLoader$ParallelLoaders, trace=300000)
	super		50000178
	static loaderTypes	5000195a
	constant pool entry 39	500000e2
	constant pool entry 35	500000e1
	constant pool entry 33	50000170
	constant pool entry 10	50000048
	constant pool entry 9	5000016e
	constant pool entry 6	500000ad
CLS 50000049 (name=sun.security.util.Debug, trace=300000)
	super		50000178
	static hexDigits	5000138d
	constant pool entry 243	500000f5
	constant pool entry 108	5000138c
	constant pool entry 102	5000138b
	constant pool entry 101	50000174
	constant pool entry 98	5000138a
	constant pool entry 97	50000076
	constant pool entry 47	50000049
CLS 5000004a (name=sun.misc.Launcher$Factory, trace=300000)
	super		50000178
	static PREFIX	500013ad
	constant pool entry 47	50000170
	constant pool entry 20	50000178
	constant pool entry 19	5000004a
	constant pool entry 18	500013ad
	constant pool entry 12	50000010
	constant pool entry 8	500013ae
	constant pool entry 7	50001183
	constant pool entry 3	50000127
CLS 5000004b (name=java.net.URLStreamHandlerFactory, trace=300000)
CLS 5000004c (name=java.lang.Compiler$1, trace=300000)
	super		50000178
	constant pool entry 45	5000016d
	constant pool entry 24	50000178
	constant pool entry 23	5000004c
	constant pool entry 21	50001c04
	constant pool entry 18	50001c03
	constant pool entry 11	50000127
	constant pool entry 2	50001c02
CLS 5000004d (name=java.lang.Compiler, trace=300000)
	super		50000178
	constant pool entry 34	500000f5
	constant pool entry 7	5000004d
	constant pool entry 4	5000004c
CLS 5000016c (name=java.lang.Throwable, trace=300000)
	super		50000178
	static UNASSIGNED_STACK	500018e2
	static SUPPRESSED_SENTINEL	500018e1
	static NULL_CAUSE_MESSAGE	500018e0
	static SELF_SUPPRESSION_MESSAGE	500018df
	static CAUSE_CAPTION	500018de
	static SUPPRESSED_CAPTION	500018dd
	static EMPTY_THROWABLE_ARRAY	500018dc
	constant pool entry 369	500000fd
	constant pool entry 233	500000e2
	constant pool entry 222	50000170
	constant pool entry 103	50000178
	constant pool entry 76	500000e3
	constant pool entry 67	50000119
	constant pool entry 42	5000016c
CLS 50000169 (name=java.lang.Exception, trace=300000)
	super		5000016c
	constant pool entry 7	5000016c
CLS 50000168 (name=java.lang.RuntimeException, trace=300000)
	super		50000169
CLS 5000004e (name=java.lang.IllegalArgumentException, trace=300000)
	super		50000168
CLS 5000004f (name=java.lang.System$2, trace=300000)
	super		50000178
	constant pool entry 21	50000178
CLS 50000050 (name=sun.misc.JavaLangAccess, trace=300000)
CLS 50000051 (name=sun.misc.OSEnvironment, trace=300000)
	super		50000178
CLS 50000052 (name=java.lang.Integer[], trace=300000)
	super		50000178
CLS 50000053 (name=java.lang.Number[], trace=300000)
	super		50000178
CLS 50000054 (name=java.lang.Integer$IntegerCache, trace=300000)
	super		50000178
	static cache	500011e3
	constant pool entry 74	500000fd
	constant pool entry 44	500000c7
	constant pool entry 40	50000170
	constant pool entry 9	50000054
	constant pool entry 5	5000107d
	constant pool entry 2	50000110
CLS 50000055 (name=sun.misc.NativeSignalHandler, trace=300000)
	super		50000178
	constant pool entry 6	50000178
	constant pool entry 5	50000055
CLS 50000056 (name=sun.misc.Signal, trace=300000)
	super		50000178
	static handlers	500019df
	static signals	500019de
	constant pool entry 111	50000110
	constant pool entry 44	50000178
	constant pool entry 42	5000014b
	constant pool entry 29	50000058
	constant pool entry 15	50000055
	constant pool entry 3	50000056
CLS 50000057 (name=java.lang.Terminator$1, trace=300000)
	super		50000178
	constant pool entry 5	50000178
CLS 50000058 (name=sun.misc.SignalHandler, trace=300000)
	static SIG_DFL	500019da
	static SIG_IGN	500019d9
	constant pool entry 5	50000058
	constant pool entry 1	50000055
CLS 50000059 (name=java.lang.Terminator, trace=300000)
	super		50000178
	static handler	500019d8
	constant pool entry 12	50000059
	constant pool entry 11	500019d7
	constant pool entry 10	500019d6
	constant pool entry 6	500019d5
	constant pool entry 5	50000056
	constant pool entry 3	50000057
CLS 5000005a (name=java.lang.ClassLoader$NativeLibrary, trace=300000)
	super		50000178
	constant pool entry 72	500000e8
	constant pool entry 60	5000016e
	constant pool entry 18	50000178
	constant pool entry 17	5000005a
CLS 5000005c (name=java.io.ExpiringCache$Entry, trace=300000)
	super		50000178
	constant pool entry 5	50000178
	constant pool entry 4	5000005c
CLS 5000005d (name=java.io.File$PathStatus[], trace=300000)
	super		50000178
CLS 5000005e (name=java.lang.Enum[], trace=300000)
	super		50000178
CLS 5000005f (name=java.lang.ClassLoader$3, trace=300000)
	super		50000178
	constant pool entry 29	50000117
	constant pool entry 27	50000121
	constant pool entry 6	50000178
	constant pool entry 5	5000005f
CLS 50000060 (name=java.lang.StringCoding$StringEncoder, trace=300000)
	super		50000178
	constant pool entry 152	500000fd
	constant pool entry 84	5000009e
	constant pool entry 77	50000170
	constant pool entry 72	50000074
	constant pool entry 70	50000094
	constant pool entry 68	500000c2
	constant pool entry 33	50000178
	constant pool entry 32	50000060
	constant pool entry 18	50000075
CLS 50000061 (name=java.nio.file.Path, trace=300000)
CLS 50000062 (name=java.nio.file.Watchable, trace=300000)
CLS 50000064 (name=java.lang.Enum, trace=300000)
	super		50000178
	constant pool entry 31	50000178
	constant pool entry 12	50000064
CLS 50000063 (name=java.io.File$PathStatus, trace=300000)
	super		50000064
	static INVALID	50001379
	static CHECKED	50001378
	static $VALUES	50001377
	constant pool entry 49	500000fd
	constant pool entry 12	50000064
	constant pool entry 10	50001376
	constant pool entry 7	50001375
	constant pool entry 4	50000063
CLS 500000cc (name=java.util.HashMap, trace=300000)
	super		500000dd
	constant pool entry 496	500000fd
	constant pool entry 317	50000114
	constant pool entry 297	50000178
	constant pool entry 113	5000014d
	constant pool entry 112	500000dd
	constant pool entry 71	50000dc3
	constant pool entry 61	500000c8
	constant pool entry 60	500000ca
	constant pool entry 50	50000030
	constant pool entry 10	500000cc
CLS 50000066 (name=java.util.LinkedHashMap, trace=300000)
	super		500000cc
	constant pool entry 86	500000ca
	constant pool entry 46	500000cc
	constant pool entry 45	50000066
	constant pool entry 37	500001eb
	constant pool entry 6	5000005b
CLS 50000065 (name=java.io.ExpiringCache$1, trace=300000)
	super		50000066
	constant pool entry 26	50000067
	constant pool entry 6	50000066
	constant pool entry 5	50000065
CLS 50000067 (name=java.io.ExpiringCache, trace=300000)
	super		50000178
	constant pool entry 86	5000014d
	constant pool entry 80	5000016d
	constant pool entry 32	50000178
	constant pool entry 31	50000067
	constant pool entry 18	5000005c
	constant pool entry 8	50000065
CLS 50000069 (name=java.io.FileSystem, trace=300000)
	super		50000178
	constant pool entry 89	5000016d
	constant pool entry 11	50000178
	constant pool entry 10	50000069
	constant pool entry 9	5000136a
	constant pool entry 7	50001369
CLS 50000068 (name=java.io.UnixFileSystem, trace=300000)
	super		50000069
	constant pool entry 176	5000016d
	constant pool entry 148	500000f5
	constant pool entry 66	50000068
	constant pool entry 55	50000069
	constant pool entry 48	50000121
	constant pool entry 37	50001368
	constant pool entry 28	50000127
	constant pool entry 26	5000104b
	constant pool entry 17	50001367
	constant pool entry 15	50001366
	constant pool entry 13	50001365
	constant pool entry 10	50000174
	constant pool entry 7	50001364
	constant pool entry 6	50000076
	constant pool entry 2	50000067
CLS 5000006a (name=java.io.DefaultFileSystem, trace=300000)
	super		50000178
	constant pool entry 2	50000068
CLS 50000079 (name=java.io.Writer, trace=300000)
	super		50000178
	constant pool entry 68	50000174
	constant pool entry 19	50000178
	constant pool entry 6	50000079
CLS 5000006b (name=java.io.BufferedWriter, trace=300000)
	super		50000079
	constant pool entry 123	500000fd
	constant pool entry 84	500000f5
	constant pool entry 35	50000079
	constant pool entry 34	5000006b
	constant pool entry 15	50000174
	constant pool entry 12	5000105e
	constant pool entry 11	50000076
CLS 5000006c (name=java.nio.Bits$1, trace=300000)
	super		50000178
	constant pool entry 8	50000178
CLS 5000006d (name=sun.misc.JavaNioAccess, trace=300000)
CLS 50000115 (name=java.lang.Number, trace=300000)
	super		50000178
	constant pool entry 4	50000178
CLS 5000006e (name=java.util.concurrent.atomic.AtomicLong, trace=300000)
	super		50000115
	static unsafe	50001077
	constant pool entry 102	50000170
	constant pool entry 85	50000126
	constant pool entry 26	50000115
	constant pool entry 20	500011d1
	constant pool entry 19	5000006e
CLS 5000006f (name=java.nio.ByteOrder, trace=300000)
	super		50000178
	static BIG_ENDIAN	500014a9
	static LITTLE_ENDIAN	500014a8
	constant pool entry 10	50000178
	constant pool entry 8	500014a7
	constant pool entry 5	500014a6
	constant pool entry 4	5000006f
CLS 50000070 (name=java.nio.Bits, trace=300000)
	super		50000178
	static unsafe	50001077
	static byteOrder	500014a8
	static reservedMemory	500014ae
	static totalCapacity	500014ad
	static count	500014ac
	constant pool entry 530	5000006f
	constant pool entry 518	50000170
	constant pool entry 493	500000d2
	constant pool entry 488	500000c7
	constant pool entry 463	50000126
	constant pool entry 176	5000006c
	constant pool entry 174	5000006e
	constant pool entry 134	50000070
CLS 50000072 (name=java.nio.ByteBuffer, trace=300000)
	super		50000118
	constant pool entry 175	5000006f
	constant pool entry 173	50000070
	constant pool entry 58	50000118
	constant pool entry 50	50000072
	constant pool entry 13	50000071
CLS 50000071 (name=java.nio.HeapByteBuffer, trace=300000)
	super		50000072
	constant pool entry 261	500000fd
	constant pool entry 174	5000016d
	constant pool entry 72	50000072
	constant pool entry 2	50000071
CLS 50000074 (name=java.nio.charset.CharsetEncoder, trace=300000)
	super		50000178
	static stateNames	500018c1
	constant pool entry 369	500000fd
	constant pool entry 298	50000170
	constant pool entry 242	50000035
	constant pool entry 219	500000a8
	constant pool entry 211	500000c2
	constant pool entry 198	50000094
	constant pool entry 110	50000178
	constant pool entry 109	500014b4
	constant pool entry 108	500014b3
	constant pool entry 107	500014b2
	constant pool entry 106	500014b1
	constant pool entry 105	50000174
	constant pool entry 13	500014af
	constant pool entry 5	50000074
CLS 50000073 (name=sun.nio.cs.UTF_8$Encoder, trace=300000)
	super		50000074
	constant pool entry 96	500000c4
	constant pool entry 94	50000072
	constant pool entry 88	50000037
	constant pool entry 86	50000035
	constant pool entry 84	500000a5
	constant pool entry 41	50000074
	constant pool entry 40	50000073
CLS 50000075 (name=sun.nio.cs.ArrayEncoder, trace=300000)
CLS 50000076 (name=sun.security.action.GetPropertyAction, trace=300000)
	super		50000178
	constant pool entry 38	5000016d
	constant pool entry 13	50000178
	constant pool entry 6	50000076
CLS 50000077 (name=sun.nio.cs.StreamEncoder, trace=300000)
	super		50000079
	constant pool entry 228	50000170
	constant pool entry 214	50000035
	constant pool entry 207	50000037
	constant pool entry 204	50000085
	constant pool entry 191	50000072
	constant pool entry 180	50000074
	constant pool entry 178	50000094
	constant pool entry 153	500000c2
	constant pool entry 78	50000079
	constant pool entry 8	50000077
CLS 50000078 (name=java.io.OutputStreamWriter, trace=300000)
	super		50000079
	constant pool entry 58	50000077
	constant pool entry 23	50000079
	constant pool entry 22	50000078
CLS 50000085 (name=java.io.OutputStream, trace=300000)
	super		50000178
	constant pool entry 9	50000178
CLS 5000007c (name=java.io.FilterOutputStream, trace=300000)
	super		50000085
	constant pool entry 14	50000085
	constant pool entry 13	5000007c
CLS 5000007a (name=java.io.BufferedOutputStream, trace=300000)
	super		5000007c
	constant pool entry 62	500000fd
	constant pool entry 48	5000016d
	constant pool entry 45	50000085
	constant pool entry 14	5000007c
	constant pool entry 13	5000007a
CLS 5000007b (name=java.io.PrintStream, trace=300000)
	super		5000007c
	constant pool entry 210	50000174
	constant pool entry 87	5000007c
	constant pool entry 40	5000007b
	constant pool entry 24	50000085
	constant pool entry 23	5000198a
	constant pool entry 17	5000006b
	constant pool entry 14	50000078
CLS 5000007d (name=sun.reflect.misc.ReflectUtil, trace=300000)
	super		50000178
	static PROXY_PACKAGE	5000197c
	constant pool entry 125	500000cd
	constant pool entry 7	500000ab
CLS 5000007e (name=java.util.concurrent.atomic.AtomicReferenceFieldUpdater$AtomicReferenceFieldUpdaterImpl$1, trace=300000)
	super		50000178
	constant pool entry 39	50000170
	constant pool entry 8	50000178
	constant pool entry 7	5000007e
CLS 5000007f (name=java.security.PrivilegedExceptionAction, trace=300000)
CLS 50000081 (name=java.util.concurrent.atomic.AtomicReferenceFieldUpdater, trace=300000)
	super		50000178
	constant pool entry 50	500000cd
	constant pool entry 10	50000178
	constant pool entry 1	50000080
CLS 50000080 (name=java.util.concurrent.atomic.AtomicReferenceFieldUpdater$AtomicReferenceFieldUpdaterImpl, trace=300000)
	super		50000081
	static U	50001077
	constant pool entry 168	50000174
	constant pool entry 165	50000090
	constant pool entry 159	50000126
	constant pool entry 149	500000ab
	constant pool entry 134	50000170
	constant pool entry 132	5000007d
	constant pool entry 128	500000f5
	constant pool entry 63	50000081
	constant pool entry 62	50000080
	constant pool entry 5	50000147
	constant pool entry 2	5000007e
CLS 50000123 (name=java.io.InputStream, trace=300000)
	super		50000178
	constant pool entry 15	50000178
CLS 50000083 (name=java.io.FilterInputStream, trace=300000)
	super		50000123
	constant pool entry 13	50000123
	constant pool entry 12	50000083
CLS 50000082 (name=java.io.BufferedInputStream, trace=300000)
	super		50000083
	static bufUpdater	5000197b
	constant pool entry 137	500000fd
	constant pool entry 110	50000123
	constant pool entry 106	50000081
	constant pool entry 99	5000016d
	constant pool entry 41	50000083
	constant pool entry 39	5000197a
	constant pool entry 38	5000017c
	constant pool entry 37	50000082
	constant pool entry 3	50001049
CLS 50000084 (name=java.io.FileOutputStream, trace=300000)
	super		50000085
	constant pool entry 106	5000016d
	constant pool entry 44	50000085
	constant pool entry 43	50000084
	constant pool entry 19	50000089
	constant pool entry 6	50000178
CLS 50000086 (name=java.io.Flushable, trace=300000)
CLS 50000087 (name=java.io.FileDescriptor$1, trace=300000)
	super		50000178
	constant pool entry 7	50000178
CLS 50000088 (name=sun.misc.JavaIOFileDescriptorAccess, trace=300000)
CLS 50000089 (name=java.io.FileDescriptor, trace=300000)
	super		50000178
	static in	5000106a
	static out	5000106c
	static err	5000106b
	constant pool entry 94	500000d2
	constant pool entry 27	50000178
	constant pool entry 24	50000087
	constant pool entry 18	50000089
	constant pool entry 12	50000124
CLS 5000008a (name=java.io.FileInputStream, trace=300000)
	super		50000123
	constant pool entry 107	5000016d
	constant pool entry 43	50000123
	constant pool entry 42	5000008a
	constant pool entry 33	5000002f
	constant pool entry 20	50000089
	constant pool entry 7	50000178
	constant pool entry 2	50000121
CLS 5000008b (name=sun.misc.Version, trace=300000)
	super		50000178
	static launcher_name	500019eb
	static java_version	5000190d
	static java_runtime_name	500019bc
	static java_profile_name	5000104b
	static java_runtime_version	500019c6
	constant pool entry 137	5000016d
	constant pool entry 9	500019bc
	constant pool entry 8	500019bd
	constant pool entry 7	500019c6
	constant pool entry 6	500019c7
	constant pool entry 4	5000190d
	constant pool entry 3	5000008b
	constant pool entry 2	50001906
CLS 5000008c (name=java.lang.Runtime, trace=300000)
	super		50000178
	static currentRuntime	500012f8
	constant pool entry 162	5000016e
	constant pool entry 119	5000016d
	constant pool entry 55	50000178
	constant pool entry 53	5000008c
	constant pool entry 38	50000121
	constant pool entry 25	50000174
CLS 5000008d (name=java.util.Hashtable$Enumerator, trace=300000)
	super		50000178
	constant pool entry 36	500000c6
	constant pool entry 32	50000178
	constant pool entry 31	5000008d
	constant pool entry 1	5000014b
CLS 5000008e (name=java.util.Iterator, trace=300000)
CLS 5000008f (name=java.util.Enumeration, trace=300000)
CLS 50000090 (name=java.util.Objects, trace=300000)
	super		50000178
	constant pool entry 18	50000178
CLS 50000092 (name=java.util.Collections$SynchronizedCollection, trace=300000)
	super		50000178
	constant pool entry 104	50000090
	constant pool entry 27	50000178
	constant pool entry 26	50000092
	constant pool entry 3	500000ee
CLS 50000091 (name=java.util.Collections$SynchronizedSet, trace=300000)
	super		50000092
	constant pool entry 8	50000092
CLS 50000093 (name=java.util.Hashtable$EntrySet, trace=300000)
	super		500000e0
	constant pool entry 22	500000e0
	constant pool entry 21	50000093
	constant pool entry 1	5000014b
CLS 50000094 (name=java.nio.charset.CodingErrorAction, trace=300000)
	super		50000178
	static IGNORE	500018c7
	static REPLACE	500018c6
	static REPORT	500018c5
	constant pool entry 11	50000178
	constant pool entry 9	500018c4
	constant pool entry 7	500018c3
	constant pool entry 4	500018c2
	constant pool entry 3	50000094
CLS 50000096 (name=java.nio.charset.CharsetDecoder, trace=300000)
	super		50000178
	static stateNames	500014b5
	constant pool entry 284	500000fd
	constant pool entry 234	50000170
	constant pool entry 196	50000035
	constant pool entry 173	500000c2
	constant pool entry 161	50000094
	constant pool entry 83	50000178
	constant pool entry 82	500014b4
	constant pool entry 81	500014b3
	constant pool entry 80	500014b2
	constant pool entry 79	500014b1
	constant pool entry 78	50000174
	constant pool entry 19	500014b0
	constant pool entry 12	500014af
	constant pool entry 5	50000096
CLS 50000095 (name=sun.nio.cs.UTF_8$Decoder, trace=300000)
	super		50000096
	constant pool entry 162	50000170
	constant pool entry 130	500000c4
	constant pool entry 128	50000037
	constant pool entry 112	50000035
	constant pool entry 109	50000072
	constant pool entry 58	50000096
	constant pool entry 57	50000095
	constant pool entry 55	500000a5
CLS 50000097 (name=sun.nio.cs.ArrayDecoder, trace=300000)
CLS 50000098 (name=java.lang.StringCoding$StringDecoder, trace=300000)
	super		50000178
	constant pool entry 152	500000fd
	constant pool entry 84	5000009e
	constant pool entry 77	50000170
	constant pool entry 72	50000096
	constant pool entry 70	50000094
	constant pool entry 68	500000c2
	constant pool entry 33	50000178
	constant pool entry 32	50000098
	constant pool entry 18	50000097
CLS 50000099 (name=java.lang.ThreadLocal$ThreadLocalMap$Entry[], trace=300000)
	super		50000178
CLS 5000009a (name=java.lang.ref.WeakReference[], trace=300000)
	super		50000178
CLS 5000009b (name=java.lang.ref.Reference[], trace=300000)
	super		50000178
CLS 5000009c (name=java.lang.ThreadLocal$ThreadLocalMap$Entry, trace=300000)
	super		50000157
	constant pool entry 4	50000157
	constant pool entry 3	5000009c
CLS 5000009d (name=java.lang.ThreadLocal$ThreadLocalMap, trace=300000)
	super		50000178
	constant pool entry 128	500000fd
	constant pool entry 28	50000178
	constant pool entry 15	500000ba
	constant pool entry 9	5000009c
	constant pool entry 8	5000009d
CLS 5000009e (name=java.lang.StringCoding, trace=300000)
	super		50000178
	static decoder	50001bb1
	static encoder	50001bb0
	constant pool entry 183	50000174
	constant pool entry 164	500000c2
	constant pool entry 161	500000a8
	constant pool entry 88	5000009e
	constant pool entry 86	500000ba
	constant pool entry 67	50000060
	constant pool entry 28	50000098
	constant pool entry 6	50000158
CLS 50000142 (name=sun.reflect.MagicAccessorImpl, trace=300000)
	super		50000178
	constant pool entry 3	50000178
CLS 5000013e (name=sun.reflect.ConstructorAccessorImpl, trace=300000)
	super		50000142
	constant pool entry 3	50000142
CLS 5000009f (name=sun.reflect.DelegatingConstructorAccessorImpl, trace=300000)
	super		5000013e
	constant pool entry 6	5000013e
	constant pool entry 5	5000009f
CLS 500000a0 (name=sun.reflect.NativeConstructorAccessorImpl, trace=300000)
	super		5000013e
	constant pool entry 48	500000e7
	constant pool entry 17	500000a0
	constant pool entry 13	5000013e
CLS 500000a1 (name=sun.reflect.ReflectionFactory$1, trace=300000)
	super		50000178
	constant pool entry 38	5000016d
	constant pool entry 35	500000e7
	constant pool entry 18	50000178
	constant pool entry 17	500000a1
	constant pool entry 8	500011a5
	constant pool entry 3	500011a4
CLS 500000a2 (name=java.lang.Class$1, trace=300000)
	super		50000178
	constant pool entry 30	50000143
	constant pool entry 7	50000178
	constant pool entry 6	500000a2
CLS 500000a3 (name=java.lang.reflect.Constructor[], trace=300000)
	super		50000178
CLS 500000a4 (name=java.lang.reflect.Executable[], trace=300000)
	super		50000178
CLS 500000c2 (name=java.nio.charset.Charset, trace=300000)
	super		50000178
	static bugLevel	5000104b
	static standardProvider	500014bf
	static cache1	500014be
	static gate	500014bd
	static defaultCharset	500014bc
	constant pool entry 325	500000fd
	constant pool entry 215	500000c1
	constant pool entry 194	500000f5
	constant pool entry 188	500000c7
	constant pool entry 86	500000ba
	constant pool entry 84	500000bf
	constant pool entry 52	500014bb
	constant pool entry 29	500000c2
	constant pool entry 21	50000178
	constant pool entry 14	500014af
	constant pool entry 11	50000174
	constant pool entry 8	5000104b
	constant pool entry 7	500014ba
	constant pool entry 6	50000076
CLS 500000a6 (name=sun.nio.cs.Unicode, trace=300000)
	super		500000c2
	constant pool entry 57	500000c2
CLS 500000a5 (name=sun.nio.cs.UTF_8, trace=300000)
	super		500000a6
	constant pool entry 42	50000118
	constant pool entry 35	500000bf
	constant pool entry 13	500000a6
	constant pool entry 12	500000a5
	constant pool entry 8	50000073
	constant pool entry 6	50000095
	constant pool entry 2	50001812
CLS 500000a7 (name=sun.nio.cs.HistoricallyNamedCharset, trace=300000)
CLS 500000a8 (name=java.util.Arrays, trace=300000)
	super		50000178
	constant pool entry 811	500000fd
	constant pool entry 543	500000c4
	constant pool entry 502	5000016d
	constant pool entry 485	50000031
	constant pool entry 483	50000170
	constant pool entry 103	50000697
	constant pool entry 102	5000104a
	constant pool entry 99	50000178
	constant pool entry 54	5000010e
	constant pool entry 22	500000a8
CLS 500000a9 (name=java.lang.reflect.ReflectAccess, trace=300000)
	super		50000178
	constant pool entry 21	50000178
	constant pool entry 6	50000143
	constant pool entry 2	50000147
CLS 500000aa (name=sun.reflect.LangReflectAccess, trace=300000)
CLS 500000ab (name=java.lang.reflect.Modifier, trace=300000)
	super		50000178
	constant pool entry 135	500000f5
	constant pool entry 27	500000a9
	constant pool entry 26	500000e7
	constant pool entry 23	500000f2
CLS 500000ad (name=java.util.WeakHashMap, trace=300000)
	super		500000dd
	static NULL_KEY	5000191f
	constant pool entry 331	500000fd
	constant pool entry 214	50000114
	constant pool entry 80	500000dd
	constant pool entry 78	50000178
	constant pool entry 64	50000044
	constant pool entry 15	500000ad
	constant pool entry 4	50000152
	constant pool entry 2	50000046
	constant pool entry 1	50000047
CLS 500000ac (name=java.lang.ClassValue$ClassValueMap, trace=300000)
	super		500000ad
CLS 500000ae (name=sun.reflect.annotation.AnnotationType, trace=300000)
	super		50000178
CLS 500000af (name=java.lang.Class$AnnotationData, trace=300000)
	super		50000178
CLS 500000b2 (name=sun.reflect.generics.repository.AbstractRepository, trace=300000)
	super		50000178
CLS 500000b1 (name=sun.reflect.generics.repository.GenericDeclRepository, trace=300000)
	super		500000b2
CLS 500000b0 (name=sun.reflect.generics.repository.ClassRepository, trace=300000)
	super		500000b1
CLS 500000b3 (name=java.lang.reflect.Field[], trace=300000)
	super		50000178
CLS 500000b4 (name=java.lang.reflect.Member[], trace=300000)
	super		50000178
CLS 500000b5 (name=java.lang.reflect.AccessibleObject[], trace=300000)
	super		50000178
CLS 500000b6 (name=java.lang.Class$Atomic, trace=300000)
	super		50000178
	static unsafe	50001077
	constant pool entry 68	50000126
	constant pool entry 24	500000b6
	constant pool entry 23	5000196b
	constant pool entry 22	5000196a
	constant pool entry 20	50001969
	constant pool entry 18	50000170
CLS 500000b7 (name=java.lang.Class$ReflectionData, trace=300000)
	super		50000178
	constant pool entry 4	50000178
	constant pool entry 3	500000b7
CLS 500000b8 (name=java.lang.Class$3, trace=300000)
	super		50000178
	constant pool entry 30	5000016d
	constant pool entry 27	50000170
	constant pool entry 11	50000178
	constant pool entry 10	500000b8
	constant pool entry 3	5000196f
CLS 500000b9 (name=java.util.concurrent.atomic.AtomicInteger, trace=300000)
	super		50000115
	static unsafe	50001077
	constant pool entry 93	50000170
	constant pool entry 78	50000126
	constant pool entry 22	50000115
	constant pool entry 16	500011d1
	constant pool entry 15	500000b9
CLS 500000ba (name=java.lang.ThreadLocal, trace=300000)
	super		50000178
	static nextHashCode	500018d3
	constant pool entry 88	5000009c
	constant pool entry 84	50000150
	constant pool entry 27	50000178
	constant pool entry 25	500000b9
	constant pool entry 20	5000009d
	constant pool entry 3	500000ba
CLS 500000be (name=sun.util.PreHashedMap, trace=300000)
	super		500000dd
	constant pool entry 94	500000fd
	constant pool entry 23	500000dd
	constant pool entry 22	500000be
	constant pool entry 20	50000174
	constant pool entry 10	5000010e
	constant pool entry 7	50000178
CLS 500000bb (name=sun.nio.cs.StandardCharsets$Cache, trace=300000)
	super		500000be
	constant pool entry 118	500000fd
	constant pool entry 44	500000be
	constant pool entry 43	500014dd
	constant pool entry 42	500014e1
	constant pool entry 41	500014e5
	constant pool entry 40	500014e9
	constant pool entry 39	500014ed
	constant pool entry 38	500014f1
	constant pool entry 37	500014fb
	constant pool entry 36	500014f8
	constant pool entry 35	500014f5
	constant pool entry 34	50001509
	constant pool entry 33	50001506
	constant pool entry 32	50001503
	constant pool entry 31	50001514
	constant pool entry 30	50001511
	constant pool entry 29	5000151d
	constant pool entry 28	5000151a
	constant pool entry 27	50001523
	constant pool entry 26	50001527
	constant pool entry 25	5000152b
	constant pool entry 24	50001532
	constant pool entry 23	5000152f
	constant pool entry 22	50001538
	constant pool entry 21	5000153f
	constant pool entry 20	5000153c
	constant pool entry 19	50001548
	constant pool entry 18	50001545
	constant pool entry 17	5000154e
	constant pool entry 16	50001552
	constant pool entry 15	50001559
	constant pool entry 14	50001556
	constant pool entry 13	50001565
	constant pool entry 12	50001562
	constant pool entry 11	5000155f
	constant pool entry 10	50001570
	constant pool entry 9	5000156d
	constant pool entry 8	5000157c
	constant pool entry 7	50001579
	constant pool entry 6	50001576
	constant pool entry 5	50001584
	constant pool entry 4	50000178
	constant pool entry 2	500000bb
CLS 500000bc (name=sun.nio.cs.StandardCharsets$Classes, trace=300000)
	super		500000be
	constant pool entry 196	500000fd
	constant pool entry 83	500000be
	constant pool entry 82	500014de
	constant pool entry 81	500014dd
	constant pool entry 80	500014e2
	constant pool entry 79	500014e1
	constant pool entry 78	500014e6
	constant pool entry 77	500014e5
	constant pool entry 76	500014ea
	constant pool entry 75	500014e9
	constant pool entry 74	500014ee
	constant pool entry 73	500014ed
	constant pool entry 72	500014f2
	constant pool entry 71	500014f1
	constant pool entry 70	500014fc
	constant pool entry 69	500014fb
	constant pool entry 68	500014f9
	constant pool entry 67	500014f8
	constant pool entry 66	500014f6
	constant pool entry 65	500014f5
	constant pool entry 64	5000150a
	constant pool entry 63	50001509
	constant pool entry 62	50001507
	constant pool entry 61	50001506
	constant pool entry 60	50001504
	constant pool entry 59	50001503
	constant pool entry 58	50001515
	constant pool entry 57	50001514
	constant pool entry 56	50001512
	constant pool entry 55	50001511
	constant pool entry 54	5000151e
	constant pool entry 53	5000151d
	constant pool entry 52	5000151b
	constant pool entry 51	5000151a
	constant pool entry 50	50001524
	constant pool entry 49	50001523
	constant pool entry 48	50001528
	constant pool entry 47	50001527
	constant pool entry 46	5000152c
	constant pool entry 45	5000152b
	constant pool entry 44	50001533
	constant pool entry 43	50001532
	constant pool entry 42	50001530
	constant pool entry 41	5000152f
	constant pool entry 40	50001539
	constant pool entry 39	50001538
	constant pool entry 38	50001540
	constant pool entry 37	5000153f
	constant pool entry 36	5000153d
	constant pool entry 35	5000153c
	constant pool entry 34	50001549
	constant pool entry 33	50001548
	constant pool entry 32	50001546
	constant pool entry 31	50001545
	constant pool entry 30	5000154f
	constant pool entry 29	5000154e
	constant pool entry 28	50001553
	constant pool entry 27	50001552
	constant pool entry 26	5000155a
	constant pool entry 25	50001559
	constant pool entry 24	50001557
	constant pool entry 23	50001556
	constant pool entry 22	50001566
	constant pool entry 21	50001565
	constant pool entry 20	50001563
	constant pool entry 19	50001562
	constant pool entry 18	50001560
	constant pool entry 17	5000155f
	constant pool entry 16	50001571
	constant pool entry 15	50001570
	constant pool entry 14	5000156e
	constant pool entry 13	5000156d
	constant pool entry 12	5000157d
	constant pool entry 11	5000157c
	constant pool entry 10	5000157a
	constant pool entry 9	50001579
	constant pool entry 8	50001577
	constant pool entry 7	50001576
	constant pool entry 6	50001585
	constant pool entry 5	50001584
	constant pool entry 4	50000178
	constant pool entry 2	500000bc
CLS 500000bd (name=sun.nio.cs.StandardCharsets$Aliases, trace=300000)
	super		500000be
	constant pool entry 522	500000fd
	constant pool entry 246	500000be
	constant pool entry 245	5000164a
	constant pool entry 244	5000164c
	constant pool entry 243	5000164e
	constant pool entry 242	50001650
	constant pool entry 241	50001652
	constant pool entry 240	50001654
	constant pool entry 239	50001656
	constant pool entry 238	50001658
	constant pool entry 237	5000165a
	constant pool entry 236	5000165c
	constant pool entry 235	5000165e
	constant pool entry 234	50001660
	constant pool entry 233	50001662
	constant pool entry 232	50001664
	constant pool entry 231	50001666
	constant pool entry 230	50001668
	constant pool entry 229	5000166a
	constant pool entry 228	5000166c
	constant pool entry 227	5000166e
	constant pool entry 226	50001672
	constant pool entry 225	50001670
	constant pool entry 224	50001675
	constant pool entry 223	50001677
	constant pool entry 222	50001679
	constant pool entry 221	5000167d
	constant pool entry 220	5000167b
	constant pool entry 219	50001680
	constant pool entry 218	50001682
	constant pool entry 217	50001684
	constant pool entry 216	50001686
	constant pool entry 215	50001688
	constant pool entry 214	5000168a
	constant pool entry 213	5000168c
	constant pool entry 212	5000168e
	constant pool entry 211	50001690
	constant pool entry 210	50001692
	constant pool entry 209	50001694
	constant pool entry 208	50001696
	constant pool entry 207	50001698
	constant pool entry 206	5000169a
	constant pool entry 205	5000169c
	constant pool entry 204	5000169e
	constant pool entry 203	500016a0
	constant pool entry 202	500016a2
	constant pool entry 201	500016a4
	constant pool entry 200	500016a6
	constant pool entry 199	500016a8
	constant pool entry 198	500016aa
	constant pool entry 197	500016ac
	constant pool entry 196	500016ae
	constant pool entry 195	500016b0
	constant pool entry 194	500016b2
	constant pool entry 193	500016b6
	constant pool entry 192	500016b4
	constant pool entry 191	500016b9
	constant pool entry 190	500014ed
	constant pool entry 189	500016bd
	constant pool entry 188	500016bb
	constant pool entry 187	50001552
	constant pool entry 186	500016c2
	constant pool entry 185	500016c0
	constant pool entry 184	50001556
	constant pool entry 183	500016c5
	constant pool entry 182	5000155f
	constant pool entry 181	500016c7
	constant pool entry 180	50001562
	constant pool entry 179	500016c9
	constant pool entry 178	500016cb
	constant pool entry 177	50001570
	constant pool entry 176	500016cd
	constant pool entry 175	500016cf
	constant pool entry 174	500016d1
	constant pool entry 173	500016d3
	constant pool entry 172	500016d5
	constant pool entry 171	50001579
	constant pool entry 170	500016d7
	constant pool entry 169	500016d9
	constant pool entry 168	500016db
	constant pool entry 167	500016dd
	constant pool entry 166	500014dd
	constant pool entry 165	500016df
	constant pool entry 164	500016e1
	constant pool entry 163	500016e3
	constant pool entry 162	500016e5
	constant pool entry 161	500016e7
	constant pool entry 160	500016e9
	constant pool entry 159	500016eb
	constant pool entry 158	500016ed
	constant pool entry 157	500016ef
	constant pool entry 156	500016f1
	constant pool entry 155	500016f3
	constant pool entry 154	500016f5
	constant pool entry 153	500016f7
	constant pool entry 152	500016f9
	constant pool entry 151	500016fb
	constant pool entry 150	500016fd
	constant pool entry 149	500016ff
	constant pool entry 148	50001701
	constant pool entry 147	500014e9
	constant pool entry 146	50001703
	constant pool entry 145	50001705
	constant pool entry 144	50001707
	constant pool entry 143	50001709
	constant pool entry 142	5000170b
	constant pool entry 141	5000170d
	constant pool entry 140	5000170f
	constant pool entry 139	50001711
	constant pool entry 138	50001713
	constant pool entry 137	50001715
	constant pool entry 136	50001717
	constant pool entry 135	50001719
	constant pool entry 134	5000171b
	constant pool entry 133	5000171d
	constant pool entry 132	5000171f
	constant pool entry 131	50001721
	constant pool entry 130	50001723
	constant pool entry 129	50001725
	constant pool entry 128	50001727
	constant pool entry 127	50001729
	constant pool entry 126	5000172b
	constant pool entry 125	5000172d
	constant pool entry 124	5000172f
	constant pool entry 123	5000151d
	constant pool entry 122	50001731
	constant pool entry 121	50001733
	constant pool entry 120	50001735
	constant pool entry 119	50001739
	constant pool entry 118	50001737
	constant pool entry 117	5000173e
	constant pool entry 116	5000173c
	constant pool entry 115	50001741
	constant pool entry 114	50001743
	constant pool entry 113	50001747
	constant pool entry 112	50001745
	constant pool entry 111	5000174a
	constant pool entry 110	50001750
	constant pool entry 109	5000174e
	constant pool entry 108	5000174c
	constant pool entry 107	50001754
	constant pool entry 106	50001756
	constant pool entry 105	5000175a
	constant pool entry 104	50001758
	constant pool entry 103	5000175d
	constant pool entry 102	50001761
	constant pool entry 101	5000175f
	constant pool entry 100	50001764
	constant pool entry 99	50001511
	constant pool entry 98	50001766
	constant pool entry 97	50001768
	constant pool entry 96	5000176a
	constant pool entry 95	5000176c
	constant pool entry 94	5000176e
	constant pool entry 93	50001770
	constant pool entry 92	50001772
	constant pool entry 91	50001774
	constant pool entry 90	50001776
	constant pool entry 89	50001778
	constant pool entry 88	5000177a
	constant pool entry 87	5000152f
	constant pool entry 86	5000177c
	constant pool entry 85	5000177e
	constant pool entry 84	50001559
	constant pool entry 83	50001780
	constant pool entry 82	50001782
	constant pool entry 81	50001565
	constant pool entry 80	50001784
	constant pool entry 79	50001576
	constant pool entry 78	50001786
	constant pool entry 77	50001584
	constant pool entry 76	50001788
	constant pool entry 75	5000178a
	constant pool entry 74	50001527
	constant pool entry 73	5000178e
	constant pool entry 72	500014f5
	constant pool entry 71	5000178c
	constant pool entry 70	50001793
	constant pool entry 69	500014f8
	constant pool entry 68	50001791
	constant pool entry 67	50001503
	constant pool entry 66	50001796
	constant pool entry 65	5000151a
	constant pool entry 64	50001798
	constant pool entry 63	5000179c
	constant pool entry 62	50001523
	constant pool entry 61	5000179a
	constant pool entry 60	5000179f
	constant pool entry 59	5000156d
	constant pool entry 58	500017a3
	constant pool entry 57	50001506
	constant pool entry 56	500017a1
	constant pool entry 55	5000154e
	constant pool entry 54	500017a6
	constant pool entry 53	500014fb
	constant pool entry 52	500017a8
	constant pool entry 51	500017aa
	constant pool entry 50	500017ac
	constant pool entry 49	500017ae
	constant pool entry 48	500017b0
	constant pool entry 47	500017b2
	constant pool entry 46	500014e1
	constant pool entry 45	500017b4
	constant pool entry 44	500014e5
	constant pool entry 43	500017b6
	constant pool entry 42	500017b8
	constant pool entry 41	5000157c
	constant pool entry 40	500017ba
	constant pool entry 39	5000153f
	constant pool entry 38	500017bc
	constant pool entry 37	500017be
	constant pool entry 36	500017c0
	constant pool entry 35	500017c2
	constant pool entry 34	500017c4
	constant pool entry 33	500017c8
	constant pool entry 32	500017c6
	constant pool entry 31	500017cb
	constant pool entry 30	500017cd
	constant pool entry 29	500017d1
	constant pool entry 28	500017cf
	constant pool entry 27	500017d4
	constant pool entry 26	500017d6
	constant pool entry 25	50001538
	constant pool entry 24	500017d8
	constant pool entry 23	500017da
	constant pool entry 22	500017dc
	constant pool entry 21	50001532
	constant pool entry 20	500017de
	constant pool entry 19	50001514
	constant pool entry 18	500017e0
	constant pool entry 17	500014f1
	constant pool entry 16	500017e2
	constant pool entry 15	500017e4
	constant pool entry 14	5000152b
	constant pool entry 13	500017e6
	constant pool entry 12	5000153c
	constant pool entry 11	500017e8
	constant pool entry 10	50001545
	constant pool entry 9	500017ea
	constant pool entry 8	50001548
	constant pool entry 7	500017ec
	constant pool entry 6	50001509
	constant pool entry 5	500017ee
	constant pool entry 4	50000178
	constant pool entry 2	500000bd
CLS 500000c1 (name=java.nio.charset.spi.CharsetProvider, trace=300000)
	super		50000178
	constant pool entry 25	5000016d
	constant pool entry 8	50000178
CLS 500000c0 (name=sun.nio.cs.FastCharsetProvider, trace=300000)
	super		500000c1
	constant pool entry 142	500000fd
	constant pool entry 99	50000170
	constant pool entry 97	50000178
	constant pool entry 80	5000014d
	constant pool entry 35	500000c1
	constant pool entry 34	500000c0
	constant pool entry 23	50001183
	constant pool entry 20	50000127
	constant pool entry 15	50001515
	constant pool entry 14	500000c2
	constant pool entry 8	50000174
CLS 500000bf (name=sun.nio.cs.StandardCharsets, trace=300000)
	super		500000c0
	static aliases_US_ASCII	5000187d
	static aliases_UTF_8	50001811
	static aliases_CESU_8	5000187c
	static aliases_UTF_16	5000187b
	static aliases_UTF_16BE	5000187a
	static aliases_UTF_16LE	50001879
	static aliases_UTF_16LE_BOM	50001878
	static aliases_UTF_32	50001877
	static aliases_UTF_32LE	50001876
	static aliases_UTF_32BE	50001875
	static aliases_UTF_32LE_BOM	50001874
	static aliases_UTF_32BE_BOM	50001873
	static aliases_ISO_8859_1	50001872
	static aliases_ISO_8859_2	50001871
	static aliases_ISO_8859_4	50001870
	static aliases_ISO_8859_5	5000186f
	static aliases_ISO_8859_7	5000186e
	static aliases_ISO_8859_9	5000186d
	static aliases_ISO_8859_13	5000186c
	static aliases_ISO_8859_15	5000186b
	static aliases_KOI8_R	5000186a
	static aliases_KOI8_U	50001869
	static aliases_MS1250	50001868
	static aliases_MS1251	50001867
	static aliases_MS1252	50001866
	static aliases_MS1253	50001865
	static aliases_MS1254	50001864
	static aliases_MS1257	50001863
	static aliases_IBM437	50001862
	static aliases_IBM737	50001861
	static aliases_IBM775	50001860
	static aliases_IBM850	5000185f
	static aliases_IBM852	5000185e
	static aliases_IBM855	5000185d
	static aliases_IBM857	5000185c
	static aliases_IBM858	5000185b
	static aliases_IBM862	5000185a
	static aliases_IBM866	50001859
	static aliases_IBM874	50001858
	constant pool entry 577	500000fd
	constant pool entry 261	500000c0
	constant pool entry 260	500000bf
	constant pool entry 258	5000177c
	constant pool entry 257	500016dd
	constant pool entry 256	500016e1
	constant pool entry 255	5000171b
	constant pool entry 253	50001857
	constant pool entry 252	50001786
	constant pool entry 251	500016e3
	constant pool entry 250	50001576
	constant pool entry 249	50001725
	constant pool entry 247	50001684
	constant pool entry 246	50001856
	constant pool entry 245	50001788
	constant pool entry 244	500016e5
	constant pool entry 243	50001584
	constant pool entry 242	50001727
	constant pool entry 240	50001855
	constant pool entry 239	5000178c
	constant pool entry 238	500016ae
	constant pool entry 237	50001686
	constant pool entry 236	50001737
	constant pool entry 234	50001854
	constant pool entry 233	50001791
	constant pool entry 232	500016f3
	constant pool entry 231	500014f8
	constant pool entry 230	5000173c
	constant pool entry 228	5000166c
	constant pool entry 227	50001796
	constant pool entry 226	50001503
	constant pool entry 225	500016f5
	constant pool entry 224	50001741
	constant pool entry 222	50001853
	constant pool entry 221	50001798
	constant pool entry 220	500016f7
	constant pool entry 219	5000151a
	constant pool entry 218	50001745
	constant pool entry 216	5000164e
	constant pool entry 215	5000179a
	constant pool entry 214	50001523
	constant pool entry 213	500016f9
	constant pool entry 212	5000174c
	constant pool entry 210	50001731
	constant pool entry 209	500016b0
	constant pool entry 208	5000151d
	constant pool entry 207	50001701
	constant pool entry 205	5000178e
	constant pool entry 204	500016f1
	constant pool entry 203	500016fd
	constant pool entry 202	50001739
	constant pool entry 200	5000166a
	constant pool entry 199	500017a1
	constant pool entry 198	50001715
	constant pool entry 197	500016a2
	constant pool entry 196	50001506
	constant pool entry 195	500016ed
	constant pool entry 193	50001654
	constant pool entry 192	500016c2
	constant pool entry 190	50001656
	constant pool entry 189	500016c5
	constant pool entry 187	5000165a
	constant pool entry 186	500016c7
	constant pool entry 184	5000165c
	constant pool entry 183	500016c9
	constant pool entry 181	500017a3
	constant pool entry 180	5000165e
	constant pool entry 179	500016cb
	constant pool entry 177	50001660
	constant pool entry 176	500016cd
	constant pool entry 174	500017b4
	constant pool entry 172	50001690
	constant pool entry 171	50001733
	constant pool entry 170	500017b6
	constant pool entry 168	50001852
	constant pool entry 167	50001851
	constant pool entry 166	50001850
	constant pool entry 165	5000184f
	constant pool entry 164	5000184e
	constant pool entry 163	5000184d
	constant pool entry 162	500017d4
	constant pool entry 161	500017aa
	constant pool entry 160	5000184c
	constant pool entry 159	5000184b
	constant pool entry 158	5000184a
	constant pool entry 157	50001849
	constant pool entry 156	50001848
	constant pool entry 155	500016a8
	constant pool entry 154	50001847
	constant pool entry 152	50001846
	constant pool entry 151	50001766
	constant pool entry 150	500016ac
	constant pool entry 149	500016b9
	constant pool entry 147	50001845
	constant pool entry 146	500017ac
	constant pool entry 145	500017d6
	constant pool entry 144	5000172d
	constant pool entry 143	50001758
	constant pool entry 142	50001743
	constant pool entry 141	5000170b
	constant pool entry 140	50001844
	constant pool entry 139	50001843
	constant pool entry 138	50001842
	constant pool entry 137	500016e7
	constant pool entry 136	500017c2
	constant pool entry 135	5000176e
	constant pool entry 133	5000168a
	constant pool entry 132	5000179f
	constant pool entry 131	500017c6
	constant pool entry 130	5000171f
	constant pool entry 129	50001729
	constant pool entry 128	50001679
	constant pool entry 127	50001841
	constant pool entry 126	5000175f
	constant pool entry 125	50001698
	constant pool entry 124	50001840
	constant pool entry 123	5000183f
	constant pool entry 122	5000183e
	constant pool entry 121	5000183d
	constant pool entry 120	500016ff
	constant pool entry 119	500017c4
	constant pool entry 118	50001770
	constant pool entry 116	5000183c
	constant pool entry 115	500017d8
	constant pool entry 114	500017ae
	constant pool entry 113	50001756
	constant pool entry 112	50001768
	constant pool entry 111	5000174a
	constant pool entry 110	5000183b
	constant pool entry 109	5000183a
	constant pool entry 108	50001839
	constant pool entry 107	500016e9
	constant pool entry 106	500017c8
	constant pool entry 105	50001772
	constant pool entry 103	50001838
	constant pool entry 102	500017da
	constant pool entry 101	500017b0
	constant pool entry 100	5000175a
	constant pool entry 99	5000176a
	constant pool entry 98	50001747
	constant pool entry 97	5000170d
	constant pool entry 96	50001837
	constant pool entry 95	50001836
	constant pool entry 94	50001709
	constant pool entry 93	500017cb
	constant pool entry 92	5000168e
	constant pool entry 91	50001774
	constant pool entry 89	50001835
	constant pool entry 88	500017dc
	constant pool entry 87	500017b2
	constant pool entry 86	5000175d
	constant pool entry 85	5000176c
	constant pool entry 84	50001750
	constant pool entry 83	5000170f
	constant pool entry 82	50001834
	constant pool entry 81	50001833
	constant pool entry 80	50001832
	constant pool entry 79	50001717
	constant pool entry 78	500017cd
	constant pool entry 77	50001776
	constant pool entry 75	50001831
	constant pool entry 74	500017d1
	constant pool entry 73	50001549
	constant pool entry 72	50001830
	constant pool entry 71	5000182f
	constant pool entry 70	5000182e
	constant pool entry 69	500017be
	constant pool entry 68	5000182d
	constant pool entry 67	5000179c
	constant pool entry 66	5000182c
	constant pool entry 65	50001754
	constant pool entry 64	50001711
	constant pool entry 63	5000182b
	constant pool entry 62	50001719
	constant pool entry 60	5000182a
	constant pool entry 59	500014ea
	constant pool entry 57	50001829
	constant pool entry 56	500014fc
	constant pool entry 54	50001828
	constant pool entry 53	50001566
	constant pool entry 51	50001827
	constant pool entry 50	500014de
	constant pool entry 48	50001826
	constant pool entry 47	5000157a
	constant pool entry 45	50001825
	constant pool entry 43	50001824
	constant pool entry 42	50001823
	constant pool entry 41	5000157d
	constant pool entry 39	50001822
	constant pool entry 38	50001821
	constant pool entry 37	50001820
	constant pool entry 36	5000154f
	constant pool entry 34	5000181f
	constant pool entry 33	5000169a
	constant pool entry 32	500016eb
	constant pool entry 31	5000155a
	constant pool entry 29	5000181e
	constant pool entry 28	5000181d
	constant pool entry 26	500017bc
	constant pool entry 25	50001814
	constant pool entry 23	50001696
	constant pool entry 22	5000181c
	constant pool entry 21	50001662
	constant pool entry 20	50001761
	constant pool entry 19	500016d9
	constant pool entry 18	5000181b
	constant pool entry 17	500016a6
	constant pool entry 16	5000181a
	constant pool entry 15	500016aa
	constant pool entry 14	50001819
	constant pool entry 13	50001818
	constant pool entry 12	50001817
	constant pool entry 11	50001816
	constant pool entry 10	50001793
	constant pool entry 9	50000174
	constant pool entry 6	500000bb
	constant pool entry 4	500000bc
	constant pool entry 2	500000bd
	constant pool entry 1	500014c0
CLS 50000150 (name=java.lang.Thread, trace=300000)
	super		50000178
	static EMPTY_STACK_TRACE	50001059
	static SUBCLASS_IMPLEMENTATION_PERMISSION	50001058
	constant pool entry 551	500000fd
	constant pool entry 370	500000f5
	constant pool entry 356	5000014e
	constant pool entry 352	5000016d
	constant pool entry 142	50001057
	constant pool entry 141	50000119
	constant pool entry 106	500000f6
	constant pool entry 82	50000150
	constant pool entry 49	50000178
CLS 500000c3 (name=java.lang.ref.Finalizer$FinalizerThread, trace=300000)
	super		50000150
	constant pool entry 37	50000152
	constant pool entry 34	500000d2
	constant pool entry 30	500000c7
	constant pool entry 13	50000150
	constant pool entry 12	500000c3
	constant pool entry 10	50000153
	constant pool entry 1	50001bc2
CLS 500000c4 (name=java.lang.Math, trace=300000)
	super		50000178
	constant pool entry 268	50000170
	constant pool entry 99	50000114
	constant pool entry 64	50000113
	constant pool entry 10	500000c4
CLS 500000c5 (name=java.util.Hashtable$Entry[], trace=300000)
	super		50000178
CLS 500000c6 (name=java.util.Hashtable$Entry, trace=300000)
	super		50000178
	constant pool entry 22	50000178
	constant pool entry 6	500000c6
CLS 500000c7 (name=sun.misc.VM, trace=300000)
	super		50000178
	static lock	50001082
	static savedProps	50001081
	constant pool entry 186	50000051
	constant pool entry 171	5000008c
	constant pool entry 54	5000014a
	constant pool entry 51	50000178
	constant pool entry 38	50001080
	constant pool entry 37	5000107f
	constant pool entry 36	5000107e
	constant pool entry 35	5000107d
	constant pool entry 32	5000107c
	constant pool entry 31	50001053
	constant pool entry 30	5000107b
	constant pool entry 23	5000107a
	constant pool entry 22	50000174
	constant pool entry 20	50001079
	constant pool entry 4	500000c7
CLS 500000c8 (name=java.util.HashMap$Node[], trace=300000)
	super		50000178
CLS 500000c9 (name=java.util.Map$Entry[], trace=300000)
	super		50000178
CLS 500000cb (name=java.util.Map$Entry, trace=300000)
CLS 500000cd (name=sun.reflect.Reflection, trace=300000)
	super		50000178
	static fieldFilterMap	50001192
	static methodFilterMap	50001191
	constant pool entry 237	500000fd
	constant pool entry 161	5000014d
	constant pool entry 131	500000ab
	constant pool entry 65	50001190
	constant pool entry 64	50000170
	constant pool entry 63	5000118f
	constant pool entry 62	5000016d
	constant pool entry 61	5000118e
	constant pool entry 60	5000118d
	constant pool entry 59	50000174
	constant pool entry 58	500000cd
	constant pool entry 45	500000b3
	constant pool entry 40	500000cc
CLS 500000ce (name=java.lang.String[], trace=300000)
	super		50000178
CLS 500000cf (name=java.lang.CharSequence[], trace=300000)
	super		50000178
CLS 5000016b (name=java.lang.Error, trace=300000)
	super		5000016c
	constant pool entry 7	5000016c
CLS 50000161 (name=java.lang.LinkageError, trace=300000)
	super		5000016b
	constant pool entry 5	5000016b
CLS 500000d1 (name=java.lang.IncompatibleClassChangeError, trace=300000)
	super		50000161
	constant pool entry 4	50000161
CLS 500000d0 (name=java.lang.NoSuchMethodError, trace=300000)
	super		500000d1
	constant pool entry 4	500000d1
CLS 500000d2 (name=sun.misc.SharedSecrets, trace=300000)
	super		50000178
	static unsafe	50001077
	static javaLangAccess	50000f52
	static javaLangRefAccess	50001076
	static javaNetAccess	50001075
	static javaNioAccess	50001074
	static javaIOFileDescriptorAccess	50001073
	static javaSecurityProtectionDomainAccess	50001072
	static javaSecurityAccess	50001071
	static javaUtilZipFileAccess	500004a2
	constant pool entry 135	50000126
	constant pool entry 30	500000d2
	constant pool entry 24	5000049f
CLS 500000d3 (name=java.lang.ref.Reference$1, trace=300000)
	super		50000178
	constant pool entry 4	50000178
CLS 500000d4 (name=sun.misc.JavaLangRefAccess, trace=300000)
CLS 500000d5 (name=java.lang.Thread[], trace=300000)
	super		50000178
CLS 500000d6 (name=java.lang.Runnable[], trace=300000)
	super		50000178
CLS 500000d7 (name=java.lang.ref.ReferenceQueue$Lock, trace=300000)
	super		50000178
	constant pool entry 4	50000178
	constant pool entry 3	500000d7
CLS 50000152 (name=java.lang.ref.ReferenceQueue, trace=300000)
	super		50000178
	static NULL	500018d6
	static ENQUEUED	500018d5
	constant pool entry 106	50000170
	constant pool entry 31	50000178
	constant pool entry 29	500000d8
	constant pool entry 27	50000152
	constant pool entry 2	500000d7
CLS 500000d8 (name=java.lang.ref.ReferenceQueue$Null, trace=300000)
	super		50000152
	constant pool entry 4	50000152
	constant pool entry 3	500000d8
CLS 500000db (name=java.util.Collections$UnmodifiableCollection, trace=300000)
	super		50000178
	constant pool entry 22	500000ee
	constant pool entry 21	50000178
	constant pool entry 20	500000db
	constant pool entry 11	500007cc
CLS 500000da (name=java.util.Collections$UnmodifiableList, trace=300000)
	super		500000db
	constant pool entry 20	500000ed
	constant pool entry 19	500000db
	constant pool entry 13	500000da
CLS 500000d9 (name=java.util.Collections$UnmodifiableRandomAccessList, trace=300000)
	super		500000da
	constant pool entry 6	500000da
CLS 500000dc (name=java.util.Collections$EmptyMap, trace=300000)
	super		500000dd
	constant pool entry 11	500000dd
	constant pool entry 10	500000dc
CLS 500000ea (name=java.util.AbstractList, trace=300000)
	super		500000eb
	constant pool entry 46	500000eb
	constant pool entry 45	500000ea
CLS 500000de (name=java.util.Collections$EmptyList, trace=300000)
	super		500000ea
	constant pool entry 83	500000e2
	constant pool entry 21	500000ea
	constant pool entry 20	500000de
CLS 500000df (name=java.util.Collections$EmptySet, trace=300000)
	super		500000e0
	constant pool entry 10	500000e0
	constant pool entry 9	500000df
CLS 500000e1 (name=java.util.Set, trace=300000)
CLS 500000e2 (name=java.util.Collections, trace=300000)
	super		50000178
	static EMPTY_SET	5000117f
	static EMPTY_LIST	5000117e
	static EMPTY_MAP	5000117d
	constant pool entry 179	500009e3
	constant pool entry 159	500000dc
	constant pool entry 157	500000de
	constant pool entry 155	500000df
	constant pool entry 151	50000045
	constant pool entry 66	50000091
	constant pool entry 53	500000d9
	constant pool entry 5	500000e2
	constant pool entry 3	500000ec
CLS 500000e3 (name=java.util.ArrayList, trace=300000)
	super		500000ea
	static EMPTY_ELEMENTDATA	500013e9
	static DEFAULTCAPACITY_EMPTY_ELEMENTDATA	500013e8
	constant pool entry 366	500000fd
	constant pool entry 254	5000016d
	constant pool entry 242	500000c4
	constant pool entry 236	500000a8
	constant pool entry 233	500000ee
	constant pool entry 84	500000ea
	constant pool entry 64	500007ce
	constant pool entry 22	500000e3
	constant pool entry 18	5000010e
	constant pool entry 4	50000178
CLS 500000e4 (name=java.lang.InterruptedException, trace=300000)
	super		50000169
CLS 500000e5 (name=java.lang.ref.Reference$ReferenceHandler, trace=300000)
	super		50000150
	constant pool entry 43	50000159
	constant pool entry 32	50000170
	constant pool entry 16	50000150
	constant pool entry 15	500000e5
	constant pool entry 14	50000154
	constant pool entry 12	500000e4
CLS 500000e6 (name=java.lang.ref.Reference$Lock, trace=300000)
	super		50000178
	constant pool entry 4	50000178
	constant pool entry 3	500000e6
CLS 500000e7 (name=sun.reflect.ReflectionFactory, trace=300000)
	super		50000178
	static reflectionFactoryAccessPerm	50001188
	static soleInstance	50001184
	static langReflectAccess	50001187
	constant pool entry 356	500000f5
	constant pool entry 284	500000aa
	constant pool entry 274	500000cd
	constant pool entry 267	50000143
	constant pool entry 241	5000016d
	constant pool entry 129	500000e7
	constant pool entry 127	50001186
	constant pool entry 126	500000f6
	constant pool entry 120	500000a1
	constant pool entry 97	50000178
	constant pool entry 64	500000ab
	constant pool entry 44	5000009f
	constant pool entry 42	500000a0
	constant pool entry 34	5000013e
	constant pool entry 32	50000170
CLS 500000e9 (name=java.util.Vector, trace=300000)
	super		500000ea
	constant pool entry 393	500000fd
	constant pool entry 263	5000016d
	constant pool entry 97	500000ea
	constant pool entry 26	500000e9
	constant pool entry 11	50000178
CLS 500000e8 (name=java.util.Stack, trace=300000)
	super		500000e9
	constant pool entry 11	500000e9
	constant pool entry 10	500000e8
CLS 500000ec (name=java.util.RandomAccess, trace=300000)
CLS 500000ed (name=java.util.List, trace=300000)
CLS 500000ee (name=java.util.Collection, trace=300000)
CLS 500000ef (name=java.lang.Iterable, trace=300000)
CLS 500000f0 (name=java.security.cert.Certificate[], trace=300000)
	super		50000178
CLS 500000f1 (name=java.security.cert.Certificate, trace=300000)
	super		50000178
CLS 500000f2 (name=sun.reflect.ReflectionFactory$GetReflectionFactoryAction, trace=300000)
	super		50000178
	constant pool entry 19	500000e7
	constant pool entry 5	50000178
	constant pool entry 4	500000f2
CLS 500000f3 (name=java.security.PrivilegedAction, trace=300000)
CLS 500000f8 (name=java.security.Permission, trace=300000)
	super		50000178
	constant pool entry 17	50000178
	constant pool entry 16	500000f8
CLS 500000f7 (name=java.security.BasicPermission, trace=300000)
	super		500000f8
	constant pool entry 70	50000174
	constant pool entry 28	500000f8
	constant pool entry 20	500000f7
	constant pool entry 13	5000105b
CLS 500000f4 (name=java.lang.reflect.ReflectPermission, trace=300000)
	super		500000f7
	constant pool entry 4	500000f7
CLS 500000f5 (name=java.security.AccessController, trace=300000)
	super		50000178
	constant pool entry 48	500000f5
	constant pool entry 22	50000165
CLS 500000f6 (name=java.lang.RuntimePermission, trace=300000)
	super		500000f7
	constant pool entry 4	500000f7
CLS 500000f9 (name=java.security.Guard, trace=300000)
CLS 500000fa (name=java.lang.StackTraceElement[], trace=300000)
	super		50000178
CLS 500000fb (name=java.lang.ThreadGroup[], trace=300000)
	super		50000178
CLS 500000fc (name=java.lang.Thread$UncaughtExceptionHandler[], trace=300000)
	super		50000178
CLS 500000fd (name=com.sun.demo.jvmti.hprof.Tracker, trace=300000)
	super		50000178
	constant pool entry 42	50000150
	constant pool entry 13	500000fd
	constant pool entry 4	50001047
CLS 500000fe (name=java.lang.String$CaseInsensitiveComparator, trace=300000)
	super		50000178
	constant pool entry 12	50000178
	constant pool entry 11	500000fe
CLS 500000ff (name=java.util.Comparator, trace=300000)
CLS 50000100 (name=java.io.ObjectStreamField[], trace=300000)
	super		50000178
CLS 50000101 (name=java.lang.Comparable[], trace=300000)
	super		50000178
CLS 50000102 (name=java.io.ObjectStreamField, trace=300000)
	super		50000178
	constant pool entry 136	50000170
	constant pool entry 128	50000113
	constant pool entry 127	50000114
	constant pool entry 126	5000010f
	constant pool entry 125	50000110
	constant pool entry 124	50000111
	constant pool entry 123	50000116
	constant pool entry 122	50000112
	constant pool entry 120	50000117
	constant pool entry 115	50000174
	constant pool entry 37	50000127
	constant pool entry 35	50000102
	constant pool entry 22	50000178
CLS 50000103 (name=java.lang.OutOfMemoryError[], trace=300000)
	super		50000178
CLS 50000104 (name=java.lang.VirtualMachineError[], trace=300000)
	super		50000178
CLS 50000105 (name=java.lang.Error[], trace=300000)
	super		50000178
CLS 50000106 (name=java.lang.Throwable[], trace=300000)
	super		50000178
CLS 50000107 (name=java.lang.ArithmeticException, trace=300000)
	super		50000168
CLS 50000108 (name=java.lang.NullPointerException, trace=300000)
	super		50000168
CLS 50000109 (name=java.lang.Class[], trace=300000)
	super		50000178
CLS 5000010a (name=java.io.Serializable[], trace=300000)
	super		50000178
CLS 5000010b (name=java.lang.reflect.GenericDeclaration[], trace=300000)
	super		50000178
CLS 5000010c (name=java.lang.reflect.AnnotatedElement[], trace=300000)
	super		50000178
CLS 5000010d (name=java.lang.reflect.Type[], trace=300000)
	super		50000178
CLS 5000010e (name=java.lang.Object[], trace=300000)
	super		50000178
CLS 5000010f (name=java.lang.Long, trace=300000)
	super		50000115
	static TYPE	5000102e
	constant pool entry 311	50000170
	constant pool entry 113	500011db
	constant pool entry 1	5000010f
CLS 50000110 (name=java.lang.Integer, trace=300000)
	super		50000115
	static TYPE	5000102f
	static digits	500011e1
	static DigitTens	500011e0
	static DigitOnes	500011df
	static sizeTable	500011de
	constant pool entry 315	500000fd
	constant pool entry 276	50000170
	constant pool entry 256	5000016d
	constant pool entry 94	50000115
	constant pool entry 85	500011dd
	constant pool entry 51	50000054
	constant pool entry 6	50000174
	constant pool entry 3	50000116
	constant pool entry 1	50000110
CLS 50000111 (name=java.lang.Short, trace=300000)
	super		50000115
	static TYPE	50001030
	constant pool entry 141	50000170
	constant pool entry 34	500012ef
	constant pool entry 1	50000111
CLS 50000112 (name=java.lang.Byte, trace=300000)
	super		50000115
	static TYPE	50001031
	constant pool entry 133	50000170
	constant pool entry 30	500012f1
	constant pool entry 1	50000112
CLS 50000113 (name=java.lang.Double, trace=300000)
	super		50000115
	static TYPE	50001032
	constant pool entry 201	50000170
	constant pool entry 61	500011d9
	constant pool entry 1	50000113
CLS 50000114 (name=java.lang.Float, trace=300000)
	super		50000115
	static TYPE	50001033
	constant pool entry 154	50000170
	constant pool entry 34	5000119e
	constant pool entry 1	50000114
CLS 50000116 (name=java.lang.Character, trace=300000)
	super		50000178
	static TYPE	50001034
	constant pool entry 420	50000170
	constant pool entry 372	50000013
	constant pool entry 103	500012e5
	constant pool entry 1	50000116
CLS 50000117 (name=java.lang.Boolean, trace=300000)
	super		50000178
	static TRUE	50001182
	static FALSE	50001181
	static TYPE	50001035
	constant pool entry 97	50000170
	constant pool entry 90	5000016d
	constant pool entry 82	50000174
	constant pool entry 21	50000178
	constant pool entry 18	50001180
	constant pool entry 11	50000117
	constant pool entry 5	50001053
CLS 50000119 (name=java.lang.StackTraceElement, trace=300000)
	super		50000178
CLS 5000011a (name=java.security.CodeSource, trace=300000)
	super		50000178
	constant pool entry 108	50000178
	constant pool entry 11	5000011a
CLS 5000016e (name=java.lang.ClassLoader, trace=300000)
	super		50000178
	static nocerts	500011af
	static scl	50000f56
	static loadedLibraryNames	500011ae
	static systemNativeLibraries	500011ad
	static nativeLibraryContext	500011ac
	static usr_paths	500011ab
	static sys_paths	500011aa
	constant pool entry 866	500000fd
	constant pool entry 602	5000011d
	constant pool entry 596	50000004
	constant pool entry 590	500000cd
	constant pool entry 563	500000c7
	constant pool entry 525	500000f5
	constant pool entry 516	50000170
	constant pool entry 488	500000e2
	constant pool entry 464	5000016d
	constant pool entry 253	50000048
	constant pool entry 249	500000e8
	constant pool entry 248	500000f1
	constant pool entry 219	5000005a
	constant pool entry 212	5000005f
	constant pool entry 195	50000121
	constant pool entry 194	500011a9
	constant pool entry 191	500011a8
	constant pool entry 187	50000174
	constant pool entry 152	50000001
	constant pool entry 137	5000048c
	constant pool entry 130	5000016e
	constant pool entry 126	50000492
	constant pool entry 122	500001f6
	constant pool entry 121	5000008f
	constant pool entry 106	5000104b
	constant pool entry 36	5000014b
	constant pool entry 34	50000178
	constant pool entry 30	50000005
	constant pool entry 26	50000028
	constant pool entry 16	500000cc
	constant pool entry 11	5000011a
	constant pool entry 10	50000166
	constant pool entry 8	500000e9
CLS 50000164 (name=java.security.SecureClassLoader, trace=300000)
	super		5000016e
	constant pool entry 96	50000049
	constant pool entry 74	5000016d
	constant pool entry 36	5000016e
	constant pool entry 35	50000164
	constant pool entry 32	50001926
	constant pool entry 2	500000cc
CLS 50000120 (name=java.net.URLClassLoader, trace=300000)
	super		50000164
	constant pool entry 392	5000016e
	constant pool entry 328	500000d2
	constant pool entry 247	500000f5
	constant pool entry 243	5000016d
	constant pool entry 147	50000164
	constant pool entry 143	50000042
	constant pool entry 140	50000120
	constant pool entry 109	50000490
	constant pool entry 103	500006f2
	constant pool entry 49	50000162
	constant pool entry 43	500006df
	constant pool entry 11	50000004
	constant pool entry 5	500000ad
CLS 5000011b (name=sun.misc.Launcher$ExtClassLoader, trace=300000)
	super		50000120
	static instance	50000f58
	constant pool entry 244	500000fd
	constant pool entry 169	5000016e
	constant pool entry 137	50000174
	constant pool entry 125	5000016d
	constant pool entry 122	50000004
	constant pool entry 120	50000043
	constant pool entry 118	500000d2
	constant pool entry 109	500000f5
	constant pool entry 104	5000011d
	constant pool entry 61	50000120
	constant pool entry 36	5000011f
	constant pool entry 30	500013f5
	constant pool entry 27	500000e9
	constant pool entry 24	50000121
	constant pool entry 20	50000040
	constant pool entry 18	50001920
	constant pool entry 5	50000041
	constant pool entry 3	5000011b
CLS 5000011c (name=sun.misc.Launcher$AppClassLoader, trace=300000)
	super		50000120
	constant pool entry 139	50000170
	constant pool entry 102	50000004
	constant pool entry 99	50000043
	constant pool entry 97	500000d2
	constant pool entry 92	500000f5
	constant pool entry 86	5000016d
	constant pool entry 51	50000120
	constant pool entry 50	5000011c
	constant pool entry 47	5000011d
	constant pool entry 8	5000016e
	constant pool entry 5	50000002
	constant pool entry 1	50001925
CLS 5000011d (name=sun.misc.Launcher, trace=300000)
	super		50000178
	static factory	50001924
	static launcher	50001923
	static bootClassPath	5000115b
	constant pool entry 229	500000fd
	constant pool entry 167	5000002e
	constant pool entry 137	50000174
	constant pool entry 134	5000016d
	constant pool entry 130	50000150
	constant pool entry 66	5000011b
	constant pool entry 64	5000011c
	constant pool entry 62	500001f8
	constant pool entry 58	50000178
	constant pool entry 57	50001922
	constant pool entry 55	5000011d
	constant pool entry 53	5000004a
	constant pool entry 45	50001183
	constant pool entry 42	50000121
	constant pool entry 38	5000011f
	constant pool entry 17	50001921
CLS 5000011e (name=java.util.jar.Manifest, trace=300000)
	super		50000178
CLS 5000011f (name=java.net.URL, trace=300000)
	super		50000178
	static BUILTIN_HANDLERS_PREFIX	500013ad
	static protocolPathProp	500013ab
	static handlers	500013b7
	static streamHandlerLock	500013b6
	static serialPersistentFields	500013b5
	constant pool entry 580	500000fd
	constant pool entry 461	50000110
	constant pool entry 423	50000170
	constant pool entry 412	500000f5
	constant pool entry 333	5000000e
	constant pool entry 301	5000016d
	constant pool entry 169	50000102
	constant pool entry 168	50000178
	constant pool entry 166	5000014b
	constant pool entry 142	500013b4
	constant pool entry 141	500013b3
	constant pool entry 140	500013a7
	constant pool entry 139	500013b2
	constant pool entry 137	500013b1
	constant pool entry 136	500013b0
	constant pool entry 132	500013af
	constant pool entry 123	500013ae
	constant pool entry 122	50001183
	constant pool entry 117	50000040
	constant pool entry 116	500013ad
	constant pool entry 115	500013ac
	constant pool entry 114	50000174
	constant pool entry 111	5000104b
	constant pool entry 110	500013ab
	constant pool entry 109	50000076
	constant pool entry 107	50000010
	constant pool entry 65	5000011f
	constant pool entry 25	50000011
	constant pool entry 13	50000127
CLS 50000121 (name=java.io.File, trace=300000)
	super		50000178
	static fs	500012fd
	static separator	500012fc
	static pathSeparator	500012fb
	static UNSAFE	50001077
	constant pool entry 462	5000006a
	constant pool entry 460	50000170
	constant pool entry 451	50000126
	constant pool entry 381	5000016d
	constant pool entry 171	50000063
	constant pool entry 165	50000178
	constant pool entry 163	500012fa
	constant pool entry 141	500012f9
	constant pool entry 97	50000174
	constant pool entry 80	50000069
	constant pool entry 59	50000127
	constant pool entry 46	50000121
	constant pool entry 11	5000104b
CLS 50000122 (name=java.io.ByteArrayInputStream, trace=300000)
	super		50000123
CLS 50000124 (name=java.io.Closeable, trace=300000)
CLS 50000125 (name=java.lang.AutoCloseable, trace=300000)
CLS 50000126 (name=sun.misc.Unsafe, trace=300000)
	super		50000178
	static theUnsafe	50001077
	constant pool entry 391	500000fd
	constant pool entry 292	500000c7
	constant pool entry 290	50000170
	constant pool entry 288	500000cd
	constant pool entry 80	50000178
	constant pool entry 66	5000010e
	constant pool entry 64	5000017d
	constant pool entry 62	5000017e
	constant pool entry 60	50000179
	constant pool entry 58	5000017a
	constant pool entry 56	5000017f
	constant pool entry 54	5000017b
	constant pool entry 52	5000017c
	constant pool entry 49	50000180
	constant pool entry 46	50001078
	constant pool entry 45	50000174
	constant pool entry 44	50000126
CLS 50000129 (name=java.lang.AbstractStringBuilder, trace=300000)
	super		50000178
	constant pool entry 319	500000fd
	constant pool entry 193	500000a8
	constant pool entry 94	50000178
	constant pool entry 35	50000174
	constant pool entry 8	50000129
CLS 50000127 (name=java.lang.StringBuilder, trace=300000)
	super		50000129
	constant pool entry 96	50000129
	constant pool entry 95	50000127
	constant pool entry 41	50000174
CLS 50000128 (name=java.lang.StringBuffer, trace=300000)
	super		50000129
	static serialPersistentFields	500004a5
	constant pool entry 372	500000fd
	constant pool entry 333	50000117
	constant pool entry 331	50000110
	constant pool entry 281	500000a8
	constant pool entry 106	50000129
	constant pool entry 105	50000128
	constant pool entry 100	50000102
	constant pool entry 69	5000017f
	constant pool entry 64	500013d3
	constant pool entry 62	500013d2
	constant pool entry 60	500011d1
	constant pool entry 57	50000174
CLS 5000012a (name=java.lang.Appendable, trace=300000)
CLS 5000012e (name=java.lang.invoke.CallSite, trace=300000)
	super		50000178
CLS 5000012b (name=java.lang.invoke.VolatileCallSite, trace=300000)
	super		5000012e
CLS 5000012c (name=java.lang.invoke.MutableCallSite, trace=300000)
	super		5000012e
CLS 5000012d (name=java.lang.invoke.ConstantCallSite, trace=300000)
	super		5000012e
CLS 5000012f (name=java.lang.BootstrapMethodError, trace=300000)
	super		50000161
CLS 50000130 (name=java.lang.invoke.MethodType, trace=300000)
	super		50000178
CLS 50000131 (name=java.lang.invoke.LambdaForm, trace=300000)
	super		50000178
CLS 50000132 (name=java.lang.invoke.MethodHandleNatives, trace=300000)
	super		50000178
	constant pool entry 355	5000018a
	constant pool entry 124	50000132
	constant pool entry 43	50000170
CLS 50000133 (name=java.lang.invoke.MemberName, trace=300000)
	super		50000178
	static CONSTRUCTOR_NAME	50001bfd
	constant pool entry 37	50000170
	constant pool entry 2	50000133
CLS 50000135 (name=java.lang.invoke.MethodHandle, trace=300000)
	super		50000178
	constant pool entry 325	50000126
	constant pool entry 264	500001af
	constant pool entry 249	5000018a
	constant pool entry 105	50001bea
	constant pool entry 102	50000135
	constant pool entry 34	50000170
CLS 50000134 (name=java.lang.invoke.DirectMethodHandle, trace=300000)
	super		50000135
CLS 50000136 (name=sun.reflect.CallerSensitive, trace=300000)
CLS 50000137 (name=java.lang.annotation.Annotation, trace=300000)
CLS 5000013a (name=sun.reflect.FieldAccessorImpl, trace=300000)
	super		50000142
CLS 50000139 (name=sun.reflect.UnsafeFieldAccessorImpl, trace=300000)
	super		5000013a
CLS 50000138 (name=sun.reflect.UnsafeStaticFieldAccessorImpl, trace=300000)
	super		50000139
CLS 5000013b (name=sun.reflect.FieldAccessor, trace=300000)
CLS 5000013c (name=sun.reflect.ConstantPool, trace=300000)
	super		50000178
CLS 5000013d (name=sun.reflect.DelegatingClassLoader, trace=300000)
	super		5000016e
CLS 5000013f (name=sun.reflect.ConstructorAccessor, trace=300000)
CLS 50000140 (name=sun.reflect.MethodAccessorImpl, trace=300000)
	super		50000142
CLS 50000141 (name=sun.reflect.MethodAccessor, trace=300000)
CLS 50000149 (name=java.lang.reflect.AccessibleObject, trace=300000)
	super		50000178
	static ACCESS_PERMISSION	5000118b
	static reflectionFactory	50001184
	constant pool entry 120	500000f5
	constant pool entry 86	5000016d
	constant pool entry 35	50000178
	constant pool entry 34	50000149
	constant pool entry 32	500000e7
	constant pool entry 29	500000f2
	constant pool entry 27	5000118a
	constant pool entry 26	500000f4
	constant pool entry 7	50000170
	constant pool entry 5	50000143
CLS 50000145 (name=java.lang.reflect.Executable, trace=300000)
	super		50000149
	constant pool entry 102	50000149
CLS 50000143 (name=java.lang.reflect.Constructor, trace=300000)
	super		50000145
	constant pool entry 243	500000e7
	constant pool entry 237	5000013f
	constant pool entry 213	50000109
	constant pool entry 207	50000170
	constant pool entry 75	50000145
	constant pool entry 30	50000109
	constant pool entry 20	50000143
CLS 50000144 (name=java.lang.reflect.Method, trace=300000)
	super		50000145
CLS 50000146 (name=java.lang.reflect.Parameter, trace=300000)
	super		50000178
CLS 50000147 (name=java.lang.reflect.Field, trace=300000)
	super		50000149
	constant pool entry 86	50000149
	constant pool entry 20	50000147
CLS 50000148 (name=java.lang.reflect.Member, trace=300000)
CLS 5000014c (name=java.util.Dictionary, trace=300000)
	super		50000178
	constant pool entry 3	50000178
CLS 5000014b (name=java.util.Hashtable, trace=300000)
	super		5000014c
	constant pool entry 432	500000fd
	constant pool entry 321	500000e2
	constant pool entry 303	5000008e
	constant pool entry 301	500000e1
	constant pool entry 290	50000178
	constant pool entry 280	500000c4
	constant pool entry 273	50000114
	constant pool entry 108	5000014c
	constant pool entry 79	5000014d
	constant pool entry 74	50000093
	constant pool entry 68	5000008d
	constant pool entry 48	500000cb
	constant pool entry 20	5000014b
	constant pool entry 19	500000c6
CLS 5000014a (name=java.util.Properties, trace=300000)
	super		5000014b
	static hexDigit	5000117c
	constant pool entry 274	500000fd
	constant pool entry 75	5000014a
	constant pool entry 64	5000014b
	constant pool entry 17	50000174
CLS 5000014d (name=java.util.Map, trace=300000)
CLS 5000014e (name=java.lang.ThreadGroup, trace=300000)
	super		50000178
	constant pool entry 276	500000fd
	constant pool entry 185	5000016d
	constant pool entry 75	50000178
	constant pool entry 45	5000014e
	constant pool entry 5	50000150
	constant pool entry 3	5000105d
CLS 5000014f (name=java.lang.Thread$UncaughtExceptionHandler, trace=300000)
CLS 50000151 (name=java.lang.Runnable, trace=300000)
CLS 50000156 (name=java.lang.ref.FinalReference, trace=300000)
	super		50000159
	constant pool entry 3	50000159
CLS 50000153 (name=java.lang.ref.Finalizer, trace=300000)
	super		50000156
	static queue	50000f50
	static unfinalized	50000b7e
	static lock	50001bc4
	constant pool entry 122	5000014e
	constant pool entry 40	50000156
	constant pool entry 36	50000150
	constant pool entry 34	500000c3
	constant pool entry 29	50000178
	constant pool entry 27	50000152
	constant pool entry 9	50000153
CLS 50000155 (name=java.lang.ref.PhantomReference, trace=300000)
	super		50000159
CLS 50000154 (name=sun.misc.Cleaner, trace=300000)
	super		50000155
	static dummyQueue	500018da
	constant pool entry 16	50000152
	constant pool entry 7	50000154
CLS 5000015a (name=java.lang.IllegalMonitorStateException, trace=300000)
	super		50000168
CLS 5000015d (name=java.lang.VirtualMachineError, trace=300000)
	super		5000016b
CLS 5000015b (name=java.lang.StackOverflowError, trace=300000)
	super		5000015d
CLS 5000015c (name=java.lang.OutOfMemoryError, trace=300000)
	super		5000015d
CLS 5000015e (name=java.lang.ArrayStoreException, trace=300000)
	super		50000168
CLS 5000015f (name=java.lang.ClassCastException, trace=300000)
	super		50000168
CLS 50000160 (name=java.lang.NoClassDefFoundError, trace=300000)
	super		50000161
CLS 50000163 (name=java.lang.ReflectiveOperationException, trace=300000)
	super		50000169
	constant pool entry 6	50000169
CLS 50000162 (name=java.lang.ClassNotFoundException, trace=300000)
	super		50000163
	constant pool entry 6	50000163
CLS 50000165 (name=java.security.AccessControlContext, trace=300000)
	super		50000178
	constant pool entry 207	500000f5
	constant pool entry 89	50000178
	constant pool entry 80	50000165
CLS 50000166 (name=java.security.ProtectionDomain, trace=300000)
	super		50000178
	constant pool entry 288	500000fd
	constant pool entry 220	50000049
	constant pool entry 217	500000d2
	constant pool entry 80	50000178
	constant pool entry 79	50000166
	constant pool entry 76	50000009
	constant pool entry 74	50001389
	constant pool entry 71	5000000b
	constant pool entry 13	50000007
	constant pool entry 4	50000008
CLS 50000167 (name=java.lang.SecurityManager, trace=300000)
	super		50000178
CLS 5000016a (name=java.lang.ThreadDeath, trace=300000)
	super		5000016b
CLS 5000016d (name=java.lang.System, trace=300000)
	super		50000178
	static in	50001066
	static out	50001065
	static err	50001064
	static props	50001063
	static lineSeparator	50001062
	constant pool entry 300	5000014e
	constant pool entry 297	50000150
	constant pool entry 294	50000059
	constant pool entry 281	50000089
	constant pool entry 278	5000008b
	constant pool entry 275	500000c7
	constant pool entry 265	500000cd
	constant pool entry 259	5000008c
	constant pool entry 204	500000d2
	constant pool entry 99	5000004f
	constant pool entry 90	50001061
	constant pool entry 89	50001060
	constant pool entry 87	5000105f
	constant pool entry 85	50000082
	constant pool entry 81	50000084
	constant pool entry 78	5000008a
	constant pool entry 76	5000105e
	constant pool entry 70	5000007a
	constant pool entry 69	5000007b
	constant pool entry 48	5000104b
	constant pool entry 43	50000174
	constant pool entry 31	5000014a
	constant pool entry 7	5000016d
CLS 5000016f (name=java.lang.Cloneable, trace=300000)
CLS 50000170 (name=java.lang.Class, trace=300000)
	super		50000178
	static serialPersistentFields	50001185
	static reflectionFactory	50001184
	constant pool entry 1225	500000fd
	constant pool entry 774	50000174
	constant pool entry 729	500000f5
	constant pool entry 711	5000016d
	constant pool entry 708	5000016e
	constant pool entry 706	500000cd
	constant pool entry 341	500000b6
	constant pool entry 331	50000102
	constant pool entry 267	500000b8
	constant pool entry 266	500000e7
	constant pool entry 264	500000f2
	constant pool entry 216	50000143
	constant pool entry 211	50000147
	constant pool entry 187	50000158
	constant pool entry 183	500000b7
	constant pool entry 124	50001183
	constant pool entry 48	500000a2
	constant pool entry 43	50000170
CLS 50000171 (name=java.lang.reflect.Type, trace=300000)
CLS 50000172 (name=java.lang.reflect.GenericDeclaration, trace=300000)
CLS 50000173 (name=java.lang.reflect.AnnotatedElement, trace=300000)
CLS 50000174 (name=java.lang.String, trace=300000)
	super		50000178
	static serialPersistentFields	50001056
	static CASE_INSENSITIVE_ORDER	50001055
	constant pool entry 549	500000fd
	constant pool entry 412	5000002c
	constant pool entry 354	500000c4
	constant pool entry 339	5000016d
	constant pool entry 323	5000009e
	constant pool entry 307	500000a8
	constant pool entry 147	50000178
	constant pool entry 145	500000fe
	constant pool entry 143	50000102
	constant pool entry 138	50001054
	constant pool entry 137	50001053
	constant pool entry 134	50001038
	constant pool entry 117	50001052
	constant pool entry 116	50001051
	constant pool entry 115	50001050
	constant pool entry 109	50000175
	constant pool entry 87	5000104f
	constant pool entry 61	50000116
	constant pool entry 43	50000174
	constant pool entry 21	5000104e
	constant pool entry 18	5000104d
	constant pool entry 2	5000104b
CLS 50000175 (name=java.lang.CharSequence, trace=300000)
CLS 50000176 (name=java.lang.Comparable, trace=300000)
CLS 50000177 (name=java.io.Serializable, trace=300000)
CLS 50000179 (name=long[], trace=300000)
	super		50000178
CLS 5000017a (name=int[], trace=300000)
	super		50000178
CLS 5000017b (name=short[], trace=300000)
	super		50000178
CLS 5000017c (name=byte[], trace=300000)
	super		50000178
CLS 5000017d (name=double[], trace=300000)
	super		50000178
CLS 5000017e (name=float[], trace=300000)
	super		50000178
CLS 5000017f (name=char[], trace=300000)
	super		50000178
CLS 50000180 (name=boolean[], trace=300000)
	super		50000178
CLS 5000018a (name=java.lang.invoke.MethodHandleImpl, trace=300003)
	super		50000178
	static PRODUCE_BLOCK_INLINING_FORM	50000198
	static PRODUCE_REINVOKER_FORM	5000019a
	static FAKE_METHOD_HANDLE_INVOKE	5000019c
	static NO_ARGS_ARRAY	5000019d
	static FILL_ARRAY_TO_RIGHT	5000019e
	static TYPED_COLLECTORS	500001a6
	constant pool entry 985	500000fd
	constant pool entry 710	500000f5
	constant pool entry 453	500001ad
	constant pool entry 257	500001a0
	constant pool entry 255	50000199
	constant pool entry 253	50000197
	constant pool entry 250	5000018d
	constant pool entry 213	50000110
	constant pool entry 44	50000135
	constant pool entry 41	50000170
	constant pool entry 30	50000178
	constant pool entry 1	5000018a
CLS 5000018d (name=java.lang.invoke.MethodHandleImpl$1, trace=300006)
	super		50000178
	constant pool entry 38	50000110
	constant pool entry 33	50000170
	constant pool entry 13	50000178
	constant pool entry 12	5000018d
	constant pool entry 8	50001bff
	constant pool entry 5	5000018a
	constant pool entry 3	50000127
CLS 50000196 (name=java.util.function.Function, trace=300014)
CLS 50000197 (name=java.lang.invoke.MethodHandleImpl$2, trace=300014)
	super		50000178
	constant pool entry 11	50000178
CLS 50000199 (name=java.lang.invoke.MethodHandleImpl$3, trace=300016)
	super		50000178
	constant pool entry 9	50000178
CLS 5000019b (name=java.lang.invoke.MethodHandle[], trace=300018)
	super		50000178
CLS 5000019f (name=java.lang.ClassValue, trace=300021)
	super		50000178
	static EMPTY_CACHE	500001a3
	static nextHashCode	500001a4
	static CRITICAL_SECTION	500001a5
	constant pool entry 178	500000fd
	constant pool entry 42	50000178
	constant pool entry 40	500000b9
	constant pool entry 38	500001a1
	constant pool entry 11	500001a9
	constant pool entry 8	500001a7
	constant pool entry 3	5000019f
CLS 500001a0 (name=java.lang.invoke.MethodHandleImpl$4, trace=300021)
	super		5000019f
	constant pool entry 5	5000019f
CLS 500001a1 (name=java.lang.ClassValue$Entry, trace=300022)
	super		50000157
	static DEAD_ENTRY	500001ab
	constant pool entry 77	50000170
	constant pool entry 19	50000157
	constant pool entry 16	5000019f
	constant pool entry 14	500001a1
CLS 500001a2 (name=java.lang.ClassValue$Entry[], trace=300023)
	super		50000178
CLS 500001a7 (name=java.lang.ClassValue$Identity, trace=300027)
	super		50000178
	constant pool entry 3	50000178
CLS 500001a9 (name=java.lang.ClassValue$Version, trace=300029)
	super		50000178
	constant pool entry 8	50000178
	constant pool entry 7	500001a9
	constant pool entry 2	500001a1
CLS 500001ad (name=java.lang.invoke.MemberName$Factory, trace=300033)
	super		50000178
	static INSTANCE	500001ae
	constant pool entry 163	50000170
	constant pool entry 61	50000178
	constant pool entry 57	500001ad
	constant pool entry 1	50000133
CLS 500001af (name=java.lang.invoke.MethodHandleStatics, trace=300035)
	super		50000178
	static UNSAFE	50001077
	constant pool entry 200	500000fd
	constant pool entry 151	500000f5
	constant pool entry 145	50000126
	constant pool entry 56	500001af
	constant pool entry 47	50000110
	constant pool entry 45	50000117
	constant pool entry 42	500001b1
	constant pool entry 41	50000178
CLS 500001b1 (name=java.lang.invoke.MethodHandleStatics$1, trace=300037)
	super		50000178
	constant pool entry 53	5000016d
	constant pool entry 47	50000110
	constant pool entry 40	50000117
	constant pool entry 20	50000178
	constant pool entry 19	500001b1
	constant pool entry 17	50001bf3
	constant pool entry 14	50001053
	constant pool entry 13	50001bf2
	constant pool entry 12	50001bf1
	constant pool entry 11	50001bf0
	constant pool entry 9	50001bef
	constant pool entry 8	50001bee
	constant pool entry 7	50001bed
	constant pool entry 6	50001bec
	constant pool entry 3	50001beb
CLS 500001b8 (name=sun.misc.PostVMInitHook, trace=300000)
	super		50000178
	static ORCL_UT_CONFIG_FILE_NAME	50001c0e
	constant pool entry 126	500000fd
	constant pool entry 95	500000f5
	constant pool entry 69	5000016d
	constant pool entry 40	50001c12
	constant pool entry 35	50001c11
	constant pool entry 34	50001c10
	constant pool entry 33	50001c0f
	constant pool entry 32	50000121
	constant pool entry 29	500001c4
	constant pool entry 27	50001c0e
	constant pool entry 26	500001b8
	constant pool entry 25	50001c0d
	constant pool entry 24	50001c0c
	constant pool entry 21	50001366
	constant pool entry 19	50000127
	constant pool entry 17	50001c0b
	constant pool entry 16	50000174
	constant pool entry 9	50001c0a
	constant pool entry 7	50001c09
	constant pool entry 3	50001c08
CLS 500001c4 (name=sun.misc.PostVMInitHook$1, trace=300050)
	super		50000178
	constant pool entry 8	50000178
	constant pool entry 7	500001c4
	constant pool entry 3	50000121
CLS 500001d5 (name=sun.launcher.LauncherHelper, trace=300000)
	super		50000064
	static INSTANCE	500001d6
	static MAIN_CLASS	50001c2c
	static outBuf	500001d9
	static INDENT	50001c2b
	static VM_SETTINGS	50001c2a
	static PROP_SETTINGS	50001c29
	static LOCALE_SETTINGS	50001c28
	static diagprop	5000107f
	static defaultBundleName	500011c8
	static ostream	50001064
	static scloader	50000f56
	static encprop	50001c27
	static $VALUES	500001d8
	constant pool entry 721	500000fd
	constant pool entry 564	500000c7
	constant pool entry 498	5000016e
	constant pool entry 443	5000073e
	constant pool entry 441	500001dd
	constant pool entry 415	50000110
	constant pool entry 385	5000016d
	constant pool entry 366	5000007b
	constant pool entry 222	500001dc
	constant pool entry 216	50000064
	constant pool entry 213	5000107f
	constant pool entry 210	50001c26
	constant pool entry 189	50000121
	constant pool entry 107	50001c25
	constant pool entry 105	50001c24
	constant pool entry 104	50001c23
	constant pool entry 103	50001c22
	constant pool entry 102	50001c21
	constant pool entry 100	50001c20
	constant pool entry 99	50001c1f
	constant pool entry 96	50001c1e
	constant pool entry 67	50000178
	constant pool entry 25	50000127
	constant pool entry 6	500001d5
CLS 500001d7 (name=sun.launcher.LauncherHelper[], trace=300060)
	super		50000178
CLS 500001dc (name=sun.launcher.LauncherHelper$ResourceBundleHolder, trace=300064)
	super		50000178
	static RB	500006d2
	constant pool entry 23	500001dd
	constant pool entry 6	500001dc
	constant pool entry 4	500011c8
CLS 500001dd (name=java.util.ResourceBundle, trace=300065)
	super		50000178
	static NONEXISTENT_BUNDLE	500001df
	static cacheList	500001e0
	static referenceQueue	500001e1
	constant pool entry 408	500001e4
	constant pool entry 391	500000e1
	constant pool entry 365	5000016d
	constant pool entry 316	50000029
	constant pool entry 307	5000008e
	constant pool entry 305	500000ed
	constant pool entry 298	500000cd
	constant pool entry 287	50000170
	constant pool entry 156	50000684
	constant pool entry 145	50000178
	constant pool entry 138	50000152
	constant pool entry 136	50000028
	constant pool entry 134	500001de
	constant pool entry 105	50000695
	constant pool entry 67	5000002c
	constant pool entry 49	500009fe
	constant pool entry 46	500001dd
	constant pool entry 44	500006d4
	constant pool entry 40	500006a6
	constant pool entry 37	500001e3
	constant pool entry 8	500000ce
	constant pool entry 7	50000174
CLS 500001de (name=java.util.ResourceBundle$1, trace=300066)
	super		500001dd
	constant pool entry 4	500001dd
CLS 500001e3 (name=java.util.spi.ResourceBundleControlProvider, trace=300071)
CLS 500001e4 (name=java.util.ServiceLoader, trace=300072)
	super		50000178
	static PREFIX	50001e73
	constant pool entry 172	5000016d
	constant pool entry 170	5000016e
	constant pool entry 167	50000090
	constant pool entry 74	50000178
	constant pool entry 66	500001e4
	constant pool entry 64	500001e9
	constant pool entry 17	50000170
	constant pool entry 15	50001e72
	constant pool entry 13	50000066
	constant pool entry 8	500001e7
CLS 500001e7 (name=java.util.ServiceLoader$LazyIterator, trace=300075)
	super		50000178
	constant pool entry 132	5000008f
	constant pool entry 125	5000016e
	constant pool entry 122	50000170
	constant pool entry 58	50000178
	constant pool entry 57	500001e7
	constant pool entry 14	50001e73
	constant pool entry 12	50000127
	constant pool entry 1	500001e4
CLS 500001e9 (name=java.util.ServiceLoader$1, trace=300077)
	super		50000178
	constant pool entry 54	500001e7
	constant pool entry 50	500000e1
	constant pool entry 48	50000066
	constant pool entry 43	500001e4
	constant pool entry 18	5000008e
	constant pool entry 17	50000178
	constant pool entry 16	500001e9
CLS 500001eb (name=java.util.LinkedHashMap$LinkedEntrySet, trace=300079)
	super		500000e0
	constant pool entry 25	500000e0
	constant pool entry 24	500001eb
	constant pool entry 5	500001ee
CLS 500001ed (name=java.util.LinkedHashMap$LinkedHashIterator, trace=300081)
	super		50000178
	constant pool entry 50	50000066
	constant pool entry 19	50000178
	constant pool entry 18	500001ed
CLS 500001ee (name=java.util.LinkedHashMap$LinkedEntryIterator, trace=300081)
	super		500001ed
	constant pool entry 6	500001ed
	constant pool entry 5	500001ee
CLS 500001f6 (name=java.util.Enumeration[], trace=300087)
	super		50000178
CLS 500001f8 (name=sun.misc.Launcher$BootClassPathHolder, trace=300088)
	super		50000178
	static bcp	5000047d
	constant pool entry 31	500000f5
	constant pool entry 28	5000011d
	constant pool entry 13	500001f8
	constant pool entry 8	50000004
	constant pool entry 6	5000000d
	constant pool entry 3	500001f9
CLS 500001f9 (name=sun.misc.Launcher$BootClassPathHolder$1, trace=300089)
	super		50000178
	constant pool entry 43	5000003e
	constant pool entry 41	500000e1
	constant pool entry 38	50000121
	constant pool entry 34	5000011d
	constant pool entry 13	50000178
	constant pool entry 12	500001f9
	constant pool entry 4	50000005
CLS 5000048a (name=sun.misc.URLClassPath$2, trace=300182)
	super		50000178
	constant pool entry 58	5000049c
	constant pool entry 47	50000004
	constant pool entry 16	50000178
	constant pool entry 15	5000048a
CLS 5000048c (name=java.lang.ClassLoader$2, trace=300184)
	super		50000178
	constant pool entry 10	5000008f
	constant pool entry 9	50000178
	constant pool entry 8	5000048c
CLS 5000048e (name=sun.misc.URLClassPath$1, trace=300186)
	super		50000178
	constant pool entry 58	5000049c
	constant pool entry 47	50000004
	constant pool entry 16	50000178
	constant pool entry 15	5000048e
CLS 50000490 (name=java.net.URLClassLoader$3, trace=300188)
	super		50000178
	constant pool entry 52	500000f5
	constant pool entry 43	50000120
	constant pool entry 17	50000178
	constant pool entry 16	50000490
	constant pool entry 5	50000586
CLS 50000492 (name=sun.misc.CompoundEnumeration, trace=300190)
	super		50000178
	constant pool entry 11	5000008f
	constant pool entry 10	50000178
	constant pool entry 9	50000492
CLS 50000494 (name=sun.net.util.URLUtil, trace=300192)
	super		50000178
	constant pool entry 56	50000174
	constant pool entry 26	5000011f
	constant pool entry 7	50001911
	constant pool entry 2	50000127
CLS 5000049a (name=sun.misc.URLClassPath$3, trace=300197)
	super		50000178
	constant pool entry 54	50000174
	constant pool entry 51	5000011f
	constant pool entry 46	50000004
	constant pool entry 21	50000178
	constant pool entry 20	5000049a
	constant pool entry 14	5000049d
	constant pool entry 5	50001367
CLS 5000049c (name=sun.misc.URLClassPath$Loader, trace=300199)
	super		50000178
	constant pool entry 29	50000178
	constant pool entry 28	5000049c
CLS 5000049d (name=sun.misc.URLClassPath$JarLoader, trace=300199)
	super		5000049c
	static zipAccess	500004a2
	constant pool entry 357	500000d2
	constant pool entry 282	500000f5
	constant pool entry 273	5000003e
	constant pool entry 269	5000002e
	constant pool entry 142	5000049c
	constant pool entry 95	5000049d
	constant pool entry 90	50000174
	constant pool entry 50	500004ff
	constant pool entry 47	500004f7
	constant pool entry 39	500004fe
	constant pool entry 37	50000501
	constant pool entry 34	500004f5
	constant pool entry 31	500013a7
	constant pool entry 26	50000121
	constant pool entry 16	500013ee
	constant pool entry 13	50000127
	constant pool entry 12	5000104b
	constant pool entry 11	500013ec
	constant pool entry 10	5000011f
CLS 5000049e (name=java.util.zip.ZipConstants, trace=300200)
CLS 5000049f (name=java.util.zip.ZipFile, trace=300200)
	super		50000178
	constant pool entry 434	500000d2
	constant pool entry 425	500000c7
	constant pool entry 143	500004a1
	constant pool entry 141	50001978
	constant pool entry 136	5000107e
	constant pool entry 21	5000049f
CLS 500004a0 (name=sun.misc.JavaUtilZipFileAccess, trace=300201)
CLS 500004a1 (name=java.util.zip.ZipFile$1, trace=300201)
	super		50000178
	constant pool entry 4	50000178
CLS 500004f5 (name=sun.misc.URLClassPath$JarLoader$1, trace=300224)
	super		50000178
	constant pool entry 59	50000004
	constant pool entry 34	5000049d
	constant pool entry 31	50000178
	constant pool entry 30	500004f5
CLS 500004f7 (name=sun.misc.FileURLMapper, trace=300226)
	super		50000178
	constant pool entry 44	5000002e
	constant pool entry 39	50000174
	constant pool entry 36	5000011f
	constant pool entry 16	50000178
	constant pool entry 15	500004f7
	constant pool entry 12	50000121
	constant pool entry 5	5000104b
CLS 500004fe (name=java.io.IOException, trace=300229)
	super		50000169
	constant pool entry 6	50000169
CLS 500004ff (name=java.io.FileNotFoundException, trace=300229)
	super		500004fe
	constant pool entry 11	500004fe
CLS 50000501 (name=java.security.PrivilegedActionException, trace=300231)
	super		50000169
	constant pool entry 13	50000169
	constant pool entry 12	50000501
CLS 50000586 (name=java.net.URLClassLoader$3$1, trace=300233)
	super		50000178
	constant pool entry 32	5000008f
	constant pool entry 12	50000490
	constant pool entry 9	50000178
	constant pool entry 8	50000586
CLS 50000684 (name=java.util.ResourceBundle$RBClassLoader, trace=300235)
	super		5000016e
	static INSTANCE	50000687
	static loader	50000f58
	constant pool entry 58	500000f5
	constant pool entry 17	5000016e
	constant pool entry 14	50000684
	constant pool entry 11	50000685
CLS 50000685 (name=java.util.ResourceBundle$RBClassLoader$1, trace=300236)
	super		50000178
	constant pool entry 6	50000178
	constant pool entry 5	50000685
	constant pool entry 2	50000684
CLS 50000695 (name=java.util.ResourceBundle$Control, trace=300250)
	super		50000178
	static FORMAT_DEFAULT	50000699
	static FORMAT_CLASS	5000069c
	static FORMAT_PROPERTIES	5000069f
	static INSTANCE	500006a0
	static CANDIDATES_CACHE	500006a2
	constant pool entry 332	500000fd
	constant pool entry 242	500000e2
	constant pool entry 240	500000a8
	constant pool entry 203	500000f5
	constant pool entry 187	50000170
	constant pool entry 184	5000016e
	constant pool entry 176	5000002c
	constant pool entry 89	50000178
	constant pool entry 87	500006a1
	constant pool entry 83	50000174
	constant pool entry 80	50001911
	constant pool entry 74	5000104b
	constant pool entry 55	50000695
	constant pool entry 43	500006f0
	constant pool entry 41	50001e77
	constant pool entry 40	50001e76
	constant pool entry 39	50000162
	constant pool entry 32	50000127
	constant pool entry 28	500001dd
	constant pool entry 25	50001c69
	constant pool entry 20	500000ee
	constant pool entry 16	500000e3
CLS 50000697 (name=java.util.Arrays$ArrayList, trace=300252)
	super		500000ea
	constant pool entry 68	50000090
	constant pool entry 18	500000ea
	constant pool entry 17	50000697
	constant pool entry 3	5000010e
CLS 500006a1 (name=java.util.ResourceBundle$Control$CandidateListCache, trace=300258)
	super		5000002b
	constant pool entry 86	500000ed
	constant pool entry 47	5000002b
	constant pool entry 46	500006a1
	constant pool entry 44	50000019
	constant pool entry 42	50000174
	constant pool entry 31	50001a04
	constant pool entry 27	50001b3b
	constant pool entry 19	5000002c
	constant pool entry 14	500006ae
	constant pool entry 12	50001b5d
	constant pool entry 11	5000104b
	constant pool entry 7	50001b3a
CLS 500006a6 (name=java.util.ResourceBundle$CacheKey, trace=300263)
	super		50000178
	constant pool entry 131	5000002c
	constant pool entry 129	50000174
	constant pool entry 124	500001dd
	constant pool entry 47	50000178
	constant pool entry 17	500006a6
	constant pool entry 16	5000016e
	constant pool entry 9	500006a9
CLS 500006a8 (name=java.util.ResourceBundle$CacheKeyReference, trace=300265)
CLS 500006a9 (name=java.util.ResourceBundle$LoaderReference, trace=300265)
	super		50000157
	constant pool entry 4	50000157
	constant pool entry 3	500006a9
CLS 500006ab (name=java.util.Queue, trace=300267)
CLS 500006ac (name=java.util.Deque, trace=300267)
CLS 500006ad (name=java.util.AbstractSequentialList, trace=300267)
	super		500000ea
	constant pool entry 21	500000ea
CLS 500006ae (name=java.util.LinkedList, trace=300267)
	super		500006ad
	constant pool entry 309	500000fd
	constant pool entry 69	500006ad
	constant pool entry 56	50000178
	constant pool entry 51	500006ae
	constant pool entry 6	500006b6
CLS 500006b6 (name=java.util.LinkedList$Node, trace=300275)
	super		50000178
	constant pool entry 6	50000178
	constant pool entry 5	500006b6
CLS 500006c9 (name=java.util.ListResourceBundle, trace=300288)
	super		500001dd
	constant pool entry 53	5000014d
	constant pool entry 18	500001dd
	constant pool entry 17	500006c9
	constant pool entry 15	50000174
	constant pool entry 13	500000cc
CLS 500006ca (name=sun.launcher.resources.launcher, trace=300288)
	super		500006c9
	constant pool entry 96	500000fd
	constant pool entry 43	500006c9
	constant pool entry 41	50001c8a
	constant pool entry 40	50001c20
	constant pool entry 39	50001c9f
	constant pool entry 38	50001ca0
	constant pool entry 37	50001c83
	constant pool entry 36	50001c1e
	constant pool entry 35	50001ca3
	constant pool entry 34	50001c25
	constant pool entry 33	50001c80
	constant pool entry 32	50001c1f
	constant pool entry 31	50001c86
	constant pool entry 30	50001c87
	constant pool entry 29	50001c70
	constant pool entry 28	50001c71
	constant pool entry 27	50001cae
	constant pool entry 26	50001caf
	constant pool entry 25	50001ca6
	constant pool entry 24	50001ca7
	constant pool entry 23	50001c9b
	constant pool entry 22	50001c9c
	constant pool entry 21	50001c8d
	constant pool entry 20	50001c23
	constant pool entry 19	50001c94
	constant pool entry 18	50001c21
	constant pool entry 17	50001c7c
	constant pool entry 16	50001c7d
	constant pool entry 15	50001c78
	constant pool entry 14	50001c79
	constant pool entry 13	50001c74
	constant pool entry 12	50001c75
	constant pool entry 11	50001c6c
	constant pool entry 10	50001c6d
	constant pool entry 9	50001caa
	constant pool entry 8	50001cab
	constant pool entry 7	50001c97
	constant pool entry 6	50001c98
	constant pool entry 5	50001c90
	constant pool entry 4	50001c91
	constant pool entry 3	50000178
	constant pool entry 2	5000010e
CLS 500006d4 (name=java.util.ResourceBundle$BundleReference, trace=300296)
	super		50000158
	constant pool entry 4	50000158
	constant pool entry 3	500006d4
CLS 500006df (name=java.net.URLClassLoader$1, trace=300304)
	super		50000178
	constant pool entry 51	50000004
	constant pool entry 46	50000174
	constant pool entry 41	50000120
	constant pool entry 15	50000178
	constant pool entry 14	500006df
	constant pool entry 5	500013f7
CLS 500006f0 (name=java.util.ResourceBundle$Control$1, trace=300317)
	super		50000178
	constant pool entry 49	5000016e
	constant pool entry 13	50000178
	constant pool entry 12	500006f0
CLS 500006f2 (name=java.net.URLClassLoader$2, trace=300319)
	super		50000178
	constant pool entry 32	50000004
	constant pool entry 26	50000120
	constant pool entry 8	50000178
	constant pool entry 7	500006f2
CLS 50000713 (name=java.lang.Object[][], trace=300322)
	super		50000178
CLS 5000073d (name=java.text.Format, trace=300344)
	super		50000178
	constant pool entry 29	50000178
	constant pool entry 28	5000073d
	constant pool entry 4	50000773
	constant pool entry 2	50000128
CLS 5000073e (name=java.text.MessageFormat, trace=300344)
	super		5000073d
	static TYPE_KEYWORDS	5000073f
	static NUMBER_MODIFIER_KEYWORDS	50000740
	static DATE_TIME_MODIFIER_KEYWORDS	50000741
	static DATE_TIME_MODIFIERS	50000742
	constant pool entry 530	500000fd
	constant pool entry 397	50000773
	constant pool entry 393	50000110
	constant pool entry 298	5000002c
	constant pool entry 296	50000748
	constant pool entry 162	5000077a
	constant pool entry 161	50001c3c
	constant pool entry 160	500011db
	constant pool entry 159	50001c3b
	constant pool entry 158	500012ef
	constant pool entry 157	50001c3a
	constant pool entry 156	50001c39
	constant pool entry 155	50001c38
	constant pool entry 154	50001c37
	constant pool entry 153	50001c36
	constant pool entry 152	50001c35
	constant pool entry 151	50001c34
	constant pool entry 110	50000174
	constant pool entry 108	50000777
	constant pool entry 107	50000115
	constant pool entry 59	50000128
	constant pool entry 58	5000010e
	constant pool entry 27	500007ad
	constant pool entry 14	50000127
	constant pool entry 5	5000073d
	constant pool entry 4	5000073e
	constant pool entry 2	5000104b
CLS 50000744 (name=java.text.Format[], trace=300350)
	super		50000178
CLS 50000748 (name=java.util.Locale$Category, trace=300353)
	super		50000064
	static DISPLAY	50000749
	static FORMAT	5000074a
	static $VALUES	5000074c
	constant pool entry 81	500000fd
	constant pool entry 53	5000074b
	constant pool entry 24	50000064
	constant pool entry 22	50001b2b
	constant pool entry 21	50001b2a
	constant pool entry 20	50001b29
	constant pool entry 19	50001b28
	constant pool entry 18	50001b27
	constant pool entry 15	50001b26
	constant pool entry 14	50001b25
	constant pool entry 13	50001b24
	constant pool entry 12	50001b23
	constant pool entry 11	50001b22
	constant pool entry 4	50000748
	constant pool entry 3	5000074b
CLS 5000074b (name=java.util.Locale$Category[], trace=300356)
	super		50000178
CLS 5000074d (name=java.util.Locale$1, trace=300357)
	super		50000178
	static $SwitchMap$java$util$Locale$Category	5000074e
	constant pool entry 42	500000fd
	constant pool entry 21	50000748
	constant pool entry 7	5000074d
CLS 50000759 (name=java.lang.StringBuilder[], trace=300363)
	super		50000178
CLS 50000773 (name=java.text.FieldPosition, trace=300375)
	super		50000178
	constant pool entry 26	50000178
	constant pool entry 11	50000773
	constant pool entry 9	50000df8
CLS 50000777 (name=java.util.Date, trace=300379)
	super		50000178
CLS 50000778 (name=java.text.AttributedCharacterIterator$Attribute, trace=300380)
	super		50000178
	static instanceMap	5000077b
	static LANGUAGE	5000077c
	static READING	5000077f
	static INPUT_METHOD_SEGMENT	50000781
	constant pool entry 77	5000014d
	constant pool entry 31	50000178
	constant pool entry 29	50001c49
	constant pool entry 27	50001c48
	constant pool entry 24	500019f7
	constant pool entry 22	500000cc
	constant pool entry 4	50000778
CLS 50000779 (name=java.text.Format$Field, trace=300380)
	super		50000778
	constant pool entry 3	50000778
CLS 5000077a (name=java.text.MessageFormat$Field, trace=300380)
	super		50000779
	static ARGUMENT	50000783
	constant pool entry 10	50000779
	constant pool entry 8	50001c46
	constant pool entry 3	5000077a
CLS 500007ad (name=java.text.NumberFormat, trace=300396)
	super		5000073d
	constant pool entry 242	500007b0
	constant pool entry 239	500000c4
	constant pool entry 72	5000073d
	constant pool entry 51	500007af
	constant pool entry 12	500007ad
CLS 500007ae (name=java.util.spi.LocaleServiceProvider, trace=300397)
	super		50000178
	constant pool entry 6	50000178
CLS 500007af (name=java.text.spi.NumberFormatProvider, trace=300397)
	super		500007ae
	constant pool entry 3	500007ae
CLS 500007b0 (name=sun.util.locale.provider.LocaleProviderAdapter, trace=300398)
	super		50000178
	static adapterPreference	500007c8
	static jreLocaleProviderAdapter	500007b3
	static spiLocaleProviderAdapter	500007ba
	static defaultLocaleProviderAdapter	500007c0
	static adapterCache	500007bc
	constant pool entry 269	500000e2
	constant pool entry 249	500000f5
	constant pool entry 242	50000170
	constant pool entry 228	500000e1
	constant pool entry 221	500007ae
	constant pool entry 197	5000008e
	constant pool entry 195	500000ed
	constant pool entry 93	500007d0
	constant pool entry 92	50000178
	constant pool entry 69	500000e3
	constant pool entry 66	50001c4f
	constant pool entry 65	50000076
	constant pool entry 62	500007b7
	constant pool entry 60	500007b2
	constant pool entry 54	50000174
	constant pool entry 51	50001c4e
	constant pool entry 50	50001c4d
	constant pool entry 48	50001c4c
	constant pool entry 35	5000002c
	constant pool entry 27	50000028
	constant pool entry 26	500007b0
	constant pool entry 25	50000029
	constant pool entry 16	500007bf
CLS 500007b1 (name=sun.util.locale.provider.ResourceBundleBasedAdapter, trace=300399)
CLS 500007b2 (name=sun.util.locale.provider.JRELocaleProviderAdapter, trace=300399)
	super		500007b0
	static LOCALE_DATA_JAR_NAME	50001e81
	static isNonENSupported	50001182
	constant pool entry 375	500000f5
	constant pool entry 339	500007d6
	constant pool entry 325	50000029
	constant pool entry 273	50000170
	constant pool entry 189	500007bf
	constant pool entry 142	500007b0
	constant pool entry 140	50000117
	constant pool entry 138	50000815
	constant pool entry 136	50000121
	constant pool entry 135	50001e81
	constant pool entry 134	50001e80
	constant pool entry 133	50001e7f
	constant pool entry 132	50000174
	constant pool entry 129	50001366
	constant pool entry 128	50000076
	constant pool entry 126	500007b2
	constant pool entry 109	50000127
	constant pool entry 102	500013ac
	constant pool entry 98	50000040
	constant pool entry 96	50000005
	constant pool entry 92	500000e1
	constant pool entry 87	500009ef
	constant pool entry 83	500009e9
	constant pool entry 67	50001c64
	constant pool entry 66	50000be9
	constant pool entry 64	500007d5
	constant pool entry 62	50000a6e
	constant pool entry 52	50001c62
	constant pool entry 29	50001e7e
	constant pool entry 28	50001e7d
	constant pool entry 27	50001e7c
	constant pool entry 3	50000028
CLS 500007b6 (name=sun.util.locale.provider.AuxLocaleProviderAdapter, trace=300403)
	super		500007b0
	static NULL_PROVIDER	500007b9
	constant pool entry 97	50000029
	constant pool entry 36	500007b0
	constant pool entry 35	500007b6
	constant pool entry 33	500007b8
	constant pool entry 2	50000028
CLS 500007b7 (name=sun.util.locale.provider.SPILocaleProviderAdapter, trace=300403)
	super		500007b6
	constant pool entry 70	500000f5
	constant pool entry 18	500007b6
	constant pool entry 4	50000d5d
CLS 500007b8 (name=sun.util.locale.provider.AuxLocaleProviderAdapter$NullProvider, trace=300404)
	super		500007ae
	constant pool entry 5	500007ae
	constant pool entry 4	500007b8
CLS 500007bf (name=sun.util.locale.provider.LocaleProviderAdapter$Type, trace=300411)
	super		50000064
	static JRE	500007c0
	static CLDR	500007c1
	static SPI	500007c2
	static HOST	500007c3
	static FALLBACK	500007c4
	static $VALUES	500007c6
	constant pool entry 83	500000fd
	constant pool entry 59	500007c5
	constant pool entry 25	50000064
	constant pool entry 23	50001c59
	constant pool entry 21	50001c58
	constant pool entry 18	50001c50
	constant pool entry 16	50001c57
	constant pool entry 15	50001c56
	constant pool entry 14	50001c55
	constant pool entry 12	50001c54
	constant pool entry 11	50001c53
	constant pool entry 10	50001c52
	constant pool entry 4	500007bf
	constant pool entry 3	500007c5
CLS 500007c5 (name=sun.util.locale.provider.LocaleProviderAdapter$Type[], trace=300417)
	super		50000178
CLS 500007cc (name=java.util.Collections$UnmodifiableCollection$1, trace=300421)
	super		50000178
	constant pool entry 45	500000ee
	constant pool entry 19	500000db
	constant pool entry 13	5000008e
	constant pool entry 12	50000178
	constant pool entry 11	500007cc
CLS 500007ce (name=java.util.ArrayList$Itr, trace=300423)
	super		50000178
	constant pool entry 54	500000e3
	constant pool entry 21	50000178
	constant pool entry 20	500007ce
CLS 500007d0 (name=sun.util.locale.provider.LocaleProviderAdapter$1, trace=300425)
	super		50000178
	static $SwitchMap$sun$util$locale$provider$LocaleProviderAdapter$Type	500007d1
	constant pool entry 51	500000fd
	constant pool entry 24	500007bf
	constant pool entry 10	500007d0
CLS 500007d4 (name=sun.util.locale.provider.AvailableLanguageTags, trace=300429)
CLS 500007d5 (name=sun.util.locale.provider.NumberFormatProviderImpl, trace=300429)
	super		500007af
	constant pool entry 95	50000a66
	constant pool entry 93	500009e9
	constant pool entry 85	500007b0
	constant pool entry 29	500007af
	constant pool entry 14	50000dc7
	constant pool entry 7	500007d5
CLS 500007d6 (name=sun.util.locale.provider.LocaleDataMetaInfo, trace=300430)
	super		50000178
	static resourceNameToLocales	500007d7
	constant pool entry 25	500007d6
	constant pool entry 24	50001e91
	constant pool entry 23	50001e90
	constant pool entry 22	50001e8f
	constant pool entry 21	50001e8e
	constant pool entry 20	50001e8d
	constant pool entry 19	50001c64
	constant pool entry 18	50001e8c
	constant pool entry 17	50001e8b
	constant pool entry 16	50001e8a
	constant pool entry 15	50001e89
	constant pool entry 14	50001e88
	constant pool entry 13	50001e87
	constant pool entry 12	50001e86
	constant pool entry 11	50001e85
	constant pool entry 10	50001e84
	constant pool entry 8	50001e83
	constant pool entry 7	50001c62
	constant pool entry 5	500000cc
	constant pool entry 4	50000174
CLS 50000815 (name=sun.util.locale.provider.JRELocaleProviderAdapter$1, trace=300445)
	super		50000178
	constant pool entry 29	50000117
	constant pool entry 27	50000121
	constant pool entry 7	50000178
	constant pool entry 6	50000815
CLS 50000999 (name=sun.util.locale.LanguageTag, trace=300451)
	super		50000178
	static SEP	500018ef
	static PRIVATEUSE	50001b70
	static UNDETERMINED	50001b6f
	static PRIVUSE_VARIANT_PREFIX	50001b6e
	static GRANDFATHERED	5000099a
	constant pool entry 489	500000fd
	constant pool entry 301	500000ed
	constant pool entry 270	5000014d
	constant pool entry 268	50000014
	constant pool entry 260	500000e2
	constant pool entry 166	50000178
	constant pool entry 164	50001b6d
	constant pool entry 163	50001b6c
	constant pool entry 162	50001b6b
	constant pool entry 161	50001b6a
	constant pool entry 160	50001b69
	constant pool entry 159	50001b68
	constant pool entry 158	50001b67
	constant pool entry 157	50001b66
	constant pool entry 156	50001b65
	constant pool entry 155	50001b64
	constant pool entry 154	50001b63
	constant pool entry 153	50001b62
	constant pool entry 152	50001b61
	constant pool entry 151	50001b60
	constant pool entry 150	50001b5f
	constant pool entry 149	50001b5e
	constant pool entry 148	50001b5d
	constant pool entry 147	50001b5c
	constant pool entry 146	50001b5b
	constant pool entry 145	50001b5a
	constant pool entry 144	50001b59
	constant pool entry 143	50001b58
	constant pool entry 142	50001b57
	constant pool entry 141	50001b56
	constant pool entry 140	50001b55
	constant pool entry 139	50001b54
	constant pool entry 138	50001b53
	constant pool entry 137	50001b52
	constant pool entry 136	50001b51
	constant pool entry 135	50001b50
	constant pool entry 134	50001b4f
	constant pool entry 133	50001b4e
	constant pool entry 132	50001b4d
	constant pool entry 131	50001b4c
	constant pool entry 130	50001b4b
	constant pool entry 129	50001b4a
	constant pool entry 128	50001b49
	constant pool entry 127	50001b48
	constant pool entry 126	50001b47
	constant pool entry 125	50001b46
	constant pool entry 124	50001b45
	constant pool entry 123	50001b44
	constant pool entry 122	50001b43
	constant pool entry 121	50001b42
	constant pool entry 120	50001b41
	constant pool entry 119	50001b40
	constant pool entry 118	50001b3f
	constant pool entry 117	50001b3e
	constant pool entry 116	50001b3d
	constant pool entry 115	50001b3c
	constant pool entry 113	500000cc
	constant pool entry 112	50000174
	constant pool entry 81	50000019
	constant pool entry 80	50001b3b
	constant pool entry 77	50001b3a
	constant pool entry 73	50001b39
	constant pool entry 71	50001b38
	constant pool entry 68	50001b37
	constant pool entry 19	50000999
	constant pool entry 17	500000ce
	constant pool entry 2	5000104b
CLS 5000099b (name=java.lang.String[][], trace=300453)
	super		50000178
CLS 500009e3 (name=java.util.Collections$EmptyIterator, trace=300488)
	super		50000178
	static EMPTY_ITERATOR	500009e4
	constant pool entry 10	50000178
	constant pool entry 8	500009e3
CLS 500009e9 (name=sun.util.locale.provider.LocaleResources, trace=300494)
	super		50000178
	static BREAK_ITERATOR_INFO	50001eaf
	static CALENDAR_DATA	50001eae
	static COLLATION_DATA_CACHEKEY	50001ead
	static DECIMAL_FORMAT_SYMBOLS_DATA_CACHEKEY	50001ea3
	static CURRENCY_NAMES	50001ea6
	static LOCALE_NAMES	50001eac
	static TIME_ZONE_NAMES	50001eab
	static ZONE_IDS_CACHEKEY	50001eaa
	static CALENDAR_NAMES	50001ea9
	static NUMBER_PATTERNS_CACHEKEY	50001ea7
	static DATE_TIME_PATTERN	50001ea8
	static NULLOBJECT	500009ea
	constant pool entry 408	500000fd
	constant pool entry 323	50000170
	constant pool entry 264	50000d92
	constant pool entry 254	5000002c
	constant pool entry 232	500001dd
	constant pool entry 230	500009ef
	constant pool entry 220	50000029
	constant pool entry 211	500007b1
	constant pool entry 107	50001d26
	constant pool entry 106	50001ea7
	constant pool entry 64	500000ce
	constant pool entry 54	50001ea6
	constant pool entry 53	50001ce2
	constant pool entry 52	50001de2
	constant pool entry 50	50001ea5
	constant pool entry 48	50001ea4
	constant pool entry 47	50000178
	constant pool entry 45	5000010e
	constant pool entry 44	50001ea3
	constant pool entry 42	50000174
	constant pool entry 20	500009e9
	constant pool entry 18	50000127
	constant pool entry 15	50000a62
	constant pool entry 11	500007b0
	constant pool entry 5	50000152
	constant pool entry 2	50000028
CLS 500009ef (name=sun.util.resources.LocaleData, trace=300500)
	super		50000178
	constant pool entry 102	500000f5
	constant pool entry 42	500007bf
	constant pool entry 35	50000178
	constant pool entry 34	500009ef
	constant pool entry 31	500001dd
	constant pool entry 28	500009f8
	constant pool entry 18	50001c67
	constant pool entry 11	50000d92
	constant pool entry 10	50001c66
	constant pool entry 3	50000127
CLS 500009f8 (name=sun.util.resources.LocaleData$1, trace=300508)
	super		50000178
	constant pool entry 33	500001dd
	constant pool entry 31	500009fa
	constant pool entry 8	50000178
	constant pool entry 7	500009f8
CLS 500009fa (name=sun.util.resources.LocaleData$LocaleDataResourceBundleControl, trace=300510)
	super		50000695
	static INSTANCE	500009fb
	static DOTCLDR	50001e7a
	constant pool entry 132	50000170
	constant pool entry 105	5000008e
	constant pool entry 103	500000ed
	constant pool entry 101	500000e1
	constant pool entry 97	500007b0
	constant pool entry 94	500007bf
	constant pool entry 88	50000174
	constant pool entry 47	50000695
	constant pool entry 45	500009ef
	constant pool entry 39	50000127
	constant pool entry 23	500019f2
	constant pool entry 19	5000002c
	constant pool entry 13	500007b2
	constant pool entry 8	50001e7a
	constant pool entry 7	500009fa
CLS 500009fe (name=java.util.ResourceBundle$SingleFormatControl, trace=300513)
	super		50000695
CLS 50000a0c (name=sun.util.resources.ParallelListResourceBundle, trace=300288)
	super		500001dd
	constant pool entry 100	500000e1
	constant pool entry 95	50000029
	constant pool entry 33	500001dd
	constant pool entry 32	50000a0c
	constant pool entry 27	50000174
	constant pool entry 24	50000028
	constant pool entry 21	50000a7c
	constant pool entry 2	50000a16
CLS 50000a0d (name=sun.text.resources.FormatData, trace=300288)
	super		50000a0c
	constant pool entry 454	500000fd
	constant pool entry 222	50000a0c
	constant pool entry 220	50001e40
	constant pool entry 219	50001e41
	constant pool entry 218	50001e2e
	constant pool entry 217	50001e2f
	constant pool entry 216	50001d04
	constant pool entry 215	50001db7
	constant pool entry 214	50001db6
	constant pool entry 213	50001db5
	constant pool entry 212	50001db4
	constant pool entry 211	50001db2
	constant pool entry 210	50001dfa
	constant pool entry 209	50001d4c
	constant pool entry 208	50001d4a
	constant pool entry 207	50001d57
	constant pool entry 206	50001d56
	constant pool entry 205	50001d55
	constant pool entry 204	50001d54
	constant pool entry 203	50001d52
	constant pool entry 202	50001cde
	constant pool entry 201	50001cdd
	constant pool entry 200	50001cdc
	constant pool entry 199	50001cda
	constant pool entry 198	50001d06
	constant pool entry 197	50001dc4
	constant pool entry 196	50001d11
	constant pool entry 195	50001d10
	constant pool entry 194	50001d0f
	constant pool entry 193	50001d0e
	constant pool entry 192	50001d0c
	constant pool entry 191	50001dfe
	constant pool entry 190	50001dfd
	constant pool entry 189	50001dfc
	constant pool entry 188	50001e1e
	constant pool entry 187	50001ce8
	constant pool entry 186	50001ce6
	constant pool entry 185	50001d72
	constant pool entry 184	50001d70
	constant pool entry 183	50001de0
	constant pool entry 182	50001dde
	constant pool entry 181	50001d8e
	constant pool entry 180	50001d8c
	constant pool entry 179	50001de6
	constant pool entry 178	50001de4
	constant pool entry 177	50001df8
	constant pool entry 176	50001df6
	constant pool entry 175	50001dea
	constant pool entry 174	50001de8
	constant pool entry 173	50001dc8
	constant pool entry 172	50001dc6
	constant pool entry 171	50001d1c
	constant pool entry 170	50001d1a
	constant pool entry 169	50001cbf
	constant pool entry 168	50001cba
	constant pool entry 167	50001d7a
	constant pool entry 166	50001d78
	constant pool entry 165	50001e38
	constant pool entry 164	50001e36
	constant pool entry 163	50001e04
	constant pool entry 162	50001e02
	constant pool entry 161	50001ddc
	constant pool entry 160	50001dda
	constant pool entry 159	50001dcc
	constant pool entry 158	50001dca
	constant pool entry 157	50001e26
	constant pool entry 156	50001e24
	constant pool entry 155	50001d20
	constant pool entry 154	50001d1e
	constant pool entry 153	50001e1c
	constant pool entry 152	50001e1a
	constant pool entry 151	50001dc2
	constant pool entry 150	50001d6e
	constant pool entry 149	50001d6c
	constant pool entry 148	50001e18
	constant pool entry 147	50001e16
	constant pool entry 146	50001df4
	constant pool entry 145	50001df2
	constant pool entry 144	50001d18
	constant pool entry 143	50001d16
	constant pool entry 142	50001e10
	constant pool entry 141	50001e0e
	constant pool entry 140	50001dd6
	constant pool entry 139	50001dd4
	constant pool entry 138	50001e22
	constant pool entry 137	50001e20
	constant pool entry 136	50001d96
	constant pool entry 135	50001d94
	constant pool entry 134	50001d24
	constant pool entry 133	50001d22
	constant pool entry 132	50001e14
	constant pool entry 131	50001e12
	constant pool entry 130	50001d76
	constant pool entry 129	50001d74
	constant pool entry 128	50001d92
	constant pool entry 127	50001d90
	constant pool entry 126	50001dd0
	constant pool entry 125	50001dce
	constant pool entry 124	50001d0a
	constant pool entry 123	50001d08
	constant pool entry 122	50001e3d
	constant pool entry 121	50001e3c
	constant pool entry 120	50001e3a
	constant pool entry 119	50001cc4
	constant pool entry 118	50001d84
	constant pool entry 117	50001d83
	constant pool entry 116	50001d82
	constant pool entry 115	50001d81
	constant pool entry 114	50001d80
	constant pool entry 113	50001d7f
	constant pool entry 112	50001d7e
	constant pool entry 111	50001d7c
	constant pool entry 110	500014b0
	constant pool entry 109	50001cc3
	constant pool entry 108	50001cc2
	constant pool entry 107	50001cc1
	constant pool entry 106	500018ef
	constant pool entry 105	50001cc0
	constant pool entry 104	50001ce4
	constant pool entry 103	50001cbe
	constant pool entry 102	50001cbd
	constant pool entry 101	50001cbc
	constant pool entry 100	50001183
	constant pool entry 99	50001ce2
	constant pool entry 98	50001de2
	constant pool entry 97	50001d2a
	constant pool entry 96	50001d29
	constant pool entry 95	50001d28
	constant pool entry 94	50001d26
	constant pool entry 93	50001dd2
	constant pool entry 92	50001e08
	constant pool entry 91	50001e34
	constant pool entry 90	50001cce
	constant pool entry 89	50001e32
	constant pool entry 88	50001e06
	constant pool entry 87	50001d4e
	constant pool entry 86	50001def
	constant pool entry 85	50001dee
	constant pool entry 84	50001dec
	constant pool entry 83	50001cb4
	constant pool entry 82	50001dd8
	constant pool entry 81	50001dbf
	constant pool entry 80	50001dbe
	constant pool entry 79	50001dbc
	constant pool entry 78	50001e2b
	constant pool entry 77	50001e2a
	constant pool entry 76	50001e28
	constant pool entry 75	50001d34
	constant pool entry 74	50001d33
	constant pool entry 73	50001d2e
	constant pool entry 72	50001d42
	constant pool entry 71	50001d41
	constant pool entry 70	50001d40
	constant pool entry 69	50001d3f
	constant pool entry 68	50001d3e
	constant pool entry 67	50001d3d
	constant pool entry 66	50001d3c
	constant pool entry 65	50001d3a
	constant pool entry 64	50001d64
	constant pool entry 63	50001d63
	constant pool entry 62	50001d62
	constant pool entry 61	50001d61
	constant pool entry 60	50001d60
	constant pool entry 59	50001d5f
	constant pool entry 58	50001d5e
	constant pool entry 57	50001d5c
	constant pool entry 56	50001da5
	constant pool entry 55	50001da4
	constant pool entry 54	50001da3
	constant pool entry 53	50001da2
	constant pool entry 52	50001da1
	constant pool entry 51	50001da0
	constant pool entry 50	50001d9f
	constant pool entry 49	50001d9e
	constant pool entry 48	50001d9d
	constant pool entry 47	50001d9c
	constant pool entry 46	50001d9b
	constant pool entry 45	50001d9a
	constant pool entry 44	50001d98
	constant pool entry 43	50001cf7
	constant pool entry 42	50001cf6
	constant pool entry 41	50001cf5
	constant pool entry 40	50001cf4
	constant pool entry 39	50001cf3
	constant pool entry 38	50001cf2
	constant pool entry 37	50001cf1
	constant pool entry 36	50001cef
	constant pool entry 35	50001cee
	constant pool entry 34	50001ced
	constant pool entry 33	50001cec
	constant pool entry 32	50001cea
	constant pool entry 31	50001e50
	constant pool entry 30	50001e4f
	constant pool entry 29	50001e4e
	constant pool entry 28	50001e4d
	constant pool entry 27	50001e4c
	constant pool entry 26	50001e4b
	constant pool entry 25	50001e4a
	constant pool entry 24	50001cf0
	constant pool entry 23	50001e49
	constant pool entry 22	50001e48
	constant pool entry 21	50001e47
	constant pool entry 20	50001e46
	constant pool entry 19	50001e44
	constant pool entry 18	50000178
	constant pool entry 17	5000010e
	constant pool entry 16	50001cd4
	constant pool entry 15	50001cd3
	constant pool entry 14	50001cd2
	constant pool entry 13	50001cd1
	constant pool entry 12	50001cd0
	constant pool entry 11	50001e0b
	constant pool entry 10	50001e0a
	constant pool entry 9	50001d30
	constant pool entry 8	50001d32
	constant pool entry 7	50001d31
	constant pool entry 6	5000104b
	constant pool entry 5	50001d50
	constant pool entry 4	50001cb7
	constant pool entry 3	50001cb6
	constant pool entry 2	50000174
CLS 50000a16 (name=java.util.concurrent.atomic.AtomicMarkableReference, trace=300519)
	super		50000178
	static UNSAFE	50001077
	constant pool entry 79	50000170
	constant pool entry 77	50000126
	constant pool entry 22	50000a19
	constant pool entry 21	50000178
	constant pool entry 19	50000a16
	constant pool entry 18	50001e5c
CLS 50000a19 (name=java.util.concurrent.atomic.AtomicMarkableReference$Pair, trace=300520)
	super		50000178
	constant pool entry 6	50000178
	constant pool entry 4	50000a19
CLS 50000a30 (name=sun.text.resources.en.FormatData_en, trace=300288)
	super		50000a0c
	constant pool entry 54	500000fd
	constant pool entry 22	50000a0c
	constant pool entry 20	50001e2e
	constant pool entry 19	50001e2f
	constant pool entry 18	50001d2a
	constant pool entry 17	50001e5e
	constant pool entry 16	50001d28
	constant pool entry 15	50001d26
	constant pool entry 14	5000104b
	constant pool entry 13	50001e63
	constant pool entry 12	50001e62
	constant pool entry 11	50001e61
	constant pool entry 10	50001d30
	constant pool entry 9	50001def
	constant pool entry 8	50001d31
	constant pool entry 7	50001d34
	constant pool entry 6	50001e60
	constant pool entry 5	50000174
	constant pool entry 4	50001d98
	constant pool entry 3	50000178
	constant pool entry 2	5000010e
CLS 50000a4e (name=sun.text.resources.en.FormatData_en_US, trace=300288)
	super		50000a0c
	constant pool entry 30	500000fd
	constant pool entry 10	50000a0c
	constant pool entry 8	50001d2a
	constant pool entry 7	50001e69
	constant pool entry 6	50001d28
	constant pool entry 5	50000174
	constant pool entry 4	50001d26
	constant pool entry 3	50000178
	constant pool entry 2	5000010e
CLS 50000a62 (name=sun.util.locale.provider.LocaleResources$ResourceReference, trace=300544)
	super		50000158
	constant pool entry 4	50000158
	constant pool entry 3	50000a62
CLS 50000a66 (name=java.text.DecimalFormatSymbols, trace=300548)
	super		50000178
	constant pool entry 214	500009e9
	constant pool entry 194	50000b70
	constant pool entry 177	500007b0
	constant pool entry 169	5000002c
	constant pool entry 61	50000178
	constant pool entry 55	50000174
	constant pool entry 50	500000ce
	constant pool entry 46	500007b1
	constant pool entry 7	50000a67
	constant pool entry 2	50000a66
CLS 50000a67 (name=java.text.spi.DecimalFormatSymbolsProvider, trace=300549)
	super		500007ae
	constant pool entry 3	500007ae
CLS 50000a6e (name=sun.util.locale.provider.DecimalFormatSymbolsProviderImpl, trace=300551)
	super		50000a67
	constant pool entry 42	500007b0
	constant pool entry 11	50000a67
	constant pool entry 10	50000a6e
	constant pool entry 8	50000a66
CLS 50000a7c (name=sun.util.resources.ParallelListResourceBundle$KeySet, trace=300559)
	super		500000e0
	constant pool entry 55	500001dd
	constant pool entry 52	500000e1
	constant pool entry 17	500000e0
	constant pool entry 16	50000a7c
	constant pool entry 6	50000174
CLS 50000b1b (name=java.util.concurrent.ConcurrentHashMap$ForwardingNode, trace=300699)
	super		50000021
	constant pool entry 11	50000021
	constant pool entry 8	50000b1b
CLS 50000b70 (name=java.util.Currency, trace=300709)
	super		50000178
	static instances	50000b71
	static mainTable	50000b89
	static scCutOverTimes	50000b8a
	static scOldCurrencies	50000b8b
	static scNewCurrencies	50000baa
	static scOldCurrenciesDFD	50000bba
	static scNewCurrenciesDFD	50000bbb
	static scOldCurrenciesNumericCode	50000bbc
	static scNewCurrenciesNumericCode	50000bbd
	static otherCurrencies	50000bc0
	static otherCurrenciesDFD	50000bc2
	static otherCurrenciesNumericCode	50000bc3
	constant pool entry 463	500000fd
	constant pool entry 366	500000f5
	constant pool entry 318	50000b7b
	constant pool entry 310	50000bd8
	constant pool entry 275	5000002c
	constant pool entry 263	50000029
	constant pool entry 117	50000d77
	constant pool entry 113	50000b72
	constant pool entry 111	50000028
	constant pool entry 66	50000178
	constant pool entry 63	50000bd7
	constant pool entry 56	50000174
	constant pool entry 31	50000127
	constant pool entry 11	50000110
	constant pool entry 1	50000b70
CLS 50000b72 (name=java.util.Currency$1, trace=300711)
	super		50000178
	constant pool entry 101	5000016d
	constant pool entry 72	50000178
	constant pool entry 71	50000b72
	constant pool entry 48	50000121
	constant pool entry 47	50001ebf
	constant pool entry 46	50001ebe
	constant pool entry 14	5000008a
	constant pool entry 13	50000082
	constant pool entry 12	50000b7b
	constant pool entry 10	50001ebd
	constant pool entry 9	50001e7f
	constant pool entry 5	50000127
	constant pool entry 3	50001366
	constant pool entry 1	50000b70
CLS 50000b7a (name=java.io.DataInput, trace=300717)
CLS 50000b7b (name=java.io.DataInputStream, trace=300717)
	super		50000083
	constant pool entry 160	500000fd
	constant pool entry 98	50000123
	constant pool entry 40	50000b7a
	constant pool entry 39	50000083
	constant pool entry 37	50000174
	constant pool entry 26	50000b7b
CLS 50000bd7 (name=java.util.spi.CurrencyNameProvider, trace=300756)
	super		500007ae
	constant pool entry 16	500007ae
CLS 50000bd8 (name=sun.util.locale.provider.LocaleServiceProviderPool, trace=300757)
	super		50000178
	static poolOfPools	50000bd9
	static spiClasses	50000bda
	static NULL_LIST	5000117e
	constant pool entry 377	500000fd
	constant pool entry 285	500000e2
	constant pool entry 200	5000008e
	constant pool entry 197	500007b0
	constant pool entry 186	50000029
	constant pool entry 103	50000d76
	constant pool entry 102	50000178
	constant pool entry 99	50000109
	constant pool entry 98	50000be1
	constant pool entry 97	50000be0
	constant pool entry 96	50000bdf
	constant pool entry 95	50000bd7
	constant pool entry 94	500007af
	constant pool entry 93	50000a67
	constant pool entry 92	50000bde
	constant pool entry 91	50000bdd
	constant pool entry 90	50000bdc
	constant pool entry 89	50000bdb
	constant pool entry 88	50000170
	constant pool entry 62	500000ed
	constant pool entry 38	500007ae
	constant pool entry 18	500007bf
	constant pool entry 8	50000028
	constant pool entry 4	50000bd8
CLS 50000bdb (name=java.text.spi.BreakIteratorProvider, trace=300760)
	super		500007ae
CLS 50000bdc (name=java.text.spi.CollatorProvider, trace=300761)
	super		500007ae
CLS 50000bdd (name=java.text.spi.DateFormatProvider, trace=300762)
	super		500007ae
CLS 50000bde (name=java.text.spi.DateFormatSymbolsProvider, trace=300763)
	super		500007ae
CLS 50000bdf (name=java.util.spi.LocaleNameProvider, trace=300764)
	super		500007ae
CLS 50000be0 (name=java.util.spi.TimeZoneNameProvider, trace=300765)
	super		500007ae
CLS 50000be1 (name=java.util.spi.CalendarDataProvider, trace=300766)
	super		500007ae
CLS 50000be9 (name=sun.util.locale.provider.CurrencyNameProviderImpl, trace=300771)
	super		50000bd7
	constant pool entry 57	500009e9
	constant pool entry 50	50000174
	constant pool entry 48	5000002c
	constant pool entry 46	500007b0
	constant pool entry 15	50000bd7
	constant pool entry 14	50000be9
CLS 50000d5d (name=sun.util.locale.provider.SPILocaleProviderAdapter$1, trace=300775)
	super		50000178
	constant pool entry 62	5000008e
	constant pool entry 59	500001e4
	constant pool entry 29	50000178
	constant pool entry 28	50000d5d
CLS 50000d76 (name=sun.util.locale.provider.LocaleServiceProviderPool$LocalizedObjectGetter, trace=300783)
CLS 50000d77 (name=java.util.Currency$CurrencyNameGetter, trace=300783)
	super		50000178
	static INSTANCE	50000d78
	constant pool entry 51	50000170
	constant pool entry 16	50000178
	constant pool entry 14	50000d77
	constant pool entry 11	50000bd7
	constant pool entry 7	50000110
	constant pool entry 1	50000b70
CLS 50000d92 (name=sun.util.resources.OpenListResourceBundle, trace=300288)
	super		500001dd
	constant pool entry 73	5000014d
	constant pool entry 27	500001dd
	constant pool entry 26	50000d92
	constant pool entry 22	500000cc
	constant pool entry 20	50000174
CLS 50000d93 (name=sun.util.resources.LocaleNamesBundle, trace=300288)
	super		50000d92
	constant pool entry 3	50000d92
CLS 50000d94 (name=sun.util.resources.CurrencyNames, trace=300288)
	super		50000d93
	constant pool entry 669	50000d93
CLS 50000db1 (name=sun.util.resources.en.CurrencyNames_en_US, trace=300288)
	super		50000d93
	constant pool entry 24	500000fd
	constant pool entry 7	50000d93
	constant pool entry 5	50001e6d
	constant pool entry 4	50001e6e
	constant pool entry 3	50000178
	constant pool entry 2	5000010e
CLS 50000dc3 (name=java.util.HashMap$KeySet, trace=300806)
	super		500000e0
	constant pool entry 54	500000cc
	constant pool entry 22	500000e0
	constant pool entry 21	50000dc3
CLS 50000dc7 (name=java.text.DecimalFormat, trace=300810)
	super		500007ad
	static PATTERN_EXPONENT	50001cc1
	static EmptyFieldPositionArray	50000dc9
	constant pool entry 1024	500000fd
	constant pool entry 842	50000170
	constant pool entry 695	500000c4
	constant pool entry 645	50000dfa
	constant pool entry 591	50000dcf
	constant pool entry 432	50000df7
	constant pool entry 287	50001ec3
	constant pool entry 284	50001cc1
	constant pool entry 267	50000773
	constant pool entry 187	50000174
	constant pool entry 113	50000128
	constant pool entry 73	500007ad
	constant pool entry 51	50000115
	constant pool entry 44	5000010f
	constant pool entry 43	50000a66
	constant pool entry 30	50000dc7
	constant pool entry 9	500018ef
	constant pool entry 6	5000104b
	constant pool entry 3	50000dcb
	constant pool entry 1	50000110
CLS 50000dc8 (name=java.text.FieldPosition[], trace=300811)
	super		50000178
CLS 50000dcb (name=java.text.DigitList, trace=300813)
	super		50000178
	static LONG_MIN_REP	50000dcc
	constant pool entry 284	500000fd
	constant pool entry 230	50000170
	constant pool entry 201	50000174
	constant pool entry 168	5000016d
	constant pool entry 164	50000dcf
	constant pool entry 80	50000178
	constant pool entry 78	50001ee5
	constant pool entry 4	50000dcb
CLS 50000dcf (name=java.math.RoundingMode, trace=300817)
	super		50000064
	static UP	50000dd0
	static DOWN	50000dd1
	static CEILING	50000dd2
	static FLOOR	50000dd3
	static HALF_UP	50000dd4
	static HALF_DOWN	50000dd5
	static HALF_EVEN	50000dd6
	static UNNECESSARY	50000dd7
	static $VALUES	50000dd9
	constant pool entry 87	500000fd
	constant pool entry 29	50000064
	constant pool entry 28	50001edb
	constant pool entry 27	50001eda
	constant pool entry 26	50001ed9
	constant pool entry 25	50001ed8
	constant pool entry 24	50001ed7
	constant pool entry 23	50001ed6
	constant pool entry 22	50001ed5
	constant pool entry 19	50001ed4
	constant pool entry 4	50000dcf
CLS 50000dd8 (name=java.math.RoundingMode[], trace=300826)
	super		50000178
CLS 50000df7 (name=java.text.Format$FieldDelegate, trace=300852)
CLS 50000df8 (name=java.text.FieldPosition$Delegate, trace=300852)
	super		50000178
	constant pool entry 39	50000773
	constant pool entry 10	50000178
	constant pool entry 9	50000df8
CLS 50000dfa (name=java.text.NumberFormat$Field, trace=300854)
	super		50000779
	static instanceMap	50000dfb
	static INTEGER	50000dfc
	static FRACTION	50000dff
	static EXPONENT	50000e01
	static DECIMAL_SEPARATOR	50000e03
	static SIGN	50000e05
	static GROUPING_SEPARATOR	50000e07
	static EXPONENT_SYMBOL	50000e09
	static PERCENT	50000e0b
	static PERMILLE	50000e0d
	static CURRENCY	50000e0f
	static EXPONENT_SIGN	50000e11
	constant pool entry 82	5000014d
	constant pool entry 77	50000178
	constant pool entry 37	50000779
	constant pool entry 35	50001ecb
	constant pool entry 33	50001c38
	constant pool entry 31	50001eca
	constant pool entry 29	50001c39
	constant pool entry 27	50001ec9
	constant pool entry 25	50001ec8
	constant pool entry 23	50001ec7
	constant pool entry 21	50001ec6
	constant pool entry 19	50001ec5
	constant pool entry 17	50001ec4
	constant pool entry 14	50001c3a
	constant pool entry 12	500000cc
	constant pool entry 3	50000dfa
CLS 50000f42 (name=java.lang.Shutdown, trace=300000)
	super		50000178
	static hooks	50000f43
	static lock	50000f45
	static haltLock	50000f46
	constant pool entry 118	500000fd
	constant pool entry 30	50000f44
	constant pool entry 29	50000151
	constant pool entry 18	50000f42
CLS 50000f44 (name=java.lang.Shutdown$Lock, trace=300897)
	super		50000178
	constant pool entry 4	50000178
	constant pool entry 3	50000f44
CLS 50000f47 (name=java.io.Serializable[][], trace=300000)
	super		50000178
CLS 50000f48 (name=java.lang.Comparable[][], trace=300000)
	super		50000178
CLS 50000f49 (name=java.lang.CharSequence[][], trace=300000)
	super		50000178
CLS 50000f4a (name=java.lang.AbstractStringBuilder[], trace=300000)
	super		50000178
CLS 50000f4b (name=java.lang.Appendable[], trace=300000)
	super		50000178
CLS 50000f4c (name=java.lang.Cloneable[], trace=300000)
	super		50000178
HEAP DUMP END
SITES BEGIN (ordered by live bytes) Tue Sep  3 10:21:09 2019
          percent          live          alloc'ed  stack class
 rank   self  accum     bytes objs     bytes  objs trace name
    1 14.12% 14.12%    108000 1236    108000  1236 300000 char[]
    2  3.92% 18.04%     30024  520     30024   520 300000 java.lang.Object[]
    3  3.91% 21.95%     29920 1225     29920  1225 300000 java.lang.String
    4  3.33% 25.28%     25504    8     25504     8 300000 byte[]
    5  2.88% 28.16%     22016  104     22016   104 300010 char[]
    6  2.14% 30.30%     16400    1     16400     1 300122 char[]
    7  1.92% 32.22%     14672   39     14672    39 300108 char[]
    8  1.07% 33.30%      8208    1      8208     1 300119 byte[]
    9  1.07% 34.37%      8208    1      8208     1 300723 byte[]
   10  1.03% 35.40%      7864  258      7864   258 300438 char[]
   11  0.98% 36.37%      7464   45      7464    45 300053 byte[]
   12  0.97% 37.34%      7408   15      7408    15 300387 char[]
   13  0.84% 38.18%      6464  202      6464   202 300104 java.util.HashMap$Node
   14  0.81% 38.99%      6192  258      6192   258 300437 java.lang.String
   15  0.73% 39.73%      5600   92      5600    92 300136 char[]
   16  0.67% 40.39%      5096    7      5096     7 300390 char[]
   17  0.66% 41.05%      5016    7      5016     7 300372 char[]
   18  0.65% 41.70%      4992    1      4992     1 300895 char[]
   19  0.61% 42.31%      4704  147      4704   147 300144 java.util.HashMap$Node
   20  0.61% 42.92%      4640  257      4640   257 300000 java.lang.Integer
   21  0.55% 43.48%      4240    5      4240     5 300389 char[]
   22  0.52% 43.99%      3968  108      3968   108 300000 java.util.Hashtable$Entry
   23  0.52% 44.51%      3968    8      3968     8 300447 java.util.HashMap$Node[]
   24  0.47% 44.98%      3584   77      3584    77 300000 java.lang.ref.SoftReference
   25  0.45% 45.43%      3416   50      3416    50 300054 byte[]
   26  0.41% 45.84%      3136   65      3136    65 300000 java.lang.String[]
   27  0.36% 46.19%      2720    1      2720     1 300728 int[]
   28  0.31% 46.51%      2408   18      2408    18 300196 char[]
   29  0.31% 46.82%      2408   18      2408    18 300218 char[]
   30  0.31% 47.13%      2368   39      2368    39 300000 sun.util.locale.LocaleObjectCache$CacheEntry
   31  0.31% 47.44%      2336   18      2336    18 300214 char[]
   32  0.31% 47.74%      2336   18      2336    18 300215 char[]
   33  0.29% 48.04%      2256    6      2256     6 300001 java.lang.Thread
   34  0.29% 48.32%      2184   91      2184    91 300137 java.lang.String
   35  0.27% 48.59%      2048    5      2048     5 300000 java.lang.Thread
   36  0.25% 48.84%      1896    8      1896     8 300153 char[]
   37  0.24% 49.07%      1808   45      1808    45 300056 char[]
   38  0.23% 49.30%      1760   39      1760    39 300000 java.util.concurrent.ConcurrentHashMap$Node
   39  0.22% 49.52%      1656    4      1656     4 300000 int[]
   40  0.21% 49.73%      1584    2      1584     2 300000 java.lang.Integer[]
   41  0.20% 49.92%      1504   16      1504    16 300000 java.net.URL
   42  0.19% 50.12%      1480   10      1480    10 300000 java.lang.Class
   43  0.19% 50.31%      1472    6      1472     6 300000 java.util.Hashtable$Entry[]
   44  0.18% 50.49%      1408   44      1408    44 300543 java.util.concurrent.ConcurrentHashMap$Node
   45  0.17% 50.67%      1304   20      1304    20 300000 sun.util.locale.BaseLocale$Key
   46  0.16% 50.83%      1232    1      1232     1 300739 char[]
   47  0.16% 50.99%      1224   18      1224    18 300000 java.io.ObjectStreamField
   48  0.15% 51.14%      1184   17      1184    17 300000 java.util.LinkedHashMap$Entry
   49  0.15% 51.29%      1152   20      1152    20 300000 sun.util.locale.BaseLocale
   50  0.15% 51.44%      1152   20      1152    20 300000 java.util.Locale
   51  0.15% 51.59%      1152   18      1152    18 300219 java.net.URL
   52  0.15% 51.74%      1120   12      1120    12 300125 char[]
   53  0.14% 51.88%      1096   20      1096    20 300370 char[]
   54  0.14% 52.02%      1080   45      1080    45 300055 java.lang.String
   55  0.14% 52.16%      1072   12      1072    12 300000 java.util.HashMap
   56  0.14% 52.30%      1040    1      1040     1 300020 java.lang.invoke.MethodHandle[]
   57  0.13% 52.43%      1008   18      1008    18 300221 sun.misc.URLClassPath$JarLoader
   58  0.13% 52.56%      1000   20      1000    20 300000 java.util.Locale$LocaleKey
   59  0.13% 52.69%       992   15       992    15 300000 java.util.HashMap$Node
   60  0.13% 52.82%       984   16       984    16 300732 char[]
   61  0.12% 52.94%       944    3       944     3 300698 java.util.concurrent.ConcurrentHashMap$Node[]
   62  0.12% 53.06%       928    7       928     7 300000 java.util.concurrent.ConcurrentHashMap
   63  0.12% 53.19%       928   17       928    17 300000 java.io.ExpiringCache$Entry
   64  0.12% 53.31%       928    2       928     2 300000 java.lang.ref.Finalizer$FinalizerThread
   65  0.12% 53.43%       928    5       928     5 300000 java.util.HashMap$Node[]
   66  0.12% 53.55%       920    2       920     2 300000 java.lang.ref.Reference$ReferenceHandler
   67  0.12% 53.67%       904    8       904     8 300154 char[]
   68  0.12% 53.79%       904    8       904     8 300156 char[]
   69  0.12% 53.90%       896    8       896     8 300110 char[]
   70  0.11% 54.02%       864   11       864    11 300000 java.io.File
   71  0.11% 54.13%       864   11       864    11 300000 java.lang.OutOfMemoryError
   72  0.11% 54.24%       864   18       864    18 300194 char[]
   73  0.11% 54.35%       864   18       864    18 300204 char[]
   74  0.11% 54.47%       864   27       864    27 300697 java.util.concurrent.ConcurrentHashMap$Node
   75  0.11% 54.58%       832    3       832     3 300000 java.util.concurrent.ConcurrentHashMap$Node[]
   76  0.11% 54.68%       832    9       832     9 300140 java.lang.Object[]
   77  0.10% 54.79%       800    7       800     7 300093 char[]
   78  0.10% 54.89%       784   16       784    16 300000 java.lang.Object
   79  0.10% 54.99%       784   11       784    11 300000 sun.misc.MetaIndex
   80  0.10% 55.10%       784    4       784     4 300000 java.util.WeakHashMap$Entry[]
   81  0.10% 55.20%       784    7       784     7 300000 java.security.AccessControlContext
   82  0.10% 55.30%       768    8       768     8 300000 java.lang.ref.ReferenceQueue
   83  0.10% 55.40%       768    8       768     8 300363 java.lang.StringBuilder[]
   84  0.10% 55.50%       760    8       760     8 300101 char[]
   85  0.10% 55.60%       744    6       744     6 300000 java.util.WeakHashMap$Entry
   86  0.10% 55.69%       744    6       744     6 300000 java.lang.ref.Finalizer
   87  0.10% 55.79%       736    7       736     7 300000 java.util.Vector
   88  0.10% 55.88%       728    9       728     9 300378 char[]
   89  0.09% 55.98%       720    7       720     7 300000 java.io.ObjectStreamField[]
   90  0.09% 56.07%       720   30       720    30 300731 java.lang.String
   91  0.09% 56.16%       688    4       688     4 300000 java.util.WeakHashMap
   92  0.09% 56.25%       688   10       688    10 300000 java.lang.ref.ReferenceQueue$Lock
   93  0.09% 56.34%       688    4       688     4 300000 java.util.Hashtable
   94  0.09% 56.43%       680    6       680     6 300164 char[]
   95  0.09% 56.52%       680    6       680     6 300168 char[]
   96  0.09% 56.61%       672    3       672     3 300000 java.io.ExpiringCache$1
   97  0.09% 56.70%       672    5       672     5 300000 java.io.FileDescriptor
   98  0.09% 56.78%       664    6       664     6 300000 java.util.ArrayList
   99  0.09% 56.87%       664    2       664     2 300453 java.lang.String[][]
  100  0.09% 56.96%       656    3       656     3 300000 sun.nio.cs.UTF_8$Encoder
  101  0.09% 57.04%       656    7       656     7 300303 char[]
  102  0.08% 57.12%       640    3       640     3 300000 sun.misc.URLClassPath
  103  0.08% 57.21%       640    3       640     3 300000 java.nio.HeapByteBuffer
  104  0.08% 57.29%       640    3       640     3 300000 sun.nio.cs.StreamEncoder
  105  0.08% 57.38%       640    4       640     4 300000 java.util.Stack
  106  0.08% 57.46%       640    2       640     2 300000 sun.misc.Launcher$AppClassLoader
  107  0.08% 57.54%       640    3       640     3 300000 java.util.Properties
  108  0.08% 57.63%       640    3       640     3 300000 java.lang.ThreadGroup
  109  0.08% 57.71%       640    2       640     2 300322 java.lang.Object[][]
  110  0.08% 57.79%       632    2       632     2 300000 sun.misc.Launcher$ExtClassLoader
  111  0.08% 57.87%       624    3       624     3 300000 java.io.ExpiringCache
  112  0.08% 57.96%       624    3       624     3 300000 java.io.BufferedWriter
  113  0.08% 58.04%       624    3       624     3 300000 java.security.ProtectionDomain
  114  0.08% 58.12%       624    1       624     1 300738 byte[]
  115  0.08% 58.20%       616    4       616     4 300000 sun.misc.Signal
  116  0.08% 58.28%       616    4       616     4 300000 java.util.concurrent.atomic.AtomicLong
  117  0.08% 58.36%       616    4       616     4 300000 java.util.Collections$SynchronizedSet
  118  0.08% 58.44%       608    3       608     3 300000 java.io.PrintStream
  119  0.08% 58.52%       608    3       608     3 300000 java.io.FileOutputStream
  120  0.08% 58.60%       608    3       608     3 300000 java.io.FileInputStream
  121  0.08% 58.68%       608    3       608     3 300000 java.lang.Thread[]
  122  0.08% 58.76%       608    3       608     3 300000 java.lang.ref.ReferenceQueue$Null
  123  0.08% 58.84%       608    3       608     3 300000 java.security.CodeSource
  124  0.08% 58.92%       608    3       608     3 300000 java.lang.VirtualMachineError
  125  0.08% 59.00%       600    2       600     2 300350 java.text.Format[]
  126  0.08% 59.07%       592    3       592     3 300000 java.nio.charset.CoderResult
  127  0.08% 59.15%       592    3       592     3 300000 sun.misc.NativeSignalHandler
  128  0.08% 59.23%       592    3       592     3 300000 java.io.File$PathStatus
  129  0.08% 59.30%       592    3       592     3 300000 java.io.OutputStreamWriter
  130  0.08% 59.38%       592    3       592     3 300000 java.io.BufferedOutputStream
  131  0.08% 59.46%       592    4       592     4 300000 java.nio.charset.CodingErrorAction
  132  0.08% 59.54%       592    4       592     4 300000 java.lang.ThreadLocal
  133  0.08% 59.61%       592    3       592     3 300000 java.lang.RuntimePermission
  134  0.08% 59.69%       592    2       592     2 300000 long[]
  135  0.08% 59.77%       592    3       592     3 300087 java.util.Enumeration[]
  136  0.08% 59.85%       592    2       592     2 300826 java.math.RoundingMode[]
  137  0.08% 59.92%       584    2       584     2 300000 java.lang.ClassLoader$NativeLibrary
  138  0.08% 60.00%       584    2       584     2 300000 java.io.BufferedInputStream
  139  0.08% 60.08%       584    2       584     2 300000 sun.nio.cs.StandardCharsets$Cache
  140  0.08% 60.15%       584    2       584     2 300000 sun.nio.cs.StandardCharsets$Classes
  141  0.08% 60.23%       584    2       584     2 300000 sun.nio.cs.StandardCharsets$Aliases
  142  0.08% 60.30%       584    2       584     2 300417 sun.util.locale.provider.LocaleProviderAdapter$Type[]
  143  0.08% 60.38%       576    3       576     3 300000 sun.net.www.protocol.jar.Handler
  144  0.08% 60.46%       576    3       576     3 300000 java.util.HashSet
  145  0.08% 60.53%       576    3       576     3 300000 java.security.Principal[]
  146  0.08% 60.61%       576    3       576     3 300000 java.security.ProtectionDomain$Key
  147  0.08% 60.68%       576    2       576     2 300000 java.io.UnixFileSystem
  148  0.08% 60.76%       576    3       576     3 300000 java.nio.ByteOrder
  149  0.08% 60.83%       576    2       576     2 300000 java.util.concurrent.atomic.AtomicReferenceFieldUpdater$AtomicReferenceFieldUpdaterImpl
  150  0.08% 60.91%       576    2       576     2 300000 sun.nio.cs.StandardCharsets
  151  0.08% 60.98%       576    3       576     3 300000 java.lang.StackTraceElement[]
  152  0.08% 61.06%       576    2       576     2 300000 java.lang.ThreadGroup[]
  153  0.08% 61.13%       576    2       576     2 300000 java.lang.OutOfMemoryError[]
  154  0.08% 61.21%       576    2       576     2 300000 java.lang.ArithmeticException
  155  0.08% 61.28%       576    2       576     2 300000 java.lang.NullPointerException
  156  0.08% 61.36%       576    3       576     3 300000 java.lang.Boolean
  157  0.08% 61.43%       576   18       576    18 300222 java.io.File
  158  0.08% 61.51%       576    4       576     4 300812 java.text.DecimalFormat
  159  0.07% 61.58%       568    2       568     2 300000 sun.util.locale.BaseLocale$Cache
  160  0.07% 61.66%       568    2       568     2 300000 java.util.Locale$Cache
  161  0.07% 61.73%       568    2       568     2 300000 java.util.BitSet
  162  0.07% 61.81%       568    2       568     2 300000 java.util.Collections$SetFromMap
  163  0.07% 61.88%       568    2       568     2 300000 java.io.File$PathStatus[]
  164  0.07% 61.95%       568    2       568     2 300000 sun.nio.cs.UTF_8
  165  0.07% 62.03%       568    2       568     2 300000 java.util.Collections$UnmodifiableRandomAccessList
  166  0.07% 62.10%       568    2       568     2 300000 java.util.Collections$EmptyMap
  167  0.07% 62.18%       568    2       568     2 300000 java.lang.reflect.ReflectPermission
  168  0.07% 62.25%       568    2       568     2 300018 java.lang.invoke.MethodHandle[]
  169  0.07% 62.33%       568    2       568     2 300023 java.lang.ClassValue$Entry[]
  170  0.07% 62.40%       568    2       568     2 300060 sun.launcher.LauncherHelper[]
  171  0.07% 62.47%       568    2       568     2 300356 java.util.Locale$Category[]
  172  0.07% 62.55%       560    2       560     2 300000 java.security.ProtectionDomain$2
  173  0.07% 62.62%       560    2       560     2 300000 java.security.ProtectionDomain$JavaSecurityAccessImpl
  174  0.07% 62.69%       560    2       560     2 300000 sun.net.www.protocol.file.Handler
  175  0.07% 62.77%       560    2       560     2 300000 java.lang.CharacterDataLatin1
  176  0.07% 62.84%       560    2       560     2 300000 java.nio.charset.CoderResult$2
  177  0.07% 62.91%       560    2       560     2 300000 java.nio.charset.CoderResult$1
  178  0.07% 62.99%       560    2       560     2 300000 java.net.URLClassLoader$7
  179  0.07% 63.06%       560    2       560     2 300000 java.util.WeakHashMap$KeySet
  180  0.07% 63.13%       560    2       560     2 300000 sun.misc.Launcher$Factory
  181  0.07% 63.21%       560    2       560     2 300000 java.lang.System$2
  182  0.07% 63.28%       560    2       560     2 300000 java.lang.Terminator$1
  183  0.07% 63.35%       560    2       560     2 300000 java.nio.Bits$1
  184  0.07% 63.43%       560    2       560     2 300000 java.io.FileDescriptor$1
  185  0.07% 63.50%       560    2       560     2 300000 java.lang.Runtime
  186  0.07% 63.57%       560    2       560     2 300000 java.util.Hashtable$EntrySet
  187  0.07% 63.65%       560    2       560     2 300000 java.lang.reflect.ReflectAccess
  188  0.07% 63.72%       560    2       560     2 300000 java.util.concurrent.atomic.AtomicInteger
  189  0.07% 63.79%       560    2       560     2 300000 java.lang.ref.Reference$1
  190  0.07% 63.86%       560    2       560     2 300000 java.util.Collections$EmptyList
  191  0.07% 63.94%       560    2       560     2 300000 java.util.Collections$EmptySet
  192  0.07% 64.01%       560    2       560     2 300000 java.lang.ref.Reference$Lock
  193  0.07% 64.08%       560    2       560     2 300000 sun.reflect.ReflectionFactory
  194  0.07% 64.16%       560    2       560     2 300000 java.security.cert.Certificate[]
  195  0.07% 64.23%       560    2       560     2 300000 java.lang.String$CaseInsensitiveComparator
  196  0.07% 64.30%       560    2       560     2 300000 java.lang.Throwable[]
  197  0.07% 64.38%       560    2       560     2 300000 java.lang.Class[]
  198  0.07% 64.45%       560    2       560     2 300000 sun.misc.Launcher
  199  0.07% 64.52%       560    2       560     2 300000 sun.misc.Unsafe
  200  0.07% 64.60%       560    2       560     2 300811 java.text.FieldPosition[]
  201  0.07% 64.67%       544    1       544     1 300000 java.lang.SystemClassLoaderAction
  202  0.07% 64.74%       544    1       544     1 300000 sun.misc.Launcher$AppClassLoader$1
  203  0.07% 64.81%       544    1       544     1 300000 java.security.Principal
  204  0.07% 64.88%       544    1       544     1 300000 sun.misc.JavaSecurityProtectionDomainAccess
  205  0.07% 64.95%       544    1       544     1 300000 sun.misc.JavaSecurityAccess
  206  0.07% 65.02%       544    1       544     1 300000 java.net.URL[]
  207  0.07% 65.09%       544    1       544     1 300000 sun.net.util.IPAddressUtil
  208  0.07% 65.17%       544    1       544     1 300000 java.net.URLStreamHandler
  209  0.07% 65.24%       544    1       544     1 300000 java.net.Parts
  210  0.07% 65.31%       544    1       544     1 300000 java.lang.CharacterData
  211  0.07% 65.38%       544    1       544     1 300000 sun.util.locale.LocaleUtils
  212  0.07% 65.45%       544    1       544     1 300000 java.util.concurrent.ConcurrentHashMap$EntrySetView
  213  0.07% 65.52%       544    1       544     1 300000 java.util.concurrent.ConcurrentHashMap$ValuesView
  214  0.07% 65.59%       544    1       544     1 300000 java.util.concurrent.ConcurrentHashMap$KeySetView
  215  0.07% 65.66%       544    1       544     1 300000 java.util.concurrent.ConcurrentHashMap$CollectionView
  216  0.07% 65.73%       544    1       544     1 300000 java.util.concurrent.ConcurrentHashMap$CounterCell[]
  217  0.07% 65.81%       544    1       544     1 300000 java.util.concurrent.ConcurrentHashMap$CounterCell
  218  0.07% 65.88%       544    1       544     1 300000 java.util.concurrent.ConcurrentHashMap$Segment[]
  219  0.07% 65.95%       544    1       544     1 300000 java.util.concurrent.locks.ReentrantLock[]
  220  0.07% 66.02%       544    1       544     1 300000 java.util.concurrent.locks.Lock[]
  221  0.07% 66.09%       544    1       544     1 300000 java.util.concurrent.ConcurrentHashMap$Segment
  222  0.07% 66.16%       544    1       544     1 300000 java.util.concurrent.locks.ReentrantLock
  223  0.07% 66.23%       544    1       544     1 300000 java.util.concurrent.locks.Lock
  224  0.07% 66.30%       544    1       544     1 300000 java.util.concurrent.ConcurrentMap
  225  0.07% 66.37%       544    1       544     1 300000 sun.util.locale.LocaleObjectCache
  226  0.07% 66.45%       544    1       544     1 300000 sun.net.www.ParseUtil
  227  0.07% 66.52%       544    1       544     1 300000 java.io.FileInputStream$1
  228  0.07% 66.59%       544    1       544     1 300000 java.util.HashMap$TreeNode
  229  0.07% 66.66%       544    1       544     1 300000 java.lang.reflect.Array
  230  0.07% 66.73%       544    1       544     1 300000 java.nio.charset.CoderResult$Cache
  231  0.07% 66.80%       544    1       544     1 300000 java.nio.HeapCharBuffer
  232  0.07% 66.87%       544    1       544     1 300000 java.nio.CharBuffer
  233  0.07% 66.94%       544    1       544     1 300000 sun.nio.cs.StreamDecoder
  234  0.07% 67.01%       544    1       544     1 300000 java.io.FileReader
  235  0.07% 67.09%       544    1       544     1 300000 java.io.InputStreamReader
  236  0.07% 67.16%       544    1       544     1 300000 java.io.BufferedReader
  237  0.07% 67.23%       544    1       544     1 300000 java.io.Reader
  238  0.07% 67.30%       544    1       544     1 300000 java.lang.Readable
  239  0.07% 67.37%       544    1       544     1 300000 java.io.File[]
  240  0.07% 67.44%       544    1       544     1 300000 java.util.StringTokenizer
  241  0.07% 67.51%       544    1       544     1 300000 sun.misc.Launcher$ExtClassLoader$1
  242  0.07% 67.58%       544    1       544     1 300000 sun.misc.JavaNetAccess
  243  0.07% 67.65%       544    1       544     1 300000 java.lang.ClassLoader$ParallelLoaders
  244  0.07% 67.73%       544    1       544     1 300000 sun.security.util.Debug
  245  0.07% 67.80%       544    1       544     1 300000 java.net.URLStreamHandlerFactory
  246  0.07% 67.87%       544    1       544     1 300000 java.lang.Compiler$1
  247  0.07% 67.94%       544    1       544     1 300000 java.lang.Compiler
  248  0.07% 68.01%       544    1       544     1 300000 java.lang.IllegalArgumentException
  249  0.07% 68.08%       544    1       544     1 300000 sun.misc.JavaLangAccess
  250  0.07% 68.15%       544    1       544     1 300000 sun.misc.OSEnvironment
  251  0.07% 68.22%       544    1       544     1 300000 java.lang.Number[]
  252  0.07% 68.29%       544    1       544     1 300000 java.lang.Integer$IntegerCache
  253  0.07% 68.37%       544    1       544     1 300000 sun.misc.SignalHandler
  254  0.07% 68.44%       544    1       544     1 300000 java.lang.Terminator
  255  0.07% 68.51%       544    1       544     1 300000 java.lang.Enum[]
  256  0.07% 68.58%       544    1       544     1 300000 java.lang.ClassLoader$3
  257  0.07% 68.65%       544    1       544     1 300000 java.lang.StringCoding$StringEncoder
  258  0.07% 68.72%       544    1       544     1 300000 java.nio.file.Path
  259  0.07% 68.79%       544    1       544     1 300000 java.nio.file.Watchable
  260  0.07% 68.86%       544    1       544     1 300000 java.lang.Enum
  261  0.07% 68.93%       544    1       544     1 300000 java.util.LinkedHashMap
  262  0.07% 69.00%       544    1       544     1 300000 java.io.FileSystem
  263  0.07% 69.08%       544    1       544     1 300000 java.io.DefaultFileSystem
  264  0.07% 69.15%       544    1       544     1 300000 sun.misc.JavaNioAccess
  265  0.07% 69.22%       544    1       544     1 300000 java.nio.Bits
  266  0.07% 69.29%       544    1       544     1 300000 java.nio.ByteBuffer
  267  0.07% 69.36%       544    1       544     1 300000 java.nio.charset.CharsetEncoder
  268  0.07% 69.43%       544    1       544     1 300000 sun.nio.cs.ArrayEncoder
  269  0.07% 69.50%       544    1       544     1 300000 sun.security.action.GetPropertyAction
  270  0.07% 69.57%       544    1       544     1 300000 java.io.Writer
  271  0.07% 69.64%       544    1       544     1 300000 java.io.FilterOutputStream
  272  0.07% 69.72%       544    1       544     1 300000 sun.reflect.misc.ReflectUtil
  273  0.07% 69.79%       544    1       544     1 300000 java.util.concurrent.atomic.AtomicReferenceFieldUpdater$AtomicReferenceFieldUpdaterImpl$1
  274  0.07% 69.86%       544    1       544     1 300000 java.security.PrivilegedExceptionAction
  275  0.07% 69.93%       544    1       544     1 300000 java.util.concurrent.atomic.AtomicReferenceFieldUpdater
  276  0.07% 70.00%       544    1       544     1 300000 java.io.FilterInputStream
  277  0.07% 70.07%       544    1       544     1 300000 java.io.OutputStream
  278  0.07% 70.14%       544    1       544     1 300000 java.io.Flushable
  279  0.07% 70.21%       544    1       544     1 300000 sun.misc.JavaIOFileDescriptorAccess
  280  0.07% 70.28%       544    1       544     1 300000 sun.misc.Version
  281  0.07% 70.36%       544    1       544     1 300000 java.util.Hashtable$Enumerator
  282  0.07% 70.43%       544    1       544     1 300000 java.util.Iterator
  283  0.07% 70.50%       544    1       544     1 300000 java.util.Enumeration
  284  0.07% 70.57%       544    1       544     1 300000 java.util.Objects
  285  0.07% 70.64%       544    1       544     1 300000 java.util.Collections$SynchronizedCollection
  286  0.07% 70.71%       544    1       544     1 300000 sun.nio.cs.UTF_8$Decoder
  287  0.07% 70.78%       544    1       544     1 300000 java.nio.charset.CharsetDecoder
  288  0.07% 70.85%       544    1       544     1 300000 sun.nio.cs.ArrayDecoder
  289  0.07% 70.92%       544    1       544     1 300000 java.lang.StringCoding$StringDecoder
  290  0.07% 71.00%       544    1       544     1 300000 java.lang.ThreadLocal$ThreadLocalMap$Entry[]
  291  0.07% 71.07%       544    1       544     1 300000 java.lang.ref.WeakReference[]
  292  0.07% 71.14%       544    1       544     1 300000 java.lang.ref.Reference[]
  293  0.07% 71.21%       544    1       544     1 300000 java.lang.ThreadLocal$ThreadLocalMap$Entry
  294  0.07% 71.28%       544    1       544     1 300000 java.lang.ThreadLocal$ThreadLocalMap
  295  0.07% 71.35%       544    1       544     1 300000 java.lang.StringCoding
  296  0.07% 71.42%       544    1       544     1 300000 sun.reflect.DelegatingConstructorAccessorImpl
  297  0.07% 71.49%       544    1       544     1 300000 sun.reflect.NativeConstructorAccessorImpl
  298  0.07% 71.56%       544    1       544     1 300000 sun.reflect.ReflectionFactory$1
  299  0.07% 71.64%       544    1       544     1 300000 java.lang.Class$1
  300  0.07% 71.71%       544    1       544     1 300000 java.lang.reflect.Constructor[]
  301  0.07% 71.78%       544    1       544     1 300000 java.lang.reflect.Executable[]
  302  0.07% 71.85%       544    1       544     1 300000 sun.nio.cs.Unicode
  303  0.07% 71.92%       544    1       544     1 300000 sun.nio.cs.HistoricallyNamedCharset
  304  0.07% 71.99%       544    1       544     1 300000 java.util.Arrays
  305  0.07% 72.06%       544    1       544     1 300000 sun.reflect.LangReflectAccess
  306  0.07% 72.13%       544    1       544     1 300000 java.lang.reflect.Modifier
  307  0.07% 72.20%       544    1       544     1 300000 java.lang.ClassValue$ClassValueMap
  308  0.07% 72.28%       544    1       544     1 300000 sun.reflect.annotation.AnnotationType
  309  0.07% 72.35%       544    1       544     1 300000 java.lang.Class$AnnotationData
  310  0.07% 72.42%       544    1       544     1 300000 sun.reflect.generics.repository.ClassRepository
  311  0.07% 72.49%       544    1       544     1 300000 sun.reflect.generics.repository.GenericDeclRepository
  312  0.07% 72.56%       544    1       544     1 300000 sun.reflect.generics.repository.AbstractRepository
  313  0.07% 72.63%       544    1       544     1 300000 java.lang.reflect.Field[]
  314  0.07% 72.70%       544    1       544     1 300000 java.lang.reflect.Member[]
  315  0.07% 72.77%       544    1       544     1 300000 java.lang.reflect.AccessibleObject[]
  316  0.07% 72.84%       544    1       544     1 300000 java.lang.Class$Atomic
  317  0.07% 72.92%       544    1       544     1 300000 java.lang.Class$ReflectionData
  318  0.07% 72.99%       544    1       544     1 300000 java.lang.Class$3
  319  0.07% 73.06%       544    1       544     1 300000 sun.util.PreHashedMap
  320  0.07% 73.13%       544    1       544     1 300000 sun.nio.cs.FastCharsetProvider
  321  0.07% 73.20%       544    1       544     1 300000 java.nio.charset.spi.CharsetProvider
  322  0.07% 73.27%       544    1       544     1 300000 java.nio.charset.Charset
  323  0.07% 73.34%       544    1       544     1 300000 java.lang.Math
  324  0.07% 73.41%       544    1       544     1 300000 sun.misc.VM
  325  0.07% 73.48%       544    1       544     1 300000 java.util.Map$Entry[]
  326  0.07% 73.56%       544    1       544     1 300000 java.util.Map$Entry
  327  0.07% 73.63%       544    1       544     1 300000 sun.reflect.Reflection
  328  0.07% 73.70%       544    1       544     1 300000 java.lang.CharSequence[]
  329  0.07% 73.77%       544    1       544     1 300000 java.lang.NoSuchMethodError
  330  0.07% 73.84%       544    1       544     1 300000 java.lang.IncompatibleClassChangeError
  331  0.07% 73.91%       544    1       544     1 300000 sun.misc.SharedSecrets
  332  0.07% 73.98%       544    1       544     1 300000 sun.misc.JavaLangRefAccess
  333  0.07% 74.05%       544    1       544     1 300000 java.lang.Runnable[]
  334  0.07% 74.12%       544    1       544     1 300000 java.util.Collections$UnmodifiableList
  335  0.07% 74.20%       544    1       544     1 300000 java.util.Collections$UnmodifiableCollection
  336  0.07% 74.27%       544    1       544     1 300000 java.util.AbstractMap
  337  0.07% 74.34%       544    1       544     1 300000 java.util.AbstractSet
  338  0.07% 74.41%       544    1       544     1 300000 java.util.Set
  339  0.07% 74.48%       544    1       544     1 300000 java.util.Collections
  340  0.07% 74.55%       544    1       544     1 300000 java.lang.InterruptedException
  341  0.07% 74.62%       544    1       544     1 300000 java.util.AbstractList
  342  0.07% 74.69%       544    1       544     1 300000 java.util.AbstractCollection
  343  0.07% 74.76%       544    1       544     1 300000 java.util.RandomAccess
  344  0.07% 74.84%       544    1       544     1 300000 java.util.List
  345  0.07% 74.91%       544    1       544     1 300000 java.util.Collection
  346  0.07% 74.98%       544    1       544     1 300000 java.lang.Iterable
  347  0.07% 75.05%       544    1       544     1 300000 java.security.cert.Certificate
  348  0.07% 75.12%       544    1       544     1 300000 sun.reflect.ReflectionFactory$GetReflectionFactoryAction
  349  0.07% 75.19%       544    1       544     1 300000 java.security.PrivilegedAction
  350  0.07% 75.26%       544    1       544     1 300000 java.security.AccessController
  351  0.07% 75.33%       544    1       544     1 300000 java.security.BasicPermission
  352  0.07% 75.40%       544    1       544     1 300000 java.security.Permission
  353  0.07% 75.48%       544    1       544     1 300000 java.security.Guard
  354  0.07% 75.55%       544    1       544     1 300000 java.lang.Thread$UncaughtExceptionHandler[]
  355  0.07% 75.62%       544    1       544     1 300000 com.sun.demo.jvmti.hprof.Tracker
  356  0.07% 75.69%       544    1       544     1 300000 java.util.Comparator
  357  0.07% 75.76%       544    1       544     1 300000 java.lang.Comparable[]
  358  0.07% 75.83%       544    1       544     1 300000 java.lang.VirtualMachineError[]
  359  0.07% 75.90%       544    1       544     1 300000 java.lang.Error[]
  360  0.07% 75.97%       544    1       544     1 300000 java.io.Serializable[]
  361  0.07% 76.04%       544    1       544     1 300000 java.lang.reflect.GenericDeclaration[]
  362  0.07% 76.12%       544    1       544     1 300000 java.lang.reflect.AnnotatedElement[]
  363  0.07% 76.19%       544    1       544     1 300000 java.lang.reflect.Type[]
  364  0.07% 76.26%       544    1       544     1 300000 java.lang.Long
  365  0.07% 76.33%       544    1       544     1 300000 java.lang.Short
  366  0.07% 76.40%       544    1       544     1 300000 java.lang.Byte
  367  0.07% 76.47%       544    1       544     1 300000 java.lang.Double
  368  0.07% 76.54%       544    1       544     1 300000 java.lang.Float
  369  0.07% 76.61%       544    1       544     1 300000 java.lang.Number
  370  0.07% 76.68%       544    1       544     1 300000 java.lang.Character
  371  0.07% 76.76%       544    1       544     1 300000 java.nio.Buffer
  372  0.07% 76.83%       544    1       544     1 300000 java.lang.StackTraceElement
  373  0.07% 76.90%       544    1       544     1 300000 java.util.jar.Manifest
  374  0.07% 76.97%       544    1       544     1 300000 java.net.URLClassLoader
  375  0.07% 77.04%       544    1       544     1 300000 java.io.ByteArrayInputStream
  376  0.07% 77.11%       544    1       544     1 300000 java.io.InputStream
  377  0.07% 77.18%       544    1       544     1 300000 java.io.Closeable
  378  0.07% 77.25%       544    1       544     1 300000 java.lang.AutoCloseable
  379  0.07% 77.32%       544    1       544     1 300000 java.lang.StringBuilder
  380  0.07% 77.39%       544    1       544     1 300000 java.lang.StringBuffer
  381  0.07% 77.47%       544    1       544     1 300000 java.lang.AbstractStringBuilder
  382  0.07% 77.54%       544    1       544     1 300000 java.lang.Appendable
  383  0.07% 77.61%       544    1       544     1 300000 java.lang.invoke.VolatileCallSite
  384  0.07% 77.68%       544    1       544     1 300000 java.lang.invoke.MutableCallSite
  385  0.07% 77.75%       544    1       544     1 300000 java.lang.invoke.ConstantCallSite
  386  0.07% 77.82%       544    1       544     1 300000 java.lang.invoke.CallSite
  387  0.07% 77.89%       544    1       544     1 300000 java.lang.BootstrapMethodError
  388  0.07% 77.96%       544    1       544     1 300000 java.lang.invoke.MethodType
  389  0.07% 78.03%       544    1       544     1 300000 java.lang.invoke.LambdaForm
  390  0.07% 78.11%       544    1       544     1 300000 java.lang.invoke.MethodHandleNatives
  391  0.07% 78.18%       544    1       544     1 300000 java.lang.invoke.MemberName
  392  0.07% 78.25%       544    1       544     1 300000 java.lang.invoke.DirectMethodHandle
  393  0.07% 78.32%       544    1       544     1 300000 java.lang.invoke.MethodHandle
  394  0.07% 78.39%       544    1       544     1 300000 sun.reflect.CallerSensitive
  395  0.07% 78.46%       544    1       544     1 300000 java.lang.annotation.Annotation
  396  0.07% 78.53%       544    1       544     1 300000 sun.reflect.UnsafeStaticFieldAccessorImpl
  397  0.07% 78.60%       544    1       544     1 300000 sun.reflect.UnsafeFieldAccessorImpl
  398  0.07% 78.67%       544    1       544     1 300000 sun.reflect.FieldAccessorImpl
  399  0.07% 78.75%       544    1       544     1 300000 sun.reflect.FieldAccessor
  400  0.07% 78.82%       544    1       544     1 300000 sun.reflect.ConstantPool
  401  0.07% 78.89%       544    1       544     1 300000 sun.reflect.DelegatingClassLoader
  402  0.07% 78.96%       544    1       544     1 300000 sun.reflect.ConstructorAccessorImpl
  403  0.07% 79.03%       544    1       544     1 300000 sun.reflect.ConstructorAccessor
  404  0.07% 79.10%       544    1       544     1 300000 sun.reflect.MethodAccessorImpl
  405  0.07% 79.17%       544    1       544     1 300000 sun.reflect.MethodAccessor
  406  0.07% 79.24%       544    1       544     1 300000 sun.reflect.MagicAccessorImpl
  407  0.07% 79.31%       544    1       544     1 300000 java.lang.reflect.Constructor
  408  0.07% 79.39%       544    1       544     1 300000 java.lang.reflect.Method
  409  0.07% 79.46%       544    1       544     1 300000 java.lang.reflect.Executable
  410  0.07% 79.53%       544    1       544     1 300000 java.lang.reflect.Parameter
  411  0.07% 79.60%       544    1       544     1 300000 java.lang.reflect.Field
  412  0.07% 79.67%       544    1       544     1 300000 java.lang.reflect.Member
  413  0.07% 79.74%       544    1       544     1 300000 java.lang.reflect.AccessibleObject
  414  0.07% 79.81%       544    1       544     1 300000 java.util.Dictionary
  415  0.07% 79.88%       544    1       544     1 300000 java.util.Map
  416  0.07% 79.95%       544    1       544     1 300000 java.lang.Thread$UncaughtExceptionHandler
  417  0.07% 80.03%       544    1       544     1 300000 java.lang.Runnable
  418  0.07% 80.10%       544    1       544     1 300000 sun.misc.Cleaner
  419  0.07% 80.17%       544    1       544     1 300000 java.lang.ref.PhantomReference
  420  0.07% 80.24%       544    1       544     1 300000 java.lang.ref.FinalReference
  421  0.07% 80.31%       544    1       544     1 300000 java.lang.ref.WeakReference
  422  0.07% 80.38%       544    1       544     1 300000 java.lang.ref.Reference
  423  0.07% 80.45%       544    1       544     1 300000 java.lang.IllegalMonitorStateException
  424  0.07% 80.52%       544    1       544     1 300000 java.lang.StackOverflowError
  425  0.07% 80.59%       544    1       544     1 300000 java.lang.ArrayStoreException
  426  0.07% 80.67%       544    1       544     1 300000 java.lang.ClassCastException
  427  0.07% 80.74%       544    1       544     1 300000 java.lang.NoClassDefFoundError
  428  0.07% 80.81%       544    1       544     1 300000 java.lang.LinkageError
  429  0.07% 80.88%       544    1       544     1 300000 java.lang.ClassNotFoundException
  430  0.07% 80.95%       544    1       544     1 300000 java.lang.ReflectiveOperationException
  431  0.07% 81.02%       544    1       544     1 300000 java.security.SecureClassLoader
  432  0.07% 81.09%       544    1       544     1 300000 java.lang.SecurityManager
  433  0.07% 81.16%       544    1       544     1 300000 java.lang.RuntimeException
  434  0.07% 81.23%       544    1       544     1 300000 java.lang.Exception
  435  0.07% 81.31%       544    1       544     1 300000 java.lang.ThreadDeath
  436  0.07% 81.38%       544    1       544     1 300000 java.lang.Error
  437  0.07% 81.45%       544    1       544     1 300000 java.lang.Throwable
  438  0.07% 81.52%       544    1       544     1 300000 java.lang.System
  439  0.07% 81.59%       544    1       544     1 300000 java.lang.ClassLoader
  440  0.07% 81.66%       544    1       544     1 300000 java.lang.Cloneable
  441  0.07% 81.73%       544    1       544     1 300000 java.lang.reflect.Type
  442  0.07% 81.80%       544    1       544     1 300000 java.lang.reflect.GenericDeclaration
  443  0.07% 81.87%       544    1       544     1 300000 java.lang.reflect.AnnotatedElement
  444  0.07% 81.95%       544    1       544     1 300000 java.lang.CharSequence
  445  0.07% 82.02%       544    1       544     1 300000 java.lang.Comparable
  446  0.07% 82.09%       544    1       544     1 300000 java.io.Serializable
  447  0.07% 82.16%       544    1       544     1 300000 short[]
  448  0.07% 82.23%       544    1       544     1 300000 double[]
  449  0.07% 82.30%       544    1       544     1 300000 float[]
  450  0.07% 82.37%       544    1       544     1 300000 boolean[]
  451  0.07% 82.44%       544    1       544     1 300003 java.lang.invoke.MethodHandleImpl
  452  0.07% 82.51%       544    1       544     1 300006 java.lang.invoke.MethodHandleImpl$1
  453  0.07% 82.59%       544    1       544     1 300014 java.util.function.Function
  454  0.07% 82.66%       544    1       544     1 300014 java.lang.invoke.MethodHandleImpl$2
  455  0.07% 82.73%       544    1       544     1 300016 java.lang.invoke.MethodHandleImpl$3
  456  0.07% 82.80%       544    1       544     1 300021 java.lang.ClassValue
  457  0.07% 82.87%       544    1       544     1 300021 java.lang.invoke.MethodHandleImpl$4
  458  0.07% 82.94%       544    1       544     1 300022 java.lang.ClassValue$Entry
  459  0.07% 83.01%       544    1       544     1 300027 java.lang.ClassValue$Identity
  460  0.07% 83.08%       544    1       544     1 300029 java.lang.ClassValue$Version
  461  0.07% 83.15%       544    1       544     1 300033 java.lang.invoke.MemberName$Factory
  462  0.07% 83.23%       544    1       544     1 300035 java.lang.invoke.MethodHandleStatics
  463  0.07% 83.30%       544    1       544     1 300037 java.lang.invoke.MethodHandleStatics$1
  464  0.07% 83.37%       544    1       544     1 300000 sun.misc.PostVMInitHook
  465  0.07% 83.44%       544    1       544     1 300050 sun.misc.PostVMInitHook$1
  466  0.07% 83.51%       544    1       544     1 300000 sun.launcher.LauncherHelper
  467  0.07% 83.58%       544    1       544     1 300064 sun.launcher.LauncherHelper$ResourceBundleHolder
  468  0.07% 83.65%       544    1       544     1 300065 java.util.ResourceBundle
  469  0.07% 83.72%       544    1       544     1 300066 java.util.ResourceBundle$1
  470  0.07% 83.79%       544    1       544     1 300071 java.util.spi.ResourceBundleControlProvider
  471  0.07% 83.87%       544    1       544     1 300072 java.util.ServiceLoader
  472  0.07% 83.94%       544    1       544     1 300075 java.util.ServiceLoader$LazyIterator
  473  0.07% 84.01%       544    1       544     1 300077 java.util.ServiceLoader$1
  474  0.07% 84.08%       544    1       544     1 300079 java.util.LinkedHashMap$LinkedEntrySet
  475  0.07% 84.15%       544    1       544     1 300081 java.util.LinkedHashMap$LinkedHashIterator
  476  0.07% 84.22%       544    1       544     1 300081 java.util.LinkedHashMap$LinkedEntryIterator
  477  0.07% 84.29%       544    1       544     1 300088 sun.misc.Launcher$BootClassPathHolder
  478  0.07% 84.36%       544    1       544     1 300089 sun.misc.Launcher$BootClassPathHolder$1
  479  0.07% 84.43%       544    1       544     1 300182 sun.misc.URLClassPath$2
  480  0.07% 84.51%       544    1       544     1 300184 java.lang.ClassLoader$2
  481  0.07% 84.58%       544    1       544     1 300186 sun.misc.URLClassPath$1
  482  0.07% 84.65%       544    1       544     1 300188 java.net.URLClassLoader$3
  483  0.07% 84.72%       544    1       544     1 300190 sun.misc.CompoundEnumeration
  484  0.07% 84.79%       544    1       544     1 300192 sun.net.util.URLUtil
  485  0.07% 84.86%       544    1       544     1 300197 sun.misc.URLClassPath$3
  486  0.07% 84.93%       544    1       544     1 300199 sun.misc.URLClassPath$Loader
  487  0.07% 85.00%       544    1       544     1 300199 sun.misc.URLClassPath$JarLoader
  488  0.07% 85.07%       544    1       544     1 300200 java.util.zip.ZipConstants
  489  0.07% 85.15%       544    1       544     1 300200 java.util.zip.ZipFile
  490  0.07% 85.22%       544    1       544     1 300201 sun.misc.JavaUtilZipFileAccess
  491  0.07% 85.29%       544    1       544     1 300201 java.util.zip.ZipFile$1
  492  0.07% 85.36%       544    1       544     1 300224 sun.misc.URLClassPath$JarLoader$1
  493  0.07% 85.43%       544    1       544     1 300226 sun.misc.FileURLMapper
  494  0.07% 85.50%       544    1       544     1 300229 java.io.IOException
  495  0.07% 85.57%       544    1       544     1 300229 java.io.FileNotFoundException
  496  0.07% 85.64%       544    1       544     1 300231 java.security.PrivilegedActionException
  497  0.07% 85.71%       544    1       544     1 300233 java.net.URLClassLoader$3$1
  498  0.07% 85.78%       544    1       544     1 300235 java.util.ResourceBundle$RBClassLoader
  499  0.07% 85.86%       544    1       544     1 300236 java.util.ResourceBundle$RBClassLoader$1
  500  0.07% 85.93%       544    1       544     1 300250 java.util.ResourceBundle$Control
  501  0.07% 86.00%       544    1       544     1 300252 java.util.Arrays$ArrayList
  502  0.07% 86.07%       544    1       544     1 300258 java.util.ResourceBundle$Control$CandidateListCache
  503  0.07% 86.14%       544    1       544     1 300263 java.util.ResourceBundle$CacheKey
  504  0.07% 86.21%       544    1       544     1 300265 java.util.ResourceBundle$CacheKeyReference
  505  0.07% 86.28%       544    1       544     1 300265 java.util.ResourceBundle$LoaderReference
  506  0.07% 86.35%       544    1       544     1 300267 java.util.Queue
  507  0.07% 86.42%       544    1       544     1 300267 java.util.Deque
  508  0.07% 86.50%       544    1       544     1 300267 java.util.AbstractSequentialList
  509  0.07% 86.57%       544    1       544     1 300267 java.util.LinkedList
  510  0.07% 86.64%       544    1       544     1 300275 java.util.LinkedList$Node
  511  0.07% 86.71%       544    1       544     1 300288 java.util.ListResourceBundle
  512  0.07% 86.78%       544    1       544     1 300288 sun.launcher.resources.launcher
  513  0.07% 86.85%       544    1       544     1 300296 java.util.ResourceBundle$BundleReference
  514  0.07% 86.92%       544    1       544     1 300304 java.net.URLClassLoader$1
  515  0.07% 86.99%       544    1       544     1 300317 java.util.ResourceBundle$Control$1
  516  0.07% 87.06%       544    1       544     1 300319 java.net.URLClassLoader$2
  517  0.07% 87.14%       544    1       544     1 300344 java.text.Format
  518  0.07% 87.21%       544    1       544     1 300344 java.text.MessageFormat
  519  0.07% 87.28%       544    1       544     1 300353 java.util.Locale$Category
  520  0.07% 87.35%       544    1       544     1 300357 java.util.Locale$1
  521  0.07% 87.42%       544    1       544     1 300375 java.text.FieldPosition
  522  0.07% 87.49%       544    1       544     1 300379 java.util.Date
  523  0.07% 87.56%       544    1       544     1 300380 java.text.AttributedCharacterIterator$Attribute
  524  0.07% 87.63%       544    1       544     1 300380 java.text.Format$Field
  525  0.07% 87.70%       544    1       544     1 300380 java.text.MessageFormat$Field
  526  0.07% 87.78%       544    1       544     1 300396 java.text.NumberFormat
  527  0.07% 87.85%       544    1       544     1 300397 java.util.spi.LocaleServiceProvider
  528  0.07% 87.92%       544    1       544     1 300397 java.text.spi.NumberFormatProvider
  529  0.07% 87.99%       544    1       544     1 300398 sun.util.locale.provider.LocaleProviderAdapter
  530  0.07% 88.06%       544    1       544     1 300399 sun.util.locale.provider.ResourceBundleBasedAdapter
  531  0.07% 88.13%       544    1       544     1 300399 sun.util.locale.provider.JRELocaleProviderAdapter
  532  0.07% 88.20%       544    1       544     1 300403 sun.util.locale.provider.AuxLocaleProviderAdapter
  533  0.07% 88.27%       544    1       544     1 300403 sun.util.locale.provider.SPILocaleProviderAdapter
  534  0.07% 88.34%       544    1       544     1 300404 sun.util.locale.provider.AuxLocaleProviderAdapter$NullProvider
  535  0.07% 88.42%       544    1       544     1 300411 sun.util.locale.provider.LocaleProviderAdapter$Type
  536  0.07% 88.49%       544    1       544     1 300421 java.util.Collections$UnmodifiableCollection$1
  537  0.07% 88.56%       544    1       544     1 300423 java.util.ArrayList$Itr
  538  0.07% 88.63%       544    1       544     1 300425 sun.util.locale.provider.LocaleProviderAdapter$1
  539  0.07% 88.70%       544    1       544     1 300429 sun.util.locale.provider.AvailableLanguageTags
  540  0.07% 88.77%       544    1       544     1 300429 sun.util.locale.provider.NumberFormatProviderImpl
  541  0.07% 88.84%       544    1       544     1 300430 sun.util.locale.provider.LocaleDataMetaInfo
  542  0.07% 88.91%       544    1       544     1 300445 sun.util.locale.provider.JRELocaleProviderAdapter$1
  543  0.07% 88.98%       544    1       544     1 300451 sun.util.locale.LanguageTag
  544  0.07% 89.06%       544    1       544     1 300488 java.util.Collections$EmptyIterator
  545  0.07% 89.13%       544    1       544     1 300494 sun.util.locale.provider.LocaleResources
  546  0.07% 89.20%       544    1       544     1 300500 sun.util.resources.LocaleData
  547  0.07% 89.27%       544    1       544     1 300508 sun.util.resources.LocaleData$1
  548  0.07% 89.34%       544    1       544     1 300510 sun.util.resources.LocaleData$LocaleDataResourceBundleControl
  549  0.07% 89.41%       544    1       544     1 300513 java.util.ResourceBundle$SingleFormatControl
  550  0.07% 89.48%       544    1       544     1 300288 sun.util.resources.ParallelListResourceBundle
  551  0.07% 89.55%       544    1       544     1 300288 sun.text.resources.FormatData
  552  0.07% 89.62%       544    1       544     1 300519 java.util.concurrent.atomic.AtomicMarkableReference
  553  0.07% 89.70%       544    1       544     1 300520 java.util.concurrent.atomic.AtomicMarkableReference$Pair
  554  0.07% 89.77%       544    1       544     1 300288 sun.text.resources.en.FormatData_en
  555  0.07% 89.84%       544    1       544     1 300288 sun.text.resources.en.FormatData_en_US
  556  0.07% 89.91%       544    1       544     1 300544 sun.util.locale.provider.LocaleResources$ResourceReference
  557  0.07% 89.98%       544    1       544     1 300548 java.text.DecimalFormatSymbols
  558  0.07% 90.05%       544    1       544     1 300549 java.text.spi.DecimalFormatSymbolsProvider
  559  0.07% 90.12%       544    1       544     1 300551 sun.util.locale.provider.DecimalFormatSymbolsProviderImpl
  560  0.07% 90.19%       544    1       544     1 300559 sun.util.resources.ParallelListResourceBundle$KeySet
  561  0.07% 90.26%       544    1       544     1 300699 java.util.concurrent.ConcurrentHashMap$ForwardingNode
  562  0.07% 90.34%       544    1       544     1 300709 java.util.Currency
  563  0.07% 90.41%       544    1       544     1 300711 java.util.Currency$1
  564  0.07% 90.48%       544    1       544     1 300717 java.io.DataInput
  565  0.07% 90.55%       544    1       544     1 300717 java.io.DataInputStream
  566  0.07% 90.62%       544    1       544     1 300756 java.util.spi.CurrencyNameProvider
  567  0.07% 90.69%       544    1       544     1 300757 sun.util.locale.provider.LocaleServiceProviderPool
  568  0.07% 90.76%       544    1       544     1 300760 java.text.spi.BreakIteratorProvider
  569  0.07% 90.83%       544    1       544     1 300761 java.text.spi.CollatorProvider
  570  0.07% 90.90%       544    1       544     1 300762 java.text.spi.DateFormatProvider
  571  0.07% 90.98%       544    1       544     1 300763 java.text.spi.DateFormatSymbolsProvider
  572  0.07% 91.05%       544    1       544     1 300764 java.util.spi.LocaleNameProvider
  573  0.07% 91.12%       544    1       544     1 300765 java.util.spi.TimeZoneNameProvider
  574  0.07% 91.19%       544    1       544     1 300766 java.util.spi.CalendarDataProvider
  575  0.07% 91.26%       544    1       544     1 300771 sun.util.locale.provider.CurrencyNameProviderImpl
  576  0.07% 91.33%       544    1       544     1 300775 sun.util.locale.provider.SPILocaleProviderAdapter$1
  577  0.07% 91.40%       544    1       544     1 300783 sun.util.locale.provider.LocaleServiceProviderPool$LocalizedObjectGetter
  578  0.07% 91.47%       544    1       544     1 300783 java.util.Currency$CurrencyNameGetter
  579  0.07% 91.54%       544    1       544     1 300288 sun.util.resources.OpenListResourceBundle
  580  0.07% 91.62%       544    1       544     1 300288 sun.util.resources.LocaleNamesBundle
  581  0.07% 91.69%       544    1       544     1 300288 sun.util.resources.CurrencyNames
  582  0.07% 91.76%       544    1       544     1 300288 sun.util.resources.en.CurrencyNames_en_US
  583  0.07% 91.83%       544    1       544     1 300806 java.util.HashMap$KeySet
  584  0.07% 91.90%       544    1       544     1 300810 java.text.DecimalFormat
  585  0.07% 91.97%       544    1       544     1 300813 java.text.DigitList
  586  0.07% 92.04%       544    1       544     1 300817 java.math.RoundingMode
  587  0.07% 92.11%       544    1       544     1 300852 java.text.Format$FieldDelegate
  588  0.07% 92.18%       544    1       544     1 300852 java.text.FieldPosition$Delegate
  589  0.07% 92.26%       544    1       544     1 300854 java.text.NumberFormat$Field
  590  0.07% 92.33%       544    1       544     1 300000 java.lang.Shutdown
  591  0.07% 92.40%       544    1       544     1 300897 java.lang.Shutdown$Lock
  592  0.07% 92.47%       544    1       544     1 300000 java.io.Serializable[][]
  593  0.07% 92.54%       544    1       544     1 300000 java.lang.Comparable[][]
  594  0.07% 92.61%       544    1       544     1 300000 java.lang.CharSequence[][]
  595  0.07% 92.68%       544    1       544     1 300000 java.lang.AbstractStringBuilder[]
  596  0.07% 92.75%       544    1       544     1 300000 java.lang.Appendable[]
  597  0.07% 92.82%       544    1       544     1 300000 java.lang.Cloneable[]
  598  0.07% 92.89%       512    8       512     8 300157 java.net.URL
  599  0.07% 92.96%       512   16       512    16 300284 java.util.ResourceBundle$LoaderReference
  600  0.06% 93.02%       480    6       480     6 300291 java.lang.reflect.Constructor
  601  0.06% 93.08%       480   10       480    10 300367 char[]
  602  0.06% 93.15%       480   20       480    20 300369 java.lang.String
  603  0.06% 93.20%       448    3       448     3 300126 byte[]
  604  0.06% 93.26%       448    4       448     4 300301 char[]
  605  0.06% 93.32%       448    8       448     8 300000 java.util.ResourceBundle$CacheKey
  606  0.06% 93.38%       432   18       432    18 300193 java.lang.StringBuilder
  607  0.06% 93.43%       432   18       432    18 300195 java.lang.String
  608  0.06% 93.49%       432   18       432    18 300198 sun.misc.URLClassPath$3
  609  0.06% 93.55%       432   18       432    18 300203 java.lang.StringBuilder
  610  0.06% 93.60%       432   18       432    18 300213 java.lang.StringBuffer
  611  0.06% 93.66%       432   18       432    18 300216 java.lang.String
  612  0.06% 93.72%       432   18       432    18 300217 java.lang.String
  613  0.06% 93.77%       432   18       432    18 300220 java.net.Parts
  614  0.05% 93.83%       416    2       416     2 300484 java.util.HashMap$Node[]
  615  0.05% 93.88%       384    8       384     8 300107 char[]
  616  0.05% 93.93%       384    8       384     8 300297 java.util.ResourceBundle$BundleReference
  617  0.05% 93.98%       384    8       384     8 300828 char[]
  618  0.05% 94.03%       384    8       384     8 300830 char[]
  619  0.04% 94.07%       344    3       344     3 300532 char[]
  620  0.04% 94.12%       336    2       336     2 300115 byte[]
  621  0.04% 94.16%       336    6       336     6 300290 java.lang.Class$ReflectionData
  622  0.04% 94.21%       336    7       336     7 300365 char[]
  623  0.04% 94.25%       336    7       336     7 300374 char[]
  624  0.04% 94.29%       320    8       320     8 300040 java.lang.ref.SoftReference
  625  0.04% 94.33%       320    3       320     3 300128 char[]
  626  0.04% 94.37%       320   10       320    10 300368 java.lang.String[]
  627  0.04% 94.42%       320    1       320     1 300741 int[]
  628  0.04% 94.46%       320    1       320     1 300742 int[]
  629  0.04% 94.50%       288    6       288     6 300162 char[]
  630  0.04% 94.53%       288    6       288     6 300166 char[]
  631  0.04% 94.57%       288    1       288     1 300573 java.lang.Object[][]
  632  0.04% 94.61%       288    9       288     9 300701 java.util.concurrent.ConcurrentHashMap$Node
  633  0.04% 94.65%       280    7       280     7 300349 java.text.MessageFormat
  634  0.04% 94.68%       272    7       272     7 300139 char[]
  635  0.04% 94.72%       272    1       272     1 300298 java.util.concurrent.ConcurrentHashMap$Node[]
  636  0.03% 94.75%       264    2       264     2 300086 char[]
  637  0.03% 94.78%       256    8       256     8 300102 java.io.File
  638  0.03% 94.82%       256    8       256     8 300152 java.io.File
  639  0.03% 94.85%       256    8       256     8 300299 java.util.concurrent.ConcurrentHashMap$Node
  640  0.03% 94.88%       256    4       256     4 300553 java.text.DecimalFormatSymbols
  641  0.03% 94.92%       248    3       248     3 300530 char[]
  642  0.03% 94.95%       240    3       240     3 300103 java.util.HashMap$Node[]
  643  0.03% 94.98%       240   10       240    10 300366 java.lang.StringBuilder
  644  0.03% 95.01%       240    3       240     3 300542 java.util.concurrent.ConcurrentHashMap$Node[]
  645  0.03% 95.04%       224    7       224     7 300094 java.io.File
  646  0.03% 95.07%       224    2       224     2 300312 char[]
  647  0.03% 95.10%       224    2       224     2 300316 char[]
  648  0.03% 95.13%       224    7       224     7 300376 java.text.FieldPosition
  649  0.03% 95.16%       224    7       224     7 300702 java.util.concurrent.ConcurrentHashMap$Node
  650  0.03% 95.19%       224    4       224     4 300750 char[]
  651  0.03% 95.22%       224    4       224     4 300816 char[]
  652  0.03% 95.24%       216    9       216     9 300124 java.lang.String
  653  0.03% 95.27%       216    6       216     6 300160 char[]
  654  0.03% 95.30%       216    9       216     9 300377 java.lang.String
  655  0.03% 95.33%       200    5       200     5 300130 java.util.LinkedHashMap$Entry
  656  0.03% 95.35%       200    5       200     5 300170 java.util.LinkedHashMap$Entry
  657  0.03% 95.38%       200    2       200     2 300308 char[]
  658  0.03% 95.40%       192    8       192     8 300100 java.lang.String
  659  0.03% 95.43%       192    8       192     8 300106 java.lang.StringBuilder
  660  0.03% 95.45%       192    8       192     8 300109 java.lang.String
  661  0.03% 95.48%       192    4       192     4 300134 java.nio.HeapCharBuffer
  662  0.03% 95.50%       192    8       192     8 300155 java.lang.String
  663  0.03% 95.53%       192    8       192     8 300158 java.net.Parts
  664  0.03% 95.56%       192    6       192     6 300287 java.util.concurrent.ConcurrentHashMap$Node
  665  0.03% 95.58%       192    8       192     8 300827 java.lang.StringBuffer
  666  0.03% 95.61%       192    8       192     8 300829 java.lang.StringBuffer
  667  0.03% 95.63%       192    4       192     4 300840 char[]
  668  0.03% 95.66%       192    4       192     4 300850 char[]
  669  0.02% 95.68%       184    2       184     2 300306 char[]
  670  0.02% 95.70%       184    2       184     2 300313 char[]
  671  0.02% 95.73%       184    3       184     3 300428 char[]
  672  0.02% 95.75%       176    1       176     1 300726 char[]
  673  0.02% 95.77%       168    1       168     1 300049 char[]
  674  0.02% 95.79%       168    7       168     7 300092 java.lang.String
  675  0.02% 95.82%       168    7       168     7 300138 java.lang.String
  676  0.02% 95.84%       168    7       168     7 300364 java.lang.StringBuilder
  677  0.02% 95.86%       168    7       168     7 300371 java.lang.String
  678  0.02% 95.88%       168    7       168     7 300373 java.lang.StringBuffer
  679  0.02% 95.90%       168    7       168     7 300391 java.lang.String
  680  0.02% 95.93%       168    3       168     3 300512 java.util.ResourceBundle$CacheKey
  681  0.02% 95.95%       168    3       168     3 300526 char[]
  682  0.02% 95.97%       168    1       168     1 300889 char[]
  683  0.02% 95.99%       160    5       160     5 300141 java.io.File
  684  0.02% 96.01%       160    2       160     2 300223 java.util.HashMap$Node[]
  685  0.02% 96.03%       160    4       160     4 300232 java.security.PrivilegedActionException
  686  0.02% 96.05%       160    4       160     4 300481 char[]
  687  0.02% 96.07%       160    4       160     4 300483 char[]
  688  0.02% 96.10%       160    2       160     2 300492 java.util.concurrent.ConcurrentHashMap$Node[]
  689  0.02% 96.12%       160    2       160     2 300507 char[]
  690  0.02% 96.14%       160    4       160     4 300815 java.text.DigitList
  691  0.02% 96.16%       144    2       144     2 300041 java.lang.reflect.Field
  692  0.02% 96.18%       144    1       144     1 300145 java.util.HashMap$Node[]
  693  0.02% 96.19%       144    6       144     6 300159 java.lang.String
  694  0.02% 96.21%       144    6       144     6 300161 java.lang.StringBuilder
  695  0.02% 96.23%       144    6       144     6 300163 java.lang.String
  696  0.02% 96.25%       144    6       144     6 300165 java.lang.StringBuilder
  697  0.02% 96.27%       144    6       144     6 300167 java.lang.String
  698  0.02% 96.29%       144    6       144     6 300169 java.io.ExpiringCache$Entry
  699  0.02% 96.31%       144    3       144     3 300208 char[]
  700  0.02% 96.33%       144    1       144     1 300280 java.util.concurrent.ConcurrentHashMap$Node[]
  701  0.02% 96.34%       144    6       144     6 300292 java.lang.Class$1
  702  0.02% 96.36%       144    6       144     6 300293 sun.reflect.NativeConstructorAccessorImpl
  703  0.02% 96.38%       144    1       144     1 300343 java.util.HashMap$Node[]
  704  0.02% 96.40%       144    6       144     6 300388 java.lang.String
  705  0.02% 96.42%       144    3       144     3 300524 char[]
  706  0.02% 96.44%       136    1       136     1 300729 long[]
  707  0.02% 96.46%       136    1       136     1 300747 char[]
  708  0.02% 96.47%       128    4       128     4 300266 java.util.ResourceBundle$LoaderReference
  709  0.02% 96.49%       128    8       128     8 300285 java.lang.Object
  710  0.02% 96.51%       128    1       128     1 300443 char[]
  711  0.02% 96.52%       128    3       128     3 300528 char[]
  712  0.02% 96.54%       128    2       128     2 300562 java.util.concurrent.ConcurrentHashMap
  713  0.02% 96.56%       128    4       128     4 300851 java.text.FieldPosition
  714  0.02% 96.57%       120    5       120     5 300142 sun.misc.MetaIndex
  715  0.02% 96.59%       120    3       120     3 300269 sun.util.locale.BaseLocale$Key
  716  0.02% 96.60%       120    3       120     3 300270 java.lang.ref.SoftReference
  717  0.02% 96.62%       120    3       120     3 300271 java.lang.ref.SoftReference
  718  0.02% 96.63%       120    3       120     3 300272 java.lang.ref.SoftReference
  719  0.02% 96.65%       120    3       120     3 300273 java.lang.ref.SoftReference
  720  0.02% 96.67%       120    1       120     1 300716 char[]
  721  0.01% 96.68%       112    2       112     2 300039 java.lang.Class$ReflectionData
  722  0.01% 96.69%       112    2       112     2 300074 java.util.LinkedHashMap
  723  0.01% 96.71%       104    1       104     1 300012 char[]
  724  0.01% 96.72%       104    1       104     1 300096 char[]
  725  0.01% 96.73%        96    6        96     6 300002 java.lang.Object
  726  0.01% 96.75%        96    2        96     2 300084 char[]
  727  0.01% 96.76%        96    3        96     3 300132 java.io.File
  728  0.01% 96.77%        96    4        96     4 300254 java.util.Collections$UnmodifiableRandomAccessList
  729  0.01% 96.78%        96    6        96     6 300289 java.lang.Class[]
  730  0.01% 96.80%        96    6        96     6 300294 sun.reflect.DelegatingConstructorAccessorImpl
  731  0.01% 96.81%        96    4        96     4 300300 java.lang.StringBuilder
  732  0.01% 96.82%        96    4        96     4 300302 java.lang.String
  733  0.01% 96.83%        96    3        96     3 300424 java.util.ArrayList$Itr
  734  0.01% 96.85%        96    2        96     2 300435 java.util.HashMap
  735  0.01% 96.86%        96    2        96     2 300436 java.util.StringTokenizer
  736  0.01% 96.87%        96    4        96     4 300482 java.lang.String
  737  0.01% 96.89%        96    2        96     2 300487 char[]
  738  0.01% 96.90%        96    3        96     3 300700 java.util.concurrent.ConcurrentHashMap$ForwardingNode
  739  0.01% 96.91%        96    1        96     1 300725 byte[]
  740  0.01% 96.92%        96    4        96     4 300749 java.lang.StringBuilder
  741  0.01% 96.94%        96    4        96     4 300751 java.lang.String
  742  0.01% 96.95%        96    4        96     4 300752 char[]
  743  0.01% 96.96%        96    4        96     4 300832 java.lang.String
  744  0.01% 96.97%        96    4        96     4 300834 java.lang.String
  745  0.01% 96.99%        96    4        96     4 300835 char[]
  746  0.01% 97.00%        96    4        96     4 300836 java.lang.String
  747  0.01% 97.01%        96    4        96     4 300838 java.lang.String
  748  0.01% 97.02%        96    4        96     4 300839 java.lang.StringBuffer
  749  0.01% 97.04%        96    4        96     4 300842 java.lang.String
  750  0.01% 97.05%        96    4        96     4 300844 java.lang.String
  751  0.01% 97.06%        96    4        96     4 300845 char[]
  752  0.01% 97.07%        96    4        96     4 300846 java.lang.String
  753  0.01% 97.09%        96    4        96     4 300848 java.lang.String
  754  0.01% 97.10%        96    4        96     4 300849 java.lang.StringBuffer
  755  0.01% 97.11%        96    4        96     4 300853 java.text.FieldPosition$Delegate
  756  0.01% 97.12%        96    4        96     4 300868 char[]
  757  0.01% 97.14%        96    4        96     4 300869 java.lang.String
  758  0.01% 97.15%        88    2        88     2 300516 char[]
  759  0.01% 97.16%        80    2        80     2 300076 java.util.ServiceLoader$LazyIterator
  760  0.01% 97.17%        80    2        80     2 300112 java.lang.ref.Finalizer
  761  0.01% 97.18%        80    5        80     5 300143 java.lang.String[]
  762  0.01% 97.19%        80    1        80     1 300180 char[]
  763  0.01% 97.20%        80    2        80     2 300183 sun.misc.URLClassPath$2
  764  0.01% 97.21%        80    2        80     2 300187 sun.misc.URLClassPath$1
  765  0.01% 97.22%        80    1        80     1 300286 java.util.concurrent.ConcurrentHashMap$Node[]
  766  0.01% 97.23%        80    2        80     2 300310 java.lang.ClassNotFoundException
  767  0.01% 97.24%        80    1        80     1 300419 java.util.concurrent.ConcurrentHashMap$Node[]
  768  0.01% 97.25%        80    1        80     1 300433 java.util.HashMap$Node[]
  769  0.01% 97.26%        80    1        80     1 300448 java.util.concurrent.ConcurrentHashMap$Node[]
  770  0.01% 97.27%        80    1        80     1 300480 java.util.HashMap$Node[]
  771  0.01% 97.28%        80    2        80     2 300485 sun.util.locale.LanguageTag
  772  0.01% 97.29%        80    1        80     1 300502 java.util.concurrent.ConcurrentHashMap$Node[]
  773  0.01% 97.30%        80    1        80     1 300546 java.util.concurrent.ConcurrentHashMap$Node[]
  774  0.01% 97.31%        80    1        80     1 300730 java.lang.String[]
  775  0.01% 97.33%        80    1        80     1 300733 java.lang.String[]
  776  0.01% 97.34%        80    1        80     1 300734 int[]
  777  0.01% 97.35%        80    1        80     1 300735 int[]
  778  0.01% 97.36%        80    1        80     1 300736 int[]
  779  0.01% 97.37%        80    1        80     1 300737 int[]
  780  0.01% 97.38%        80    1        80     1 300754 java.util.concurrent.ConcurrentHashMap$Node[]
  781  0.01% 97.39%        80    1        80     1 300773 java.util.concurrent.ConcurrentHashMap$Node[]
  782  0.01% 97.40%        80    1        80     1 300779 java.util.concurrent.ConcurrentHashMap$Node[]
  783  0.01% 97.41%        80    1        80     1 300781 java.util.concurrent.ConcurrentHashMap$Node[]
  784  0.01% 97.42%        80    1        80     1 300793 char[]
  785  0.01% 97.43%        80    1        80     1 300857 java.util.HashMap$Node[]
SITES END
